_rgyak4pAr3OVGk83yaWGshX2vCz	set_Width
_lu13f7SoxTuBCjTlYDGGxnapEk4	System.Collections.IEnumerator.Current
_twADEAgc1bpdsDZQR1Vf8xPu7wA	get_UiPage
_8MHKTiLUq6g3uaj21YVuNURAhIC	AssetBlocks
_onyLLHfb3u5zTOtZ2iqvqwZdpZf	string_0
_6rOOjqCfVWyXSoyxT9nJW7TZvgi	<maxDelay>5__7
_mYPvcu7bevGMIzQSy5fRGeAgkLI	DSharpPlus.Entities.DiscordEmbedThumbnail
_XYm8AA2cXAGlDPrlu8it65pvTAl	get_Fields
_dvL4m4mnNoMsQ0q2XpVGuR052mA	FuncMenu
_upRetvzg3rQ8A07pkEaPT3Bszze	set_Interactable
_xfAbCc8AdQLzm0CHObn86Qr63SJ	text
_5WIDlJsYFgQPaFi1YrLWccAdJDw	DevIconOutline
_gQBbSDP5Xw8VsFLBncGubaLg5yq	get_apifilehelper
_FQ1uM8VGDuCm6E4GHsAS2zpIq8F	<Fields>k__BackingField
_2bAmQJd5XzNtFBUrj7ceQWpkHmc	OnModSettingsApplied
_PICtqf8uXsWOsuIMTDy8p2g9kVe	PendulumClient.AssetUploading.unused.ApiFileHelper/<method_3>d__30
_HJGntdJ7Kd9JWYgBdTg8T0RQZQb	GetHashCode
_rhigmeliCWI2KEdBn28nu0E9hhQ	EmoteRPC
_Dn8pm5u4NS9zk3rOmVmfmnKY43G	ToggleColliders
_EAk1yDBwmWHR1v1Z4jCN1dnkrxB	get_Size
_z29ncBHwlFjCkBjEPPRqf51mYGw	NoClip
_gjupS38NnQXjgxABnFlA47ieDKl	set_Stream
_KMaOlNqfqtUki2vVglhbuLb4S0D	ToByteArray
_fhzoWbgUPIdvpzKyqtVMdSlOcFj	CalculateMD5
_r0E5wtWu315MDhmjpsG3VWKlHrN	<num2>5__5
_gtAaXp7xGk7WimEZkgVYs1QXgrg	<>8__2
_EGL9Bm4kVXaJDarVIKa9MWZC9MA	AssetBundlePath
_RHvj8B0cZ1VN3doJcBjvnb4ESeS	CS$<>8__locals2
_b1uOodZtX07I6gH2A12jAgNE7aL	ParentObjects
_d0kaZ5KX8a7mbaS75Z9lYriK8hK	<num>5__6
_enXAXaJZMQr6A1baFyP4yAuJWsA	<>1__state
_qI7XNE7c60mt8s9H717WzMGh3Pm	OnApiAvatarPostSuccess
_8JUwLFOXoXpw1vP0MN0a7AtHN7X	get_UncompressedBlockSize
_onb5G2246GUYPLHVv6dFs7SZcZB	<UiPage>k__BackingField
_x6pqBrTCwFj5AAJNLZHyUKjKbKN	Name
_DwK8wE3OPJyqa4UoNuou2tVTzPh	PendulumClient.AssetUploading.unused.ApiFileHelper/<>c__DisplayClass26_1
_MzMFXaUe5FuKZkOmPDnDM1nUtDH	<Upload>b__12
_O2XCIJHPxCytjryeJBeJ83AufJbA	OnLateUpdate
_GdfSn9Tpt912Hn2dhxfnaFiDf2e	cancelQuery
_haundKGkH8yuhvlwZaAZiMJoTPn	string_3
_ZQGXp3zZd1gfQB0MxRQbPVzCosi	string_1
_xuGfAr4tBf3ZJGXu2mTbz5l46ZC	<fileDesc>5__2
_fn3t2FhjjK8iVyY0v53mIidXUGh	set_Description
_V58OCVCV66IsOO1FiSKS9GAXPDD	PendulumClient.AssetUploading.ApiFileHelper/<>c__DisplayClass41_0
_5klDwTC0bDowjZsQHaJ4SZvJcPJ	<SetupOptionsMenu>b__4_27
_wp4hbl00irXGgBGSNRCxjUGqcCH	<>2__current
_OUKHFNVjLYwhk8kJwofCwedB9Tq	<>9__7
_q4zDuRWdlvtNHalKGVcUGIpDZrs	ComputeSha256Hash
_oLwMRF3fv2nVkVGpWuamePPIjZF	<text2>5__9
_RyRWUxT8DfVTMTto7cLhVlFD1Fo	SerializePlayer
_2Y7ErbXCZaQ911zb79JmHXPm2rY	VRCADownloaded
_zscue4NScGhcYDUzyStTS05i2kb	BlacklistLoadOnce
_cUnHaV7G687IbK7nhpPqisw0KQI	gdelegate3_0
_6ZHdYxaMGMmHE5GjBr6caxFqu3G	PendulumClient.ButtonAPIV2.APIV2_ButtonPageInterface
_tWMohvTml4nDtrrrcv5OCexHVOi	<SetupDevToolsMenu>b__3_22
_u5zlXTTa8e8WJi4n3qY5T2LDDNQ	darkBlue
_ZIJdql3fND8DkdTlGDdCmld9LENA	PendulumClient.ColorModuleV2.CMV2_Utils
_uXT6LUu06DtD5WiCm2GVpCeWjIp	action_0
_OtBRjAiWRWCazF9LvLTlrxOe7uy	<checkDelay>5__14
_KygNxceHVsnIF2D8obDxhQarw3e	System.Collections.Generic.IEnumerator<System.Object>.Current
_FGZPtoxSohwsxqBKD5BGcISZs4q	<SetupMenu>b__27_18
_GPYV3ubNe2gWqdGyoP8IBbsMrL	<>9__14
_r5AhJRNIhCLAcE670SnnXsve3Oh	method_2
_4kN4989nUbSBtWxJfwXrAxdkIqk	smethod_5
_W2zHjLpppYC1SFVXKopjuBtsDPe	get_Embeds
_yjkfBjRsKYdB2sBDxMiFTpLXBbp	<uploadFileComponentDoMultipartUpload>b__0
_zdQpFT5BgAIO1zxQOOSTKS3Krl8	<>8__1
_U8bFtJdqRlX4qhENUn3Akkh7vic	PendulumClient.AssetUploading.ApiFileHelper/FileOpCancelQuery
_BqrYCMpx4eRYU535KQxNSP7Qzkc	LovesPhotonBots
_8xUf7qpc4jYNYY7bfFrPcqOhLYX	set_Type
_m8tQdXTDVxHPapfH2HXBCMSksuF	ourTextureToReadableMap
_t64jgzbmf80lBGFIdJSdbDRxmdI	wait
_o0TrdfYj3YZq2FcVNNASqjJkGPm	ChangePortals
_hPF6AWADyW8RjrpdY39QNpo8kDZ	get_Flags
_B1jrZKD87zU3i91T2hP6eEeB8zK	string_4
_EHwbO7vdgcqkQT47P6eaHgyDZsC	DSharpPlus.Entities.DiscordEmbedBuilder
_fN1RtWzidwBqMBo3cbKL4HNWLdm	<>4__this
_ETyWmrlkYBm3Py3cOgFBMEoordk	<>9__23
_1RrLCT8C5XeiKzH29qJFL4wqAJBA	apiFile_0
_B3m5TNSMtdVkT4YaSXSR5B6pFcP	PendulumClient.UI.NewUIExtensions/<>c
_o8szNVRChKhnLjHHB4TJUrK1lqb	<isPreviousUploadRetry>5__6
_iRIgqMtMAS4NjW1jyWAUQ1FCFVf	<SetupOptionsMenu>b__4_17
_nyymnmEAdy1orQRyJgovp2jIcun	get_ProxyIconUrl
_QjwTFZWB4AHe1wUKBDVPfSJI2nW	<delete_dynamic_prefabs>b__134_1
_ELs4xGWgh3FvbAebtUk1QPiKioL	<inthedepthsofpendulumclientcorbinwillnotfindthismethod>b__239_0
_b1lIi26NB8UUvYzuov2ZSUFsL1g	set_Fields
_86c16uPZmkyP9Y6XVJLJQzPiJdf	InitThings
_h86SeyBQjjf3BL7moe5VEyIzGzg	GetCameraController
_dl3fSq00RpM2nDq939UHIc6xEeA	<extension>5__2
_HZXuGHOv5bJa9nToJl6kj7ahAMB	<method_8>b__7
_bhDzUWxbeBsAtjdjEbyCrhgooocb	CompressDirectory
_0wja6iREEjvmNH1EAQELlurEk7H	<_FlightSpeedButton>k__BackingField
_vdK1NlSHoumXWTeibSFO4mNTaxc	<httpRequest>5__3
_dULo7ug9uPevEgoIS6toVauqzxB	<SetupOptionsMenu>b__4_12
_iypv0WUbksQimeAsu4rPbBR9krg	set_ProxyIconUrl
_t0i8ZwWNsRJlie4PfkwjnH8fIIf	MenuColorBackground
_XZD8RRuY7TJEv03vYuRYaxj3GOB	DisabledByDefault
_oDrphXbMh3mUKstTcRCjlm75JvG	PendulumClient.UI.NewUIExtensions/SwitchToRootPageDelegate
_dT2rGS02my55Utni9AfzAGKTUWe	get_Compression
_1rg0hpYiJgnlWqYVVBvgKG5s2Pi	ParseFrom
_6eD3MHoLubu4rlMo08vxq4lF9yF	PendulumClient.AssetUploading.unused.ApiFileHelperOld/<>c__DisplayClass38_0
_tFp8fOtg0JqzbipwAVfzHKWzjkC	bool_4
_TNuwuMzTPQqAEY8iEzahe7LY42F	<declaringProp>5__2
_qYlwWDdvUb1EVJD9Svzw3ubbnFL	Author
_syglckhGG9vLOgjiFVNlpZLyBfeA	action_1
_kKEbrqja2kKyytHnPmomzFjPHsW	Title
_Z5OdYzyvenafKL8l4FXEw8qTd9I	onError
_WHRaGE8ZC6IKIkCOVAlouu8ZWGf	DebugLogList
_KXEAOHW7j8wUH8AM3ZPswSVF48D	<array>5__3
_GOtCE7Ne3MumwyXTd91X6t8ncDx	<inStream>5__2
_O2FlbmjF8KCzgvfcLbcaOjnbFUCA	get_Author
_R9vGWPoj9XoKgPk8g0yG1zi3I7c	<UploadFileComponentDoMultipartUpload>b__5
_NIVBbvf0OGIJ0HwXmgBJK004XSo	EnableDesktopCamera
_6AsdYMcK6JD3qjZ0SeMBfwVfmN0	Desync
_PJwvqoD7TbYCouKH2TjvgKqxVdC	onSuccess
_Y99ge2JINlVJqP1un1ZamhcwW9c	CheckShaderBlacklist
_h0qsKwqdM64OaxaaoOyOO4jOhEf	DebugLog
_HQirUogeFgqkHI04HHJsLsZvTed	<gZipStream>5__4
_VzXsq1pSjCPByktDH64qEXrL6KU	set_Height
_tRMkJdzE0R2DpznNPYtvxRQKOxd	get_C_MenuColorText
_Ac1DV7Nr7zxs8E7D0VO2Qrk41CA	GetRoomId
_9bffp7yIs3oFg3xk9hxqjyemWfz	PendulumClient.Wrapper.Wrappers/<>c
_o62dLmlCtooFLeWnc1Yf3mVKjhv	<MenuColorDarklight>k__BackingField
_n0llLIqKH1eBukVloW9Ptgn7zpL	<buf>5__4
_HqZgZaOzL02yrKDb7DpeNNthbEY	C_MenuColorText
_nsN520ELoGX0BiZHFFoNpPTGf2B	SelectedAvatar
_44wCV9csgdLKrv3EEnDONXRkGk8	kUnityPackageAssetNameFilters
_xs1Mo4LdAERa0Y5vWSGTw88cory	<OnStart>b__9_0
_vd59dZQ4AtqBrwagniClfRGrLzl	<>8__3
_uSVPn1931rtQ3xo97r1bhPMqeNJ	Version
_XwLtrsMrF3tRlvQc3WwASnnUxpp	<UploadFile>b__13
_wWJjUA1jJSYotqNU1X3FzDf3Dgg	ds2obj
_am7p78T3fGeRTZmaSjMnjeOZZY	PendulumClient.AssetUploading.unused.ApiFileHelperOld/<>c__DisplayClass36_3
_Ng5BD6x80qgZABuEAMPnysPEvS6	get_AssetNodes
_V6dbk93cI5R355q1ZyfA6T4ARoT	<SetupOptionsMenu>b__4_33
_DLZ5VHN1Co00wdG7C47G9uXqxEd	PendulumClient.Main.Win32/Constants
_Lc4doJH21G3BRYQ4Eth8l333HRh	<OnUpdate>b__128_0
_WFfAntyMolXvv60lGnRNOdzEoFu	ApplySpriteOverrides
_Hk6mHU2JDpmm2FqTmps8urndb8M	<SetupOptionsMenu>b__4_16
_W9SGKHazmeQemnFsq4ET5Ky9qii	bruhhandler1
_K8I005WD9QeUcDcOfhQPNLgc1Kj	<uploadFileComponentDoSimpleUpload>b__0
_3k3cq4EJZ5YDaQnFxX8MzcIb0Cx	kMultipartUploadChunkSize
_KjEDheLZpfmApG0Il2T4FUHudGT	<SetupDevToolsMenu>b__3_1
_UpFbAamdQUJ1AyHoAUHgWER0olZ	<>9__12
_uE5YmcRu0rIPeP4do7gqzkRZh2N	myJoinSource
_TnUKSDibTTVdkUwjpS4vXca8UOHA	PendulumClient.Main.PendulumClientMain/<CameraCrash>d__225
_z3v6Wzqug219d0AHpklbQs2x5vE	segmentRectIntersection
_Jt57rZ7s7gdD4VXhULoRAWvqsVk	<UploadFile>b__10
_Gj3IUgqFeWlpOtA8fJs2qjiI9JH	PendulumClientVideoPlayerModeration
_FZkrvKgaO43FMluFsnMVjLKrQmBA	<method_9>b__0
_Vv8mtCkgz6elehrGDg4P4e4v5XH	AFiredFirst
_QLlTMPQhFd2VqlhcL4zHfinL7Ed	uploadUrl
_H8TANsEiv7Tc0ApICfTGkne20Fg	DisableButton
_VN6nahLJDJmEdGeWUVga1Rrjggk	Url
_rilv3tGzbu4pvQLmqqWhygwhYUD	WithThumbnail
_18CeQPvYrAk4egvQqroV4DtgLVO	Create
_cvFE3NxCbtkGxwqOaPRnZCKfi77	AddField
_JzBLEOC3Jh2cC92fQyk4pE5QM0U	<GetGrayscaledSprite>b__0
_BXDex9hDJdKJytqtQL5MrmJ77n6	<ColorOfTypeIfExists>b__1
_CkVgQfD3EPf9zZgVWscjI0V3YJb	<method_8>b__5
_WReF9y3kbgKmqz0aejMEhHvAUtw	ReadUInt32BE
_hNlHPpP7NjJcjwozxmd5vLv1rqk	get_MenuColorBase
_FNBvetqC0NoZlROggfHbJIss6Wp	get_Url
_s1PefWH2qylYbp9nXMBGlUkt89b	<Description>k__BackingField
_qBrMdvd0Yj4BV72At0ps70nPrl	set_toggled
_aS0LhWYL8VfyW66HjKLZXm7aTiB	bool_3
_VuSrVpu3vjBoEt4wGTbdmn4BUxJ	PendulumSprite
_SuKUTyvG1S90n1YtpOdRDIHEDtq	SeenFire
_iCVDYeuxcbanfbKrvGBeF7aCQlsb	PostApi
_T9WZydbtCPMcKtNgnxRMuzvx00M	IsStandard
_ALvmZqyADPpmj1yGgZM3MJjyOHd	AddPlayerToJoiningList
_pe9MxT8G6jI7gQ3700dK09AiLiH	filename
_ITyI5PprSE2WZtnio7W60nhFBsB	<FileName>k__BackingField
_n3DmwDlOoMZrhtyQW8pRz1b9Ijd	<MainMenu>k__BackingField
_3gUMLdIr43UdlUGCxweXVioBNJG	<Upload>b__7
_VHRa69N1c1DBl63Y1elZh6yDT6Y	get_Value
_mm7KIhX66qltN4fhOxo9cPcfHQf	<asyncResult>5__5
_uWdTLHmRteOA76zgXyZUPKC31GN	PendulumClient.AssetUploading.unused.ApiFileHelper/<method_2>d__29
_A9xIlFohHrgRrDa5dNLXl3N4a3H	<UploadFile>b__26_6
_cb4ZPmSOHh3okSW8xgWkHU3KdEI	SendVoteKickSocial
_Ef81OAr4mPBaKendcDKe8OjvQ7v	C_MenuColorBase
_6o3Z9KAlqDqNvekjyhpJoUBZDQB	bool_2
_sN3JZjUWyjmqqkCaYqISRR3Tddp	_FlightSpeedButton
_aIA4UWhdRUJtATLkRsab0WgVudo	FileType
_jBkzVyWZlCWUS9REU8DsAGOBqgc	<PushPage>b__6_0
_Rjk0g4CJhMOpjxX7X2jQR3wUU3F	LoadingScreenStuff
_TMkBh9tUMgIzTMrDbvvVAkzk7wF	SetPosition
_Vwy6KHdh1VKskJBKhoHJ9NQjKZd	CS$<>8__locals1
_C9pDC7PWlE0qYNhfhneGx5wRvPR	<action2>5__5
_hv5oYN9s8geBS5bR49EyLndQB8q	blue
_Xi9cfmZnG4CtjmycNiAwKSz4s5IA	BlacklistLoad
_Y6ObKVxTby5XXha1AAQHkuwQ1rO	PCBLink
_YZjQn64Bwk6vtAV7oUH1G3Mnoik	get_MenuColorBackground
_hsYOmFWbcS81gqRjAkBHmWJJPrO	Text
_8rcVKyAgQmor36pzx9wW2Em13PG	sigMD5Base64
_66M5HbFZyI6D4QUhH6U2LURCTRj	Interactable
_Q7ecToILgXVDguSH3YouYKdHrwJ	PendulumClient.Main.Win32/<>c__DisplayClass9_0
_07zQxTncXA8jWcBawHk8mlueSkf	get_C_MenuColorAccent
_cbDz9geP2SD5dLv5vopzLP691Lf	<uploadFileComponentVerifyRecord>b__1
_kTrju3YnAkSdoNEUfEXIWznregE	set_C_MenuColorHighlight
_I7du2SbF44Ph1aMlPVXWrW3yAEh	<req>5__7
_4GCDkhXp4IGGq36Y7tfULs4lals	<Upload>b__15
_DoLfawIHG9IMQnlNtitzbi2XOpE	<UncompressedSize>k__BackingField
_MTYlnd35AMbMyYVKhgHwyGrag9N	<method_9>b__2
_jpWFK2rI6ygVhHXT4f5Zf9tW4EH	<OnApplicationStart>b__115_1
_SWEObd1xXiFKcR2IMKQxzjUCX7H	<size3>5__13
_OxnAPXUnwAMDHKAkWvPSTx3ZcsR	wasError
_TwJYhnB6zWSwhcf371uCrrpjzIA	get_Video
_wsFxdjOOwCBjqStQchxTxYP2emA	PendulumClientBuildVersion
_k1kPLAYnPPwKsyjCL2UkAQEI51P	<IsDisposedInternally>k__BackingField
_FH7nGM4vHAYiheia9Z3IZOfxFGJ	set_MenuColorBase
_sTtnffvvO9Ycez6oIlTpWqUBSuD	PendulumClient.SetScreenColorsApp/CONSOLE_SCREEN_BUFFER_INFO_EX
_dbHAP8Mr3ONDkSn4ePyg89LTerS	signatureFilename
_zzh7gmajXnT81F6MaYlgjt4FmKH	GetCategoryPage
_3obdfCFEBBSASr17n4Ruiky84CA	<Upload>b__1
_kGKMMVWJoSraR5qotJW8t94Dkkf	_uri
_4SZPRQOKe3lJsuUiNK0D57DTegR	<Timestamp>k__BackingField
_3ba7ZZWfZezOYqgQHndFrcxkfHi	ShouldNotifyInCurrentInstance
_rNE1mgeU2gq43jNkADnjeVYWg3H	<Name>k__BackingField
_K4P6cZk3sQKWETCJ2Btd4houi8I	ForceClone
_SQzt1IJbAd3avG22RRKGmwmwHdD	GetPlayer
_D1J0wjCsNp4KiSVRw8w6quX494F	Modules
_2dvcBVz2IK88iYynagA692U7iec	<UploadFileComponentDoMultipartUpload>b__8
_vI6nrRnPoItn5jMD9wVtNiYiolG	<SetupDevToolsMenu>b__3_10
_mRQmZx7S6Q0xvILUA0aGzjA3rFF	<SetupOptionsMenu>b__4_8
_A4vbJwjgZqkr0Mui8t2zVmgLiNl	cached_oniconsprite
_opK5nVMfIqOcMuIdhmWsuAJlX6d	PortalDistance
_MC7vEyyVjOBvxLY8JounpBkbPxo	DropPortalWithInstance
_71kEIbBcRUxmZmkkVP1tVcz9MRj	<>8__4
_RpFCUjiiY8Siirk8qtlymQdo8Sm	string_7
_PBmiubhJkyf8GmqRYBRb42rwGMl	AddDelegate
_L6F3efEjN51sCfVwhPsWhlexiIH	myLeaveSource
_9E2dvYeAWUcvgk8NV7gQabMe92F	SaveTo
_5KDHQV1sRu9h8Od48Yvh4cW3qxf	<size2>5__12
_xKcwNnktPe2zw7PcXyZOXpvOhq	action_2
_xQWUJgKQ0ApaJjwtVbo8mLpMUnL	FlySpeed
_yReOVYEdezOO0McEkkE2eAvjbNb	GetGrayscaledSprite
_vVgFYjAeYhosI9Bmr8JQNbvZsXO	GameObject
_n4iqg95ris2AdAPZpuMdVoxvw2Q	ProxyUrl
_64S2Rlsyn6WaKGMz4Wj9MekWIkC	<C_MenuColorBase>k__BackingField
_mENo4aSltunBw88FX0Cd4a8alaY	BackupDefaultStyle
_sNI15T0fl9zqcysc0Ot8TSTAFGE	<buffer>5__3
_rp34DAWDb4goUi0wpI1GQ8Za1aAA	PatchHarmony
_icNfsnu53qpE6cRaCyICWs5Y0uc	MakeTex
_VrZIVx04oon9pvTSGMHVcAOxmzA	Dunnowtfisdis
_9WxF2h0bVIFcKic8SFENagrbfuY	ReferencedDelegate
_Se3yzPPcKcGbfpVSjc0UJulxjxd	PendulumClient.AssetUploading.AssetNode
_DbO3aQrsAypEOsbHJrO1xNNgQLG	TpObjectsToPlayer
_slGm84BnoRtB5GBb6j29S01LyFT	<UploadFileComponentDoSimpleUpload>b__0
_DdBGyLYIS1Te97uvyJqi5qXKodC	PendulumClient.UI.AvatarUtils
_sxYtrJuo41kQ3Evki8m7ZnNyxUd	PortalLoopTimer
_rVFBm08uEhSKpLK7VZaP3mLrwPB	set_Url
_ggrc8BhQgluGfsni0wtWxgxGucBA	<mimeType>5__3
_mGmdhzSHpwQn9sNOSmmKIC32RFx	<Value>k__BackingField
_lp7BsumgPuJk6E4ZX8JA2atCxrA	<UploadFile>b__26_13
_kUyGSwzLBDmGvLseNQFjaJ6ICydA	ChangeAvatar
_9BaRANWJXv7f21IMdxucWVGBOMK	apifilehelper
_o9Yxy2mpl42O8ximZqZjhxpkuCe	<MenuColorAccentDarker>k__BackingField
_cPRR10LAfp4ifziE1HbRyak7gvqA	get_C_MenuColorHighlight
_DPOSNG2pTuYFmsV7Bqk0CS9AA9J	darkRed
_O4P13VZa1githQOKpRZDG7CXZ4lA	cbSize
_bkVRR6gSB9ngmo8ZhIyU5BrLfNg	Stream
_EOTXhwRuLFVqvz0xnDR3jyabF7o	set_ProxyUrl
_bPACpTWajGV89VXIOUtHAGmKgsJ	float_3
_3LxM0jQNIktFtYJRBNgUvqygAKJ	SendDefaultPopup
_5LZb8CDdwORW2HN2GOnmR1jtgi1	<waitDelay>5__6
_akoABYEE5rFbRWpBbDJp2IfqGSHB	set_ImageUrl
_2T1HpTWek5qrfLRv86MBQvWT5lc	RandomInstance12Char
_Pmh7bfyYkod6Xvzpg5BHhK9CtmA	SERVER_PROCESSING_MAX_WAIT_TIMEOUT
_eaUC84kBLqPsd9cZtjPbuo2KnQu	Success
_58i7Cfi9gBwfhhUIDGNrFj310QF	compareTitle
_oravxC6mWQTTtEf7nilPeUEU12C	set_Active
_5F80HhT2GKOYwn06s3ogdwEubrJ	CleanupTempFilesInternal
_GMXT7WHFBfBW6QyaGi8Zy7JjPbi	delete_portal
_ZbXAuGIKuWUBPYYHq3BEBjKPUnRb	SendLoginProper
_f1Ja4ezyQdKvrKxqzYJiNGTKWTG	PendulumClient.AssetUploading.ApiFileHelper/<UploadFileComponentDoSimpleUpload>d__39
_uvQgeKMdxwenGsIFZhvda9UDGaR	<fileStream>5__4
_YmfNM3sP0NdRlWm8RjcBHMC1yHN	set_Image
_JD26eR83T2Zbo3R0wIu7rVE8WnI	get_Selector
_yMMc7qLevMnOHOmTT1KhCyZCJGJA	apiFile
_yvu3AjLNxkVD7T6eYnWeqdBiVy2A	Height
_k0gtWxakY0iwAlCgAoTVnIaJy0b	fileMD5Base64
_8VSy3ymIiy5yOhmAmyGJ7hY8Gjk	PendulumClient.AssetUploading.ApiFileHelper/<CreateFileSignatureInternal>d__28
_2XBp0aQYJwYLr7w31FYeyZs6QNf	ReadJson
_QaC1UGgEgW2y2d0bbGPMM2VfxAP	smethod_3
_xuYAepxhgCyGmNxRnqsbVayo5MR	UncompressedBlockSize
_6WAacfYdvcV7RKwlSwmL8VCoQdE	CheckInstance
_kdVnrda5vKOwWgGk0F6YtrDxoag	<>9__15
_w1UiNHnGCuIOH4LaODL0iokmCFb	DevCircleIcon
_a9kARlwXrpjAf4eCO7auMQMMo3p	float_2
_9kaDZs4wldAEzwBoWYoPZzY5hMY	HeaderPrefab
_J0zEOQ6JwAZBnrq1uDNJ88pXk0h	PortalDropperName
_CdIdxnsavEtbzFBpEfyzoV69nCS	<text3>5__11
_sFCGZ395X303dtiCaSCfAyndPYh	CheckSelectedPlayer
_jHgVAUsJdkOZCYnChZgeazriLvG	PendulumClient.Main.AvatarYoinking/<>c
_vERtaewls4kEqTbVh9AerCKp0e2	DropPortalInfrontRandomName
_xVtZa4E2r7dKW9pFK9x3piR56HC	Embeds
_U994K3yMDT7MsBz1t6SM3KiXqfF	contains
_Z2LGakNzYQkBA1rrDQXgRm64eRz	<i>5__5
_yUBukEDBMlDuaWCC4kOKGj5TKRh	get_AvatarUrl
_ltZ1yzr2opQqGeroonIcT9a2mTM	OnJoin
_6qRQxOVJoYoJPePnA8kbEHldtUH	_DdBGyLYIS1Te97uvyJqi5qXKodC/<>c
_ho5cRU7DE9Jyl1juaKfPzYoX7zj	get_Username
_ArJGAlJDmX8mbMrHbdS3GD1DwXV	long_0
_sa3frwig3qDbkNnvJvjpEkeZrCAA	SetAvatarId
_76BxCnVvFq83FRkqdeHKF6mAQxT	FlightSpeed
_OlVgnXMrV2QsDsqrDAD40bTZroD	SetupReflections
_BS0yJbChpP9N2vxfYboaM3HyPVd	Toggle
_G2YqJzCrrq75uCmKx3GMsqz4cHb	PendulumClient.AssetUploading.ApiFileHelper/<>c__DisplayClass39_3
_7H2KrGVIfljVM1ghegJgZByB9Kp	WriteJson
_S4T2I6MXfZaNGbgIb0ik9WpUwkc	AntiGcList
_qteyJiyScEfbgfvbe6Cc1NIsPrdA	_val
_0NwISumxF2bDfIz03WTHSl0dMPe	PendulumClient.UI.DevToolsMenu/<>c__DisplayClass4_0
_vzdLZ77J9qnb7VcHrBDwUAXMKEH	ReadInt16BE
_qctyPTwWI7vuKdL1slotc0kT2XC	errorStr
_FEIfkxSBIFEKTCH7Av4BLrcai0l	<SetupMenu>b__27_4
_FKhqkyabEDM3MGfKVfLRUx7vT4	add_OnOpen
_qB1CxO9ZxNlb0MPM9i1U8r9hZgT	<Upload>b__17
_y3FLU6FXZwVSmVGvWJh8rbaIiwc	PendulumClient.Main.PendulumClientMain/EnterFix
_9eU7xmTMVxMpdSpMJJCtCOfQw1G	Tpspam
_oXeOewo6CS3zLWi9uE9faTN2iuG	<SetupLogoButton>b__129_0
_CSob2lk4QxSQ3erLT35FQmnWxUj	<Flags>k__BackingField
_8NFyqVOaBKoscaYPxwC1jHZvX8	<SetupOptionsMenu>b__4_35
_XZFi5J42KuaNDwTVZajDqbXU5Wq	<SetupOptionsMenu>b__4_26
_N0pz9ygqG1DZBmXJzZ4czjvnw8k	existingFileSignaturePath
_Z7LhUjuSnHy9k6BmcMEVk14u2DG	RandomInstance4Char
_sDwWA6PmRJh9myj7OJboGXJnHog	myStylesCache
_HGxkTUvXi3ui2V6au6othIBCzvt	myOriginalStylesBackup
_TNr06jRaXoQA3Sq8Q8cIdyTGKfE	<Upload>b__20
_k7h6agciLA3L1isUEVurYIBFRuF	foldername
_nOqeZ3vDwPOesm3n7wt7mPwVv1D	PendulumClient.AssetUploading.unused.ApiFileHelper/GDelegate3
_Qd37LkrfHzFTraP7Hf3fzGOAvMN	ShowName
_PulOfWXUylHckkJyaIrkB8XpupG	RandomString2
_IuqcUMiv8Y3WeLBlOBEdd2QzmGv	name
_EvY9H1reOrXTAetDHttBnLZ0Fio	InviteRequestAll
_yClwlrMesQDI5VJx8BiiQm8RMg	CleanName
_7fwmLmoaCqatZx3rQqGBI1lbXDD	DisablePickupCollision
_DCBAHTsa0MfLNDceYNF13yhWIcO	Evolve.Yoink.YoinkUtils/<method_10>d__43
_TjZLuezjCrdklKv0Zxxwa0KzpkH	WhenLoading
_BQI5h1t8f5P2rUhROBFXEIpAMaD	FriendUser
_slTB4rTmkXLNBvMdekGCW0RRrnY	<Thumbnail>k__BackingField
_laCHyD9pWooC6GvVDUCQHNG0jwn	SendFriendReqSocial
_X5Srhvqeng2rIeINfbroc52Yf3d	bool_1
_ZYQmkaIdDuNxJcq4oyucZ8MgoHD	GetVRCUiPageManager
_4XrE4LxCiJmi2nIdlvscyL2EutI	PendulumClient.Main.Win32
_718KyE5Mloo7YU2a6dPsWiz0Vub	<SetupMenu>b__27_6
_vmEKTvYbiCyUZR5N5iSP1mp28fN	bool_0
_BBIIOJJcaRpZWtzzDfoBkwj8Iu1	_random
_qvIFi5JHchp4jlLWEIaC54ZNZO	JoinNotifier.JoinNotifierMod
_Hwjk3hbSzJ7AsWoVvHMRLCx7dvg	_onValueChanged
_ltIgqvP9y9A8RDuGCGIZG2gCpnd	listener
_AO0fJYF81nHX0wUvP9xHlcZU4CG	Evolve.Yoink.YoinkUtils/<method_4>d__36
_Oh1BCQlbcOpP3onLw683JQYwHAE	CheckFile
_sy9KiuMcNkNBdvZ8eXE5KvTwaKs	UploadFile
_COMdkJLJLbs1UBxEMQR8rJV2vVj	OnGUI
_8eoML9OwhQay9lNlIkcDCYNilL0	bruhhandler2
_wrZOrioW9zRWZNy0XspeCjnfy1J	DebugPlayerLog
_nA60hABe3Bsl21vaJqLMbzIdr9AA	OnLevelWasInitialized
_GxRlxPnO5mceK6myPcO9Rrs0Ybg	<startTime>5__17
_yzF9ueSE5u5ZTXGeMoMbOrioOzB	get_Name
_klRRSkXlsyj3ETfXqR1udoGqNEg	PendulumClient.UnityExtensions.EnableDisableListener
_vg8MDqsLcHPIjrQ1fCWbp3dI9TNA	<UploadFile>b__14
_m808f1m8lBPAHuoXN9tH7xKtird	<Text>k__BackingField
_QcG1T84D6mwjyBuXkpBEx8cBHfo	_container
_ruARGAKbFB7SprueHhjcY4vFahj	_imageUri
_lnvUj0Fj8BOHWvoK167n9mOaSX	DSharpPlus.Entities.DiscordColor
_Zzfx9b8pQUAG47lZnRDEIKWgzMA	<deltaFilename>5__8
_Jw0BMktJHSh68opC8cvhraX6bwc	<Width>k__BackingField
_Qj76gnHP4EBeKpsLKQhnXDBqaoO	<UploadFileComponentDoMultipartUpload>b__6
_l6p7K1ApMv94ke8IrF77BDbcJvd	Value
_H4XZOJI5vQ4tCNF7GlbBVMfIp1M	AddToggle
_39GOe6shGd6DYwADMU7yspkQ1qo	CS$<>8__locals3
_WIUKtph4pOzIR2sl1AYCjawBBvg	get_HasValue
_55IgcenjDIfFxVXyU62elKqfafe	<UploadFile>b__26
_FBeC5Ne4rD3bj1tHepVPYHjkOj1	RemoveSpecialCharacters
_Or0eoyCBBbZBe61ns9bsUCcqs5g	Width
_MVdXowSNeFMj3hjcLE8BMOiUris	set_Title
_ydtbpBSFdo1cUlCnnZS2xEEikOv	<Footer>k__BackingField
_Nb4h8zbYi0Ch4eLK8qmGvf6a8TH	R
_B4AZvRs7Joqgshg7nODnwrHkX1b	upload
_L4PDxiM0qPYVjNNuprg41t4wdFm	<SetupMenu>b__27_20
_XDEunJoxa4DYuFBax1uA0HGpvsb	remove_OnJoin
_CXDDmNWys1lvkuIFErFYTtdo6ix	<DecoderProperties>k__BackingField
_PqCCOfTNKh9Tnjyc94rKl6VM3DH	fileDescriptorType
_Tq2DlVboj0awwTeAZgqNPlkdrWD	<fileFailure>5__5
_evF5K6Wf9ADK7vVFahpYvyJO2x	PendulumClient.Main.PendulumClientMain/<>c__DisplayClass207_0
_9RB7Cff6cZd9qDPSSuu6q5xzMJD	PendulumClient.AssetUploading.unused.ApiFileHelper
_dtYWQIqkepsWDr2LAXs8JTlAFyj	<Upload>b__5
_dbyQ9M0RGh5MW4X5A1j0XdZhMaA	text_popup
_v5EhhqBnaLYENQD9hvRmh5xRjJU	MenuColorDarklight
_i2W70uTjmujZZ9qRlenqBxxRcGj	<CreateButton>b__1
_RQQ1kg2TRH7i0p0BA71INqbacTr	<versionAlreadyExists>5__12
_TjqIVoRoMWq1sSaikiZ7h4IJ0kg	_EHwbO7vdgcqkQT47P6eaHgyDZsC/EmbedFooter
_ZWpCXNwgCcvPnYh3mTm0diV4NrD	ApplyOverrides
_N8ZEmizdhFXKLdn6qTEhJ3UehLU	_9RB7Cff6cZd9qDPSSuu6q5xzMJD/GDelegate0
_t52LgTerVx5qZlvkDr7o1wBGKyC	<GetCategory>b__0
_RvljKfUtscEWRcldjjYyrR7f9bA	float_0
_fRtdsOh2xpLBt75Hje1KC7zO5yQ	NameESP
_daQvsGK7hbjmEWTiT6BwVqkwzDD	_9RB7Cff6cZd9qDPSSuu6q5xzMJD/<>c__DisplayClass40_2
_dkfYlhhdaiw1wqW9rxdeD9Nnegd	<>8__6
_W0GsdJqcYgLFleRe804QsbcjNNX	<UploadFileComponentVerifyRecord>b__1
_PTGXthYzYNJxTgsPJ9GBqjxSelQ	Grav
_UNjOFVu5upBfvIxaAGFR7Dac5Md	EmptyNumber
_pUYVN5PZCljOhXPScB5mmRbpLQG	PendulumClient.AssetUploading.unused.ApiFileHelperOld/<>c__DisplayClass37_4
_kHqBsg5cKvQheKLrbkwpwaMBOyd	Values
_aTVAFignVQpgUIZwvDsdGqAd2LF	CorbinPFP
_xnZpnDR02F35UMvE9XwpUopGgBC	RandomInstance8Char
_z3uaLBffQ0COE2E9CDoiefccsslb	<SetupOptionsMenu>b__4_1
_RqEsOaPRRLVqQsjBnJxkxk6o7MK	DevButtonsSetup
_NtZD6dpu2gAi36AQ5VtDDnTkXs2	IconUrl
_djMNR5oLAg07BgQXWYZJDIY6BAJ	CleanupTempFiles
_lIFoa3EVXPHBT690DyYhhf1iyle	UiManagerInit1
_pqHRaqp0lZxyRT3evmnAsM5WToO	PendulumClient.Anti.ret_209/<Desync>d__8
_EC2lL40DWEKK8XxEzXorEBTODEF	<SetupDevToolsMenu>b__3_11
_9NBmACxllwvqgyUJr8UDw1kNJH6	PendulumClient.UI.NewUIExtensions/OnValueChangedDelegate
_Lazx9faq0bulP8GLtlEsYR2MVdF	_9RB7Cff6cZd9qDPSSuu6q5xzMJD/<>c__DisplayClass41_3
_JscOpZGnMA6ULlKTcSuDHoDidaz	GetSoundVolume
_YMAOWxuZcW9CazKPlc5RI9pveKo	PortalCreator
_5kKo2GyH5cM3w0z3y6FJ6Uq8bZG	OnStart
_DaM46WHTPIyXZVreukMadlmFxRV	GLMat
_JGNkEPXjI9uxGvCng8Yzam5dqso	MooniPFP
_KpM66N14SQTXpoljk1ul3EGHJoc	PendulumClient.AssetUploading.ApiFileHelper/<UploadFileComponentVerifyRecord>d__41
_UaIrV1wMgyRUg7mJDHUBtbXLNqn	Errormsg
_13BhIfMVzKQR99K0CY5hBiktGDi	<CreateProperty>b__0
_ZwT7q8Ycnkqj6g24weffnMyC7G	OpRaiseEvent
_zmwOchssDBhEmp2XAh7OvhxfAAe	DevOutline
_7I3CLnYBVOHtAHEkQsWy1AJdg6f	SaveUserIDSocial
_BgNz1D24rfJKDnkI9X3h6QmYoqj	Finalize
_Bdi9UBqjsP09FSAjiWkbC76tyhp	UiManagerInitEarly
_ml0a00QmtQDX7FalfMwGB8tOWJP	MenuColorTextHigh
_UnbEZhcw7MLx6FhsDfkPYckBGZr	<SetupMenu>b__27_10
_e4r2EWjEyaOYhqqqmdmgaYm8zcF	<>9__19
_6ZOmZQhBuSCrRBaG8GjKW157MIk	<outStream>5__3
_fJ7IJSWuMEZ8s3jdMIVExPFWbJE	<uploadFileComponentDoMultipartUpload>b__3
_HBLu808uZMlH2keAW5nUxpW8ylH	Evolve.Yoink.YoinkUtils/<method_3>d__30
_zEU2FFaBMbz1SFYJhLnLspNOKoY	<ProxyIconUrl>k__BackingField
_LNPKfMMbSJocvUAsnUMLp0A4APR	PortalDropName
_z2sHqatXYG7Bq8y8GfsOhVGhvBw	Path
_F1Oz2WfUH8ar5Hqs0ALoz5ZqiCE	PendulumClient.ButtonAPIInc.ButtonAPI/<>c__DisplayClass2_0
_1QHD2fZMdwtzXM7wBv5DDsGUtYK	<Upload>b__3
_wFTZcCTJtn26lv9RkJSPU2OGueq	<SetupDevToolsMenu>b__25
_T8X8mMvG9RVaO2MMeBgltMVd8jK	LogPlayerInfo
_iAPwyjZbRKFzhD1NxPm89t2WmOx	toggled
_p713q7KswD0eWnaBsyMlvoTCmcI	<method_7>b__1
_pXDS4RMpsunAgNsMicxOICrtAfx	DefaultMenuColorInverted
_ssnrhAde6VuXWGKCj6PylU3VrrV	PendulumClientUserModeration
_6wbyNl8OCKjDEd9EGscqpBxnX43	myLastLevelLoad
_0hjpPYMklfGMBAufW96sYPVTsbP	<asyncResult2>5__6
_l8UCnvXiLOpGVG0TLOfy4qobUfk	Failure
_XfxQJBQJE9kbWV57bztuRzFiwkp	<Upload>b__19
_yz89jL2owQTjAygJZPjoWDNh40e	<SetupDevToolsMenu>b__19
_sEscKpRk4BSBq6dhL2CBZ6E8YXaB	RemoteConfig
_zM0ObprQngjPlADExETLttG5A8c	<gdelegate1_>5__2
_gg0jLXQ219kcQAS0tJ1jRHrFFTC	OurPinnedDelegates
_Tv96oUNdDPExdJPcYI9EDjgDUJQ	<MenuColorAccent>k__BackingField
_c5qDfmPxCO0U1jSYSYM9eocywin	<method_1>b__1
_sUvFFe0pVGgXfcpjCDBfpbk1QWJ	MenuColorAccentDarker
_uhlQgCJUOupUrLm4QZ8VCrV7lke	Copy
_9Xw6q1R1HdwIisrRWBkehk0Qy4H	_height
_iIHNH1hDawmLdGYgC77cuym24h	DSharpPlus.Entities.DiscordEmbedImage
_XugZUOjmiCmD5rvaRlp5Y6cZfcS	<stream>5__3
_aeOgXhuRKWQpTsXW1kAcZ7i61pD	get_Text
_oRzBWavu6H7k8kZZs47yqXnd2XJ	<uploadFileComponentDoMultipartUpload>b__2
_53yAdS32g9tMijxXVSKJU92ctyz	type_0
_Imgzr50TtiEjx2Lc1Ay2uLFKXIE	CheckDependencies
_huf1GUNll71ZK3czuHraJJLFvDO	GetColor
_lWydRaAPYiSkTC2soMcb3seeUxAA	<GameObject>k__BackingField
_lRQ77edA9gfutc3pMb5bEFLq1vr	set_started
_tYkFdtmg9vrKhU4bkMKquC4CdsE	ColorsSetup
_ecLPRRu1AE75oJgbnzbMfexauHx	<toggled>k__BackingField
_M2W0J8nWzY7mOOo7hvayrHfCD5j	SetupMenuSprite
_MoErPpoA5GRYUHgot60QwYE39sn	get_Title
_ax6oH1h5H1c73Qn6Z0DQ6v8fPNC	CanConvert
_r5nvJ54QdPqHTTbQfwbeAiJIaCn	DeveloperTags
_wnJBw8kgGSEZ9b8MnInFNPgTb6v	<method_8>b__2
_MKMUsZKwqeXF2uvMc2XxmA9WKZG	PendulumClient.AssetUploading.AssetBundle
_P6rANwS7AOhjLBTVg6bxOOVeETr	PendulumClient.ColorModuleV2.CMV2_ColorManager
_AgPXjqUEvs7BktZIw57IseWDyJW	<SetupDevToolsMenu>b__3_0
_iQLBaBTEDsbkv7BWYrK2F7whue2	<Upload>b__6
_5bOB0crzbiwjEp8dXUwaNn7oLraA	ProtMenu
_QAxxaCEEVnhLaCBPtJqkPiEkL7y	DebugLogStoredPlayerLeave
_YAnJbn8Rn8wBaM8uMas0hJF25Ei	<CompressedSize>k__BackingField
_TWv0RaOmUruy4clzwNjISqagiuh	Evolve.Yoink.YoinkUtils/<method_7>d__40
_g5j8Xe7Klx7CUvuqogZmdS0qGMb	assetbundle
_zlfqhI80617Ide5mzLWCCKjLclA	<Username>k__BackingField
_67Ndoa0o682mFcVhGoM6HPvLsom	IsInVR
_du0LRMSSniYfogwvhJBCUzgzsZp	bool_5
_u1JNwxShMdusQNmGzCUeQRT8AKF	<checkDelay>5__13
_BEb73GafdMZH6ZvF18QhT5xNUqM	NormalBL
_T96Cs130wy26Amn7mLMCPDwkDtO	_ret
_HgPCfwAKYkeeGBoyUybf7dTlWM1	<method_1>b__0
_6VReNyjHzOOBMvWaB26NFWAoYIEA	SetupMenu
_3lcBVexXjS6B1LwPEVbncoSAmlLA	OpenFileOnDownload
_wMMC64rcAOaK2M1PpRedUmcIgREb	GetPlayerByPhotonID
_0VGE6VLlW2amZWJdlyMJhruVPI	PendulumClient.AssetUploading.unused.ApiFileHelperOld/<uploadFileComponentVerifyRecord>d__38
_AvyMhvojpV64QMaTGlPc0MIUAQr	<MenuColorTextHigh>k__BackingField
_3mJD3DVcFLzkQ3qtHtc6fmX1Cnf	LogError
_qUBApJUbKLVEWI6PvacFGBjdIcNA	get_Type
_TXoxhgWiHMOiBfrL1rvCoxXVr5j	<UploadFile>b__22_6
_DXlA4d6sQGR67ncZ9uuRkTt2Fpr	<i>5__2
_Fv3CDHMAxShdDuCu0TgYLk5RnO	<SetupMenu>b__27_5
_IZQ9O96SpyUXOdHymVJLi5QxSSe	FunctionsMenu
_3JEQVbw7hQoQkzRhS3jAZuYBE5B	<sigFileSize>5__7
_kzk4be6O12cCOncdYY23i3I01mL	PendulumClient.ColorModuleV2.CMV2_StyleMetadata
_qwB3FNYl80MWxIz2ChPJ0Q8J4MN	get_Image
_4lw7k9hH1nNQUzzbHdcrd8RGcmw	WriteInt64BE
_DLOjT2ny1HsYrKg8hE2fZuWhNHh	op_Inequality
_w1jyfiD8QX38uJ57GIYu5hFwf4c	<SetupMenu>b__27_8
_Dlv64nm8fO1RxOhV5saNnSfo5de	Open
_cFEnk3faxCzcA0ZEoT3F2rE4io4	ToStringSmart
_B8YBVbhFIH9OqQv3iau1ouhIbzZ	Error
_jKaRGnI7EyAqaF29H8RGeirgzdG	RawValue
_5hwR21HEAcn0ZvvU9uZwJJHpABe	ButtonPrefab
_C1svgbMDuilKE2tMQAhDsjaHExk	_pushPage
_VabdMSf6Mr7kqAI3Gqoyve4tZ6p	_9RB7Cff6cZd9qDPSSuu6q5xzMJD/<method_4>d__36
_9iBN6gRAFUadN8k5xFYFmXRqQY9	set__ret2
_9wmMDtbB3w1k2SBJPJk7d16GirU	Thumbnail
_YpqucStqDswLGfImFg3PsXE61L7	FindWindow
_qlgCWHXg7XGxXGSqUGiBTxn9vfI	EnableEvent9
_n26FlHc7ZZP0TcaDZxJKdP8kJH0	_subCategoryPages
_J36Q5OY4FclqKFGc4HQppo6NeLo	ChairInvoke
_vtJZwhJacPYkIALxms8gRUOLwcM	PendulumClient.AssetUploading.unused.ApiFileHelperOld/<>c__DisplayClass38_1
_55yOdbtGhkNmB5VuKkFSATlDmsl	<method_7>b__7
_eQDsUk55P97TARjD8csEf69VniX	<SetupDevToolsMenu>b__3_5
_LqJ2j2GqY1YexLQjt8gvLkobgVm	Type
_Qb6B5cD7eDozkNLbQEOL5PpEyQO	<C_MenuColorDark2>k__BackingField
_IkjlMtM8Du9SiomXQumAjAF9DCh	get_IconUrl
_el1r9iuc0APBt7Dife3LWYICsHt	<>9__21
_7kBj8QJuTcUSzTVN20AZ5KUngdf	OnOpen
_YiyNKUOc419sQFLq4OAc7TbwoNO	<SetupOptionsMenu>b__4_3
_dtfcviwh1fTbAIDWHmnFYKcRwAl	<MenuColorDark2>k__BackingField
_pX9BN51N69JH8mEvWStCf2u6hEP	TabButtonPrefab
_heraxHEFD5Tfa0mm493DDFhZzFT	<SetupEventPatches>g__OnEventDelegate|0
_PCFeB6SbTavfV2ZV1jwZTf0Wimy	<>9__17
_IP3gWN8bLinwZ7Soi0b8MN52BHI	DropPortalInfrontOfPlayer
_7a4S3UnqaW8bl9XG7hkG9gj2yWm	<SetupDevToolsMenu>b__21
_23YkFJQSMyaGtvkj4baDSHPQDFf	myLeaveImage
_cbof8bX5Ch9UokHwoAvHg3cFNdM	_EHwbO7vdgcqkQT47P6eaHgyDZsC/<>c
_ALAtxopPFFhCjhPaGqlmAYYVU9C	cached_containerprefab
_TtsHhVb8bFUQNA6IQhKK8zlodIJ	MethodInfo
_3R0jh782jirBeyvLYoZXDI3z3cA	IsGZipCompressed
_3BpbWjSGddZil2zGT2pXNAl8Aym	GetConsoleScreenBufferInfoEx
_btMnSnyEw7eG7IC5DH4RSfFGIve	_9RB7Cff6cZd9qDPSSuu6q5xzMJD/<method_7>d__40
_gRIxOP29ukRjmaKP3Q74yjRdEUJ	filecheck
_WtybrTVIdoDdmCrZyx4bUgCWBGj	_name
_acBasRBnThXcEa57lVdLGadt0dr	WithImageUrl
_Lb2fiYgPSowYumzCxrWbPVFHJAE	<Refresh>b__2_1
_yqvXgEo8ybYHFoHp5XO8tqXoSFC	<UploadFile>b__1
_Ry6CZoOjji4SluIc82pDjWOtxgH	get_MenuColorText
_fpIqv5zMzOXwfBUCLfElfCPaYUb	set_C_MenuColorTextHigh
_mvqqx1gkqFTVuqabXM1dYs3peCD	<SetupOptionsMenu>b__4_32
_LvWrpnumitNaeqUz3wHQMkDQizn	OnApplicationStart
_lvrITXiF5kglyZAPuvz4iO7l7ze	originalDelegate
_P7z3IWPEcVIFhn2seiGsKFRRJBA	get_C_MenuColorDarklight
_hED075PZcDR2MfcUFH8C34xBpIU	PendulumClient.AssetUploading.unused.ApiFileHelperOld/OnFileOpProgress
_IebcuaXKZ04HhMZDOOP21u7ucmt	myLeaveText
_L32luJ6tgwNAv97dfmrJyEFRsxy	<SetupDevToolsMenu>b__3_28
_nA9YuWIzf1cqeRGNgvTOqLQKdB	<Upload>b__4
_0Lj1mbYIg8L8i8KvdxHpyPXcLeK	X
_zVWlaPjHhmUwdTolx4TmnwWGfSdA	downloadFileVRCA
_5ApSL0xIlJ1yLLDJ6H20NBQAeiK	get_Active
_ZhDDtSQl0PWAfUw4KZobB5DjxBNA	<UploadFile>b__24
_fuAxkSFrwvaACJUez8ZQn8y7mvn	LeaveLog
_XYUT5AVJRHqRglp1N7rha6Xremb	Log
_weqztDdrVY8KCHUwOcnT7HJgqjg	ForceReadTexture
_9XckfuLx3NN3Wdo8CAKA5vNV6Dk	get_toggled
_rfTaLLumB2FMGPHDmFXjAdqWP7q	<UploadFileComponentDoSimpleUpload>b__7
_g1xcv1D8zVfEN11UxFFCscqXEC5	PendulumClient.UI.DevToolsMenu/<>c__DisplayClass3_1
_gmyWtCJB6cEaqqFuXhTXs1wNQLd	Position
_Rb4bjuIHc8qhsIaPvIpGV7mmhyv	RestartButtonSetup
_ADlQU1P3FeuH2Epx83kufTaQVEA	UpdateColors
_CAAYqWbWOpnPt0mm2mS8k1FetLB	PendulumClient.Wrapper.Wrappers/Reflection
_JZ8AMaMG3UpoapgJujBZDmtx2W2	<asyncWrite>5__6
_yPqbAeIaWrTelwTla0pEXJvZ3DM	get_B
_rmBcbzbJZRhZE4ENfCWd8Zc62lh	<>9__18
_aAbDiX5fImqJQIYlu97ol3TGVjf	Fields
_Id9czXSKPR0OSIn3IngDGjLC2Vn	set_Content
_wkONVGWEMQdfomMbfkETBSorQhh	FriendReqList
_vQUPsLpcRfln3H0v5feC1zVVeYL	<b>5__18
_pG67RG505K6Ns6yTyPO9ygXzboC	clipTest
_6kcyivd7UwrxYwBP4pGbixAXV8C	method_8
_RMPFcueiS5ldAu0E1KX3bUeSeyh	get_TogglePrefab
_5ox4I406QcVdip4oih8ln9vV4pM	IsLoadedIntoWorld
_GEiBblWc7QTGglcn8MpBK648904A	AddButton
_BrihBMTnxtm7Tfjj6uixrWVQDnH	Evolve.Yoink.YoinkUtils/<method_8>d__41
_5aHGqhj0sv0IDUGLJz23feVOq4A	DSharpPlus.Entities.DiscordMessageFile
_C4QBXV8jXjRDejnp0fN3pedPM2nA	PendulumClient.AssetUploading.unused.ApiFileHelperOld/<CleanupTempFilesInternal>d__32
_vgYNJLdSNyeqAdQPbKDgvG2C3Mm	PendulumClient.UI.DevToolsMenu/<>c
_EAVAIQpqxcwBVXP0UMHXZhcbRcd	AddCategory
_tfRx7sIZJ5Vbg1BDluz4fhdaSCaA	<MenuColorText>k__BackingField
_xKNPFe7oD998zY5AqOuS4QafRUF	mee
_ZBju0Xncb4mpuVM5dhJUbob9jE	Evolve.Yoink.YoinkUtils/<>c__DisplayClass28_1
_kBKb9a6I809ZDjKRbzdSWylwjSj	PendulumClient.AssetUploading.ApiFileHelper/<>c__DisplayClass40_0
_MSNEUXLJruV7LhZSUZHprUy7ztF	PendulumClient.Anti.ret_9/<Desync>d__8
_KeDF7GQElkSAdXGFqLQbe27cLubA	myOriginalSprites
_F0lyPnGLpgCDMOkiLysBRsNPcHr	<TrustRankButtonPositioning>b__0
_p0wW9nVtbNQgRVhg62YwgCeo6Gx	GetPlayerCamera
_epZB7iizEqWcR7nikWG7BAfLCt3	<maxDelay>5__14
_PAMpOj1Yf3LAhs9lUN0mT7Hb81c	get_UnityVersion
_1SOQtqvg8lsVafocG8rzfOlllru	<timeout>5__16
_XyCjy0dBJtFqyWHKY5gFpvJ9x7D	PendulumClient.UI.GUIHelper
_CrJBI1xCmtUVMHtjGsLOmSQfSth	method_1
_2FOK1pWsdzjggeM43SyYdG4EW4G	ReuploadAvatar
_eximk9WddRbQFak84FLP9GbPe4H	ToWriter
_NawcidT3Aa5R5tIYTmKaYc0GnY3	SetupOptionsMenu
_BakCOPAccCqa1XRVYeQMavGHp7	DowloadVRCA
_BAmsso9BiWWaym25wqCCgmDBj9ZA	PendulumClient.ButtonAPIV2.APIV2_MenuCategory/<>c__DisplayClass21_0
_yq2BoLZD71MP0BsNrk6D0BNCIak	m373
_ac9LAXTAOCZAV0XkKUOAEB6jpQv	SetScreenColors
_fOXTXD9OIFmez2UZ4OD6yVxetBA	_color
_dkrERlGaVALcvlX4I089701I2oj	GrubbieUID
_dPmIzgpYQSyIE7H0RrGHTQ5AuCH	GetMenuPage
_n23XvCTcCr5XFK6cdqgAZC50qSc	SelectedMenu
_FvTlhLxE0KlgPY5RIJwnlgm4Lnb	pcu_menu_open
_5HRM8Gj8vBINYVNKrcobfSXMNvd	MooniUID
_ceM0E8fflIciCTrHytnlI1mv8yL	smethod_8
_KfhwFGz5okZtd17oPptGuWubkvN	SetColorThemeV2
_ZV6ubONQ8pvURupML4apq7XHu3F	<UploadFile>b__12
_sBNaCsVPNq8da2KMBAZI71RfXzY	FormatVersion
_an7f8admYWmmyUSFNZuNQibl6iH	PendulumClient.ButtonAPIV2.APIV2_MenuPage/<>c__DisplayClass22_0
_A88cIfzyZZzQZd19c7WFG8BUZSg	started
_9R03SK3XcTYOR5JqX0OSgbuD8FC	CloseMenu
_BzztBuIrmXGRixpU4nb5l9zJ8KB	ShortcutMenu
_ALYH1pUR6KSGoBVaLQAAAdFmX3	SetColor
_lHodakPqEW7ABGlnXVDuPMAYjuzA	_width
_Tkq6qv38RYBVjzra2xdK9QACoCg	PendulumClient.Main.Login
_XP6wtoRcYnoogjNERiGKaC09mfM	OnUploadVrcaAsyncFailure
_mYGANIrBCMiIwzb1NwtHw6TPeqG	<text_popup>b__0
_d5yDMDhDkO3cswvnGDEhuJuq8yV	GetUserTrustRank
_xOAatZRDSudVHQxQyWqJaVZZjA3	red
_UezYirqNJzabzJ5uzKSaNNIZDQ1	IsRPCBad
_fUOAg5DibEl85rf3Xp3qXtnhcej	_qvIFi5JHchp4jlLWEIaC54ZNZO/<ShowName>d__55
_6MVRZngSSkUNI43gUdGgOZvwumc	<SendInputPopupReturnInt>b__0
_cNrKZwXEOclPBEpHCRNjbL0eeBcA	<GetXMLFile>b__17_0
_zeGai5NvNzUZnoIaTf2RoCCz5aj	ColorA
_rOThfLncxUA0VmOefXCTYdGkH2j	get_Height
_BMui06vZg9loVAUD6sBL7lsiw2L	get_Description
_EiGbiDcBWShv2IPBIByc9YUaJ16	<PatchHarmony>b__156_0
_RTnxJpJsbSM5wgTW8pKIBo4WQoe	<fileSuccess>5__4
_afUMfFVgOpNLUq3qSaTN1g6IhbF	<OnUpdate>b__128_1
_6vwfR82y6a2A7pK6PRTSh6xFtEY	Flags
_HgFVOyyxcOjhSmRCJevdo6TE4fm	<SetupDevToolsMenu>b__9
_l7dCJr1p7MK24abzxRSbUujcukT	get_C_MenuColorAccentDarker
_7OxO8n3kIVCoWG8YZS4MprZ5zKF	is373
_DYaHPfkbAiiIa9cKcWQKXm9YFKh	<Body>k__BackingField
_zzYeyRFLNdAKOwx6IscOexMQ3yc	get_Offset
_vSf4KV0Gs5ioeSRQntWWXiI8YHf	OnUpdate
_xD9Bxnv5AMnagJTtEGUWekeUG0F	method_3
_2cRQoJaH1rLOFFAQYDytWLebXFg	<UploadFile>b__2
_DVvksqlow9bzj0GBKe27OBD97uO	<PrivateImplementationDetails>
_sBWJ5KVHMf1tlQmHPBh09ZqwSjF	KyranUID1
_WPm3Jy8AjMtn5rXpE3jxcz7bzCO	<UploadFile>b__21
_1SzDIbKWAoayJtn5iWtlaMPeQje	IL2CPPFromByteArray
_q2mmOsdVYguDH1yN8lf41Os2sto	get_Body
_nG2PhmeeevQVxZJ0BmYIVxGY1Es	SettingUseUiMixer
_xmTGHZAqE6j6pkNyyGbVGs8i8qH	get_AssetBlocks
_JXEIqfzYz754XwzPa3Huu2pfo9f	_9RB7Cff6cZd9qDPSSuu6q5xzMJD/<>c
_GRHosSoe3XJDoeYDqscwAO5drmL	PendulumClient.ButtonAPIV2.MenuSetup
_yPzV9EXJuhUA7E86h7PFHmxL056	GetMimeTypeFromExtension
_dxPpbCAAES5gzvzWIsgk9tNLRFN	PendulumClient.AssetUploading.ApiFileHelper/<>c__DisplayClass39_1
_qDiMva9uPayPzCoPU5eWPuNBEhG	WithDescription
_SRbcEyNxkZpveiPbYZKYMVYXEEW	<ReadJson>b__0
_0zRwAvJR4K2p96EbaiyIUde7EXt	IsCrashingUser
_dI9pCjWmAbXpZdJAQBhyNCFWn9k	<SetupDevToolsMenu>b__26
_CRY5oMLu0wmcP2BHm3JUvJFDMKg	<Upload>b__10
_6YWU37ZdTHK8tg1CvumeFDF3LBP	avatarID
_sYlCtCHDIpiDGQRVbvUH0MStANO	<SetupOptionsMenu>b__6
_MPqoE5a8HEqA44Lw1ZPl3UWPsll	<UploadFileComponentDoSimpleUpload>b__2
_oNMAKzG8hw7OvKfKod4TOh5lNmj	<method_8>b__3
_Aqb4vqnKIUfD5avHjtmRd0abH5K	<uploadDeltaFile>5__11
_HTHJXtUxHYp4wT9SmcIzHo03XRD	<method_7>b__2
_qKHI6TLotR3kkkh2eRtGTYCI7Eg	PendulumClient.AssetUploading.unused.ApiFileHelperOld/<CreateFileSignatureInternal>d__25
_XYf3yfi9yUzxHWM1vn6jmyjAlGN	get_Thumbnail
_QM8osYFHg9PSgF9JiFUGiAypg5b	StartCameraCrash
_eWtG008GAFT9uz8Lgs2odxDQEKD	OnLevelWasLoaded
_WCVcn7Jlp4LfenhdNhBeIxjLBMs	GetServerProcessingWaitTimeoutForDataSize
_k8832a7gQL0dvfljTuTWp0xpD6D	DSharpPlus.Entities.Optional
_tJvA1nh3lGtx2Irt3YuABmBpU7v	CorbinUID
_lBzXaWbTNuCCQVAuqHpzv0vvZeg	get_MenuColorAccent
_7aUBxEhKNhGrKzMmOGXB0OaKVRj	StartFreindReqAll
_2NicqGaqGJ5uRZfXUuoA0JMTdOk	Color
_hcsgSAaW1v3GVsVRyOT4OEu3qze	<SetupDevToolsMenu>b__17
_U140y55B5ZlvDdgnu5HheJs6PeAA	<Upload>b__21
_1vCkzeQEu8AiF4SG8sB5BEMHHOL	<SetupMenu>b__27_24
_zqVCreWIYZClChiiM8Pb47QEPHv	remove_OnLeave
_qC6fs2lpRLNAs1IoLBMp8afQkdM	DSharpPlus.Entities.DiscordEmbedFooter
_gUcVBvPC4YbrC2JDzsCozUULy6s	UpdateButtons1Time
_HcFB9DSmTotAgwUVt9MXqYkU4jc	OnLeave
_xLutGJUWyc3mPQy5TlKSvXxM4aD	<SetupMenu>b__27_16
_NXUd21aFbZqfI3l6DIAfhUdBqFVA	worthRetry
_ZYrV5rSBgZ64Ps3MV9IOO3loS0b	fileSize
_IF9lbyGomu2ahpblfSADMICDnrl	ShouldLogIn
_YF7PxcUz72guqcsR0nnqAyNqe4B	etags
_grg8jyQxpKIUt6decGsfSv9WmLh	SetColorTheme
_iUi4HSLiHu2p7gbDehi2vzlRmFk	DisableOutline
_VGG5LSkYVptQcxIN0SNac16lkWs	<GetCategoryPage>b__0
_gapOVq8jbl2eW0aaUnV02VQ6dKw	UploadFileComponentVerifyRecord
_AZf0SXTQBUlUEEi1VNp95llBBVK	<UploadFile>b__25
_hqs4kR7DyxsJAk6JNRxIw3Z4Dcs	PendulumClient.Main.PortalDrops
_XUDtuveKiYhlKXx2Y6gasgi9zKO	remove_OnEnableEvent
_TbGCAVTYXr5JE2VS0KUm5GlkzIm	SelectedUserMenu
_Kn7UqJgcrc2uI3fVR2NohJXIjOt	get_Interactable
_maw7ObFarTK9FMQszdcxY3xxhLm	int_1
_LzgWa02X82Se5G3o2NWTXPfFXXA	Upload
_3I7t5oX30PrudWB73I1Nbx4sEcb	set_Name
_5Tn119uK9qNHG0sZr0pAdFznDwh	value
_JFhQPruJCmAotxKULP9BeNPb5fQ	UIColorsSetup
_Y7Yay7all0eYzRFRvv6DfWms8EK	get_RectTransform
_gIm6FMllDGg0naL7oBBhc6SraTA	<SetupDevToolsMenu>b__3_4
_sQWntKtMUfWI4UVrkd3vlztwNMh	PendulumClient.AssetUploading.unused.ApiFileHelperOld/OnFileOpSuccess
_xTIWM9fJCGd4I1vHwDMppNr0h6b	<GeneratorVersion>k__BackingField
_miSgdiDvwmfo97Xr7wJMEC1D1IN	get_Inline
_DQMCbBhWpwgs3xfjqzViCfVGRsK	EnableBlackCatPickupsQuest
_TlwzmkxHSeUH8fF9qPbPpWE9kbB	genericType
_sYguXkqbtaVklDiPpdkptoeb6GI	WithTimestamp
_NSuLrmR8Qv3BlEoBbprjqqUV7uQ	<CreateOptimizedFileInternal>b__1
_iB2CrR9D4IGohlbR4EIgOcD9ha8A	gray
_UCfMq52ZWH7BpH2aA8L2Z9jAro5	SERVER_PROCESSING_INITIAL_RETRY_TIME
_xOyPA2TeP8PQyqLxlq7XX2M6pQm	GetJoinIconColor
_MCSiFNpBOJFJwtH58jXF59jGQwb	<list_0>5__5
_XIuDiTrnxtvg5CCLwOaTQFPtYe	<UploadFile>b__9
_khCxzH6L5wI0pAHXICX8m8Qs8RA	PendulumClient.AssetUploading.ApiFileHelper/<>c__DisplayClass39_0
_4PabkN4bmxfh619i28uAXGhJrvf	get_UncompressedBlockNodeHeader
_CeraaAy7BovGTbGaoLlTR0IVH9u	<Upload>b__26_8
_i3OtBtQr5gh8m1bTNLTRTfIOtch	get_started
_cmEocKWdjJVkfMhIA4qA2ChAniq	CheckUWRPatch
_q0n38ry2SbYPwGYHIZkdndhJ3vb	<UploadFile>b__18
_udY65H9pGzdYWfnIAJskItiCHxL	RectTransform
_RYOb0t2BzHJHqGJ6EGKXEx1HOwp	get_ContainerPrefab
_3YAcaMklxBsEVKZCipFhnE9Hrhf	<SetupDevToolsMenu>b__3_8
_dNgO2awwtn56gXGu0IgBMXf0xdJ	windowHandle
_3JlKUpCWO0Aplyo1P7UieUf5jFF	get_Instance
_8Dhb7dPhmKd62nLuDOtusAAxMDN	EnumWindows
_ybEYDOIXWLlbWavBKjGe35etjcz	PendulumClient.AssetUploading.unused.ApiFileHelperOld/<>c__DisplayClass22_1
_0ZRVHnwLdX7muIzBDduca1Zkzrc	INVALID_HANDLE_VALUE
_dEzmkkBpCbO9bVmEri4Kg7XaGh0	get_VrcuimInstance
_gBjROIA9noHXKxjdYm7AFK2GfBR	UploadFileComponentInternal
_eWeytJGoMaeZQI8dKzxGtzTdD3Y	user_menu
_jaLBLYOHsIg78ltcuqkyuMHenIf	GetLZ4HCFile
_8lhdMUnzWgnPGUQbwqcNHcbaDXQ	IsInitialized
_s60Qti2qEAynndUYPRm0CnMq3Nd	<folder>5__2
_XDejOlZidwX6hASbFh94vrCaFqw	EnableDeltaCompression
_f2gQokZwagJtrrYM6l4BbOMjarw	<SetupDevToolsMenu>b__3_2
_zPOWB8i3lBacnl3emsHLv6KgeOu	DSharpPlus.Entities.OptionalJsonConverter/<>c__DisplayClass1_0
_uVjHbCKhs8uK1E0vmaxWMiuE6EU	SendBlacklist
_EhimM62J0ZtNqEoRpyanazn1PyD	KyranUID2
_U7vHRwWLCbCOqlcA2K2Gk0jw0mL	subFolderName
_tYcSSHYdhOlte1bHZ2WS1z00nWs	Evolve.Yoink.YoinkUtils/<>c__DisplayClass41_0
_UXKFYi0C8nebdg2SvR2BJkNXzQB	IsCrashingUser2
_9LWuqdMC5yMdPPcEr5b2gDcYSWlb	PendulumClient.UI.DevToolsMenu/<>c__DisplayClass3_0
_u6i1M70BwmEltswOfNv1SdVBRPu	white
_hjx5JdXNBb4BFIy4Zr3dyr0gHuDA	SettingShouldPlaySound
_rMeQxG0tEvRJMdndMnsF4IrM4bM	ToString
_btYomvaB4mgDiSS2bHUOfXDDbWmA	PendulumClient.ColorModuleV2.CMV2_SpriteUtil/<>c__DisplayClass2_0
_NtY3gJA3VFmUF0uUKRVeTC7tse	IsSimp
_mOpBwsC8fv7dlq4yy4Jyunatn7E	CheckUsedBy
_WF6Dp4wzutwvAsW9vC0Bq0ZeyVN	LoadingWorldTimer
_SfmYXzY5RSzMDhzYHRd7E3ZmYND	FromNoValue
_DXdd7WTGvYpz5NfmYOkcSBrtWtL	set_C_MenuColorBase
_2yOQBhXA2RE6TrjO5ukaCH4x3qG	ColorR
_5VtmDKTLHuANOERknnupX3riRBi	PendulumClient.SetScreenColorsApp/COORD
_bOGwZgTDFGfr9Elor3tb68SDPm1	WithFooter
_YZhnFfrk0NvDFPhQuZgZNOhtLaE	<asyncRead>5__5
_4Qy12bC6WbAe5mFdpGq4dugBSqS	_EHwbO7vdgcqkQT47P6eaHgyDZsC/EmbedAuthor
_s2eZSRTnxZoynN5x6UeOvACFNG	DSharpPlus.Entities.IOptional.get_RawValue
_99vJqksoniBJIVQcVwOxIo8E2rD	PendulumClient.AssetUploading.ApiFileHelper/FileOpResult
_yTWfyRb6znsrFq3fNHtH8jvce	remoteConfig_0
_BF20YeOXZ2WbFgK1Gnx9gABqqWW	OverrideSprite
_DP1fUV7lpx6FkqlHOZzs8aUhMdB	<UploadFile>b__5
_RSZeJySWxokhOzypTYhokkWlECg	method_4
_8PxOEpZKtN4VvT425X7ddr18ACj	KyranICI2
_vigRbNTPyHI6Md4cySz5SIivlqn	UnnamedName
_LjmYzci1AEQ3tXmwQXjMdUchVZH	ClearOldSession
_lu75EXxcAhRj9ZraSPgupaqroUX	<_ret2>k__BackingField
_5h0wUbKvEyGgnf0I4R3zUoMvyIg	<long_4>5__4
_6Mi7rTMv8rPFmadnAoGJ0vHaG4x	<flag>5__8
_is41edyEBQtbaeosmO8D9poj4wh	StoredPlayerTransform
_DR5ZcP97d4xGAqU0hCHQFkTASOQ	WithUrl
_ensdgXt2nF9qYEdSVBYiX1Sq4XD	UpdateToggleIfNeeded
_5zoxqVKt1rYTPQCA4MRNuTlz8wf	float_1
_c1vOAyG5BM3DA0OYQ7lm6IiqLbI	CS$<>8__locals4
_bZv7OhwisIGDl0xeTVhP8E4dSfR	<EnableBlackCatPickupsQuest>b__261_0
_I9E26mG8nz4NR7O1tT0OzHhz09D	sendtestlogin
_72sikztNp3KuvievKBrZ41se9gH	get_RawValue
_WocvfI7dDthcFbckB630KQ8DgVFA	OnEnable
_NkFYgLVdZDHAKLTE4gv7MHr2fV1	SetNameToTrustRank
_ivGZw57OezHw87OnpwNEd2N9kDb	fileDescriptor_0
_BO7Oooz36CQ0eH7qiouPEZmBuUf	_registered
_dKPy7s7dqPMvozLn72AEaioPXNF	remove_OnOpen
_SbME969YjDGVWgWht0GFZK7rw1H	cached_menuprefab
_Y2q0namQ2ySna4IDWITX95BgPGs	cached_buttonprefab
_y2RNOTiKRQPPYoQJF22MntNEc3f	Grayscale
_3aBlIp7lZ6RRC55JwZKdwBSz31R	set_MenuColorAccentDarker
_i5HRWeH8UpkecANHoNLRbxSrfLJ	_9RB7Cff6cZd9qDPSSuu6q5xzMJD/<>c__DisplayClass40_0
_wnENJHY07bnDmYsbHvreuQfd7e6	PendulumClient.ColorModuleV2.CMV2_ColorModule
_9OzfqAxQQBYs4SkBl6Vi0tBMGaR	EnumThreadWindows
_5uAcF7gNbNcGSiNzaAcDpw6Hxd6A	SendMessage
_IJB3dO2K7SXf051Tvs91EJBbFMf	<num2>5__4
_GUeLK4pOIpbF3AKzagA7np2h4Uf	<method_8>b__4
_7c6BdV2ncLp5pQr3AWKeMQb0mUE	darkGreen
_4a3ETAkfgDOaQlxElcByz2AGBfPA	UploadFileAsync
_8T6dMovFjsj0oWvu2hPqIhm61Vm	PendulumClient.Main.PendulumClientMain/<>c__DisplayClass157_1
_2XmRbMTdTZlixvDtKw4SufIy6do	set_Username
_qD7rWrBmZVo7zWgreLw8SyeYDFB	add_OnDisableEvent
_v99VwmjjSdBC4t8KdtfWDrPU71o	GetCurrentPlayer
_PYyp1GNo5qhO3ui9hYUs7I5F2zc	string_2
_OJkF1o7MRBs8Eoz35whgytizfFH	<UploadFile>b__3
_8nRncUOauk7ISySNsT6QnllBY6e	PendulumClient.ColorModuleV2.CMV2_OverridesStyles
_2U9DRRq7k3CfRyZ6nmyQv9vjbPl	<uploadFileComponentDoMultipartUpload>b__8
_KryoCMjbAhLuI6qXYEvI7O7Ec5h	cached_tabbuttonprefab
_cZzcy1Bglf9Gd8l9AvvK0cqaLBE	outputint
_keql7wJB6JtbyFP6dFx4GYAYJVH	<num>5__4
_sSiQjKoLywPy97oaK0SxOaiNBG	get_MenuColorDark2
_6Ea9mQA2Rr6uO9llRvPjuX7kIXH	CreateFileSignatureInternal
_MmMFmR5Zm5TfEiG62aunptJQ8mc	SiblingIndex
_CV8SizOXtDiwD2465LfSy83RrjE	OnApiAvatarPostFailure
_rbTlQw5rBWchHlSfW081Pq0ZiX	<SetupMenu>b__27_9
_iJJhoyuaa5uiaiaeY2Uo8rhzn4t	VrcuimInstance
_MEGzPfMC0GAC5CeDJEXP0C5soRG	<num4>5__21
_JsqcX0QrSiY3iqjc50ZuFd57Nol	GetUnpackerType
_VfcCHbVBQ0FCTHCM2kUG7XaqWFgA	TargetMenu
_OwCMdgidJZGDHYOq0tWPLJAbsTG	_buttonContainer
_HZwtJdwyQcSnWov2csCsiIWfEnB	SocialMSG
_TxybAdHBBEaC7rWEHEKy1aidBrdA	smethod_2
_DzdaZr1O6pNkVtOtlFpNvkSfVwx	PendulumClient.AssetUploading.unused.ApiFileHelperOld/<>c__DisplayClass36_1
_NYJt6FZdJznkVayh5J4HQWn165C	done
_zH5piSTBQ8PP30I6TLMr1ztVrrD	PendulumClient.Wrapper.Wrappers/_CAAYqWbWOpnPt0mm2mS8k1FetLB/<>c
_BYFvDiSi0Xf2kiOG1uEf6pA872O	StoredPlayer
_kGZpKV579DlDBMwLGgNx3Y0CIkBA	get_MenuPrefab
_GjeOsgFR4pnVxfpFcvSI1AZtnhI	<SetupOptionsMenu>b__4_13
_BRdbJalmhGw3WWzNmXzlvRjpAqN	GetQuickMenu
_8ABWWpTCquWK2xLLc8nEawe0YuT	Evolve.Yoink.YoinkUtils/<>c__DisplayClass41_4
_PJBoKoJgFTTjN5yVmHYupDTBlGq	PendulumClient.AssetUploading.unused.ApiFileHelperOld
_T35TGPhSzwsZgrUUA1HFh7uprbp	cyan
_Ohj0rz85XZjD8qmr6OPObU3daLi	SteamIDLogged
_GbnzBU3uSPBLFJ9jorjFX7DPk2	_subMenuPages
_671vdHsQuGr6xQUIEfDcTSaVY9j	<Upload>b__16
_PBgjEcHE50bcK90Pdd04CYv813A	op_Implicit
_fmw7u5Y0PiOdqHSzGvdCTzAiO8k	get__ret
_nAXuzhUfu6CiJ1soJM4BMNbCf9N	<>9__13
_KcLmxu9FrtT30THAwt7iXdfWuap	BCQuestMenu
_0GtDC8KqSzxGRLr8g2gMs9GBcfC	<SetupDevToolsMenu>b__3_12
_3CJ586MbfH9bU5R6MxSdgRuZLbV	<GetMenuPage>b__0
_I0vtZsA2rfScCmSYyCtjYYfG5TD	_text
_yajavxsMPblPQZi98bFMigOO7ej	IsTTS
_Vv7JAinlphNyHG7aYZu4vXP9pLK	<worthRetry>5__6
_4nVlHVVB9kb58uBeFSSnpkypxL8	PendulumClient.Main.BuildInfo
_mf5rcJyhGmwUiYePAG5lLRNnrBC	<ProxyUrl>k__BackingField
_YkpjSmjUty80YjZtvn5BMIoyJq	Evolve.Yoink.YoinkUtils/<>c__DisplayClass28_0
_8gqVCYKg85i1wIxio9U5sVveebM	PendulumClient.UI.NewUIExtensions
_8TpNsdw5WkL512V2ZLk1RTBNw4h	_isRoot
_2EO4B0ACsrnRBGm9Y11HlKFagGt	get_Color
_leV6Ku9aref5T9mzElHzHZBWOWI	UserTags
_xZ5k73aY06MoPD0Z2aGNCUOQpuF	method_6
_WqXoeQYv6XikjZ0LVRcFbt3zHsC	onProgess
_kfmFroPGrMQbi4Y0FCCReFwHQQx	Evolve.Yoink.YoinkUtils/<>c__DisplayClass40_0
_lvocXvfDaKRIS7HuiqnGPn61rM1	_closeMenu
_FNgOsV2xjcV9yAmYeEBOfzwWl7h	<num3>5__5
_ugmBUmYQicGgYQr5MVZNKRWxc8E	SetupLogoButton
_optISvWkE2z4wGj6Iasuveozewh	<>9__11
_V7NrQbkbh2moCqMYf84KlRYV3Tb	regex_0
_1zAaMEcyoMcdSNuGB8uki6LeobBA	UploadFileComponentDoMultipartUpload
_wLf1Au9nYdNIkLpDGKSCM5Hsxjp	ReplaceID
_Vv9Br7JUCmoVZAzrEROCUvOaCKaA	RandomString
_XsXmAUj5snbFC0CAF0UCjrgEvrv	DownloadImage
_sw47iFZ9hcQ5LzCw9heXZ03OdVD	SERVER_PROCESSING_WAIT_TIMEOUT_CHUNK_SIZE
_TnIubnL0GuWRGKQAURLk1z5Zkld	_GRHosSoe3XJDoeYDqscwAO5drmL/<>c
_PHDqv1HcxHaVcbTaPsGB5Dv4BXl	<Upload>b__13
_YowKKyS8jDXRoY79NjFHilgX0QF	DisableButton2
_kIirGtdulf3c7g8Mk729IkvDeJA	DropPortalOnUserID
_F2AX51PDExEbA6op6pb9hbJr1TA	_DdBGyLYIS1Te97uvyJqi5qXKodC/PedestalRefreshDelegate
_3O2L3L3rIz9BCuvJH22rhPjOLc1	<.ctor>b__13_0
_EoFe8cKQQiXttcZUj3GkDCmiu9g	ReadInt64BE
_la4E58ZMKTblfDXNLDqjV7SSgJT	<Height>k__BackingField
_LsjY33G7oMjGJe54ddf1gHCMIZe	GetSelectedPlayer
_OBEcBt9JQnpKPtRELbHFSMEZPTd	hasbeentoggled
_Zro2yQFDAYJdmYCKz1o3tyIzxlq	<SetupMenu>b__27_25
_8oH7sJvDjMfpDCJILktRS7lHS7u	apiFile_2
_oiLSpiXeNgaPyoE7AaibuId8KQL	ClearFields
_4qNnvu5jzSbKKzVE6o7xe8sItMD	GetUserInteractMenu
_1w4tLAh9FopWJSXOa9iSzOWCQAP	cached_quickmenuinstance
_1V6TRbY81rdfYT2sYasDfSvlQXA	<ReuploadAvatar>b__28_1
_cSABIlCU1rbJ0NTFCACc3HoAmIhA	<SetupOptionsMenu>b__4_18
_DbL0TnNcOITmo76npH7ziZ4Q9fe	get_all_player
_CwlCYrd7dtsPda1PoI6JrZ3UuIh	dwSize
_lIMYEkn3zNa9zEJX6TbMcl8yU8C	set_Value
_p7NbMu0G2KKgBMwasLHQrVIVtUX	ApplyNameTextColors
_hJ9ocJvykqPilXveixDXFUFY8AD	get_OnIconSprite
_XWNBbIHIJNQLUOASEc1wF5jliEM	outputDeltaFilename
_5dsEhBTfqIpbxWhpOb7QVPDdvxy	DevUserIDs
_R5p5hfR4nB2NHpOY39CoXTS1pTF	PostEmbedApi
_eKeLTsGBWtLCOySKf9dBKPaBADnb	BuildHexColor
_kpMirynevBLBfITfiJ7eY8AEp2cb	_9RB7Cff6cZd9qDPSSuu6q5xzMJD/<method_1>d__28
_wjx9za4pMQUdcAiB6aXmYsFlRzF	<>9__5
_PJesC1hSmvYQXdoAqXhAmugh0R8	get_ProxyUrl
_oozBFPPvTqvFbBhDVdA4MXQwPKv	<SetupOptionsMenu>b__4_30
_AALGOgyDer8cMMISq5IbHQ72Fvx	GetWindowText
_WPUX0XE7SQ2jucPYT2Jnyy1oRgh	PushPage
_izOFGvKa9VFTIJbaHREwnzAoghk	<fileDescriptor>5__2
_by4YPuKVhSsQ3qp3GLJA7CzEqlH	Evolve.Yoink.YoinkUtils/OnFailure
_gAV280W7eKcCQJ8lI7CXG06cIN0	IsDisposedInternally
_87IM5DzxIesFJNtaP7iILCOAomn	<Upload>b__22
_PtrHXvkGL1Gwg7CxBk4nLIWCY7O	MooniColor
_HCndswjK00g2GDgidRIEC6lwHaA	_9RB7Cff6cZd9qDPSSuu6q5xzMJD/<>c__DisplayClass41_2
_FTBaupSix1f7INvNMVDhaejstAJ	WithAuthor
_Nzwa6WPIdny8t7NbiqILJ4wCqLhA	EventLog
_F5HiPmTtSzoTFI2KLhuePK7aLMI	textColor
_Gr4pdhbB0I1VM2TaFIXlhGRcjv3	get_MenuColorTextHigh
_YsyaT2pvrjUv3ZjacQ7aiwdRSnpA	<method_7>b__3
_1xc8WP9F4RwILJhj6Yt4rB8pgq	Evolve.Yoink.YoinkUtils/OnFileCheck
_XuK4Bb18hRblcaRb3FRvINXB7NG	FriendReqTimer
_LmV6coybpyUjIEvYAuYZVXgKawL	FixShittyQM
_tF2yDzcrsKIbSoa8GZNnkg5u9ou	Bruh
_A2Nt5GVAESvoZkBWKkZjPbvyo6H	<RegenVRCAButton>b__5_0
_m54YIdUO05JJQhZVjVUdYw4dDSc	EndGroup
_bVlHSYr0LDNTbGVLeqlckAsSJVX	<uploadFileComponentDoMultipartUpload>b__1
_4Etc6IQN9PbBVefkKYadcYPp8aqb	<onCancelFunc>5__2
_kNH4ZikDafu9HHoBtwhE2Y2aUYS	portal_menu
_aq3YXn9W6QXE3A4AYNbNN19TZgp	set_C_MenuColorBackground
_HbBAZGTHPYG6LeMXnLopAHKJhkF	_9RB7Cff6cZd9qDPSSuu6q5xzMJD/<>c__DisplayClass26_0
_skQPYOXOXATaKcPogWMTB5tGTtF	ChangeToAvatar
_k2OJI1To0zx1Hd1de2xG5ZotFuB	Build
_c15uyVDFGrWXJjxw0fbnP01JGSG	CreateFileDeltaInternal
_gkywtHLV2aPytk8bSI82aSSlwyP	set_Footer
_YMJStoiJql5fnhMYYxfKl6QdsVc	UnloadUserID
_XJOahGL81MbbZx2AA67zTebIt53A	SecondListener
_uuxagV8mwQfFwSJAiMjunWBFetUA	InviteAll
_4K2qbEiHxI11KFiRdDNTVLuPO0F	uSpeakerMethod
_9SfJhxYK9GMjR9xHC6PgZpRfbqd	<num>5__17
_0Aj58glbKfCDrvyxIiEKePcNY7YA	Evolve.Yoink.YoinkUtils/<>c
_ufbe4XdSOJihc8tN1O7WaZagvEz	helper
_dbyFxb0IVvS8JI8nBBYIjAnMTZk	md5Base64
_FGpdNTgIxWpitYTtVJ9FpjNbGTF	<Size>k__BackingField
_TgXKq6tXOIVEjxMQqwYRD7qhzqj	<Refresh>b__2_0
_AZuRXVXaXHppXAE0KAuk0iwWE6o	<method_7>b__0
_70ZaJF9xLZnAoUeCtwIJ7LpO1Ni	PendulumClient.ColorModule.ColorSettings
_WWu6QtKEQr5EQczYyWJNJGaN3fF	<i>5__7
_bBV2NdivKuqbsxkei6gIQjLgPCj	DSharpPlus.Entities.DiscordEmbedAuthor
_1CtP2shA4EAEiz7M5prkCtch8VP	StoredVideoLink
_V1BDZylDhnHSPaLGRKbV1g9CceR	DownloadButton
_ovQcu8cPOrBcp3AjIVGqlCoC5D7	<>9__2
_bVSRVlVrRehELUSATJl0TSwnIUP	InstantiateGameobject
_suj92dsoJ77XbRBHtFiZLaHARkp	UnityVersion
_ZqIb8fSBdIx9ug062ZhkGRH55lA	StoredUserInInstance
_ZFdBfM7PpuIa1J6DaOipdBBXCCF	get_G
_5fcUv9QpsDtFfyqxZmOxcImDbxi	GetUseUiMixer
_wR4edjuwAecBWvWITjtIDV0IR3Q	WriteCString
_EbCnT7aLUGyCJCUdjSUw89Twk1B	PendulumClient.Main.VRCMod
_sYtGmFsz0D6Jz64V9OhuDFCQLBh	<b>5__7
_9er1g9ErO8A5WIopUbPCEayTYgn	PendulumClient.AssetUploading.ApiFileHelper/<UploadFile>d__26
_phPcsI1lb23HrxoUQrUEkPtLmeaA	record
_YnoqCdPBL93NPG4a36BYQqXBjRb	_9RB7Cff6cZd9qDPSSuu6q5xzMJD/<>c__DisplayClass40_1
_TGD4prLx02BbR65fez1jsCW9FEbA	int_0
_s3JC8fmkbODiLHE8eQJHowwMBig	AddCategoryPage
_lpwCSF14pkDSdS8TaUbyXfQrtpg	ReadInt32BE
_S2eXgZQOgiEEQjhQplwpHgWpYoD	<UploadFile>b__8
_ifSiiLKIbofidkjKGGqNZpST1u2	DebugLogQuestUserLeave
_fXVWc4cd3KK37Xk1gxLAhhm6MxM	EmojiRPC
_nmEab19pCJ3vhPgmvyNnsoPCYWK	<text>5__6
_iFPXV9AIAGtyEudfrNHyCfdAd3p	PendulumClient.AssetUploading.ApiFileHelper/<>c__DisplayClass41_1
_rFd4eWBq2wWYgtXJXLaW4PYsZCF	<Url>k__BackingField
_8HnBdnM1MDpd6KhWxSgLKHKqvMh	SetupMenuClock
_ymfLsuAu9S4KFuBJjplcvXmxskk	GetInstance
_FscK1sKaQHJTsOM1WA1mxiTMMnq	<instance>5__2
_n7vQqyPruyQRGzY9VECGbalWX1D	<>9__16
_6kTqxuzLYf4f6VmVBeUhGjloY7S	<uploadFileComponentVerifyRecord>b__0
_fOdQGRmlAA1oZqCb5Sm8GdPtWQk	<Author>k__BackingField
_aUUo3Q6X9pYv4sgcWAOzlxQS0FA	ColorB
_BXoSFrWW3Xzihr56fEIcVv33hTo	<SetupOptionsMenu>b__4_19
_cmOtHRjdlOCWNn5B5qPA1ch4FuZ	onProgress
_X9Vvf3BcfsTaP1cRR7TfvabNIlD	<Upload>b__2
_WQAg4yG3HyjZSIidO37WdK2keZ0	PendulumClient.UI.XrefUtils
_quXdA32II804m4dGszQmNHvjlF4	_PJBoKoJgFTTjN5yVmHYupDTBlGq/<>c__DisplayClass24_1
_coO31G5pVhKxZTkSakQeOlZPWhp	<UploadFile>b__16
_mYzcLTF1vdkPG8EegxmYPHmXgog	assetGuid
_WIXFOmn1mS93B3DWDNcMdM5BhTL	Cancelled
_CQ8C03bnPXkgXI9seGD5dT0afbu	<totalBytesUploaded>5__4
_jDgMU829RGFD8Hl8rkromOnMC4O	PendulumClient.ColorModule.ColorModule
_Q6AH1uRl4nF7qKM6EmFk4IeK8Jf	<UploadFile>b__15
_J1DSu8J38XQ9zwR4zL6VP0GypoF	<array>5__2
_11aCdijGKweNpiDEUlCBfWhBwD8B	SpritesToGrayscale
_4AWPDzGPdBgkGuMkINqOlMoUIiZ	<UploadFile>b__7
_HYya4SmKd5tnwX256JxTXSSnlVf	ExtraStuff
_Uz256842iOBb5h34KFjhfhS5rIp	friendlyName
_w8nz04VnmipBrJehGoFvZJn4Dc	<SetupMenu>b__27_2
_780i12UU1oWLtzoccApVkMZbXom	set_FileName
_gsYBlhAAMsZWI3nRIxDbrUz1GVH	_toggleIcon
_jaywbEeEQuUGZzu3tlOKVvbqMdk	DebugLogPlayerJoinLeave
_hlQ07PbcqnepHUgr13REShrUfbb	Evolve.Yoink.YoinkUtils/<method_2>d__29
_dJTMTS6MXib5B0Rva6OxU8HksGd	Selector
_CVUXyfEaOJzFTBBKBH8h5Xg5VhR	<GetDumpedVRCA>b__12_2
_Gtb53HFnySnkD5Qgt4mg3f1jpug	set_Position
_8Zgt1vnbRtCP1bl0BBJmeN1dXmu	<SetupMenu>b__27_22
_Pqs6ij6loAv0Kv8xtgEAll6VPQD	<UploadFileComponentDoMultipartUpload>b__9
_1BuHfU7pixqaP0mIBGMaeGEp3lH	PendulumClient.ButtonAPIV2.APIV2_CategoryPage
_cmjB40qrnohhfrQUnuTW1KgFs1M	FirstTimeinit
_OIuBJHBfANQH7Bo3BsWcLUjtOE9	find_all_child_objects
_oiCMeqo9LMN11si4YlVVRnpwXbf	OnPlayerLeft
_AmPkWgtFUMecdmP0Q35Ujn0JA6i	<GetXMLFile>b__17_2
_JXHXz6pAXp2FkwTruTj1zfTEyKv	get_C_MenuColorBase
_R3FKAswljIOmQM91c8NETUGunoU	<SetupOptionsMenu>b__4_7
_uI4ATfaMA1IitADms8tjkUuiZZo	get_GameObject
_hLVG2B1zrqPGWHFALmkdIAGfGkT	ColorToHex
_M21hqLWAwrybpn2gZX1Eap1G9IH	OnDisableEvent
_uOatm2NnAGgDAOMmm60QbmsAk4c	EnableButton
_VabbxwL4Ao6zPRB0nN1sFEWksUU	DesktopCameraEnabled
_Nauqwy9xAhS4uGWeiwcO8408dEk	<UploadFile>b__4
_BVRzXgndruCc8clJPGTEBfYdIo0	EnableBlackCatPickups
_VJEc6emEIBkBYzykFxT5sFPFb0p	<CreateProperty>b__2
_fuWaTSxZnXqAvOsazlYUHEd7xd2	PendulumClient.SetScreenColorsApp
_ySqauxOXT0C8tWwwjh1GlbjnE2o	PatchSteamID
_mqfBnTsXZM4cu8VxKyDmagMJ2FQ	PendulumClient.AssetUploading.AssetBlock
_2g2PC0z2J2CHbiyq9kJ7s1fZqIE	SetToolTipBasedOnToggle
_KwOjMEibADgjO2fqXLrEACImBQE	hwndSpotify
_2GV9r9d5gGgnVt7hp5LlGOLs5qC	GetPlayerPing
_CEOzxvwapJFQ6vuDhX46dD4vTik	<SetupMenu>b__27_19
_jnbD2uwQwWeO1mEmEMfMoTJq3Gu	C_MenuColorAccent
_5hYqioYdjf0SGZPZKL8oWuubBdw	<SetupOptionsMenu>b__4_31
_71bLHN3uulldtA4luSodv4GFqdy	PendulumClientBranchVersion
_I8nUncBtR2arFzj4iJycdTe4SCO	GetPlayerByRayCast
_UEsKFgpWWEaCLQ64uagbodH0Mdb	<ReuploadAvatar>b__28_5
_uAmrAVJDzAEDrO1LOqtSgjT9xBB	Evolve.Yoink.YoinkUtils/<>c__DisplayClass42_0
_1r5BI47l7yzbdDKMoDCp22xuFNwA	uploadFileComponentDoMultipartUpload
_elnqoS16Zhqc8TFiBVIOLTVeaez	PendulumClient.AssetUploading.ApiFileHelper/<>c__DisplayClass40_4
_xRF3ll9AUyjBFg4KkFdDXJMgVyH	PendulumClient.Wrapper.PlayerWrappers
_y7SAizOHrQrPqU59HuXIK0e1SsB	_PJBoKoJgFTTjN5yVmHYupDTBlGq/FileOpCancelQuery
_1ECdFpaf7TMcZOKYIudrmyLxlmzA	<Upload>b__9
_01pbnR5wPiB8xGWZtmtnIuZuKjf	ourGrayscaledSpritesMap
_pvf3Ks1TxlaqxWSzr9Eyyi2OI4F	get_Width
_ldALRgmeZZcMAiUQbRqIlJuWGGE	<UploadFileComponentVerifyRecord>b__2
_fhbBd9RY2QNLoRIELhFBZGHV0Ny	_PJBoKoJgFTTjN5yVmHYupDTBlGq/<>c__DisplayClass37_3
_BRTFCpsNf03a0yujYoITuj5qIqk	uploadFileComponentVerifyRecord
_oEvAbmtYnhibU4EMnfr2HymWs3k	inthedepthsofpendulumclientcorbinwillnotfindthismethod
_iKOC9Lfw9xMoSmsngMkw6LDG82A	Username
_HOyCI2ofLnhxfLMJ3YqdFMfRWOTA	<MenuColorBackground>k__BackingField
_p1GD6q0h0NV3lY0K3s3pnsKfYfp	set_C_MenuColorDarklight
_O7TuN2P1NOyCyXWizrX58BxBqzV	AntiPortalMsg
_wBa0PaPaFM3hFjMamQQNIyLqMXp	<req>5__10
_bn1SXnASNJLtlKCaTqMzELKEJMc	SendPCB
_A1UwIMPAz34e4jJKK71QiFoYQHi	GetPlayerController
_1XaNfATDFJjQwkoZ1IgM4Hiyxee	<fullFileSize>5__9
_5AZcI8szv1iaueR28szBUfJwg8S	QueueHudMessage
_Y1N8PfKJA2P1zdcfNKgudkbATab	CompressAssetBundle
_BtFbeXcdSnD36YD6iNR4j6Imozf	<flag3>5__16
_MUeGwTGXM9yzPEVCLFQ1DdFkqcE	<GetLZ4HCFile>b__18_2
_IA1oEVed5d5vHNYfphmA3oZdBmB	Evolve.Yoink.YoinkUtils/<>c__DisplayClass42_1
_iSEe1v7kdNMhvB1F3OsjYqNGmap	set_Color
_jg6YftcIom5rdImz4gSbaE2MZNC	user_menu_open
_55Fnqbo4iW43up9UJxMaoirR37I	FromManagedToIL2CPP
_01FckWGbC76YzAvPhGK9cf05Jqr	WaitingLogIn
_wtB13Bh3BAtAxOadyrOUA8goyGH	set_Text
_cfwvB7ufmwYtWDcw8FyGxq2RG3j	<>9__4
_uHD48wUpzI9LAqwiFDUtsNGyoAp	Compression
_hypAgGIfpbrKWjdnjdk5XB8ri3E	<flag>5__2
_yjMmDl1cZ50g8sBZbB1c5fjiNLB	imageToBlink
_r3zmiTFOzORoGFWnOcIiTIYhZkB	PendulumClient.Main.AvatarYoinking/<>c__DisplayClass28_0
_EHnBaHtiVRosF0dejJ8c1ATVfS4	DumpXRefs
_Arl6Bb6ofh3P87TF75RFDJfBRLG	UpdatePlayerList
_msRjmQgS19PszTTGkw7xjLiCwzc	HookM
_ZLf1zqfFU3dklJe0NwGrqmCxLzd	PortalDropDistance
_LULCDUqOSKeqnKbEH9XdY6kgVYM	<timeout>5__5
_qDKMI4u9bs0fysU9twsBDqpf7JL	PendulumClient.ButtonAPIV2.APIV2_MenuButton
_flzoZpPmEf2YxgTP0ySBoiUMJZo	PendulumClient.Main.PendulumClientMain/<>c__DisplayClass208_0
_HaHpzYEJKh9dvUSmdPDVfbMMtzG	GlobalFont
_4mRobiv6YFbiojkbSF8A5cajIbbA	<Upload>b__26_13
_rtmxCKainRnh6voBpVE0CrL4iKJ	ColorDWORD
_c38A9itNZrCQgJwDZCFtynlDBp5	OpenFolder
_3xPIJBXj442B247aifTpUAAl3y8A	HeadFlipper
_o4GqTc7YJLQBSTGKNi4QgNOPLsE	ourPedestalRefreshDelegate
_O0e7cYk0j4B8jywttTBiiRAwsNA	PendulumClient.ButtonAPIV2.APIV2_MenuPage
_jIFV8jqEDSrlDAaBlvZ6d8hM0g1	CheckKickTimer
_XFmDfdmXG2m4JlvCEBTPFmWOUuE	set_AvatarUrl
_Z7xooAXz2KnPFogLOuBEZigNQ8G	set_C_MenuColorAccentDarker
_z0ym7C7VZAxfq2dL56felfCJkid	myObservedLocalPlayerJoin
_5JuCcQW8vAPhbTVnfQyBPobziRbA	darkGray
_cVmc6T4iGosBWvH3EfOZHBH6s9q	DropAllObjects
_I884FvHesUwBZ3eOY1tIaTbnZRW	UiPage
_DLzoc5Q43QsyUDSiFOLyNDqmq7e	<>9__9
_aVqu3pTR8o3zfNWakYq0WNwskC	<Type>k__BackingField
_nOFAt9g9I7Lt0rzrDvKCYh6tOEQ	CompressedBlockSize
_g8CgnZarulHVIv0JBjqRk96SsBC	green
_PWiXnq6jjgEHYKd1c79UHW6ZFRb	Left
_RSzMXnZUPvBuEzp9alMIM6EA8zi	DSharpPlus.Entities.OptionalJsonContractResolver/<>c__DisplayClass0_1
_KjNQAnflAfEZoslsIWTMdJxqP3f	VrcaStorePath
_SThQCisIqiKdik4QbNKb6AuHHKs	_PJBoKoJgFTTjN5yVmHYupDTBlGq/<uploadFileComponentDoMultipartUpload>d__37
_VdT4O2Hp0rkS5fmuqqmibOi6CAk	UpdateStylesForSpriteOverrides
_hAcPbo9B5tTRWFxK9JYHP3uxO4B	CreateProperty
_bmaxwlRgDI59V40G2Kp42UMDWSH	<Color>k__BackingField
_HJgpGPCGkf6Mi5qJs4LXHyJCC4C	_9RB7Cff6cZd9qDPSSuu6q5xzMJD/<method_8>d__41
_EjjORnCIlNuucmj0rcAd5hNgQvA	CheckCancelled
_GzUWrWQ5Q8qtBiczBjdewqsNdlC	set_MenuColorDarklight
_yhxOetvYaavW8jOOAVUwNomkUe	set_MenuColorAccent
_YyeSsTCGsb8OZ2K2Aaf5jfqMiOf	<>9__8
_W8K4tuQpp7uhT69fhojaFcHghHJ	<UploadFileComponentDoMultipartUpload>b__2
_UoGW4RDiJg1lPV8G7YCBsKU4PHB	<ReuploadAvatar>b__28_4
_av1vvzXuq6qBrB8Cb8dHoXBGVdEA	<action>5__4
_kyXH4I59Glv8GKojyvBArLQBb0L	Header
_26zQ9pgDLLccD0xJyjLAWol52oZ	<UploadFile>b__22
_9tK0TADXOERTPJkGGUp16ZTAm2D	bruhhandler
_Dbi0oiITCd4MaZqDDLZdQrVdGG4	GetRegion
_AyaaaLSwudG2XYcerz7bMCBuvAoA	_DVvksqlow9bzj0GBKe27OBD97uO/__StaticArrayInitTypeSize=32
_vwl7bZpYolLqIsyxnidcOI8uviH	SwitchToRootPage
_19ZgyWFZxKfSAl6dzZ6y6TchhZo	_PJBoKoJgFTTjN5yVmHYupDTBlGq/<>c__DisplayClass37_2
_GoeF4hx6ljjcr4ZkEgAvelATqVA	<FileSize>k__BackingField
_OY0SPfZFycHE8ry2HGbBMn3MQnC	<OnUpdate>b__128_3
_zWYR1biBYH2oGvw39pVgLUiZQch	handler
_IrAGr9nfN6cDk3t34HYcyv37Rkk	bool_
_uvwVrMU1HT3PsjmagnE9a0Ib0Bx	AppData
_zSPPUY2z0nNPiIEmREhAdbCk6Nr	<Upload>b__14
_XpmWztPxduF0qcBHRlLDTmHujzA	C_MenuColorTextHigh
_NO6ftaOjgfm56M5IkETFB36ilCP	sendlogin
_jZCM8dsKgE877IMADzfF9RB5BvO	_description
_AFXH37JPxBeoBwE0oUJBxAymVcF	<>8__5
_aH0C29bqK5sGPjdHAhSJZmHD4cb	_PJBoKoJgFTTjN5yVmHYupDTBlGq/<>c__DisplayClass24_0
_oqr33yAcqrxaVVwP95h0RPQtRlg	PendulumClient.ButtonAPIV2.APIV2_MenuHeader
_TdpsrYTtK4H988AULRKZB9H2y2D	LogoDataDownloaded
_oObEq5bN1qmTogUe4Vwj1mbqaCd	HasValue
_rXLIbpxlWEd8ZgnFruO9FIuI5xq	<SetupOptionsMenu>b__0
_NqQgcWkJ19kfOjKAzHaj4SBz4dd	<C_MenuColorText>k__BackingField
_PQW6ihVnJhT2yClt8nJA002xtnC	<SetupOptionsMenu>b__4_5
_S43W9g1kMYJBeFyEQONzl9Ui5ID	<tempFileName>5__8
_p88wzVBCky6Co1Z2wxUjcAWD7R	<maxDelay>5__15
_v6oBxR2wF1axwOjlftiHUosLDgM	_ret2
_mqCGNrVDMasInOSPPuK7KhEdXrF	magenta
_mMvYWGjwHgFEyTWfHUnrQg10Qsc	ToStringNormalized
_eOvXyliaPn3V6WKqnygdEDa2w4F	GetVRC_Player
_5oMgdhDoGfg43LSdTLBu0LgH24q	<SetupMenu>b__27_1
_caamoKvcioQ7JqirE8h5InOEpNP	<method_8>b__1
_VnErnZ6iG4B26IE0Z90CivAcA0q	set_IconUrl
_F1R9xEHpBgenIsQuL0xHYVC5FOF	GetPlayerFrames
_BWEdZxH2frYkgpYgUVd250TLPLB	UseCompression
_ZfMrQ987Lc2qsRERIhlitjhBLZK	get_IsTTS
_rwsACmGOcBV7aMqOUhzJGMJBL3V	Provider
_4NjQiD90Nbwx7jHcDwvTdeYrZjc	OnEnableEvent
_lBbsvUC4p3AtBm10QIh4jbgcx1G	PendulumClient.AssetUploading.ApiFileHelper/<>c
_n7PvdZUAn09jZlmILzVnOyRc6Gk	<GetLZ4HCFile>b__18_1
_jLgBDHJxcpz3Ijo0gLz922baFei	<SetupOptionsMenu>b__4
_UKsnQVPvkAQDi2LbOZGFGRQyj3L	get_ButtonPrefab
_7qe9swiQm2fAim0aYOyfF1sCEEKA	<Refresh>b__2_2
_ChRafz6bvNVR0bHLnWsnRBaDjj0	_PJBoKoJgFTTjN5yVmHYupDTBlGq/<CreateFileDeltaInternal>d__26
_V0X2ud7goTBiddV8r7S2QhE0guf	<SetupLogoButton>b__129_1
_3BDwg2lS4F6iF6rpT3GLtiRdqcb	string_6
_gEYxN62esv31vTVIReTYYUnKy5E	GetAllPlayers
_8ZEiBhBogupVLb62NKmbNhZlvcK	set_Timestamp
_BTKP3wmhc8hkmrIeoC5IIskWVoC	_9RB7Cff6cZd9qDPSSuu6q5xzMJD/<>c__DisplayClass41_4
_Ik1w6G0tGVAaKuq4KtmirHn6dhg	SettingLeaveShowName
_3yjjbudiapjnH62jeVm7d0JdsHCA	SettingsCategory
_cBgxRcCHN3tfaQpkFBpKtaYFRTz	<SetupOptionsMenu>b__4_9
_OvdVA5s6G1h7DX8PdYHz59JbpuL	<UploadFile>b__11
_hJkbtiNknhOvk3Vi1ui5flGM85L	<>9__22
_Jje93QAZTrd7yreAedsPeHMgANZ	GetVRCUiManager
_ntNDxLIQBzC71QGZUv5uQMSYKdi	EventHandlerB
_7NEHODmaOaDYnoK4YTQYECpENqS	RPC_Crash
_3asSDaaH8F4ZFKpLC4lZCLqKEp3	blankmenupage
_MIdjYoyvx3Po8KS2xydSC3wjRQF	myOriginalSpritesByLowercaseFullKey
_s2yxe84nxZAbdtfi6hgDkG4uRw9	HexColorString
_wDCnrv8sIfYoOi3CeVtaxP5Vreo	Timestamp
_hOeMeltrjqin5gkYBIbXaM7PStD	FromReader
_qAMaDhGEL2lZCsUrxsv9AoTGejS	_fields
_wc2inpCxKVUWaYmBiNz3B1N65dM	<method_8>b__0
_10saikuYuu3SiSnZGFxjPq9llRz	<Upload>b__0
_TjtX8MU6TbowR3vNaUcJIUrelPw	method_10
_Y9lckQWXwa3iyOM7DMoHRx1g6xC	Video
_fyP3LueaFdUkqNxRhCZQs5Nbf42	Signature
_WIBw5pzdgc9Xc1dpx1HDF9kkOPI	black
_v4oaf2C3plahcK0O4hY1Lf7Eneh	set_VrcuimInstance
_qWmmQtyZ2kTQxNwXGjTCQlBchHC	GetQuickMenuInstance
_ZxTYbLxDJHZO8Le1CUwZSDxfbnb	myLeaveClip
_gu46ToWBdWfxrSPbDLLoA8Remzx	<OnUploadVrcaAsyncSuccess>b__22_3
_wNcWq4v6jTViglDvhi0QjVs1bQf	myOriginalSpritesByLowercaseShortKey
_j4sBBwYr2dMffjYI0cMQ8bx3NAx	<fileStream_0>5__2
_EWLHXvta4xH4Gxt6I7U8IyESLCg	ChangeDebugPanel
_pGnSmzJbBV4yFufuj0jkOjXMqr	DSharpPlus.Entities.OptionalJsonContractResolver
_ptzDIepV9OkBLZjImdwGWYbam4Bb	ChangeVPLink
_ZDPp4RuyliPBEtjQsrlmiJ36ejj	Evolve.Yoink.YoinkUtils/<Upload>d__26
_fAS6kryOsyVFnRTGare4GTN7cbF	WriteUInt32BE
_H6ODt0gmTkQDSqeIJkTfIqKyC3j	JoinNotifier.NetworkManagerHooks
_5PLchEEPppBYNfrnbTGbWfQVFSQ	RemoveFieldRange
_Pv86N3UBevTGGwNCdZySpUzD6U9	<SetupMenu>b__27_23
_16DtFekDNn6uipmab0lqmsuO77C	devmode
_WFchZElYAauRpTP7D3Bp7UGnBQG	EnsureReadable
_0aOUWP0NXjndZYlEXGtgGZCTq5t	PendulumClient.Anti.PhotonExtensions
_KgNe8EMisXFQJEYPRSYh9qd7Z4D	Evolve.Yoink.YoinkUtils/<method_9>d__42
_j83N9tmvaOu7hqtnTo5dmnaeuZK	existingFileId
_us8E18IgLpQDYIWfxL42eYUBcg8	get_SiblingIndex
_WHQE7MPaV0df1M24YxQWn68ZGDE	_assetNodes
_WO6FtejaIuYDBhdeS74B8JCITnLA	dwMaximumWindowSize
_fjkrmzRe6u8dYeQKsk5CL85izqi	SERVER_PROCESSING_MAX_RETRY_TIME
_6XM5wO94pDF36tkjeHiBOG8DesW	<flag2>5__14
_80DN3ahKzCZvLAHFHmUWKOuDgro	PendulumClient.ButtonAPIV2.APIV2_MenuButtonContainer
_q5cWYynx0NILqTu4fjWjyqBaUYO	WorldLogged
_LYD6gNwP1X2XvTQZRZ72r4WpHoE	PCBName
_8peA1wb4tq88TgthxgAjLPHTcnQ	get_FileSize
_qjtPOeBTPaLaLlQz7toNk6GEV7k	_9RB7Cff6cZd9qDPSSuu6q5xzMJD/GDelegate2
_WLrkRhKRF8Ym4BxVFgfgB7dd3Ud	plrid
_VfJ3Jey3MnJXp2JfYYGlV3AsYHF	B
_yNq5okuCovgj19Fy1ggSfxF4u6A	WriteInt32BE
_V7qyWOmBsdvwOsfaG6QHcfVFTVy	_PJBoKoJgFTTjN5yVmHYupDTBlGq/<>c
_iG1tW0NLGui3r22QbgCLwDv9fxn	Equals
_vrkKVplSauuMaqeSmk8nuLfCCtC	Gainvol
_GUZcS2U2VnRdOW9xsYFg9Q844hK	UploadFileComponentValidateFileDesc
_cpUZQgPCmmQubS9skrFlEWfzEBH	<method_8>b__9
_cOqdKB9miShfkDJzXgiwLQMNZ8V	C_MenuColorDark2
_KzvipOEex8MbTx08T6RXmJYBDbw	NewButton
_VTBFpUbAbDEl6zWbwsMQSc9GVWO	get_Footer
_aDmTaISmbdQcUvaKgqGwQ36GDME	GetTrustColor
_fqxAg0gzoemynJKcb3ahVwF1nJY	UpdateLoadingScreenButtons
_v5oko16wR2GskvPyT9UYOERdTlH	CheckValidCollider
_H2NeXW8JWy6wmvdQ5Yl0EAx4xDB	SelfLogoPositioningLoop
_u64cKxBfqarI2IFO7qQHR79bmmkA	DSharpPlus.Entities.DiscordEmbedProvider
_tR8dNkqutl54YmoTEh3zA0ovA7J	set_MenuColorText
_Zoiucysl3bkApOrocyXRgst6IBO	DropPortalOnPlayer
_GceHvXJR4jmjBQhyA0WdgYd8yUk	<Offset>k__BackingField
_vDodUqJ4PgfCJjcHzqbcXbJIbgU	Description
_dNEWVTdlTazBZNc8cWuInpUiRvL	set_IsTTS
_E5uFitctTGDCE8vKhIWizJATJBS	Y
_cIwPfsn7wyxIIhiddkdYNeboBoI	DevToolsMenuOpen
_qkjruX0AcHjLCGf93ywrluNMkWu	AssetNodes
_UNBsqlxBrxvdlKTBBWfM2HXtmRf	VRCAButton
_JTaJ38btJJ8mVfOcTiyQqdo4bJf	<UploadFile>b__22_10
_SX6CREMY26iTqc7CoRNPBJ5G6zb	getPing
_RSgkN6Zh0e6LHfxBl0bufP1O6UO	set_C_MenuColorDark2
_C7atIS4sfWuVNJRIYkoPChHYbpj	string_5
_0MyHV91TThtgsWPQxYk0QOvyQ7h	TogglePrefab
_JRrX3hzAT9ZWpIv826mzaiyhJUt	srWindow
_dgK6IMIQMji2k6JPzKJC1pMpQuI	get_Signature
_kXLTfAlFnVonDiKgwOzkNrpfb9O	method_9
_EahEvI8nViJUjWvJ6BINU9qPZPO	PendulumClient.Main.PendulumClientMain/<>c__DisplayClass123_0
_wvKbCZlMA549e5AykC6OWgGmJpA	get_Timestamp
_l3qMjbB38kFlJ7lbDtO7PbDObMF	<uploadFileComponentDoMultipartUpload>b__6
_edfc6dbAfqZdRVI7mrIyxNMuOdeA	<SetupOptionsMenu>b__4_20
_bSPJZzehzc3wUQOab4Kvq3j8AMF	VrcBuildNumber
_9UfahgjZ8ROcmIM6YLzPR0NbnAW	<UploadFile>b__0
_A30VH8ShK8X8DgwLHxnAodRSkgJ	SetupPlayerList
_GCOEFqjofNHlR7TOzgOxFvW1u9c	ToUri
_WMfGXrGlwUsJ9VSmGV5RMRyedkf	<num3>5__20
_kd2GrLkBqH7j48X8UbpnfkWW78q	PendulumClient.AssetUploading.ApiFileHelper/<UploadFileComponentDoMultipartUpload>d__40
_FQEfBrRNS0PQJH7RhdEvCBMyQsc	shortcut_menu_open
_GgGIviaQ0xXKoa3MH5XN3QafWOf	<GetLZ4HCFile>b__18_0
_mFCWkpZnmjgfPvkmJb4tBQAMF7g	FirstAntiPortalToggle
_CCDDYQS8yBuY5uW4iPzNGhk3RtO	_9RB7Cff6cZd9qDPSSuu6q5xzMJD/<method_9>d__42
_NNWCr5ZvwSTHNfRkg3dG7rwCqvN	<SetupDevToolsMenu>b__3_18
_u90dGujtyrMbGgTCPEDJUSHhxZM	uploadStatus
_VYstNNeoq6uUUNebwFWl0jnhtlI	_button
_JYay6l1DBdQwzO1EcgQ3yVTO92g	<Upload>b__23
_Z6gv6WUq0pyNB04D547I90bO1Ro	<req>5__3
_CcYsNoKznHLhx8omkX31EFpAwDh	set_TargetMenu
_8dgMkDRrY3JaLlmYDZhhgVkzk8E	IsGzip
_nVVxDWeg1lPqFq1DFuqUiyeIxBR	StoredCrashObject
_GH1Jh6S0b8oiEdWIwhBEBUsNnHp	_xRF3ll9AUyjBFg4KkFdDXJMgVyH/TrustRank
_dEaykx7ldX5aCSeHTyQ2mgWzEnX	MainMenu
_Q9IqkrAWcCKLTzTHj9IvBw2K63W	ReadCString
_Xb5lcEek1MjoUAZ0wYQLa2yMZQM	<SetupMenu>b__27_15
_khiDFYil693GpnQ4wCGUcdn322R	LegendaryTag
_Fso8ip5DPIYrUdopWHiaK4nTG2S	<photonViews>5__2
_xcN6TndlycNnEI7BgzjfZPFeqLbA	set_Embeds
_6jOtFymI6yNQCLYRFft3JNVnnFH	<uploadFileComponentDoMultipartUpload>b__7
_mbNRnUBAM0CUCUgvHlxWh1qNRhd	GetUnpackerMethod
_oL2sRDiM63VPym4ggGKcOonR0rj	<SetupMenu>b__27_3
_Ut32ljoApMThAq8TsHZoG6hiyBW	<Upload>b__26_11
_UKmcRokmAhxko07PGXvfEM1Oe3	RegisterSettings
_WPg4R2PfVTICI9qt6kklyTQTLVf	EnableEvent209
_i6Pr0k5C2Zi5cECcMiXj77lA9Be	ApplyNameTextColorsLoop
_RHwI8HxRC6RAkyfvfF8m5AUgWVu	PendulumClient.Main.AvatarYoinking
_bI1fjH4vdE9itDQpqZLuuut6tim	<size>5__10
_UkMRxV8OclDZHRvUwaVFOEmQk5F	GetPlayerByID
_AY7Ito5NWNFa6wCBwQqkb1laPe0	dsobj
_3CaFMOvdDgibnOhQSn4v95bsIVr	<>9__20
_NUQX3yHAkDFB3sS3EDOblraG5ltA	SettingJoinShowName
_DU6qL46YBLakesTkXNPkAfWS6MD	Size
_23gaQHgIJeWXSkwUl3DacXUY7IY	ReturnUserPath
_aLlO9auwb5wMw34T9lsWqIvysPe	Evolve.Yoink.YoinkUtils/GEnum0
_rd3fxHRmhFEDDhOWZNaKWXz6bUh	PatchOldHarmony
_iBV3Xm4zgO2LXD82ew7hHXykwiG	_4XrE4LxCiJmi2nIdlvscyL2EutI/EnumWindowsProc
_bZxje2PiBbYLPSuWstJ3uErSZyg	PlayerText
_DdQGTIFSovK8dDiih6qFZZ8t2RV	ACLink
_EUyV3btaikuaqtmxMA2lY2J227T	fileDesc
_iISfcrfP2GsIcT2c9zJAFfWWHVS	<SetupDevToolsMenu>b__3_3
_YyObBJSAQrvrx7DvvsiOqt1A3xG	GetSocialPlayer
_3CkclFna2pUinzds5iSbwofCoPh	<UploadFileComponentDoMultipartUpload>b__0
_gBjS8y1iuO5ZRsKBTXjtP30aEWr	<SetupMenu>b__27_7
_Rg2PgjLhKeuVGin7aFiFpaxU2Od	DownloadAvatar
_nDzKjYLP9v4XxlMa7AQ7iKJjn4n	GetLeaveIconColor
_0MgoTG0SVEhXgJea1GQGtM9tyJl	clippingEnabled
_J7eFYcoyEX5sTgyOwGbcmAXibbS	PendulumClientMenu
_Epyf1HzlEJFYbP7jKSaLezAts2l	_PJBoKoJgFTTjN5yVmHYupDTBlGq/<>c__DisplayClass37_0
_FFWaEGiKecSqL6ayxPioAOOWSC2A	_lnvUj0Fj8BOHWvoK167n9mOaSX/<>c
_GJ6BU1ckaLshTGtHjMRHgRGOmUM	MenuColorAccent
_xVWDRWeHFYIRoZrGEeNTfzgmFCR	_jDgMU829RGFD8Hl8rkromOnMC4O/<>c__DisplayClass10_0
_6xDztC0PmYccQDthvO0g16L0Sde	myJoinText
_nX5Cnv7EGU8nBNIuloZ3yHYP6fF	ParseOverride
_xBNAVYYKcU0n3feGSpF9khOa7mFA	ConvertToType
_NED4cpgDYcBbOkSToWnoqA8b6KU	InviteUser
_ajsSCdkGu6cuKSrfT1FxlJuG3ex	get_CompressedBlockSize
_neDhcFVGsPrJ7lOL9pO1FfoAKmg	_9RB7Cff6cZd9qDPSSuu6q5xzMJD/<>c__DisplayClass41_0
_wrZLWgGamfRJmySErvm7GUSHFFf	<Upload>b__11
_Y7dMcW2iEF7CyMHZS8NwVUqnm6T	WM_APPCOMMAND
_vVEqPFQd7sHFqgJGjc46btNjioZ	LogWarning
_z06jDpuwv6a3G6KEPowLOQ6AbqP	C_MenuColorDarklight
_YSWjmGZNK7tXOqbjKro3XeGNjYd	<SetupDevToolsMenu>b__3_31
_DqEHmkNSHQN42Fi9EiBp5LCD93l	GetHighlightsFX
_oRt1AefQ5oqxOlI5qv8lENY8quG	<isUnityPackage>5__2
_nJMjFBo3DrskcdkHvfUtszssB5Q	get_DebugEnabled
_bRL4ZqnPKfa2JZWCL5UoWdehCDb	OnValueChanged
_ynHuzPm3Jaj4VsZFOGDNIJc7FQh	<method_7>b__6
_uVIXtTZT3wldouFmOYTbQpdf8rM	FlightKeybind
_KE2Ha7hrvupzEccTajMGvVLcKBx	<CleanupUI>b__0
_5LmTUO9yP4pAC6VWw1cd77XLksf	SettingSoundVolume
_JhFaty1R3ILGVOS1fkhGOfrebhg	<partNumber>5__7
_I8Ipt7ob3yJs6aSIEN4RCEpaplu	<startTime>5__18
_q4YdsnTyIRPWy7N2m9Q4YC6j6vD	ForceRestartButton
_YKikO0IF9YZw09aNdTQzCQ3pHOD	STD_OUTPUT_HANDLE
_v3ElzaCbtoL5MzozuI5FnlyHbEK	<Provider>k__BackingField
_aMjdyl8W1DImtcONqcHfoo6vOir	CS$<>8__locals5
_hhE0D5PP7R6EDZaeFxEUFcfPgQg	<OnStart>b__5_0
_wq1P79iQA4C61AhBTD6GSd6nxOn	<uploadFileComponentDoSimpleUpload>b__6
_MaPi0OoaRlOQwyhroFE5FqX4QTj	success
_zX1OKBDJM6RrQKKIY3U8Y2O24lg	cached_toggleprefab
_PQpd8ydj5kjnNCPQw2sx2kgkMej	set_Author
_rla72LHtOlOy0vhK2z5c7EzBGdl	<UncompressedBlockNodeHeader>k__BackingField
_FgFT8HrMIMT4wHDDszueGpDThrN	_EHwbO7vdgcqkQT47P6eaHgyDZsC/EmbedThumbnail
_8SpgznTd4htD3KYdMLIPvebGrcM	get_UncompressedSize
_nlJSinWdTAE2yiRPUzY3sApmnDi	uploadStatus_0
_fdxevTh0eV2hLA5mWnF40TDX1OF	<Embeds>k__BackingField
_0VTUKo4cdVip8xRm1mvAShR8Cfg	fileStream_0
_1cgtDXlhM9S5i1xqeDcFiBJncon	CleanupUI
_Q8yjS9QwPf4ETTqyznyuQ1QeH0C	<IsTTS>k__BackingField
_RrggYIDDz6ULmuwbrh8sp88h1ak	<CreateProperty>b__1
_Zfi0qeupwNiWuiKF8ETSF8EkHxf	myOriginalResourcesInAllResourcesMap
_TwLYZynaBHMPZoiaWDHptJXdKMC	Active
_BRvhNRS4rAZtbZ1aEt9l9V8FfHE	FakeBanToggle
_Lvmxr5X8lC1coxGwJodql3WeiDj	LogoButtonSetup
_fL9m2zCHjicbAnNHxxpAYMIqmjj	bFullscreenSupported
_4B7bRtCeZy1shtfIUU6AyBfl9nAb	<initialStartTime>5__3
_fXdDNt5DDfV35ZChJZbqIrAcLmUb	lineMaterial
_JVuAd4EYs5rd6xqa4emVee6Gzhl	_qvIFi5JHchp4jlLWEIaC54ZNZO/<InitThings>d__43
_dbjINLYFEANUHqmswFj7XjGWVBb	get_IsDisposedInternally
_riSESwmBBjb2nwq0EqRrtmxFkhh	method_5
_xdBdUj7IHJy52LdgAwdDePyGBcq	shortcut_menu_toggle_handler
_CtU6Mryo9XBzJCicrruqlNlKXan	IsDownloadingFile
_AnNAEkzO2ZHEn08W32XzstTUcij	PendulumClient.ButtonAPIV2.APIV2_MenuCategory/<>c__DisplayClass20_0
_95WXquVzQMleDNQJuVwzQzshMIB	UpdateText
_K4GshyCAq5Vs1MFcMjU0MlFMCVD	<CreateOptimizedFileInternal>b__0
_kqYHgXqCp8lLFjNqjf9BjUAfjqv	<initialStartTime>5__17
_jeDwtQQO2mnSWCNhxS4cechG5QG	DecoderProperties
_LTMCZB4a4WopiWtcEd4d8OPbuSD	PendulumClient.AssetUploading.ApiFileHelper/<>c__DisplayClass40_2
_semVhd6klqZysg1FOE32EPfEqp	<ForceRestartButton>b__167_1
_JWQG1tlHISFfYvgpWVOPoqA6VcA	Right
_9fQpWY59EOADkz78aHTLysH5ItY	RegisterSafe
_CeUBGjyJlHcopLi1txSLIs6q8Jz	<uploadFileComponentDoSimpleUpload>b__1
_6VcbObqhESAbGDcRVVC7EXnqQ8Q	ContainerPrefab
_LuCa4r9wcc3jHpVMiDzpCZVDoPfA	<UploadFile>b__20
_R99DVtZSY0B5jhLrBNCcp40eOlaA	EnableOutline
_S50FSSvsWL1pJM51INZyVBynsoH	method_7
_rx63vZHKob5PXGJH8YikCBxTIJg	SetupSelectedPlayerText
_cws8rd0CCNhp256tkqS3CfV2UoM	Inline
_25LHxu4PTCMleXYSsDfjiKlD7jf	<num>5__3
_87hy3BYsxhjb3onqNFwcZvafWkBA	<ReuploadAvatar>b__2
_EDLRZhZ8xK1yJqaXEcDtIPYEmhe	make_slider
_7LGBN2M6R9pmsIIc145b0OaC6JiA	add_OnLeave
_x90lRlJGRAx6yEJNmVVWfZWOUXG	Top
_W9XxCryIf9IAa5Iqg4i34grQgy	<UploadFile>b__19
_sPvtcpJIhcxkLCUHF2zaeFdFXYg	<GetPing>b__16_0
_Q43x4HQgxi6tTSFAivRckopIkc1	VRC_UIManager
_SMql4CQ2TA0xBquHCN0RfqHojo	DownloadLogo_DownloadDataCompleted
_meZT5d9aozddgm6KpnChSejkl2y	<FindWindowInThread>b__0
_FNkBmkwtdDPmaRQ8O9FhEGXyuo0	SettingTextSize
_2dp27LPzoksDxE72WQmyegFeDFL	<>9__10
_OQt3YhXAjOFg1Z1ieyJd7GILUKC	_assetBlocks
_pUIAb2pepq3cyPFi6lTLRVcNlGDA	_1BuHfU7pixqaP0mIBGMaeGEp3lH/<>c__DisplayClass18_0
_UpqxPNerwMOsgTDo56VbllkUyKo	<uploadFileComponentDoMultipartUpload>b__4
_2zh0bu2fO49ZECZoA39EM8Hs1tw	_jDgMU829RGFD8Hl8rkromOnMC4O/<>c
_mVBZt5BlK2rU1FXxCOkDJtlngFP	<C_MenuColorDarklight>k__BackingField
_ke1LRKuwIPjHsIOYMDX8v7uTGm	<method_8>b__6
_vwQfC9qowhAUpglaox5cDbBMxMb	DropPortalWithText
_kwzQ70zIxLS97S3XDctzKoXL5lA	Serialization
_SriPhcaefbAFgafchwMc0THwwKB	ParseComponent
_eVt7sxPQSk0dlIewkRWeCc9APraA	get_TargetMenu
_cZCKiFawHgcV6Nc0Y2JbggoQDuH	<httpRequest>5__7
_IyhXHCsxS9nEpVTBOxHfigzJdER	<SetupMenu>b__27_12
_ylC5TXWUb93ykLoAQcix8MA4Vmd	<UploadFile>b__23
_QskcRz7d93aOo3HPLM5X4SsUa4K	OldEnter
_HJDcoMDby37NPCbnTcouG1n4JHE	_colorLazy
_7h1careo8GMPwRCnFsbaeTD1Sl1	<SetupDevToolsMenu>b__3_16
_g0DwR3OBEcOqEYcbtDBhQda7a9OA	ApplyTextColors
_96CmNyufzeKtqsNOiZHUwBysebB	LogApiFileStatus
_Ml9Y5qv7o8bGYgO3CdEz57ltAKk	steamid
_c0grCRbALcvJWoo3V3rLfEMjQ7p	NameTextUpdate
_LdHCdfzGTPmrPDBqaxWQ6TRZm9Q	FakeBanTimer
_LaHET7NT2CG5bZ4ggL4kwKb7Mwr	_qvIFi5JHchp4jlLWEIaC54ZNZO/<BlinkIconCoroutine>d__56
_54iVVtXD2T9apnYiQrPD6JCRt5E	set_IsDisposedInternally
_XUvhcKghdBC2QuLNa1RZPrMYoIb	SendApiRequest
_rCadvDEll7vyW8VsvqeFwPoZ5O	<initialStartTime>5__16
_RHI6RWLG7hr2lW6PrIbDeYcdIbl	add_OnEnableEvent
_I06H0NQ9gKbAVATd4tUgiNWBJjaA	ChangeAvatarPedestals
_oJhOUx95wG93DVhcqVn9PLbMOOm	SteamBL
_3TNLEN2XL3h1tsMF8OIvDSQmKZe	<flag>5__6
_58f5AsCvZ6yhxOZZunCcJbnOscl	MixinPriority
_PPT2zyQb4e9Q0qYLRePhNoYziXM	set_C_MenuColorText
_pXCDicCTIgDJSMidaK9wouWVUpU	BlinkIconCoroutine
_zYimJPcoupMWNOTo9EBmnqGr36E	PendulumClient.UI.InputPopup
_te2coI2pbSN2bgyZAdCJQj09PFb	GetAllQuestUsers
_dsTBQhlZhpvhBWZVJC987vyaCJv	smethod_4
_V906OKJIAc2HsF6Qs76WqTgvSHI	<CloseMenu>b__12_0
_yYLZl2HMvP0smQAu0SDwDnPJB0i	CachedTransforms
_zEsaCX9UpLvcLNmGKvYvsf7KO8m	<GetSpawnPoint>b__126_0
_jdruQuZkB3HvamujK0JcbdoYBfq	LogoPositioning
_rzchhed2qSjUIdZQtfvMEJnaS0M	CreateAudioSource
_hLAlGe6Zc3TI8OpLOrEwzUkv8tJ	get_C_MenuColorTextHigh
_IkddDRvORn7BwPkPVQnPN21Aced	PendulumClient.AssetUploading.ApiFileHelper/<CreateFileDeltaInternal>d__29
_T8sjKnBNbERDZmhnoAyybNy3Vvn	<MenuColorBase>k__BackingField
_FyGHBfLhkO3RSiDdXT4OhDzbDTR	get_MainMenu
_nNoxW0BkJ0sZ6RWIIeYYNRqeWKd	AvatarAssetBundle
_SSjbvZHrNW6bgsQ6HbAzjQ4oJ1L	GetXMLFile
_jiTUUdBQYCbQWY5SQ264irj1ZHG	PendulumClient.Anti.ret_209
_VufpKqKIZtZdTY7JInuM2tK2LQf	<numParts>5__6
_GVggCOFcOqf0dC7N5uYCogqzWKp	fs
_eeBvPg4A5WcsEVtAhCcXLYMGFbaA	Footer
_626aKiLLygIUNsdBvfIVPEiDP7H	ImageUrl
_a6nm8VPSafQWLtVXyObDAS4CVcr	CameraCrash
_wAM4MscJzSz7BINDeP3vRUG8MTA	_PJBoKoJgFTTjN5yVmHYupDTBlGq/<UploadFileComponentInternal>d__39
_bbIM1KLq1frCLFFDGEWjYemh8Ox	user_menu_toggle_handler
_L80YSpYWwlCvvzGOi9I4k8xwenc	CheckMLVersion
_L0QAqVnEDf9PdTkbGRdvFZlAQZzA	SendInputPopupReturnInt
_Sm3cNtm6JQWGl1hbUc5vkh9HaZDA	<Upload>b__26_6
_4tuBv2xskDYKylMdrm4DBXd5i1MA	ProtectionsMenu
_DAVE2JzbX3oLGQy0G4BZWVDP36P	downloadFileVRCW
_pVl0cSG2h8b6TgoCJNwzMdRCU6d	<SocialMSG>b__0
_by5wvIcqlCdQNmPfoPaHxCkvST	<fullFizeSize>5__9
_7TBab0fCVIKrBbRzHXYW0gfLbwG	PlayerManagerSetup
_zBRg7Bez7IGllDW80KJcpk4JSjj	SaveUserID
_zW08hYwn1atAjrgDFo9CoMx0gzR	<SwitchToRootPage>b__9_0
_KhWljp7dMq9BUPMhaqCFO5jU0DWA	CachedText
_oFTEJqrpJ9h4sEhc4fU9XEfYK4l	<C_MenuColorHighlight>k__BackingField
_B2jQQX1QJ7PwG5SUeeLWqCpFbng	<>9__6
_WDA3ANqbCp1DQwLgaQWtuy1fI9A	<method_7>b__5
_r0J5j2vJc1afejekUqZeiFXKy0m	get_HeaderPrefab
_pbp4kevcWFTVe63r8ldzEF5g0bw	<MenuColorHighlight>k__BackingField
_9CeR5yEQ2GFBum5nJbtVh41inkc	<delete_dynamic_prefabs>b__134_0
_XL1GQ1Mr4x9DI9Tg4fSwZBmb9XH	handler2
_w7qj8RW4UsPLjJCNNoudIkvYt8e	myStyleOverrides
_C6SdjsdZmchys0bkdq0dRhY2xkA	ObjectLoopOn
_kKUdbWEnc8d3Qs49t1deR65ImUC	PendulumClient.AssetUploading.ApiFileHelper/OnFileOpSuccess
_PKcEH0IbifFDK75NtdMg9LNyoHi	get_Content
_SWhl4W0yNHCTkM9yUxwKf3vfNfA	<flag>5__7
_e6MIShBZLUD0dXAc5UrBQwZUIko	<SetupOptionsMenu>b__2
_tjOOHS385uSsAd2DASUiY6fdlON	UpdateMenuClock
_BuVDlulzySDUvUaPuVSxWAvouVj	<num2>5__19
_dOhJbx23BmGJS38A1gDtTSKD2MaA	<OnUploadVrcaAsyncSuccess>b__22_0
_kSpGlkOlMUEdT4gshXz1mbyGWeB	get_Provider
_ndrhu70h2CWkKlTIjYvA9bXgPj	dev_tools_menu_toggle_handler
_td81fmScd58ERsoH07ZPFD1A1Cp	_9RB7Cff6cZd9qDPSSuu6q5xzMJD/<>c__DisplayClass42_0
_oB4os0sltpwFn2ZXHSciHeiKhch	get_ImageUrl
_teNA0OQOZ3wgpWWllzROkVNjpYK	KyranICI
_5PeLzkRLDqxJm1xQTImbMzYSiZk	long_4
_dxEtO11IoSC7wLZcKNzU3RLvdNo	OnApplicationQuit
_GoccVf6s3YlcYGMTfBFbBa8sD6t	<FormatVersion>k__BackingField
_MLTO1yFZ0wwqT2NAfScojelkz5M	PendulumClient.AssetUploading.ApiFileHelper/<>c__DisplayClass40_5
_Itg5jKtEuDz8Y9VhBf6GzuHa7Qm	PendulumClient.AssetUploading.ApiFileHelper/<UploadFileComponentInternal>d__42
_rjWEYhPIkSFLk185yJNCGJVk7WK	AddMenuPage
_e39iiLSVVJIc1IjA7eOJ2XAaa5b	ReadAllText
_SLN0hRD9rijiS8tEnt8LPXQdvlF	waittime
_iHucZ9Zzrte7hFUJZgLfgNSM7v1	Evolve.Yoink.YoinkUtils/<>c__DisplayClass41_3
_WVIvFafohjm4VHPiGCEk1SHtGKD	LoggedIn
_IMtXHo4Iw7J4T2PqCyljdoEOxSn	NewAvatarID
_YiPtcVSfkIjvFbv3PF0MlFbdsMC	OnVRCWComplete
_mThXYZd7BjIhTgTNvCqvrx5q5ko	<LagData>5__2
_o8Kd1wrPnOlRGp8D3a4Pk93xmhK	SettingLeaveBlink
_mgid7eT8QG0LDc3jB5iIA74xwVC	<OnUploadVrcaAsyncSuccess>b__22_1
_ia2ZpaysYHIrLi5JJBcGHdumxGi	CreateNotifierImage
_L0ClM17ToHf54KndaAoRrqufl9b	FileName
_gFnDHarsmukD0XVCT5BTz9l7EbMA	SpawnDynamicPrefab
_W9NcNfmGFbOE02r4pStCE4brV1NA	portal_menu_open
_ktGQUz19ggZD6tN9D3ceabxTulp	SetupDebugPanelNextThread
_0yWohLW9KJX698L1s3WZZ6uNonb	SetupColors
_Twq3p4wZjxTwFfJKMlb1sK0fdgC	SetColorSlider
_cNl9yzMUa0Fq5m9DfIKBX8bHx4M	_9RB7Cff6cZd9qDPSSuu6q5xzMJD/<>c__DisplayClass41_1
_k1hqENKVsJwY1KOaFR6RamZGeVT	<deltaFileSize>5__10
_5Bqz4blzXonpxriDjgppUu33jsh	get_MenuColorAccentDarker
_4dtaEdsmv1nffGTDd6sx8LoaerX	CachedColor
_RPYg0KQrDtuZ06wpnwB654WUErC	waitforworldload2
_kAbbHOpFOscbu2hD1IFMumbmeDEB	CopyInstanceID
_Jex6f5wG63VOR9qwK9sR2GXeumi	<uploadFileComponentVerifyRecord>b__2
_5eOawXRgxNNDAciTrRKfDUeure	<method_7>b__4
_C4deKyydpiPBOcdGSMcXuEIxBcBB	ReadAllLines
_pOcWRZblm6P38zwDuO1eAUaFAGo	<SetupOptionsMenu>b__4_21
_oqMdRNm2GXoRqo2GMHPHkQACpAl	Message
_igeYnHQEX6coSncKQR8ryoTNwmb	CheckBlacklist
_8OglhpQgaQRjAt6NhbQg2q5qwb5	<Selector>k__BackingField
_AwJzepLB2FxZlxdkh4VINmLsc6G	ConvertAvtrID
_QSE06g6Pytqc7WVJjpdooLziczg	<RandomObj>b__125_0
_s0jutCWBWyWrAwA4TF5xsABfOad	get_MenuColorHighlight
_xHY3LKVag2EBxKsBjWjroUTuL4Y	<partNumber>5__5
_iZPwGhxaatraqCa7ls7P5a0sWEA	PendulumClient.AssetUploading.ApiFileHelper/<>c__DisplayClass39_2
_SEt6BQaADc2hLAkGD6tbOmrzILv	ModerationMenu
_TNK4127AeqbqY54Ah3cPHaAUZEI	uploadFilename
_h1R86JJlEy7oHCT4A5ueLh6c2Qu	TpPlayerRPC
_RuTGhrH4U0OP5ux3TRxrePZXAfi	PendulumClient.Wrapper.Wrappers
_G1Och5RVQHiokFeiuuIpcw6Z2hq	<startTime>5__4
_xAUJKZ8EZkKt3tNuLulyOdL6poG	<RandomObj>b__125_1
_j5dfn2gWDnFcNCLQIsnE9BvzFCh	CreateButton
_do4L3eExf7SfsdKQhZPKFxGw1cD	GetSpawnPoint
_MJFOb7VzRSqBpVmyVaX3eofCGoZ	PendulumClient.Anti.Serialization
_GwMrc4fAQdfApBhB2AdDhnAHI30A	UIManagerInit
_Lu692UtbGlfXCjxKtL3Q3hYegHo	C_MenuColorAccentDarker
_3WAeh6TLj01XowuU8IQGWqaIbVFA	PendulumClient.AssetUploading.ApiFileHelper/<>c__DisplayClass26_0
_ycYGIhf8HOvzHzmcY6WceyXK3qE	UncompressBundle
_wOV24yUjfUO1yuTX9w2Xt94IASJ	<SetColorTheme>b__12_0
_ylP23mjn1RYu3MsRlbp8mvRIinE	set_Provider
_o1nQYAFY95EbMocbGWbL4gU7IGF	WH
_D4GjLJcVFMOClJ9B1rgU9OpoA8D	SERVER_PROCESSING_WAIT_TIMEOUT_PER_CHUNK_SIZE
_z2Y9LBEgXUIIEK5bbjZE5r7Pxso	mySpriteOverrideDict
_D8jJj8CzfZ6Ztnx66WBBKHUT3ei	Early_UiManagerInit
_WAFrGEPf2vm5uk5ecpt1T3xrmQb	TryFindOriginalSprite
_J5hzGppooPTdej72Wpzf997i4jS	<UploadFileComponentDoMultipartUpload>b__3
_tULOrpqlYe9NN7kDFDvTDSFaW6c	<SetupOptionsMenu>b__4_15
_ejKgBEBzDWJw2jdxTL1qMmlgjnC	FromValue
_EqQ8CDIKpMjal0p0gS83zpjF3CS	<C_MenuColorAccent>k__BackingField
_DEGL4CkxOIBCGzKjb6Bd1it9kUq	MenuColorHighlight
_ejVPo0d5kliVNYAFWLYcCscDA1U	ShouldBlockEvent
_MYjibXKc0DuU8PSV5rDDnR92DsX	uploadFileComponentDoSimpleUpload
_zZFS7joFFqmADTiHClqn03B3efzA	_PJBoKoJgFTTjN5yVmHYupDTBlGq/OnFileOpError
_S3daxh2gsmSOHdiYxvsmVaYHhiD	<UploadFile>b__17
_70CQji9JwYlMUBiiM0CKgpzQmzb	FindWindowInThread
_yZldXVnFDdLQxTxpZEPtMSdtSyAb	PendulumClient.ButtonAPIV2.APIV2_MenuCategory
_OYoVchPev2HjVLc3wR4NMbaawAs	<SetupMenu>b__27_14
_XVuxZirHJYRQY1EDdd1DwcKDilr	WaitForBlacklistLoad
_b3Pm7NdfetnqxUlcob6j012xEue	assembly_0
_cdrIgbGQncWTqQlP5R9Bp1i3Uoh	level
_krOKfb8HlteEAAI9juvvB5lEKmq	myJoinImage
_ivI3tsCOLasqLrXa6Izfkt1mx7BA	MenuPrefab
_SJy6TUGxvzMtVYQu5KevqjEfKd	NetworkedQuestMenu
_K6rJ6uiYgxFPxbqQOjwWhlDj1WE	_9RB7Cff6cZd9qDPSSuu6q5xzMJD/<>c__DisplayClass28_0
_QMxQTIyovy5ESryizd54bSeHthG	set_MenuColorHighlight
_f5iMFVflvXQ6FARaQiPBXTznyvw	<bytesRead>5__8
_AEqYC5EIef1HiwS7nRoKjprdnaL	DSharpPlus.Entities.IOptional.RawValue
_Z7PB3UeRuUsEHampafgrIFwphgb	ComputeStringHash
_OMLI8jVdH6Excvb4bKG5T5pyyZH	<Image>k__BackingField
_92tOpTczZvHJ91He6c5RTe7hdUH	SetConsoleScreenBufferInfoEx
_ZI7CcN4c6NB7TwVIHU7DCIajQ9cA	_8gqVCYKg85i1wIxio9U5sVveebM/CloseMenuDelegate
_dkbFClTusKmqacbcIQHydpVNuso	GetTextSize
_dWFBZyVbiy2GwBBciTfCfRe5ADbb	uploadFileComponentValidateFileDesc
_Kx6593uZ7whNAcAqYmQCUmWyTjB	smethod_9
_U3l3Kf22IsgcT9cmBl0cdfEhxrn	<versionAlreadyExists>5__13
_VDoDW4bCjSh6sXG33lEXHhznRo0	<Upload>b__18
_k21uWDqqMgLAPeOb9kQ1FVqwiaY	WriteInt16BE
_NqlWEi5aSCCLTh5wq6fIPCXOrAd	set_MenuColorDark2
_bPyNfEeqnzUYvHDIIj1D1mcAi7B	<SetupDevToolsMenu>b__3_14
_vXEBFAZZZIuQkNJ9HVGkJ1XFalr	DeleteUser
_ZHQu6PDb6aoyU0ggibyvTk7eDoK	get_CompressedSize
_hNzqUD7aFg3Y29RWXblOmtCGWkj	<CleanupUI>b__1
_s3BB5HusohVc5XbbITlrKVITbo3	list_0
_91XvNb7apfz3HB6aUx61iJuKePl	PendulumClient.Main.SpotifyAction
_LyB7JojyIOQPucFgurc1UjM9zjc	pcu_menu
_LBYCXL9a6kY5YFBFn3vZb2ucJok	get_TabButtonPrefab
_Mn3JddgIVKhjNgwDq75UmUWaxcK	<GetDumpedVRCA>b__12_1
_MjbWXEaLhkMD4QYq9Y4YCSBGTFk	DSharpPlus.Entities.DiscordEmbed
_0TLNzWFN7fvWhQp0erSHjugdFHC	_fuWaTSxZnXqAvOsazlYUHEd7xd2/COLORREF
_wxUb71Me73QevuFXl9oTd5VwTf	Evolve.Yoink.YoinkUtils/<>c__DisplayClass26_0
_AIm3gzBhzG1TzIF7k87zQ70ufGG	<declaringField>5__3
_9wuygt0Btozz5QppnqF9eG54Rgn	TryOpenNewMenu
_lSIx7zAk9wY1XiYgj72GY51VuDh	CheckInRoomList
_2clXl2Beeo5JLtZOgGRX86wiUZD	FindWindowInProcess
_8KXToFfbqVrKYvYnfIhMbFKOWjJ	<uploadFileComponentDoSimpleUpload>b__5
_pfiqo2Joz4TkZOWrUEPkWf66IGh	IP
_KuTpqdoFqn3RW32fevGBdVPCIqx	get_C_MenuColorBackground
_c81maJlPBdLig0thaasp4qs5hodA	_valueHolder
_kidKazBBmMUtHKz8hWQUV5g3ABo	<method_9>b__1
_QasHaZZf9DRkWofcwaFqghByMWp	_9RB7Cff6cZd9qDPSSuu6q5xzMJD/GEnum0
_2IyOu9i2TQg5AWkfrLxfrti7nrg	Progress
_v2Zh4iIxBrpX81fbBTDl61xjuBB	myNormalizedToActualSpriteNames
_TxQEoST4FK83ODzNbUyEtC8CZvu	<UploadFileComponentVerifyRecord>b__0
_flqQA25EgS1eCac1IFtcX20t2Is	MenuColorBase
_hUo632E8K3OvVwNgvtgBcc1bHbP	GoHome
_oMBoR805TNddgQvhpKktTlXfshS	PendulumClient.UI.DevToolsMenu
_4nokObwa0qcaXUCOGIQFU2d55Z	ReplacePlaceholders
_4PYuEwbmaooku0zXy319sUeLuMm	get_MenuColorDarklight
_q9FNwMrY8JsaD4wbGPPSOg0ziUc	set_MainMenu
_ZfTgslCAeU6FeRvvbGdGhTy8rWg	KyranPFP
_fjjAi6HBP5X7ayq5Lqnd08xizI3	Evolve.Yoink.YoinkUtils/<>c__DisplayClass41_1
_v8VODi7mjDUqZ7jNpO0YGNyjuHF	_PJBoKoJgFTTjN5yVmHYupDTBlGq/<>c__DisplayClass36_2
_IW9DJwUSgPekZt73r3sMG8mLOcG	SettingShouldBlink
_he8fqlaqoScAiGtOJ8CU1Nj65Pf	GetPing
_UgxmFkt7BoLLTGIzAkP1fQoBLND	PendulumClient.ButtonAPIV2.NewQuickMenu
_JhnUl4FgLfLDFHGIXD6y2Yfg9TBA	<Content>k__BackingField
_nlHAhI8mH1DMHjoFXPt1L0FAy81	social_screen_button
_3g2xhZMvMbT0b3sCdjWb9OSTQsg	CameraTickRPC
_V9qFSaKnHa1ke3yazLYspEd05Xp	get_FormatVersion
_pVsB5Uy6RIofCrzrlCMjqDyhetCA	CorbinColor
_k9Uk9RoJipROhtUAK4tnk4L1n0B	ParseColor
_Vqy578SbWfoNcl07e7rG2FfRUJk	EmojiID
_gDvDdEhADmLMJmfg6PHlmDjofxE	RemoveFieldAt
_IgW0qc5qXu1Zw3Lp7srzDM94jrA	<SetupDevToolsMenu>b__3_27
_uIYJ31XpxAFaaV4h2QRB8mxD4Bz	ApiFile
_97L57agaVRrtz5qdU9huAOZ6MAl	darkMagenta
_UVQNYV9CZzutRJLhFkObuSvtlSd	ColorOfTypeIfExists
_LAYtEnCZfHeeHRZqjHfxIF4Ntio	_categories
_qgsdIznQJ138cbJCIQbqoR2YSMu	PendulumClient.AssetUploading.ApiFileHelper
_a5F4CLozQEq3C9HBLdSr1ATOJ5J	_PJBoKoJgFTTjN5yVmHYupDTBlGq/FileOpResult
_Oubm7bYH2BGhLaABvXBFoOjvf9N	PendClientSprite
_3XRKq6aaqxT3cgZaOJzUC7kLAbcA	outputFilename
_236YPQPUpl2ZhF6ZIgwSaTPTQiG	set_Video
_k68BxwpD6MDeBBOeMbbArDMIfYu	DropPortalInvalidSideways
_wRoFpowcbAIVFGm0vx0twuN4eMp	CheckNotifacations
_FTwPXXsghSZ7sOXRxwGbSXhdpYg	<CreateButton>b__0
_hPocRvMvHrOhWKRReotJFdeuFHGA	_menuName
_heDaMwfa5oDsqCXiQgYi0pBxrFo	_iconUri
_843LSo1BNnVx0HCALESOSYCVwX1	WithTitle
_PHRfYwavKO7GEKXvDn3uBQxlvMN	okaction
_N5XuoLFW8dWFXV3XIujpeIXbWSK	normalizeWhite
_QgW0mmy8NsBBto0MIBx6s9qkG8D	<.ctor>b__2_0
_DRO0uuw1646g5Vvaleyk6Lb9u3H	DSharpPlus.Entities.OptionalJsonConverter
_PRp035FQoK4OngpVeguRYB9PyG	OnVRCAComplete
_LwrDaeDHVXTUx9JgUz3cwf2dz4L	<SetupOptionsMenu>b__4_25
_uq6P7gWFIIUCVRZdCPpZ8b9DNUf	<CompressedBlockSize>k__BackingField
_hndIW9WQtWrhHN2SIJr8Xw3u1I	_PJBoKoJgFTTjN5yVmHYupDTBlGq/<UploadFile>d__22
_T4wJjf4H3HZawE6Sr6mtKXu3ROL	remove_OnDisableEvent
_TGr02Jv37q0QgjDB6hJANmKny9h	<SetupDevToolsMenu>b__3_29
_o4FDBCeqUuXtQCujeczL6qKX7TH	<IconUrl>k__BackingField
_Ug1Ty4WaiGBNlcEXTVR9H9edcYB	PendulumClient.Main.PendulumClientMain/<DeleteUser>d__153
_0oiPMIyChdcHoOvCXyfKWvT8NJC	_zYimJPcoupMWNOTo9EBmnqGr36E/<>c__DisplayClass1_0
_yywS7Tpu4BwMUU7aJrxaoE3UDsb	LoopOn
_82UmfH1zFCOs6OQLc1WxgQqrfJc	SocialInvite
_8Kp2BfVs00HIrVE6LntGkihhxHE	DropPortalBehindPlayer
_6P7D2aZT7E74Y4UXfj6tZ4GgG2N	<uploadFileComponentDoMultipartUpload>b__9
_9DuM3cAdB1v1aLJ22vc595vBqTv	DebugThreadsToBypass
_17F9H15XY4CXahrOS8KaY3uPIPb	<started>k__BackingField
_dHJBpB47U19hTqztpWpLIyfOwnh	_qgsdIznQJ138cbJCIQbqoR2YSMu/<>c__DisplayClass40_3
_dcE5WNQbIUZ8dAhNBzniRH3KlsdA	OnUploadVrcaAsyncSuccess
_lUlaW6tAl2cdIpJOGccNsmf5GgjA	set_MenuColorBackground
_OIiVcN1IuanlsxhFlp86ZlQohzi	FromByteArray
_mrPylySp2gvMdngkoD70dlg2UKE	ReadAllBytes
_jvqcsf5qAc97Yto6vwHyJ6U9OEf	<PatchHarmony>b__156_1
_vgo8VEAObluAiaw63idtqJS8D4d	get__ret2
_VFX8h08OsAovHd0iBTJgDUVFGuQ	_jDgMU829RGFD8Hl8rkromOnMC4O/<>c__DisplayClass8_0
_0TDuVF2D93xVsHSNuqaKDkEtHPj	SettingNotifyPrivate
_9IFg805vm1JTjEqXUCTS423R5Id	get_C_MenuColorDark2
_w7tEI8Jo1YDKYvmHAbhFrGyVFlG	newFilename
_01rZGvXSyN6Dp1UWgHnsGc9hUPl	<realtimeSinceStartup>5__3
_HV18B7uhheJ4x3MZjz3GnO21dOo	Evolve.Yoink.YoinkUtils
_2znUaWzB0SNv7J5i0Kj6RFIh0fm	GetAPIUser
_6p7XhPbBou9p1ew3HWju5H1WP7F	outputSignatureFilename
_bUIiJwLwNxwFHDAuoRoitr7w6Lc	<SetupMenu>b__27_0
_YBLDKYJVayhkogrHj5ALU5vCVssA	wPopupAttributes
_qMXkhHHPDiGvDo3Az8BwPvfKYbI	_xRF3ll9AUyjBFg4KkFdDXJMgVyH/<>c
_iN0HORAatwlpd4moR0efddZf9qt	quickmenuInstance
_UzfMVfagoylLOikVHyvBlfbb9Ij	ForceRestart
_4n0jc4ME9gs5YPU9TUgFFPL9kLo	RGBMultipliedClamped
_Tl8F64cSDnLiUFxa3KMjurZ6SVD	<timeout>5__15
_CuGaN8GpgGWXrxwpbaB8TWnFFcY	Company
_44r3sO0Yvc1VJbKkXogK9O9IIyd	<SetupOptionsMenu>b__4_22
_JjSWqd8tipDFbvLNHjHDSFhYa4h	DSharpPlus.RestWebhookExecutePayload
_Y4O39jgK5lOWH88bQZyy6CJ9Dve	<TrustRankButtonPositioning>b__1
_mlZBfJafmv4tyHLChoOKvyyci0J	<b>5__6
_dLtTbi4KJzKQVVDBM2A5HRK78lJ	ColorSettingsSetup
_DdLA9b6JkloKdddeZPKhsLirpNG	<SetupMenu>b__27_13
_DOwMKYbENZ5KYc4swmFnf8cNdxh	IsMixin
_VCdnuM5aeW1GXVF1x7da87GIRe7	OnFixedUpdate
_YUxl0YsA2t7nHNXKpjtvE3C9t5D	RejoinWorld
_8hgEekGNQ3F2WTFP1sEc5GJywNg	CheckUsing
_tFdG46IiIvcLwM9dL9FDMro8mgX	HookMethod
_AtF5cYij2e3XxZyGOUMAW3OVefF	ShowInputPopupWithCancel
_q7YBlCOtnKZTm8S55ZD6Ps2jPab	GenerateAvatarID
_OJAck5wjlLEXWFVcFSK9qumiGOe	<SetupDevToolsMenu>b__23
_F0X9GBjCaPUu0riZwmNBYByNAoZ	<UploadFileComponentDoMultipartUpload>b__4
_iAJU9ri4YC97zfkMRqgxG9ziSQG	PendulumClient.ButtonAPIInc.ButtonType
_7ngXKPFfh4m0RCpH39opzbYkWqB	_PJBoKoJgFTTjN5yVmHYupDTBlGq/<>c__DisplayClass37_1
_dTNtsHODYdCOQtHhpwUCjIgJIh2	OneTimeLoop
_S9FCwpfipZaDXKUAScT5XFsI21c	PendulumClient.ColorModuleV2.CMV2_SpriteUtil
_sXgc5Hv0kL9T5aHFNYrzlfjcAPf	DSharpPlus.Entities.DiscordEmbedField
_fs0KiZXDvpiKSFESoi42oZdIWmF	myJoinClip
_sqYEqydxdZWwvrla8Tzs6uIlBon	<Signature>k__BackingField
_fX5diM4AWgok980NVAqMFNZ9U8X	BlacklistName
_iQpUU2jgTHNwzJgJhlqXfJnA3FA	RegenVRCAButton
_KdIpRZLpiRUXg1KZsLHxYCMgamG	get_DecoderProperties
_Qmd2WOLX2trWadIySo1hR3Rm5yd	SendAlertPopup
_MC8rG30wt77rM1tuXGp4crQHm0q	CrashDelay
_EiBk32cJby2Hqpv7jM1jCbAlVuB	AntiPortalToggle
_XAfcUH8JK5zidYRigIISFvWBRsC	SetupEventPatches
_iJ7tSC7y5WX67YSMnfYeRX3UJbg	set__FlightSpeedButton
_SDz5yZh0rSZipPxOfKncNPHYcIQ	<uploadFileComponentDoSimpleUpload>b__2
_1F2lDvf1NqeukAoQDSUboMRaHCq	get_GeneratorVersion
_hjrpTvomPQk4A4PQXnLLCuHEt5N	PlayerlistUpdateTimer
_y17P9cZ5yI7enYnbKevJF4tpCBJ	get_R
_tKcz47Wh0cqKCj4R7KYTxMuzefB	FollowSelected
_idMCEc8lS9wyB6j9lkyDpjmf0kBA	PendulumClient.ButtonAPIV2.APIV2_ToggleButton
_GFW4dz21kDG23WMe0plGAxnC8nk	totalBytesUploaded
_NzYbpI2iXSGboUpHmuUyO4NJmOr	IsCEO
_23Ihc4lRr9rEjmp7UKeA6VtSHPf	DSharpPlus.Net.DiscordUri
_f5DdLTuXBqJqSSQwN03AZct114h	<UncompressedBlock>k__BackingField
_0Mw97HnlpCwF7p2XwT7oX3uEX5A	set_Thumbnail
_gBCd3y6uGguI66YJEWGTDAR41eA	<SetupMenu>b__27_17
_uU1uHcI7RzlygiUrltBafDFrBGh	PendulumClient.ColorModuleV2.CMV2_OverrideObject
_WBxJzHQSf5TMKPdrTAs8v7CpXVA	_O0e7cYk0j4B8jywttTBiiRAwsNA/<>c__DisplayClass23_0
_H00WvWo1pgpunU1J91QSFinRp9d	<Inline>k__BackingField
_kw2oBYpxfqm5nUisFapbSpPXKOh	social_btn_big
_mr9UI0m2TAsDsRmbBQvOINZ0v9s	BlockNameLoop
_Zkcg7Iy1LMsoLur8zxLM1VlpdnH	<HasValue>k__BackingField
_cXTEDhCtPMRn079D4MceBdOV7ph	dwCursorPosition
_ta9BgANpG9ehFligO3DndJssFlAA	Body
_gMjdFywL0QfEZKOM26934mCZeIF	SettingNotifyFriends
_IzOS1bvkWa1pxEWDjxND9d5z84f	PendulumClient.ConfigV2.WingConfig
_WdtAVniL0tmAsacdsAoBzgcPEwy	PendulumClient.Anti.ret_9
_pLJcUsj4V06Lnrnz27PieCDIhVQ	CompressedSize
_MpLJTZ3Vq59xhgXk4ZCictfHd9R	_PJBoKoJgFTTjN5yVmHYupDTBlGq/<CreateOptimizedFileInternal>d__24
_4X6gSgNVLhbaxsZu7IEyC5ulXPX	SetupDevToolsMenu
_VMVG4nTW636AEUOd4pcRD9qgoy9	GetAllPhotonPlayers
_IOECQ0ra5xDLasJUFYaPH6GuHPI	<SetupMenu>b__27_11
_E2ecjtO4VV4bzrO0uZDBFAaSImUA	UiManagerInit2
_h3QM6bg50UgyTv52TOD3LzCB7rB	GrayscaleSprites
_xHmnKcLERzFj1vkHl9ht5xbXHJi	<UncompressedBlockSize>k__BackingField
_3bX3Oaj0qgkhKmInE7FhEMe4ZEF	ProxyIconUrl
_DeVjxGL1L88TAvsark0JBE2HLiQ	Bottom
_6ajdhA4NfaymT7a1WSl7oKJHjC6	myAssetBundle
_ytiwRAL04WHpsiiil4LX0AsAr5J	SettingLeaveIconColor
_tKscNpYknkScjk5pFhOrEG9ZHpJ	SetupPlayerCounter
_Gir2Gs5lLYK4Nrk7gx7br4GC0WM	<UploadFileComponentDoSimpleUpload>b__5
_i06ZXVo1XqKPDNMPPRqaTPs6ivj	SocialForceClone
_bSOchyXlGCpCQT9mf9sdYzwYbp2	GetDumpedVRCA
_KTbCqP49PRtNCRhJv5lFasupwho	<Title>k__BackingField
_3i9EDhz6DcVmwJoJ5Njtvhzpu1e	<SetColorTheme>b__12_1
_wBUTtmLj0wPxkD566GArmTFDrUB	EnableButton2
_djqnUyAInoNTsz8nMWWOkdbawLH	Destroy
_xAW1rSO10ndOrI7StBhYAnDLhoD	MenuColorText
_Z9RyxQ0VCeMG0OiDMpliP8YldIP	_HV18B7uhheJ4x3MZjz3GnO21dOo/<>c__DisplayClass40_2
_GyvM12nxBhbLEd67Gn593dKeF2j	<C_MenuColorTextHigh>k__BackingField
_znKRW92ibWKl0nVwilLad3mAqMQ	OnUploadVrcaAsynSuccess
_njvg5RoRMu1N4TOh1nSJIGKHlId	Offset
_ZVXU2sl5bwFDa7dTEnLTDKYMZzI	DSharpPlus.Entities.IOptional
_Vh25skGC99oBBm6i3fjNBLnw6l7	<text4>5__15
_kOxRCR9AmNotM1iHgbBbgIM4q1f	C_MenuColorBackground
_K6N2BX3OU5kdyxeCluaiT1tBQ3c	<AvatarUrl>k__BackingField
_Sh89nrbvcmHJMyOxumHZ89XCbtZ	<OnValueChanged>b__3_0
_BhMdPKn1dY4eF4OPdxXYlD7ramZ	<etags>5__5
_ssA556cRdIyXbh84xOnOdx8CHC	<SetupDevToolsMenu>b__3_24
_90aGm4Wcz8JT5bQzhMbF1SXvrOd	LogPlayerInfoFake
_LpWyWj9w9NoopV0puf97aA0ShVg	PendulumClient.Main.PendulumClientMain
_p7scAaNoT50SHg97nX0qESq94e	DownloadLink
_NgLeKK3LjLA8nk10WsgSjxJy09d	SendBruhEvent
_raCwbJRbPjY8fCQpEZhd7VRMNQH	kPostWriteDelay
_LslahBQIUn07rKSGZPAo2J4HshjA	<ForceRestartButton>b__167_0
_ldEKplRkDCGgpBSRjs8CZzdnGsC	CreateTextNear
_Yt3w3ZacFqD6rAIkPUAWycTc3LM	get_FileName
_4MguqoNqSwWLmmsxBermFEwIweR	<UploadFileComponentDoSimpleUpload>b__6
_T2NF8OXdhnldI1jJXcwQyTopGbCA	Content
_FszZd7HDWUueXiZetAdeNfG4XgC	<num3>5__6
_oDctXslg7Bi10uS8KEOXAhhb1hM	FileSize
_e7o8hnIjMhpUtYCBytVcxqh32iX	StoredUserID
_HFeVqIAcyDZdBRIJQDYq40fP0nT	UploadFileComponentDoSimpleUpload
_QAiTZE0HhXc79Ph7A7OOFsq5SVB	<uploadFileComponentDoSimpleUpload>b__7
_7VndQBuzGzhVnbc2EiYEvoO9UYD	<string_4>5__3
_gWdBJGLUG6Qj5bO0WSqFwV78DM7	<>9__3
_2CwBMWYNmeVlZGQbF8VWfcOzL7R	TPToPlayerSocial
_gaLCWHrybzrgLxnkVxGv5h98pqcA	RpcSecure
_OcfPyRRYPEce2acfKwITWqtuFHh	<SetupReflections>b__16_0
_e0gz1NB8kyv8lQThgaVmcwxToZD	darkCyan
_eTFieOXnKK4WVjIlDOSc2s8OXNh	SettingJoinIconColor
_xDOdE5qC3mctiToFYQDf8oB6460A	LogBootMD5
_WFVjSOGCunQd9aJVdwtEs8FcfWl	Refresh
_eO8vPKkV9ysAcqiJDlAMDmx40abA	DowloadVRCW
_GN90Dvw0B3uE5IOB2zjJc9fpYjd	<SetupDevToolsMenu>b__3_30
_p40pnnnEheI5w74FOyOzcy2KZvh	OnUploadImageAsyncFailure
_UiDik0kgApzV8gcYIy7hIbaYdyJ	EventHandlerA
_EDtx8c8EdQfg2vtuSmLinjtukTe	setupusermenu
_Frftmg46dDDqMAPYVmJ1YmG36mi	waitforworldload
_GgLYf2uEWjtRqSnswvIl2gbNPXb	ObjectLoopTimer
_5V8eU3PE84JD84apxFoV5IBr7ED	<SetupMenu>b__27_21
_aNTvuXQYyxXhYVSpDCShty07tij	JoinLog
_lrmLkHyh3xjWv3G8A2CBRoTEwzM	_9RB7Cff6cZd9qDPSSuu6q5xzMJD/GDelegate1
_Srn0dRprM66yC0zrhvmVlhS0peC	make_slider_int
_vnbnDefHHBEC3rm46716sWDHwbf	G
_ikna3AhM0wOP1xVeKvPEJYAefVfb	GotoInstance
_nh5bFDqGX3YFBYKuYTKHoWoNPZf	<.cctor>b__0_0
_Da5Sd4T1cFAewqcEFDyVq3Vklt1	<RectTransform>k__BackingField
_ziOK9o2BF70dQQenJDG2NYTlY1e	<SetupDevToolsMenu>b__3_6
_LmnXmgAa4nJfNZ7raZ7aNJprGkDA	bytesRead
_BABIdwhlGb9UJL34UNO1SVCvd0i	_HV18B7uhheJ4x3MZjz3GnO21dOo/<method_1>d__28
_BoLMeKKE9qpsJt50LTVc8wyfD1g	DupedAvatar
_kokVHbRw4ClCANs3l2ZKmD2hiuh	<GetDumpedVRCA>b__12_0
_PgqExA0V0TVCKNqgbHeFEAFvT9o	MenuColorDark2
_sryKuCiZtwZrYNkNVT8u1cFeEsf	_PJBoKoJgFTTjN5yVmHYupDTBlGq/<>c__DisplayClass36_0
_86DJAs8BVqoDpH1ZJDbEPWDRwofb	<worthRetry>5__9
_v6xwJ8DUS16dZgRgbiPnvs7AssK	<_ret>k__BackingField
_ZJ91jvLQAKalobPp1pRXgEnFDTW	PendulumClient.ButtonAPIV2.APIV2_TabButton
_NE3u3odT8P1995wv41eF41uQ0kf	useImg
_XzVFw1J9vzQapDCq92ifm1Y2DOU	Instance
_blaJtoJR6CEsKC0bQ2BYeU7GqaB	WithColor
_tPCuuJDp1yq7n9QBjwXU1o1EcCI	smethod_1
_qcO7dgGIr7c8Cmv1SE60DrFOWMn	_9RB7Cff6cZd9qDPSSuu6q5xzMJD/<method_10>d__43
_w9S17emgJ0BGTBMNwLmKyfd9DC	IPBL
_w3fo3f09v8vXmiDnuJoTkM935Yf	delete_dynamic_prefabs
_MEgSNfeLVLC7TELdKbwIjQifJHR	property
_1OW1cm9YLRUbRpYnPdHwB50rmPK	PendulumClient.Anti.Hooks
_RP0TfS6ssSgUbC5Mhb6Yp4rVCcD	Initialize
_uswLk64kKPpdk20RmYguvNdygm	yellow
_9hSKQMaKuRlpvD4fgTGMuPLXDyd	<SetupOptionsMenu>b__4_28
_db4JAFjFGhC5FzoDTOk9u8E4Mdd	StoredVRCAPath
_oxKtRtguIhHoY2crrjcbOBJeE6r	myOverrideSprites
_RFpNsXdMrh6m6ZnR94lrckzqBJb	get_Stream
_mrGo3YWEXTxE04tuKI1YM3HhB7J	PendulumClient.ButtonAPIV2.APIV2_MenuElement
_WjhsAfRAvIxpIAVV1dJf7rcvRch	_9RB7Cff6cZd9qDPSSuu6q5xzMJD/<Upload>d__26
_oruGFRkW2t4hORyAOSH5auwWDad	JoinNotifier.JoinNotifierSettings
_eI5S9Dd8kmw7RJbGvVabaVRodOJ	CreateOptimizedFileInternal
_YHs0xmTm69T5H0Spol6znzFsAXC	<outStream>5__4
_L9fz00IMQVLP1FtRdh3DU7het6v	PendulumClient.PendulumLogger
_SSzH7FdA99mm6GnByI7DFsM02oi	_value
_eXXyeDTC6gBmG08S6EqLkpeShmB	NameESPTimer
_DAShZmTxQct9WAtHRxIUpLgHzZd	<ColorOfTypeIfExists>b__0
_TiZDGiffn3Ik7F7pvX50LlrVmuR	HexAlphabet
_YWChNtm3WnYehxiATLcDfkSt7Qu	<OnUpdate>b__128_2
_cvOJCWCGiICbAWcOtib87QfleNJB	CheckMethod
_7xDY2Ivdf0APyhLpqvdtZcI4QVk	SettingNotifyPublic
_v740k1l2UbQzloUXeGRXFJLeWrC	delete_portals
_CMCxJMs6SCIa1M1lcGVluPlAnDP	UserUiPrefab
_iothDbK0FxTKZwxlBkuyopk7KrE	SendInviteReqSocial
_rU8gTxW80GcKx84kJ91RBM7H2dl	_url
_H6AWISg72QBaKSGhZ3K2hUDhm8g	_LpWyWj9w9NoopV0puf97aA0ShVg/<>c__DisplayClass157_0
_jDUek4Cfd6gsSRLXswGIyLWgmBE	DevPlayer
_3hGbOcYUE8YWW1pp3Yor1LDDICV	<UploadFileComponentDoMultipartUpload>b__7
_9ew4lwyZbweW1LzDPDXSK3vzTOG	<ReuploadAvatar>b__28_3
_uU9yxWYWVezmbNttiTgUg0SIC0I	get_Position
_4SNKHoOcpFtpkJjm7Z96pRVvZ9n	SetupDebugLog
_LzvkkmvcPWKCe4FoxB4AoEBj9Nw	_LpWyWj9w9NoopV0puf97aA0ShVg/EventDelegate
_Ol7NqR6oDynONWFMcuDC0s1XgMr	DSharpPlus.Entities.DiscordEmbedVideo
_lItxQRiOBExKGf1fr7MX4d5tzMf	PendulumClient.UI.AlertPopup
_XcwwbD7hiRlDi2AjjCb7lACRlxQA	BeginGroup
_8rUTmpFNR2LQl7mGOHd3qPZcqwE	BlacklistWH
_zdtgwpW0iNtDnTya4GwN7jUtI8C	<C_MenuColorBackground>k__BackingField
_sHABc6GQVq1nF7AMqTAujhoOZSb	_PJBoKoJgFTTjN5yVmHYupDTBlGq/<uploadFileComponentDoSimpleUpload>d__36
_FdTNAIMiyXvqGhmNENQjwS8KvQF	CachedTextColor
_ptHmWJlgzzcwslqjyiY11I9FKkf	<SetupEventPatches>g__OnEventDelegate|1
_5y8tim4yJQIbBkAyHHx3T4gBT5s	Image
_WAMOBAPOHYd6akkEe0N8NZUfRAM	_HV18B7uhheJ4x3MZjz3GnO21dOo/<>c__DisplayClass40_1
_WqX70uNmKzunIFBknkBstswirMc	<UploadFileComponentDoSimpleUpload>b__3
_yMAANQpRHI4LFNmjMaVJ1DAjECZ	get__FlightSpeedButton
_v877ppNAatEVPZihRpFLjVBA1aS	<Stream>k__BackingField
_drb8efENzoegcpS1pFJ26malcpe	PendulumClient.AssetUploading.CompressionType
_TQJVqqW7K5lBRYoY8omMm0cRIug	FlightEnabled
_2SoAlHWWDbrUIKVpO8LecSw0EIv	DebugMicLog
_ASIaykZUic21LBoeyx9iQGeNaW	<Video>k__BackingField
_SaSFvPnAdseqooqOpBGFfItM8BT	<Build>b__60_0
_C5DOxFwfRQK6UotlyvpEtHwy4i	<UploadFileComponentDoSimpleUpload>b__1
_Um3atxcqeaYzPOvPdzZOu9Xncjf	<tempFolderPath>5__2
_75ohiUEgQZRpH8NEmXe2nhjhyng	GetStdHandle
_1oXDD7VprgLFHHS1JXZpJGonsyN	TryGetBySelector
_ZRpj7t4gjCvB8B3MQbSaBH2TKVC	C_MenuColorHighlight
_GsahqvEtLq1XSXk4wAIGLgz5x4e	<SetupOptionsMenu>b__4_29
_IDlMUzPPeoI8UpSqRHMO0tlb5In	set__ret
_S7Al74VCxun9XonpqeP3fuRxgLi	GetCategory
_29ui96dG6meliK6QcWFKbBQlguF	VRChat_OnUiManagerInit
_pgcXUfVpTGIscsc3jSwvZlFsqqh	<uploadFileComponentDoMultipartUpload>b__5
_7M87ZnYe0tojVEVXPKBdiuUMKqp	PendulumClient.AssetUploading.BinaryReaderExtentions
_de4OePPx4tdhGZmSADQTFWOUlFf	_LpWyWj9w9NoopV0puf97aA0ShVg/<>c__DisplayClass196_0
_CToB4gmmaLd8yrLaq27vF3hXr4A	DropPortalWithInstanceText
_VoDKd1ba9vrhuihn4qDV3w2FVBj	<SetupDevToolsMenu>b__3_20
_FN1j381Oobjtv7wiM9l0xFJtLWg	JoiningPlayerList
_tBLdIUpN20ZN84AWcNtHs5ZkIlP	_pGnSmzJbBV4yFufuj0jkOjXMqr/<>c__DisplayClass0_0
_QFbUjAVxz9Zin5i24dYxaj2Y3hf	get_UncompressedBlock
_AlRGgSa0572xhpYuEd6JGiPUhdf	<UploadFileComponentDoSimpleUpload>b__4
_wUfE0QPLyxm3QCcWePA3L9q2ZpA	DeleteNewPortals
_3l4Tf1sxrUmLgzSH6uNns2aVCrg	PortalDropLoop
_QJuTpWkwB8RpN3z9jx3Sg7Rbr0F	IsTakingFakePicture
_NjsrGP6YghBy4CZ7PUrBQHiK8zM	FakeBanMessage
_1i8AZUvXeGAqDGANxpa6owgMPlu	<SetupOptionsMenu>b__4_10
_rpozSW1a2Ktvdx5IqkzVxeymA7u	<SetupDevToolsMenu>b__3_32
_sVdECiLKUyZdCVZUVh49bRiwUjN	_qgsdIznQJ138cbJCIQbqoR2YSMu/<>c__DisplayClass40_1
_KwI5kOZaidSlqoxcRCiA17k0a0t	set_C_MenuColorAccent
_04hmxzpjBIFjIt9Z2hc6yNPwEyg	op_Equality
_h5VP6faPaS4GrqskvLOEjnEFjiV	mInstance
_0n2lr10llph5wU9yhbevBL9sZfG	UncompressedBlockNodeHeader
_mNgcQ8fGVErVXtyA0eP0EW1fITs	_qgsdIznQJ138cbJCIQbqoR2YSMu/<>c__DisplayClass26_1
_3tU1ppBgiRmQxGD6sz28d48eHtM	ChangeHudReticle
_kxxbpgteGbdVLwlO5ATqmgGMOaZ	<uploadFileComponentDoSimpleUpload>b__4
_Y7Jsw1Yxar8g7NbsitIIkCdBDCg	AntiPortalMsgTimer
_3yQ2HEN5el0YALlz9ueBbrXcBC	add_OnJoin
_d3qpuOkNhsGnPdkHa41hPurti8m	<ReuploadAvatar>b__0
_8BJkvH8qW2cN8wikqOENzWiwSJi	PendulumClient.ConfigV2.ToggleConfig
_Rwtpy9WdbAGHO4bPSfwr6VqltFM	cached_headerprefab
_QEy3QBI4sTezwBIhBRiv4IeHcvg	<SetupDevToolsMenu>b__3_7
_Iqcdd33eutflfAGf26XnJAtQZqE	myJoinSprite
_o0DEumzyoKT5G0hVabBAF7p55AO	pcu_moderation_menu
_9yuhgxThTufWojjEIYfssOkAfTG	PendulumClient.ButtonAPIInc.ButtonAPI
_gnDrNcSU2Y8W0Xlpvy7BFWTiX7P	boocorbin
_Ir9yJae22pcqxuEZI9VHr3mXbdc	SettingLeaveSound
_cZy0kjog2h7IcgLBSI9XryKGpob	DisconnectOn
_u5tiAFoe4EOzoydNro0MKYxYvxA	_qgsdIznQJ138cbJCIQbqoR2YSMu/OnFileOpError
_L0bB0ldTXfQIWiWDRSCjtmxDAEt	GetVRCUiMInstance
_YcNJ3P3dYvhNhGdCEg2N7eIfIEv	CameraPictureRPC
_qTu1BOXa4g7gvc7x7XxAltwIIJt	<UploadFileComponentDoMultipartUpload>b__1
_bS5KFCuHO8XPFlc2J0F44NMh9gg	<SetupOptionsMenu>b__4_34
_KCuRiubNjtw1aaeKuzBLDXeBLWN	_qgsdIznQJ138cbJCIQbqoR2YSMu/OnFileOpProgress
_7TbxS9hnbBOh1qsM7LwBXLjfObdA	<SetupOptionsMenu>b__4_24
_8ENG4DvQZwJA5QxKem3c06ECtPZ	_PJBoKoJgFTTjN5yVmHYupDTBlGq/<>c__DisplayClass37_5
_58PNdP4WrKBOCOrdk6xqSefKKDI	<bool_>5__2
_ajWieIfRJytn26JjpvyG7zw8YmF	StoredPCU
_sfuyXVhoRiubmZ8zRIY2QwGq2AC	<uploadFileComponentDoSimpleUpload>b__3
_oWU0r12FBHEk5lqCvgUECcce0gf	DrawLine
_8YfbFnHGKcxQ9vwv1ciY3d3rEGJ	<OnLevelWasInitialized>b__0
_eNxouWV7inAdImpdVqf6QzqGw62	ToByte
_iLpkGTq9dgqEOVn7elWCWCvbQwY	<GetXMLFile>b__17_1
_Oz4SvFjpTEy6qyarRt6acqZ2Ral	<OnUploadVrcaAsyncSuccess>b__22_2
_xW9V97syR5jlFKPgTDwo7cP2lxB	ColorG
_cvhECTBy2KBcg4qpIUXl9choMbF	op_Explicit
_hLU8j1VgsOZHHWxKzb77AADv82H	Disconnect
_HbQnKXnYqeii0FRxOaL7rwAvFhg	GetUSpeaker
_L7fbzYcZTlBAAUCkXCje5FYQsgB	<TargetMenu>k__BackingField
_LcBDTNMpwU6vbtzjlEvPH9bhWdl	DebugEnabled
_pMDmXbcPW1c3QqbaJNhyPjkDlIl	AvatarUrl
_HhiWh5pAp0ecrJnzbGqXaBFNtwR	<Upload>b__8
_2auQs9Hp2zh2gke64Xu9NAqaHaR	set_MenuColorTextHigh
_8UsBetDCRVYaeZBjbJtPJudvofEA	UncompressedBlock
_lEclrOGNWbbiYeH03TmfVl3RAb	<realtimeSinceStartup>5__2
_IBEjhLvRNWJUlUiBRXIEFD8LjIJ	<OnStart>b__9_1
_CHriJkGTc5mqGshPQl9wnwh9VAG	OnPlayerJoined
_gUHC5XhPyHQVqrhbY5FCHO7bUakA	<inStream>5__3
_WxIf35MBTsgNQqqRoKAhWLjJApE	_LpWyWj9w9NoopV0puf97aA0ShVg/<>c
_510AVFwuqxPot84dwrBE4mpA3BaA	PartToHex
_2mBsB7dPS2a03yAmtbD309EXBRI	<SetupDevToolsMenu>b__13
_xaHenBCyOt424K2I219P7DK3stH	LogErrorSevere
_OBEOswcqduWdcgDtFCMLrnjcOWl	userInfo
_pMgQ4xJXsjzaM1RKMWQ7U4xMBpI	OnDisable
_VVVDvBSRbH9GDSldjHMEuT574bi	GetPlayerManager
_9J1PdR2DMdEFFckGzzxG8k8UrN0	KyranColor
_6icfZ71i5kwk4WeDvsF8TpHutPC	DSharpPlus.Net.DiscordUriType
_ZQPsJZv4UJgGmXPV84rGDzaUQkD	EnumChildWindows
_xwLd6acBNIsmZyLwYu4WwARgLGe	<method_8>b__8
_Sqlmu7V66XEwNZa4kE2zMcx8d0F	RandomObj
_iU61dEQT47NImlATelIbotG29jL	RunUBPU
_xU5aVIjfrNVxynWYI32JgQB5aivA	GeneratorVersion
_4wogsWfNLSc68CpjsVqBVM3x20j	LogoBytes
_CK9QTGaY0M7dpehD1UkyfV3qz8W	_qgsdIznQJ138cbJCIQbqoR2YSMu/<CleanupTempFilesInternal>d__35
_obdbEuMi4AtbsJ8b54caB0eOBKcb	_switchToRootPage
_STAcyWNTiGqdeS4f1H4UhHQC6ju	<deltaMD5Base64>5__12
_enNydU5qs251FCBr4BDbBXA0u9k	<UnityVersion>k__BackingField
_1SPzH4tYl6tA02FK25W5xr2YPfq	<OnApplicationStart>b__115_0
_QmzaPkSbG7ZaiPbnUPCg2x2EdaZb	<numParts>5__4
_YJZC9pW2VgP1VYGbxzP1sqalXXk	_HV18B7uhheJ4x3MZjz3GnO21dOo/OnSuccess
_g00iuBgzH4bFISLixe2246oMvLB	UiManagerInit3
_u0aDccjbR6vbUPUfhTDusFHVvRV	Player
_aPkCUcRkC6iYBlP0mu8mGMLnzTy	OnIconSprite
_Sf9Gw8ruboba3NqIBlcmfCHHOKQ	IsLoading
_6mPVxnQ67YVX2LsQnp3Vy2AkNRE	_toggleComponent
_KQB6XfuFPR62MntrC2F1NJ4S3Y	<UploadFile>b__27
_JGMXr2aLIlLUoWqWOxLAYzRSrZD	social_btn
_0ZnGYKVLNeLbrSSRg7t0WTeHVKq	_fuWaTSxZnXqAvOsazlYUHEd7xd2/SMALL_RECT
_Znvdn4Z9xWTyda1ajSfHqnQ4VsbA	object_path
_dgdz1viVI6gaCBrjnTSJ7g89Vrt	Failed
_nprsEFh63vhadRk4YCrF8GwDljR	DisconnectTimer
_FpuaA4M0QbHeKfapETuaxxQonTA	TrustRankButtonPositioning
_HJpQsGXzGhzXGT3mKi8l3eacWcl	<SetupDevToolsMenu>b__3_15
_5mU2qUOZQre4gqCOuptnB9elozG	<VrcuimInstance>k__BackingField
_WAJ3HHqFkACmARyUb8IT4jQi2gf	CreateGameObjects
_vcQ0wyJYzrVKgmWELHF50KfB5mK	UncompressedSize
_enRywNOyKPkZmm8Yag6lAoJNClG	<SetupOptionsMenu>b__4_23
_TuIskMLAHrOEonmutAWAL62VEhI	GetTrustRankString
_hW46F2HxIt8U6N3J9W8UvX3Zgbd	myStyleEngine
_z0gJMEzC8Cfd59KzAZMDJGW1NhK	wAttributes
_0DHgXOkZ2phEsjA9P0OUmW5oWRE	set_Inline
_3WwQUmTdL3GyGNYHiB2OR5OWpIF	VRCADataDownloaded
_8Zx7k5M1ti8wypEeqOQK27bGoXh	InviteReqUser
_oDy7IW3Jd2hNnTZfON3jroeOHfH	BlacklistFinalLoad
_3eBGr8iAsrDWsl2nmYlARjNaPld	FromIL2CPPToManaged
_O5ySecriAZdVc7oJnsvRJ9TCMKA	deltaMD5Base64
_hyz4B85ha2O1IYi0nfkVXjRkzzF	IfPresent
_NL2l3pjrCXcjlOtbD2nVOZ4DohP	<C_MenuColorAccentDarker>k__BackingField
_0Qp5OyRaIcMOBr0QEGQurN5WMaH	SocialMenuSetup
_XMP3middHJi9c131Z5rAPDe3XPC	darkYellow
_pVj2ohzJqubwuHldup8W4Lx2KPH	clr
_0zw6OpHDhJdp6wfBEjQjcVRgt8O	_23Ihc4lRr9rEjmp7UKeA6VtSHPf/DiscordUriJsonConverter
_4JJvQm5g2J6vVey5OTv0W6xGmDA	assetFilename
_cwwdV1qHGzAaeZXWTv2K1s8Ze6v	clippingBounds
_LINAwmXri4UUSpprm41rQCJdhKO	_HV18B7uhheJ4x3MZjz3GnO21dOo/OnCancelled
_rwTO5UzXrySjif9Rk6ivz5eWilG	<SetupOptionsMenu>b__4_14
_hfndyKMXoHTvFAmtx8UTiTlHxug	_8gqVCYKg85i1wIxio9U5sVveebM/PushPageDelegate
_p8bFffQOfi8eJtEFioab0gR5SGi	_title
_kPbds3LHI92HS4h3zoVuUwooXlh	_PJBoKoJgFTTjN5yVmHYupDTBlGq/<>c__DisplayClass22_0
_V2sd5XaY0tUZBM7K8FgzTnuL22U	apiAvatar_1
_QB2gBubxv8vHS1VDJoRBPpsCOQO	_HV18B7uhheJ4x3MZjz3GnO21dOo/<>c__DisplayClass41_2
_QhhDF5l2TGxPE2LTviNMhGiHj6Z	<OnModSettingsApplied>b__139_0
_na2fxsa4emPKmBKDHOLALsmVuDYA	<SetupOptionsMenu>b__4_11
_MenuColorAccentDarker>k__BackingField
_5W8hg4fHFxAl5kl4m7CXWTszwCB	<GetCategory>b__0
_94Ep8DHCQ8HRoEHJ7fkxLJWgdNg	_plURwbnPINCox0BculXhTr79JKk/<Upload>d__26
_RlRXUcze4J5BpJSANdzFQPBt5Ql	StoredCrashObject
_beSUib76Wv0b7RgcMsPTv7nTV7n	SecondListener
_zVVDwYHARYoIrlWYK1l9teERVXq	C_MenuColorText
_CmwKB4hehERFSO333L9HUo3ovp6	<SetupDevToolsMenu>b__17
bJMH9GH4Ee7H0PcXhp1eNCw/EnterFix
_JsORdQLhnFGmdU81KoRCboYAged	myJoinClip
_2rgVBtxra4hvGSdjlv8Bec6veML	FunctionsMenu
vDlh/<CreateOptimizedFileInternal>d__24
_poaQQyhaLSZ92fbMCCP8FjfkwXD	ReplaceID
_dJF8F8Os8ncgnrbBJmnBIZhBQ06	<GetSpawnPoint>b__127_0
_fBjQsqABMFCFAuRAOEfti8E14ZQ	SocialForceClone
_qSpcuqIAEegNsfdycbCrb9d7TVRb	_ret2
