_vtcbszxo1IOCqiVIr0fdbL1FubBA	<>9__19
_PNsdTZDWDEPj3zFRybWjgHI9IxT	ReadUInt32BE
_kf3JlwgPU1KbyRcFrdS0CBT2eTA	ToString
_VCgOTTj05ly9xbip7H2DlrrUmIl	<UploadFile>b__21
_ZXtavXuz0Li0KFFWHCVGbZtZ95T	get_GeneratorVersion
_NnmCSPZ12jWDRLtHT28MKVfJRFb	VRCADataDownloaded
_qAPGwB1tVWxgzqJWyM4Iu7dByrJ	PendulumClient.Wrapper.PlayerWrappers
_9hC5c73eqYVNhg9NhjemV4AsKZ4A	fileDescriptorType
_BasacoN7GLhWbmAmMDXBuRa69oxA	string_2
_wFKcmEVrPXUpdQYS86xgTR2jkhn	CheckInstance
_KOllTTjTdmPBSzlGUp4IbYr044E	<UploadFileComponentDoMultipartUpload>b__3
_RP7e9IVkfXcAjVEgLw06gb1JU2A	DevButtonsSetup
_p6sbDFbABQCZcZbVRHWVzMxfnAo	<>2__current
_fzzCG8p2ovJEjHxrJFrAwc1sLVj	<>1__state
_MTk9oZm7tmXrGijLzGFcRoMdVpb	<CreateButton>b__0
_PiPsTPcKzKtjzo7NlxVyppPD6bH	EventHandlerA
_yWEPtSO6HS5QA3q5JGXBBVzJiIZ	WithTitle
_ZQ0liSGdDgV451iAVdRJd4ITclO	<Upload>b__1
_upl67nbDsLDo2FpellL7MMv2NVq	Offset
_zfUuxkdzEVzr3kh2H8bcvBrE23B	<ProxyIconUrl>k__BackingField
_yyKUyNIWwppjcEiWC0C2dqXHTmD	System.Collections.IEnumerator.Current
_UkcDfkdsdkDxfVMadOp7JVqfDAV	MenuColorDark2
_KRDgGpdeso1lLkf4dH7KZa92XOl	DisabledByDefault
_kx6o4P3YvPDtq0jKzusY4L0I3FC	<Value>k__BackingField
_i1dPvXNOhcfYkO97RsxUhvpA3Pj	_switchToRootPage
_0vDg2qPdCz4VHGgvCsYydBtFhVQ	KyranICI
_uM2Q46JLGRpMLBQEeo78UL2Ps4A	<>4__this
_HEyLdtAzoVeEHAyvGmYqqWeFrbb	<checkDelay>5__14
_7ZgYF4TeQqcnaFnPOWasil5bMij	<method_7>b__0
_1Ud1wA1TQaMMV6Ri7lmefomEjYA	<size2>5__12
_gqo5EHBmSEweWribhbnIvDkcV9f	OnIconSprite
_oFIUa4OlgrdMGT8BzQHZdKyAstK	DeleteUser
_P5buGW8JOozjxayoXLRZhhQ55KE	PendulumClient.AssetUploading.unused.ApiFileHelper/<>c__DisplayClass41_2
_xt8cHqxoC3JV991gBcw0ohkViN1	string_0
_CDX5JngQmgoT48PnLiodRNKI7YE	Create
_rcQ16h8x6i5Gu85zCjkPhXzgiQg	<SetupMenu>b__21_11
_w2t2VWR74w44RYd9V7KJPIT2HAe	Name
_LoRRsg9utQJ0U17a2j2v9W9yrsf	ComputeStringHash
_ugbCuh1AwFUJQZmFKgaEJ00Wodd	get__ret
_zCe8xJTBpX8gZSrCXxmflSCvUKX	<GetPing>b__16_0
_DsNp5ZszLzJ0UG1ekFMqHCbJ6gb	get_C_MenuColorBackground
_7hINVnHDzwRpFyj78rmNu2v8Hrj	SiblingIndex
_P84dCzRMD6o4ZWM99eVsXXnMflN	DevUserIDs
_8A1UX0MTXDtLXV7lOcxZnTFZ9jE	DefaultMenuColorInverted
_EPx5aP9LrF7sDoZNX7P6dPCkIG5	get_Instance
_ftqSkfwRxF5IomAqCCeTrgaAFTR	white
_IDosagr4E3IrizKxsMdwAhSF6VJ	get_ProxyUrl
_MIOV11bQcAK62UixAkPvSt1u10c	IsStandard
_qviSfIziXt9YIaF1GrdnxR2fGRH	Path
_rXXlb2qEKqr6TGAbHoXwSHBlnKG	action_0
_fZlKPa5DD1oQfxZYsq0PX3QDw7m	<flag>5__2
_DffueGfcu2XbxtP9Mfn0eR33MhG	<i>5__2
_B2yQqnecrahAJAywf3qFxcj7XhB	PendulumClient.AssetUploading.ApiFileHelper/<UploadFileComponentInternal>d__42
_Ctv29B5H7r5heEn260teO0lmGt	set_C_MenuColorDark2
_nrwnIUuD0VBwUgHdUMs5Zbee0jW	<Text>k__BackingField
_iiQqhlIUv2BzswKAT3LIRRhikmB	<>8__1
_PO2F6GdP0yjchhTW00z9scNgibb	<stream>5__3
_4DKfiOQUOodqrDTCGmyI0HC5D6d	RectTransform
_aJLPg9vyk8fH3LzBcTJzUmK4G2R	method_3
_jirjR8wSTbxwqHING0mbsgcgkAD	AssetNodes
_Kn84Qw6IbX0hRTQ2X2z8teUgOxO	DSharpPlus.Entities.DiscordEmbedBuilder
_kJgCrdBwiHlMo4VFCxZ2ZppcWuR	Evolve.Yoink.YoinkUtils/OnCancelled
_xXAg2WlizbplkVm2lE913NfBMMi	<SetupOptionsMenu>b__4_17
_Sps91WefQr1uBLSmn9ikUIOk2QJ	ClearOldSession
_Uc5rP2TTH5ra6q8jwnbA3UJkklZ	TryFindOriginalSprite
_CMe3KDKmckiLuJgWTD5z115bujM	OldEnter
_1HzT0NtqmbOAnYZkTmrjEbLHmGG	srWindow
_2zTZgFJkTCCyEQO99HGGCGjAbvp	VRCADownloaded
_NF5gFHEhTFQtI7XaiCwt6Yg1c9F	PendulumClient.UI.DevToolsMenu/<>c__DisplayClass3_0
_hn8Bq7GOVJ69iT0CRzYhL3Ojv3u	AvatarAssetBundle
_Da4iDHhZSNU1oWKGoNk1RjfyzRE	<Upload>b__0
_epCMOXUmxO8YbOpL9kAMJ7zBFQe	Interactable
_H2uuHDQj4OBvp4pBfUcj2NFXqNt	Width
_CqADR9LcBtAgZibRiSsUQt633ZCA	set_ProxyUrl
_R8jt3yHm6OgfJvfy52EzSUyatuH	SendAlertPopup
_HPBAUgSMdP2CMzeSdC1odpAU8Q3	DupedAvatar
_yBCDffXGVHIiKFqSzGry7qHPo9P	TpPlayerRPC
_sGNKXYNNLyVCmGrd3CfCKYAL2Cs	mee
_QL8nRIRCwDVCr4opLJfHcFEfia3	onSuccess
_YXEugziqcaUd6In9gBIrPh2YuB	smethod_3
_JThPa0a1nfiCtCMKskRykmIpKLL	<FileName>k__BackingField
_mHqAKpdnBNFHaMJLRPvSbqUjorz	PendulumClient.Main.AvatarYoinking/<>c
_m804HFvVcN46ErdLZGCwpxJljOf	Flags
_Nj1zGee9LovjYELCbQ7hqXgoiEM	worthRetry
_dYDNbZzhP5EQFGDwgEZcVJxzj6g	Signature
_6QCTdKJ5Skq0bLJ1u5OAPgg9HVJ	apiFile
_C5CkoPSyQBgCSdEwbQs7fgyM0AP	method_4
_JF3xyY1Jp3PpjxssuOgWySsqfXD	<UploadFile>b__20
_gcyjDsSabDmN2lGvdsadwQd0zz4	get__ret2
_gCmTHyI7LEHm7s146dWmApiE6cE	<flag>5__8
_RZxmX7raW4bBfIExII6kMRPchlGA	<asyncRead>5__5
_VaWPKssLhaVHqVxJDrJtodADRng	<OnUpdate>b__125_3
_RqseRPFNwAvgkBKDQHifCGFGX5E	UiPage
_pn0QVkWE85hxxsOuXc8TFjhdXZn	bool_2
_1rO9URWclY1AqMJATbKPWc1xf0A	set_Title
_QyHarAGcXAd6Cq7Ng97C9Ugor8kA	ShouldLogIn
_M1vbDxsbE0oEoO5buxdvFfqGNClA	<UploadFileComponentDoMultipartUpload>b__5
_H3CK387vm8c5yJjW2klaTFOXbLK	AddToggle
_AHxAFQNlDGvdo6HA7y9jQX48d8O	<SetupOptionsMenu>b__4_13
_oFakjMobXFaiOeWpmLxNvMytbhK	bool_4
_XyKUF52NyxMi2Ex80yRSm3pkn7g	_buttonContainer
_w2qCg5Q431CdDBopfEPuiyXbwNaA	IP
_EkcOLcxYKiqrdYLxeLDq5Xyla7I	MenuColorAccent
_Q9OTaT1juPGQyrvBNT3p7j131ef	EnableOutline
_fseD1e2w3EH67NyJ2OgmmKhTKLg	Serialization
_RkW4S3uGIJc7IuK4SM1X6QRVVQB	onError
_Rp5h5Caci4kALoNffqqgbgIcP7B	remove_OnEnableEvent
_3dgBKBdLnJzieh6uysFmvI7ic7M	System.Collections.Generic.IEnumerator<System.Object>.Current
_kXiYbmxXMpPSYelxpI5nHyKeddk	LegendaryTag
_2XRz5H9UEzZEaHQBAqgKCjX6shL	<Upload>b__15
_FEgFSIbhJRVfIi1WDPqjN98520F	dwMaximumWindowSize
_KzK2JDDnh44Bz74HrRlacQfX9cT	<TargetMenu>k__BackingField
_Sv3XBDhNAqQB2YzcgY9BOtcCiisA	HexAlphabet
_rbO9SbrlHgEEARbTUGKE3aK7jNA	PendulumClient.AssetUploading.ApiFileHelper/<CleanupTempFilesInternal>d__35
_B1okvXPVfLm30B5v6E67hNFgq6c	RestartButtonSetup
_cBzqvQyldlz4nhVKDRIjYAnIvwh	action_1
_hZm4vP8bBIvxyrVYaEokTsX8ZOQ	DebugLog
_eDfUDAThVwyhEUOL3uFHtDBuv5T	PendulumClient.ColorModule.ColorModule/<>c__DisplayClass8_0
_pbMl2XdYJKEx3V2elNpcpfu9GKg	set_Type
_X0LBBCK1gvRLdNUhVPbRrGM1AZe	Evolve.Yoink.YoinkUtils/<>c__DisplayClass40_2
_HBpVXnJmHiLS2RmzYODSrOBXMKA	set__ret
_uCNacL1JjGQI4IaVLEfJb37DzMob	ReadJson
_SmsJYIvhP7HTDXnBnyNJIGHBKS1	Upload
_huEAlapwtUmwUe11fcDuynA7RCl	get_DebugEnabled
_d5ldela2B35FiidAPGMavg8IHJA	filecheck
_g1GjqzVbPoXIiBwaig2qGje62qc	LogWarning
_kM0xUXnDTLk9Bl8l4hRC8WXtaDG	FirstTimeinit
_TokZ2bqqOuaxWE4mCN7NqAcDyMo	smethod_9
_4PPnaD1myzYxUedorciCPikAZkJ	<uploadFileComponentDoMultipartUpload>b__9
_Pjp1iUV7qRPHSZVBcvu7zGMXPcp	cancelQuery
_SjDAbsJnTiKuddQKZ5OCuGCgO3BA	<started>k__BackingField
_MLtUAujfoX4HD5ABhr2bQDXCARW	<>9__20
_kX35rAktd3n53DzxrK6xdJhfLWN	<Name>k__BackingField
_jeAcTlfAajsSFBFfSeiVOCUBtvP	smethod_8
_6V7h0b0VlIBcnOyMvxRptADwyAO	<fileDesc>5__2
_XrLp6WprPLr1ruI4bET5cZP4did	<startTime>5__17
_ABzxK99oRs0oiOU9BUwJQGCx6aN	Url
_ocfHBWYe2ubNbO9JXJ6WnTudiVg	SetupMenuClock
_puaYpYd63PNbCv2JsxgsYQbTSbo	<SetupOptionsMenu>b__4_22
_OsStI420ycyZfVbVwgus6NMmNCi	op_Implicit
_Hl2V6yEMQPZryH5wt3PkTTbGblA	set_MenuColorHighlight
_dhSjGpy9brIZHAdxRSZ4IuMbdkR	<size>5__10
_PEVIn060WEZBaHkxKFbgYRzIdA1	Cancelled
_mOFay01FRSK08VfwzBF7S5xckBdA	<UnityVersion>k__BackingField
_NxhJZTEMekZUKF7ZbTsUu0qCUPD	is373
_P8RdFHPBRJe6W4VRN9adCgixdev	onProgess
_IGlAHnJ9PrxbQSyU64ot0ymAt8AA	set_Position
_iSsrYnM3vH53rBnlg9fEDgcNn4D	GoHome
_l6AuxT4NgyCluYkN2vKZbbQ9imB	onProgress
_P9F19Ydhh0YHils1Q0YJfDTTnGA	SettingShouldBlink
_3Ac6gIB3be7tHAy3wDTT5IGXC4	PendulumClient.ColorModule.ColorSettings
_8KJS5xcf95iWQj6CLpdGCHpoGhe	<worthRetry>5__9
_OR7JDU3aAZidJhnG6pkbVDE0VNNA	GetPlayerFrames
_YCwIfXOkvri1UqIrpdNDPtVk1EG	<asyncWrite>5__6
_FXvSUZvFzBlCHOYGlndMfyvwqrY	<versionAlreadyExists>5__13
_XqjPKYijBKqjGw5gYSxksdScQeJ	PendulumClient.Anti.ret_9
_5nAqKEwOzXVainxABEmIQbxTHnr	IconUrl
_jR0CfL80uXPZvKWbBTPn5FURoAh	md5Base64
_d9HqqKVrG0Id1u4Lo36sqpPNh4	get_apifilehelper
_KUUHy7kRAfk99EAoMcRAFeNNnZM	<uploadFileComponentDoSimpleUpload>b__1
_ocHSsafcZ57tTalRkp2SkHycczF	filename
_FrXixPhffpS9g3Qq60XExqFOgHd	EnableDesktopCamera
_0CsRo8FAtO8avxZdkJuK3pCB0wZ	<SetupOptionsMenu>b__4
_TGXtHqEIoVyRBZPcwhxcIJ8IcI	IsDownloadingFile
_GB79aub2rDvA46uOc5pq57btYBN	<sigFileSize>5__7
_ldQ3piYfuqOaM3B2VpxJfG4hkfk	<UploadFile>b__23
_R2fsjdcA1GDf25eFXCDdEIPvV1I	UpdatePlayerList
_eYooLz935atgCd1Lc9AjTPFsDky	ToWriter
_3HtSOxHeV5tpfNq0FOLjQAGyfTh	PendulumClient.AssetUploading.unused.ApiFileHelperOld/<UploadFileComponentInternal>d__39
_dX5JBlTHi1jNOtSOBvV8WygXBkB	SetupDebugLog
_Zbram5QeU5GKKndDK9C0aMxEUJyA	_text
_yyAXEL4HJRH4rw60Wf3xx0H5acA	ParentObjects
_fXqcb3Y69Hym3wyMEcPPGhzdos7	SERVER_PROCESSING_MAX_RETRY_TIME
_JHxUWy0e3cydQjaJs8M3685KeGD	apiFile_0
_l1QKy6nwSl4Df8CO1icaLb2gDcx	<text_popup>b__0
_H9YWXV0anbQCaF7ip2wcwkYs24F	Error
_EJcwkOnQ3p9IYRhbblthCmve4hA	<SetupDevToolsMenu>b__3_28
_XpIDCGvjofw21phXoWe2ei7DNVu	PendulumClientVideoPlayerModeration
_h4nDCvhlJ32xCwUmWjpYp8ylBxQ	PendulumClient.UI.NewUIExtensions/PushPageDelegate
_JExpLBvrhIqIXibW30SmUKbnDOk	SpritesToGrayscale
_xZOJoxrXi5N1s8fzv8H4F4AbSnb	OnUploadVrcaAsynSuccess
_z9c8dIrlPV7nAQ1iQwvq82Rc056	WithTimestamp
_eg7Mq5SPox80uLtTx0ODOg9xgfe	bool_0
_KMbvxg9FGRShUWcIbw18LvCjpcc	string_4
_JxXCwGg4GV5Mx0bvELaefz3WKZAA	PendulumClient.AssetUploading.unused.ApiFileHelper/<method_3>d__30
_JK8eyF6YuPYiwHIUT6pjQ18LBfH	<UploadFile>b__17
_seMQr4q0ST6olu6bDCLTZ9ip6Wo	CleanupTempFiles
_lcnrxeqmrdoQQ7xIltn83tQPVRg	errorStr
_nVtuApnGGmqRYD6lxwEivRnqZPN	<Embeds>k__BackingField
_iTpD6yuSZp2EDIQFLaaRZMzlUe9	<EnableBlackCatPickupsQuest>b__253_0
_MvimYCKgR6RSpwOo45NSrzRAFzd	AddButton
_myfZuPJZfbNhWDJyJG8AFVe8E9G	GetColor
_XDtage4GfDU8JZbvIl0X6Tbf9CbA	RejoinWorld
_NfDkW8fsOISEclx5uYQVwwBAkFj	set_Name
_2EWF5v5biApe6WUgNtGYLilcG6M	<httpRequest>5__3
_mCCcfZcsibij60DfQKhlBQRjAP9	DSharpPlus.Net.DiscordUri
_4mbhfpApb8MEHoLAmXVcQZYHuHaA	<SetupEventPatches>g__OnEventDelegate|0
_ZPnGnjsrggprKgWwfBeTsCwh8UD	DumpXRefs
_V2BHLtacEM1x64O3Q8pzaXinR0P	InviteRequestAll
_SFMJxU5TTO9gAr29E8zXpmLL8ZA	get_TabButtonPrefab
_RIT55I4Dd9VEYgjcGk2SZkbsgRGA	UnloadUserID
_q7HgicxkCuCIKYD9YMXgPbWI1CL	PendulumClient.AssetUploading.unused.ApiFileHelperOld/<>c__DisplayClass37_2
_3xzcH2p3bz9aapl2CxEEVPowo8U	<deltaFilename>5__8
_JYiahEKLRfoqeTveJK3iuBb4diSA	<RandomObj>b__122_0
_SgDfyBaExg9xsAz3YGZCER8z1Vb	get_ButtonPrefab
_bWv9x4JDr4Va34GZrJIvLDbC7gq	SocialMenuSetup
_fnyW7qQZibMvLQgphttRSYU6uKd	int_1
_4zSaDcYlCPoo3zJCk4FJy52yT2Fb	<>8__3
_MQ3dewF9ZnahnoKTvDIF1HJB6Ex	PendulumClient.AssetUploading.unused.ApiFileHelper/<method_9>d__42
_xBrQvwLClYPZPSy0veVgvkJQPNC	gdelegate3_0
_1uIZw9PyYBPloCBKtNcQCIcA5Ie	<UploadFileComponentDoMultipartUpload>b__7
_gYvyKzbSG5dHzJnLnQOLU9VQXKg	ReplacePlaceholders
_FXQRlZFNZnHdwbqznHeS9XUeT9L	get_MainMenu
_gAUc2oocgugGDAdeLqqTOG9HA9Db	<Upload>b__16
_qBGy9qtff7BW3aQ5deNkOQVvfcF	get_C_MenuColorTextHigh
_KzdiVU6dt8HcAnz3mb0bBuseOgW	genericType
_bOVVCtG8fvDMZJ1KDtcOLO2tEfg	OnUploadVrcaAsyncSuccess
_Zkk5LmrI9rU3A3qG1TK28rstc5I	name
_0Q5npni8yocOsQlVk55ivJPwOTF	OnValueChanged
_FLOWgLsS9WLS3smsoB5c1mK8E3s	userInfo
_IOaqz7pTgqK9RKW8bf2vgXMS5CC	get_Fields
_hJtP4mAg4ET6EF5xFGWSIxQA6GI	GetMimeTypeFromExtension
_Z2ZQ23hUZkttNV4IJZ6BtZKVaKG	darkYellow
_ECTgbq0WBsrdlieQEPpgX9Jj6U	cyan
_HkFd1sEC6UJdvvGOCrNZduKdu2N	PendulumClient.AssetUploading.ApiFileHelper/<>c__DisplayClass39_3
_T6KaZYYvJQ7EjFj3rm1TsPAKPJQ	<UploadFile>b__15
_Bql0ufucQfOkLrIvGXpml2EWNsf	CS$<>8__locals2
_TKCqadf6f8Kbrz7Y8r2CTIRhAhb	set_Height
_5wo0ARLeRYJH7WqlromdM8XI8OT	<UploadFile>b__4
_4vvBIrgvy2LR6qVXKiP0KEUYzLD	_subCategoryPages
_4PcBsqHrDsgBgHZiIIIE4Z7bzMZ	text_popup
_BDRbNWIMS19VhZ58ohSNd6llFRJ	SerializePlayer
_2fjaif8Wk8fa1JBe4bJhQbFiXZ3	PendulumClient.UI.AvatarUtils/<>c
_oNfNa0NdeAKZHilo68ZvO7DOCSq	Position
_trTD0O27ADGoX28hZVpr60oh7Sb	<Upload>b__14
_1cquTHnVQ2xYpjS5vM2ln1eXo9A	get_MenuColorAccentDarker
_uAGbU3zamuyfs6WHORobjTLuZjDb	get_C_MenuColorText
_ev0cySrOBBwGRWcL91X2o1vDitx	wait
_oc9DzRHUR3lvSSH1US1wQ6vjDeQ	get_started
_rb6zJfUPXVDtqeA2DxlFdvUeFrz	SendInviteReqSocial
_5IVhJTHUiTE78bB28KT9EptblWN	PendulumClient.AssetUploading.ApiFileHelper/<>c__DisplayClass26_0
_gSYakN9cFIodDEc3xfF0FCchVQmA	get_Inline
_5u876WS600XPDQJ5tVDjQBqe6ni	<num>5__17
_f44hMgWicC57QhwKxb9rbjpFMII	DSharpPlus.Entities.IOptional.get_RawValue
_5uRuFR6moB0dD1qdJK2806L8wHS	pcu_menu_open
_U4ByjSdBncJtCDuB5RqDvZPq53H	add_OnOpen
_UP6bjD3FIBMFsUHexuenDkmUKvv	<Upload>b__20
_C60HIndVds9faBTRCu9pMlFhjVJ	MethodInfo
_XtpP9OrByBF1VqjZpYq7geliQSd	HeaderPrefab
_t6fRIXKFenMvNNJeJILQRBRA9jB	<method_9>b__1
_j7aasBaeSy1OChBZtuBH8uzYQrL	PendulumClient.SetScreenColorsApp/CONSOLE_SCREEN_BUFFER_INFO_EX
_SupWPaCrTLum5JcqDq0Gb74DQAn	GetSelectedPlayer
_pmpUarOp7RiUaIVBwn3S5KwTUEG	<SetupOptionsMenu>b__4_30
_fpbRzGKndUZtpi90j2MgyhgbGtb	AppData
_LLwwj3PMWjWDvvUuuXtfdbbtxns	CleanupTempFilesInternal
_gyfAb5Dc0383KJTd1yYwOJjtaYn	bool_3
_o7MGsiG5FmMLYyvgUntLw7lHnBg	avatarID
_mdchnoGbczF9kp6hDEacjiKbwFb	<buf>5__4
_qTWWDO58fuxoM11wRsr721Phqf	Failure
_KeA2hGQxi8O6lQJu2OrqtblzCQG	kMultipartUploadChunkSize
_u9YD2ohdTEnb20vUEk0a5rBYkhM	set_Value
_bXGsfwOytoKsW62QLat3kRupFQf	OnApplicationQuit
_QICpa0j1OZNQ6fxU36DMurNfNpi	LogApiFileStatus
_k40OrY0PHXdero29wxeaQT0wfhi	<>8__6
_VPaH4IGCedqHFpHlDbwUsmAmmV0	<UploadFile>b__3
_sFHZHe4LfTIC8C7dJy8xekkOheb	<Signature>k__BackingField
_pGLvfgFzLtEAqGHV6zTFXG3lQlW	get_Type
_lD4Qui39e5bg25Uo8kjAVdBnyWf	SendBlacklist
_0PI3OUqzos8rPy8Zvv0JAOhYzxb	_description
_usx3hnlwhun3vKh40oj27NSfbzc	PendulumClient.Main.Win32
_BvgMb10xmB5R8K07DPpwISDsFjf	Thumbnail
_P73CpyRjK1SEJtB1fq1eLg7qZX4	GetServerProcessingWaitTimeoutForDataSize
_ktxYl7lA8CEgHThuJOqGLHhw4bD	GetAPIUser
_AbSf4argsrAcm9LjGHLRIL7C898	<OnStart>b__9_1
_CD9DMHhnk13zox7rwJmmeLkIXbT	<TrustRankButtonPositioning>b__1
_QsODvoc2QxIQUOuqcTMo0HVoyLm	UserUiPrefab
_0ZzZEbsEEhHLNqft5dy5cTY0loD	windowHandle
_Y26vYaBILCsut6XVYzSKFeNY9Qh	<req>5__3
_dnBJ0LYa6jMtTZcoI57xGOIyaGI	get_Name
_rOFScXkPmbZBXNzjm7DgWsJo7cL	AddCategoryPage
_Ya3QVcQ21Acok3huJAgcROMQl9	<OnApplicationStart>b__112_1
_Jpdhh78fUXqy01nslqw83oJ5Rne	set_Author
_6i5Ckg9nTJaPN40ERfwtcNejYa2	<fileStream>5__4
_2JtBUTo535FaiYxhvpwYqFLcxofA	GetVRC_Player
_j9DcQ8UF0sf8oeAxyk4zr90vh1Y	GetLZ4HCFile
_mRD7bXtPqpXa2xrKZCvcBCdAu80	set_Url
_hfSLacW7KbDAxycZ9Rryo2Lb0Km	TabButtonPrefab
_Q0gLadlkUU8f4SVaY3RzGXuRhADA	<UploadFile>b__26_6
_3B6DpCsld7x9QdXToGuC93W5OTG	<Refresh>b__2_2
_d3Jcn1LYy92mGTrfSDuSq3LqiQG	get_MenuColorDark2
_5i3DPB6jKUOdUD6nIWi3xAhthDr	<worthRetry>5__6
_GQ6VGUIvy3dnhWPWSuKRA8H3bQe	<>8__4
_bPSQdAVHvzRydQR3J9NfJUqb5UaA	AddMenuPage
_qbJah0DYsMWslp5m20vew8hhDEz	CreateFileDeltaInternal
_TO4xbKfgDcAOYOlFfs62U9GBiZT	myOriginalSpritesByLowercaseFullKey
_MbjfabteJeT0GXi1TxJsXTptjAo	CS$<>8__locals1
_KruARaqFWxnKnalZJoYj0hAPObX	PortalDropLoop
_nuWrFR96mpOJpNvR4g3C3A3bCiM	SetupColors
_pWEhltbOmumQqcbotGySc3RBXhL	action_2
_SJAPcCXAWaSGqfYtXq5AlQECMuh	Company
_tuatay8qr3hdKq1ArEdkHIdBTMc	NameTextUpdate
_WcoTRqfvjTcBoSBqYG7yKKOoUOk	<uploadFileComponentDoSimpleUpload>b__7
_qf7AW022e9EHB6iUVhfkdENGExx	<SetupOptionsMenu>b__4_14
_QNPkBSPAB7QbQFH9PCKt6tOMV8V	<Upload>b__2
_066bWpotW4tWdIHuSmqZXm1NDad	_ret2
_I95xKBGASWH7SWJLp0PxWx5fn4O	<SetupOptionsMenu>b__4_5
_oMs0K3J7VTlcPvM484iJ4ukpduf	Description
_sXjAfw7wONBQwj6VT5vPERiY0TJ	<Url>k__BackingField
_0QQRE0fsBKgyvKFJxKkXnJq0wJe	PendulumClient.Anti.PhotonExtensions
_yarfWzS1UTcTsB0Y8OQ7h9zAVvW	Fields
_w7i93dAIhNaX5qKz67nR5KAMzZc	sigMD5Base64
_8KiIYPXyVQhjMo5XLvWM6bo8ksc	InitThings
_zlZtsHHV3abk3Yw47dtNNow0sRe	<UploadFileComponentDoSimpleUpload>b__0
_gLvjUW7ovD7Z2hvS1O16YbcxiRG	set_C_MenuColorTextHigh
_Y9qe9ics506BKJNn3ObqYMlKv5q	ExtraStuff
_NpHA2N4Nm48dpCukyu3KEVWKqF2	get_Url
_pCLRtJ710UfsQj2fmXVyxsx5ph	mySpriteOverrideDict
_6oKoSSMUslT4LTamtdBkfKIuw5C	MenuColorDarklight
_SdylJh4VTfZJbBURF1mlr2dMAKI	ToggleColliders
_u6j45beIbMurgVEBFQzbfCeXv7p	myAssetBundle
_byDGriWCFyaU7dAYFzQgYy2wPtG	<method_7>b__1
_fB4yI47j9Vt6HsIEGAemcVw3IuF	PendulumClient.Main.PortalDrops
_g8YBuBoZQ9peyyZcqaCni85a0UT	<MenuColorAccentDarker>k__BackingField
_x7COsAa7ydfDFUfWeYt5moqykSN	CorbinPFP
_OJgUtXZEhrQuN9pKLm7efsK42yB	UploadFileComponentDoSimpleUpload
_gwmnavlcorwd7QU6zS2t8JnL0ji	<inthedepthsofpendulumclientcorbinwillnotfindthismethod>b__231_0
_tYn5V6qaWbm5anDbVQmG0BiTWVY	<b>5__7
_hnf81NcGYtqkiJjmE8slKjVbVoN	UiManagerInit3
_zysdkpq7lN4uunKMdnLLyUZEqyL	<SwitchToRootPage>b__9_0
_GQVd1xVKqlTFeveIhkjhWm9aYvn	get_Value
_iu9QIzlvi94XsUVVtQO4dHhzk0C	get_HeaderPrefab
_8doFNFS4m7JEheIacMZjfmXlicX	JoinNotifier.JoinNotifierMod/<InitThings>d__43
_h0owzeVmqGoRosBP7hh8My3GSYA	set_Stream
_ydNwLOuziantDzyFARUbz3OJe2Y	<>9__18
_7YSh7yWzSLp3cYWyvNZ6HEObdRf	PendulumClient.AssetUploading.unused.ApiFileHelperOld/<>c__DisplayClass22_0
_iqVPMuTCpaVdomupFxVEPfgoizZ	<ForceRestartButton>b__164_0
_NWFle7Tz334yPK9Zsy2B4ocADOh	<method_1>b__0
_nOSLCaMlejEMWKYApFqGt9BGSmo	get_Username
_LhmAX7vg3u0vHnalszhnTeFqpYi	<UploadFile>b__22_10
_EQrOg8LafHht7Uha3MAJMB7WbZdA	fileSize
_4vTDGNNS9oPDYnvtD69RQLHqyTX	uploadStatus_0
_1qQilRZaz1bNkRaacRb4lNu19wb	PendulumClient.AssetUploading.unused.ApiFileHelper/<>c__DisplayClass26_1
_1pN6cc5xUCZdzRpImOYTzfIObHR	<CreateProperty>b__0
_FLj367xHYd8nNaYDIiw1OVcwBIn	deltaMD5Base64
_lZxaCm3lXugvIxEQVKmbt5KzZcH	<onCancelFunc>5__2
_UDQDgi4n1slif9ulRnGa4KBw5oeb	<SetupDevToolsMenu>b__3_8
_f6lMc804BnsHOg23vlBnGbxcbBh	PendulumClient.AssetUploading.AssetBlock
_C1lDhoszgpHYJRAGSHDSK1I8wCb	string_1
_ybiVz3oxFPYNs6Wq96AqL1SF9MG	user_menu_open
_tl7escz7WEFMqUXNzahSAQZXmtH	DropPortalOnUserID
_XFCrNwf74J8YYOweznvfiTcdyGC	DropPortalInfrontOfPlayer
_iizcHpUmt4CFcuc9Np5Ob0cR3gBA	RunUBPU
_FGnjDDgXxeJECBobIInp3fxQ0Wj	<UploadFile>b__0
_vvIRuCg4WFOTmAHt5rSnP8VxuGD	Success
_YSYaZDNBooPCahrmbXvwiZ0R8Tz	get_UnityVersion
_zYSJ08i5dXuce3V6alHSk8RoAnN	<httpRequest>5__7
_MpzCgvTgtz4JqqpsG1ExjgF8qLE	<inStream>5__2
_UL0O5wVIUydTSqjMDcRQoeU6FiG	MixinPriority
_nqpdEhcfL6FIFkdGMPy7F0iiRWV	<Author>k__BackingField
_9tizCtsdidxzRwKW1N03OaiZecN	SaveTo
_BdRhUwWhjCA0lh3JlByMqGsiapE	<UploadFileComponentDoMultipartUpload>b__6
_pBoV1lDOVFdnX7GEBz0IeGu1qEB	WithDescription
_V4B7BW2m3ywx69cOajOgU7BxIVb	steamid
_j0nA17sRbSDrM6e6NDVy4ihAfUO	<UploadFile>b__1
_SrSZZcrR5two2I5Lw0s0CVVxfFb	<timeout>5__16
_geBBHiQ59y0IbOxfUBUw77MyP0r	<SetupMenu>b__21_0
_73Jrb0dL5geeyAcUAkbIGY3cevBA	<SetupDevToolsMenu>b__3_30
_Tg8tSH0jX5cT6dRw2nm0JFbqdej	ObjectLoopOn
_AU8PUn386PEA7OczOMHFU1cUXPs	PendulumClient.AssetUploading.ApiFileHelper/<>c__DisplayClass41_0
_yGWLddp5yhLQekxdTK05pOheyqM	GeneratorVersion
_t2PSCthKgtNhk8y33apfX4a6EXJA	Grayscale
_fjSqhlpvrMoD44CVCSysKGmLCuo	BlacklistName
_EDYVOGALigTxVZnC2bL4PbD1efc	<GetMenuPage>b__0
_cMtrbqnXRPZoweGCLjoBFvqdfFg	<method_8>b__1
_RkAaHd8YiDWenFWitLc9guw1e3J	PendulumClient.AssetUploading.unused.ApiFileHelper/<method_4>d__36
_hrElAwAWU8Rb8RaOrMI7Fv41opA	<>8__2
_yfee1QEfo6Lwc0oGFXcxpPBfBgAA	CS$<>8__locals4
_zMO9Qe3YgvOQhHAguDZa32AAlSn	ApiFile
_zZbQVfhcyEqGcqYXrDVhBkRw8EG	CopyInstanceID
_qtovZWxEEuXbUr90BgCb4tgmdFp	set_Width
_miJnC3y0oTKBL1gLI0D21n4kxFD	_iconUri
_74QmFEG7XmvtJzhZQAAQGx9lDYA	sendlogin
_jxFg7ndfYBlePnFlgw7ExYeJLqd	_usx3hnlwhun3vKh40oj27NSfbzc/Constants
_G3eCD4HOD4MoIcJwHpezq8lIfjC	<CreateOptimizedFileInternal>b__1
_gmpSaDu5zuCVQ8thHpL2XBQslCH	<uploadFileComponentDoMultipartUpload>b__2
_KVyut7zaXid8hgjgWZAMMos31Tr	started
_60OdGvyPMhHzh7OkcBqPr9saECP	<outStream>5__3
_cphVlIakNmvNKDs5Bon4j320NlC	originalDelegate
_Kvz6qiuS9fiBd7tRSxpdX08eX2Y	string_5
_zriwNfkYgPJnQ7LtW7hsuuSSPKg	<>9__4
_tdQ8MgFAImPHIMHEDeo1S1KWywL	CheckUWRPatch
_V3VW4EavigqSP3PIwF4HcKwZFGE	darkMagenta
_31Bo4uLZRJDaE2u32d9PSskl6YA	OnOpen
_xB1yPcRqlwrq3NGecS4eWVGBgLB	shortcut_menu_toggle_handler
_HX7F5dvJqfevNucrvp9bSWigEwe	<etags>5__5
_5kKUqwnmXQHoZ8Xv5v4qDlXe4ZF	KyranColor
_OJqn8gicitice55F8oyYoAA2DthA	<declaringProp>5__2
_fjyLhN90iNFyG7yTXNca7fQdA0v	lineMaterial
_YQfNsqePBnMGJBZCK6UGZUJcEgt	NormalBL
_1y1cGMQoV0KfBXDm56KwBfMTWE7A	<Upload>b__7
_SGSxPqF1NAJzIjbcotU8e3cOW1D	int_0
_DNB5ksSeDQHpDa9i2o37R8tof1A	method_1
_K7TcTOh0UIMeb6piTpAWeGCemXLB	ShowName
_0Xs3Kbx08CngBOc0XiV7SXn91LD	GetMenuPage
_BV5UHaZm9J0KZ4ji6BLKfmzfgYc	<Upload>b__3
_Ja7QJe8b3SdDKrELuKRXbvEOq4B	_container
_Jexlt0iaY4hwl10aW3o5fU8OTlb	<Upload>b__26_8
_iGcaq5CJ34tQQqKEtjoMI22D09t	PendulumClient.AssetUploading.unused.ApiFileHelper/<method_10>d__43
_SMHDSA9hmkaWWWOjqxRRHIlG6Pk	long_0
_rRtcoGAa86h72uj7gPTaUnvzYzH	PendulumClient.AssetUploading.ApiFileHelper/<>c__DisplayClass39_0
_pLq946IBPGqsjPbWy62i0Rr5WYP	<text2>5__9
_DVNOikevRp7aaHkhmrze0p2v0S1	<ReuploadAvatar>b__28_5
_5xEmklxB5Y25XNyJrNPGqUiufXR	LoggedIn
_hsbvWtUwyfsMGjcEQSJ1hQjtAbC	<OnUploadVrcaAsyncSuccess>b__22_3
_3OSk17SaovO9qYSoKXNXHUbCoIK	<num4>5__21
_HNLMyAq7CkaT6zNSUAQGJm2SKRA	<Upload>b__10
_X7GSfLVjhgdf4ZlLsFlYgEAGy0D	<GetDumpedVRCA>b__12_2
_mQeZPJqB5pyFWgzIINo3k81BDuk	<UploadFile>b__26_13
_SRQprgynT4zbMoFjwGxeVlODiJE	CompressAssetBundle
_0x7UjQva4JleCDpGrhqNTdeXwN	m373
_pdNrmM5tc0trG99dh6PaEOm8KBm	boocorbin
_WKNG1V7ze6p0QUxmGxuBQFF0Uwf	GetAllPhotonPlayers
_FA6uficszsGY6ANdxuKqFxnSGwg	EnumThreadWindows
_knDatOiBzHpq8GRpiimRrPLTKWz	portal_menu
_c0yCCV5QjhY5Oc7GBrDhKbErFIp	RemoteConfig
_zWBLZU1x79iN0hm5LCIQtDeO0jf	FormatVersion
_fc8MMapEZBYUxvuQwjRGHGubUzq	kUnityPackageAssetNameFilters
_M7JZojgd2kp56qtbGQLG2Rgz4B7	<flag>5__6
_TrsL5skB7pVbfF4jypxdHmZJodH	<SetupOptionsMenu>b__4_10
_slsLc8pkCOUiyfQtTE0OJczRxhO	StoredVRCAPath
_zDa5lz6dqyh08KAco69tFwmIBb1	PendulumClient.Main.PendulumClientMain/EventDelegate
_366CKJjWzlJfIxvROZhfs66hfCC	friendlyName
_JMlv7H8bInR8mOK7VifBUNCfpe4	Open
_hppY1Y8IAdOhJLZ1AhBqisjR6mJ	<>9__5
_dP1N87DPVi2oU18w1DuNksTiaYD	<C_MenuColorDarklight>k__BackingField
_NwCdFfdnA6895uA4NaakedtQ6FD	UIManagerInit
_3yBPIXv1AC1CEygWCRkVIIMaI0j	outputFilename
_War20Ujz3auIkZGpozhyh03j9wc	<SetupOptionsMenu>b__4_16
_Y0vH3q504pFC9Z89sjESzSNExeh	<>9__6
_8shJLDsoGzC0kebbDAzJg9kNAji	_isRoot
_MPzLXbaGsxvnTX9TOVW382zPGTe	<Body>k__BackingField
_2nDahnlIeCle3yoMDCXXI9VL1O5	<method_7>b__6
_BtQScIIF2GYbVWLmXFS9tDDiNU6	Tpspam
_BscirMKmYZX6qw8Xf2cjENe2GEd	OverrideSprite
_k1cc9cg6Kw0RaIT4hdUdHyr9AxK	Inline
_usVKJYGbNM5rtWYRtegr1PvesAT	SelectedMenu
_b1gtVLr8rDYgMWpwgBg0sWejygA	<SetupDevToolsMenu>b__3_5
_XQSuIWXuE2YmPdsqPHEFrgVlt9C	ReadCString
_kzOrWdYln4rlj6GM63PoESVRkiG	Body
_0sfPmNUqTPO3acKzZBHFKrX0pQc	bool_5
_qvkvoitmZ9Q6gj58QxWTFx9N0dF	DebugLogPlayerJoinLeave
_v9aAPtaKagG8B1BjGepdOwrsiGG	CheckNotifacations
_8MUt9EzEBRFWlNFat84OMydIAqc	myOverrideSprites
_WpL5ERogEBNR22Em4mls9Y7AtMP	string_7
_wrvzVlVsWjO0i6lhKnnO0O2DkXO	get_Timestamp
_lA2ciQuGPZKKGU6XzAPSG0kbmRh	<SetupOptionsMenu>b__4_11
_qZz3HgRpIEaNb7a11TLHRcFMvoC	OnDisable
_vrPABciPKMk5OEqqxrMmtwW3xlN	<b>5__6
_BdPC0e739xg6TtCQ8gxMdI6PDnb	CameraPictureRPC
_o5lbMqfAzhoYQOiZPfCs38vhkDM	OnUpdate
_qjZVzAFA45eS6xTRmG3kZbhlugd	get_C_MenuColorHighlight
_7by2pf8JD8UyDmM14TaOrY3Vxse	<SetupOptionsMenu>b__4_24
_Imuti3CrocMRCyBHFD4P4xaL3ry	DSharpPlus.Entities.DiscordColor/<>c
_wRRunG2RLJiFqXXnR5IsNCbp58C	DropPortalInfrontRandomName
_yJYju6XLUl4NGpIHfXD9QvRoCLc	get_Flags
_gJtKA2IXyE8EFVWo0y5cVFpdPOH	CreateFileSignatureInternal
_ZD25SjfeWSH0CjJzAwymlHOjs8n	ToByteArray
_w292b5p1nZiUmDslu1M62E2gH5C	PendulumClient.ColorModuleV2.CMV2_SpriteUtil/<>c__DisplayClass2_0
_KGBYaWgRq8o2EpPJYTIOjqU1qrb	Evolve.Yoink.YoinkUtils/<method_10>d__43
_hNhFuZ1J93F6lDIOIX1Nd9qJz	uploadStatus
_s12CJJZGNKNcMVVyCxAeMohtfR1	<fullFizeSize>5__9
_VMiHuNsFIXv918LZvwtdUfAqTE	normalizeWhite
_517zmBqiTl9cleY5sdG3hALxrAC	OnStart
_SHWWH11cctrHqzjKf2PaQ9TZi1E	PendulumClient.ButtonAPIV2.APIV2_TabButton
_sjMY5eZ86Ws6AseLaX8wo9C9Mke	<UploadFile>b__7
_uyrWs75Yrr8QhQp2j6mIMwt8W2E	OnEnableEvent
_M3MBbgVdsm5FmY0nHIJkqehoAf6	<OnUpdate>b__125_1
_vF2jrLhjxUu5nvs7nyNhpqiDx0g	method_8
_IwUztPOnmWnvW6X8yx0b2BcZbPi	StoredUserInInstance
_GrLgMFLP8LupAL9EitQ5GaKkZhq	FlightSpeed
_yHacnjNwiXM3eCtCrrvzTywEPtc	<CleanupUI>b__1
_DbSxgfXDvfQdCqoODMMm4QchynC	get_DecoderProperties
_R7AOzbFAcFgLqgypQ3AU6FqtDhT	<array>5__3
_B5Xb6eurMzCnbxRj9Ly1PuDv76h	PendulumClient.AssetUploading.ApiFileHelper/OnFileOpProgress
_W9SCSY8M35yF00qY5XNWyi1bJgR	CS$<>8__locals3
_UBsse6520XoMZzjbvNztHPtzK5j	<SetupMenu>b__21_9
_5PnmZDpYnts1nAnQ2BbHh76AAjE	<PrivateImplementationDetails>
_qyoFlo2dgxkPCVgbL13KIFmIYsG	wAttributes
_Erg2yTyiPrM8kUXOiBjf1Vy1r7H	<SetupDevToolsMenu>b__3_11
_TVm2aLjofgW3xvp7RIIcRI1evfu	_5PnmZDpYnts1nAnQ2BbHh76AAjE/__StaticArrayInitTypeSize=32
_yfi6r2QEspwIXtv4Eqoxf8H1pQh	<SetupDevToolsMenu>b__3_32
_A4qDlP0kdxqrBL5dcReaNuLy1dD	<Title>k__BackingField
_RviwLKwxc1EILaiEfWCPv1bHNEH	cached_buttonprefab
_L7lbXNTNc1W6UljcY9CGby1Htz7	CheckMLVersion
_XjWNngdH3jlhYmDd1pl8VSfTeZM	CheckFile
_eUjeTro2uodDiDVHDojCdz6l87aA	DeveloperTags
_451E7yTfZpCKGGiBy3TjNXWO1sJ	ChangeToAvatar
_icYcpzJNYloAQUN5EJQ2kPmPEVu	NoClip
_FwjHc9QlaDBAz4Y8YqsOxEamij	GetStdHandle
_wvugqkDeiFfFepGW3mNu5Qh1eOg	string_3
_u7rlimfDX9Il2pXXfCbNlAbjKYAA	get_Compression
_c0sBD5OsC4imud1bCAa5jBCsdbhA	myStylesCache
_hREut2ESPtYYhm9LYvG0fiaerbK	<SetupDevToolsMenu>b__3_4
_XQBJWjIdcvyBbyfYab7P8nyhQSM	UpdateColors
_MAxqzHv2XVwlzLv5iiGFoDrj5NB	<SetupDevToolsMenu>b__3_29
_I0Nm3iH3RhCjE12rsJDTLzsBD6s	SendLoginProper
_vcMRK5fdSguNU6FuYTQz0WwAzZ	get_Width
_J2PM7sfB4gvKHMeKz9dyGD4HFxA	<MenuColorTextHigh>k__BackingField
_KJ14tEH98cZBWA7IVQ3khEcA0YT	PendulumClient.AssetUploading.unused.ApiFileHelperOld
_AW6dzOLIWhUDOgBSPtGn2lrBn5z	<UploadFileComponentDoSimpleUpload>b__5
_93VlDKSlMAxqrQBQNyb221qfYGn	textColor
_VaKjgWchuxGyFRQlXiwqeW4CMxe	get_Title
_2H9NmhpdvHoA9ovbRUS3oGcWDJfb	PendulumClient.UI.DevToolsMenu/<>c
_vE5wqwobqYD20L4N5ouDXLyStBq	<uploadFileComponentDoMultipartUpload>b__7
_nCuiPQ2ydwiCwujtc1pJ7yIYa3	_KJ14tEH98cZBWA7IVQ3khEcA0YT/<>c__DisplayClass22_1
_qU2OsOaHjDr7339H27sZnCoTboJ	FromReader
_BgJdO7KWmZY1dkpYO0EWOgx0SOC	set_C_MenuColorText
_wbhTssYi7xUtV0U3KoByStrXCOi	Evolve.Yoink.YoinkUtils/<>c__DisplayClass26_0
_ypHioHDsgi2KeNbHfGZuNabJUu	<IsDisposedInternally>k__BackingField
_0Hjkl0OLaW5sCBEACPuaWC85ero	<asyncResult2>5__6
_BS5pxWRbaDCpu3iWvYIsa6Q1j3x	CheckShaderBlacklist
_bMHaJZUfznJHPCevbgO7o5FiHJhb	SendPCB
_0h9D5I518iOt9pNFQoyFj9Loak2	ColorR
_CMOAzzXdfmz6147aGTxIp4pNeoT	Log
_jbVPc41OWhNJd1eS1LfH5IRkLtF	float_3
_lLsHMDULnfUkkjMXwP2RDxYFmON	MenuColorBase
_YYkaMGjkjsmODp8ovqKMmt7ql8b	get_Description
_TpNebrBk27cbgMUU9q44yXZnFln	AntiGcList
_v7qaunk97vGpKndeQ9ZDjaTL9YB	PendulumClient.AssetUploading.unused.ApiFileHelper/<>c
_Ka1qzkFJ4k1DzNpLW5OWogPP8Nh	<MenuColorAccent>k__BackingField
_1uV1xBOdO8Za1sodl72DByeJpQsA	myLeaveSource
_M17k7aVyBgpJdZ9srIcNY8aMhJC	uploadFilename
_5uemo6DGyxXhgM4aKyfJUKkA9bp	_subMenuPages
_VBN4DS9ET2ntcPEihf0r3GG8Hyb	UpdateStylesForSpriteOverrides
_2iY3zoYEUIC71BJBMd9XsneDVdC	<UploadFile>b__16
_o1HnDCxzIp90MzpKF68VYTZNBHI	SetupMenu
_tNAZ3TC5U5H7hU9vptyUbjbLJve	<method_8>b__3
_Y2MKVfYqba70yjtDwrCMh3BimSC	PendulumClient.Anti.Hooks
_f8A3r5pAAGxUr5Hukj153B7uQY	PendulumClient.AssetUploading.unused.ApiFileHelper/<>c__DisplayClass42_0
_dMYcRABFKnGakqGIp37buTzgxKK	Compression
_OCCo1U0qsnDmMSZvON8WMxJInoB	useImg
_9f67upfAdYoSU3ZwGQeapUoxNlD	<Upload>b__8
_poSKwsDViFYri7MfADwOJnZcstB	<flag2>5__14
_qOcU5oRhRD7dcLQnJAscA7JGUNH	set_ImageUrl
_CBmAwWxsRASZdRVlL6uIARoKkBD	PendulumClient.Main.AvatarYoinking
_GVLmAMrwlcQdVvdNgNVlEzC3Det	PlayerManagerSetup
_gJn6hvIkeZs1FsN1xyH2gJmoLUB	OnLevelWasInitialized
_aPt6YVxvG1sIEPDgdReYYWZz7fb	clr
_3wQPTGDo1uUa0gwm3pUZLWox7DD	cached_menuprefab
_5p1K5gbgjLcJxpBJZa2aR7nm7dn	IsCrashingUser2
_VSld2VaW5QS9ywVZveLXpvWckRD	ApplySpriteOverrides
_DcHOfpGqBBRaaHifiTGgSkxLesH	myOriginalSprites
_UEHiYFxdCOFkBqmrnLtnnWRrW3C	InviteUser
_tLz3aZ1f4F9rYetXlhOx8C0n1wp	X
_UFhXAvzjemAHfrS9ew9oiwARFx5	IsMixin
_fUzdpiLxZ3czN2vswwdMY3BFTdh	assetGuid
_U5jkTJH6KdmpTIRLi2rPTLhR1g	PendulumClient.Main.SpotifyAction
_d52bvdfcOb9bl0nY0xY88w5W3ju	PendulumClient.AssetUploading.unused.ApiFileHelper/<Upload>d__26
_BPO1gTdhPwvGT611maQk1yhjDDj	upload
_8J0ayu6dvsGfLdhTn4tsGKOfIIdA	PendulumClient.AssetUploading.unused.ApiFileHelper/GDelegate3
_9SZcifydlWLmnvsucuhgVdDeZju	<UploadFile>b__19
_Ye9LJPbGn7JkUdqbZfKAJYQEZw9	DSharpPlus.RestWebhookExecutePayload
_IkVDmo2LrUpWnqyBZoHHimDYhvS	DownloadImage
_RIDqZWLSBxOf3I8yL0SgHudKdHD	set_MenuColorAccentDarker
_MVDjrdX9oHcfodZO4Iz048zc8Li	<UploadFile>b__5
_emtBPkusFVV70JnIoCiXuofZutn	ToStringNormalized
_lyav7MSjBlH4GZOBARTUC1uYaiK	_width
_W56q5EfCn8lNYkN9mEoN7sFi6qA	<C_MenuColorAccentDarker>k__BackingField
_SQT4s0dW5FNuLjDnIczhhKjsRmg	Evolve.Yoink.YoinkUtils/<Upload>d__26
_jAbJOE3jpurCVSnGMTgWwR6nVFi	<Height>k__BackingField
_yXbdfoSBAFwoBdGULZ2Zkbkr3y4	<SocialMSG>b__0
_0HscXcYkzATtqPpZtIYAwSsDAaV	<PushPage>b__6_0
_i5HFvhYJ19X29atLu9uETSaPyub	ColorToHex
_qh1x20EmdcgmSYDDM7OoZ1ugIeb	clippingEnabled
_WpaLaiQ6dwVNqUtbMe7SgMU53FL	<SetupLogoButton>b__126_0
_MXnAohd0y3QlXKdjl80w7KZmvbk	SetColorThemeV2
_C5TXCjd0lEXmhLgZaJ1AFhXstgA	<Refresh>b__2_0
_qof1EFWjka80pdHRIMKEYIELhsD	Evolve.Yoink.YoinkUtils/OnFailure
_RL2UAnLJQFudbkA7infdSraND51A	uploadUrl
_vCj96RYsc3qbGpBAb4kMumjTdXJ	<OnLevelWasInitialized>b__0
_ED5fwNni2UjSV91pyD3Z5dqeMuG	string_6
_aw38nNVf17d0PgcvLwiLEhcjP4E	_fields
_7b3cTx0FxiMg0VVcd2i6BaaLOVzA	<bool_>5__2
_UI9ay0gy1mt1ayFawkcvloYnHMO	devmode
_v8VsqH7dc8AIK39JZXJzVjvOoGd	ChangePortals
_ZVyjaC9jKEm3VDY5KWwt5sQWbEb	add_OnEnableEvent
_8ya3KgW6kN6D7fxxBVYEdWLkKWm	InviteReqUser
_ekaBXYEA1FVhBcCPyj3U6roP2RiA	CheckUsedBy
_ieyifGGqVMTDWaGMxrLedzoczY	ourGrayscaledSpritesMap
_mtd3ZSnGNfXPkkx0KC1Ci1ooERs	<UploadFile>b__14
_FVEzSn3iHmm6SKHANVLzFlLmAYd	PendulumClient.UI.XrefUtils
_crR6sIUMzDxI42N99rGyIwRk38d	BackupDefaultStyle
_MRpaO4mDuEnfPQU25bbucsi8B5J	float_0
_pHpCHnj8rAQWXOJSnRFRKGGV4ue	PendulumClient.ButtonAPIV2.APIV2_MenuCategory
_zaH6PYb0hjybMufQgn1pYNklx0e	<Type>k__BackingField
_5kJ4IxUzdSQLC0vAN2kVyyk44Xq	Refresh
_Q3YSeFry2Mb34k4pJGyh72noK3c	get_C_MenuColorBase
_SdPaoUimA8Q7VCbPeZlivThaYZY	<RandomObj>b__122_1
_BeYllZQnpGWNuZdu17Vt8GoPtrb	RegisterSafe
_ifgVW7Cdnfit2bCofLxxwmFBIeA	_KJ14tEH98cZBWA7IVQ3khEcA0YT/<uploadFileComponentVerifyRecord>d__38
_6FGs39g3xiY3eM2M6qmfX85798B	text
_Zdy7WDtHrT0uuRo4G24LHFBEqc	<MenuColorBase>k__BackingField
_VkbWiCdAoLBYpt3oXLWz1gEVcIc	C_MenuColorBase
_3dRGFnxWOXzbQDKSnkEbrAodkMG	get_Interactable
_9Y6C8QyWie8LSZ4RjjHWImLZVuD	<Upload>b__18
_VubhAoMtuEHHoejrEC1jBo7k1fb	PendClientSprite
_L9IxkfIxxA2eq96Om3J2AoTdQTq	NetworkedQuestMenu
_GnqSOguSKAkm96ZFkAMaAmpzn4I	Dunnowtfisdis
_i83XouCDooJl5nZb8ktpvkIK4og	_imageUri
_JXed03BPmpLjFf4fIp2XRSFhBGP	LoadingScreenStuff
_vYlpEnfZ2SPs1Ls9Ygon22HhgBe	Author
_IuaAqnlDDqh8cnKrINBPdlevcHF	C_MenuColorAccentDarker
_JAt8tdRSFjvR2wnF4lKvBWRMBHJ	GetXMLFile
_tibA4KCIbfyHiggpSqkuxCJkcaP	GetInstance
_1Zw9syY2cYRSW6hATSLQFIUaPik	PendulumClient.UI.NewUIExtensions/<>c
_rTIC2qSgk6xh2dNScCHI68SeiGU	CheckSelectedPlayer
_F0Lc5kEFTVgLqOlKrkrScrhqIHF	PendulumClient.AssetUploading.unused.ApiFileHelper/<>c__DisplayClass41_0
_pBwYAWCZOU9Q3kg4Qi1pWsNI3SG	<fileStream_0>5__2
_P00V1flcADRPIcb09pNg34YRLcX	PendulumClient.AssetUploading.ApiFileHelper/FileOpCancelQuery
_FTMCbwwPN9WlMHgfgFriRkjtYb0	set_IconUrl
_WW7l36PoaiKb4T0DloTb57aastn	shortcut_menu_open
_s39koxZzTs5apOqzBwZrYJ9SdlC	OneTimeLoop
_tZ7N1wZI8JdutBM0l3o3PIhW4hd	<maxDelay>5__7
_ImeKvBz6ot3zw9KUJ7K54bYYwBc	PortalDropperName
_ZyShQfeiU9I9TynCKXqSW19cY0d	<startTime>5__18
_cep0vsVQExdqFsu0IuwftYnC3sA	<>9__10
_Vx4UvqIUdnIiTSgMGcFGMxdnreg	wasError
_eyv3LZjEqgEkkcrNf5zuznqotE	<_ret>k__BackingField
_DKWBpJCqSme3ZTS8b49KJZNlMV3	PendulumClient.Main.PendulumClientMain
_cakDslovJLgWI8g8MuOCUBPtDaJ	remoteConfig_0
_tEF01pG6jEm8XGUFUj93ntQD5yA	IsDisposedInternally
_91iYFjqYPj7VnON85zKFnQ9ILrh	RemoveSpecialCharacters
_uX4b6oOD9kSA7d0yv7mKukOMzEv	PendulumClient.AssetUploading.ApiFileHelper/<>c
_do1gLR3Ss3hAXNw5OiMaIVymqVt	DevPlayer
_ZpKefTeKJgfEmEoVIj8eVKXdwFN	<text3>5__11
_w4Mq5H4d9AZeXDyz8F8FLxDEGfKA	<C_MenuColorBase>k__BackingField
_qogZ9A8ae8El6Hui8wEWRtrTHa3	wc_DownloadFileCompleted
_LvDAgjCkQfdQVt6d6y7NnxyWiiT	MooniPFP
_6hZ5t9XZWDdc9cLmbpgtIRM4tFk	<asyncResult>5__5
_2QN1X8rpjAZeCV4jXQpH4L5zkNP	<UploadFile>b__2
_UzLOme3cM3KGqAr5NmsCdTpqTQp	Instance
_Qien9Ekev7YmLo1SKSTNMgQxZ5D	<Flags>k__BackingField
_UNcsVz3Xwdg0a9gdq298sVdmBPh	PendulumClient.UI.AvatarUtils/PedestalRefreshDelegate
_IiLuYjYod8kxGmqnkooA987KOpi	_KJ14tEH98cZBWA7IVQ3khEcA0YT/<>c__DisplayClass37_5
_PCJXk6KF5xLdOU3JVDDpzJ63tlb	bool_
_LFMmJJ20AuYC6XhebqmC1bSmR4h	totalBytesUploaded
_cOcS8EyYt1gdW7DeL8vQaX04Dg	method_2
_lJnAlDDlhxXghHPdiMvYuT7bEER	SteamBL
_NyWvUKrrtkIwkA8MHuXGEIcthac	<>9__12
_qiT35HU4OKz9GZmEPZ5AI9ZrsPc	<SetupOptionsMenu>b__4_18
_gQTLujqgcrIgm3At6ybogh5jcIn	<toggled>k__BackingField
_NYVMoh0jXVtobwCbitR7H1Ui76y	<>9__14
_4uhHVHDM82vBWrvJOY4e2169WHe	EnumWindows
_iFJCaAEGcNQzqJUD7pQslNOlVRbA	_toggleIcon
_7dPdIide4C4MilN4QqW7fKbPg9n	AntiPortalToggle
_NxYb2G3cU3orz5RW5pNyLVYaMQw	<ColorOfTypeIfExists>b__0
_XMdBDPBN5pnWt9vOwNHPMRVU2lk	<num3>5__20
_cLEswIjDXycDC3rX7StYhs7z7zF	PendulumClient.ButtonAPIV2.APIV2_MenuPage/<>c__DisplayClass22_0
_TU7UufVQB0lCVpJ1FpkBSq3ArOf	<>9__7
_xgLAJih9rkr24YC3n490McZc0Iu	set_Text
_tI1abW9NshonWWwBQ8aUO6b4T7y	<SetupOptionsMenu>b__4_8
_XG7wEAOsVwuq3BKfdPojJTWdaET	KyranPFP
_zoWfcF5GloRaBDnkQ65EI3Gpoc	set_MenuColorTextHigh
_7zfNHMWT3HbEcGrLPFTtmyzZErg	PendulumClient.AssetUploading.BinaryReaderExtentions
_sYLpnLz9PnlaUJ2QUe8g5FDBeyg	set_toggled
_bNHYIWGYBlXHSUCgoNr8LKuhNbd	signatureFilename
_FXJZ008LC22bgC6zE6mNi3Tq8UP	PendulumClient.AssetUploading.unused.ApiFileHelper
_T57tIH5YNOCnUQyfGNMDSSSxNsG	UploadFileComponentValidateFileDesc
_3d3ca4t0sxYx0Zm8NKvKs0Y7xtM	ForceClone
_VGoCkY551yL6yzBUuNHROcgKsTN	get_toggled
_vsa9e7S0mIvDpItQq9eucakz5wd	set_Username
_tnsixhuWsmpX7FdCzPNF1cKHY28	fileMD5Base64
_iUL9MQpYihTE3G7gxjhzQD7KPgG	DSharpPlus.Entities.OptionalJsonContractResolver
_pK2YNzrAgiBgVvMadxB48YdXARC	WorldLogged
_chGm02y0v8WVcBwh8Nbp8PLBmrj	OnModSettingsApplied
_1oraxK8G5cTkyulyxYeUtmRu37F	<flag>5__7
_nBvh5S8JyFn26fzpLHTApEYCdhb	FileSize
_ONeQU0DloKtBhUMB6aKIqO9cPR2	WriteJson
_WtlCm7E4FhrleXjzVkuM4WxKCOe	PendulumClient.ColorModuleV2.CMV2_ColorManager
_bKgcvbvHHmmEZzEXa5BdLu292Mw	ColorDWORD
_GzCCKX9k7kB7Eix0aUza6LZLNwH	dsobj
_KQqMOSczROfJ9Q3yVz5WGvnbBfN	SERVER_PROCESSING_MAX_WAIT_TIMEOUT
_wZXqnEXAeP1fQlWkgUP6frWwX7C	<Provider>k__BackingField
_PWtKdInLFPKJbTh8okOn2sP8LyN	PendulumClient.AssetUploading.ApiFileHelper/FileOpResult
_q4eNxG9NUjNY4cGIasGaYMFSq8c	<UncompressedBlockNodeHeader>k__BackingField
_G2MPYxaaf9YIdawA4LQHMIatnIV	FunctionsMenu
_gEebroolLrw8RtluCH3IFgx0xVq	PendulumClient.UI.AlertPopup
_5C7BujoEy5UxkafiFoD9IbRejNf	MenuColorHighlight
_hfUbuwT63NlKbEQHRCi7HsdT9oC	DebugLogQuestUserLeave
_SLbbxQoIrlyorwDoOhzuRk7e9NO	<uploadDeltaFile>5__11
_xOGwVKhJDEYUfeiTcbgItS7eRur	Title
_N78vRvXydUieck3V5Ehjhp1E5cu	_height
_cOJS34kVhlxRpV4h0Dxkk5wB2jK	ColorG
_haNFHnlOOv4yAFzGnqq3V7WAEFR	apiFile_2
_vhJoGQ4VMzvavrFAtT7rWN8xD5I	<ProxyUrl>k__BackingField
_0qXvzPgFnuYYSPVmNGJJ6kK1w2E	FuncMenu
_3Ojq4ACPI0Sqf7L3bz0nEVF5Dek	<SetupOptionsMenu>b__4_33
_liQqBQiccllqKVMseKoUpHlOYch	Footer
_jtmKXQB09Bt8GgwfYtqZp1m8lUb	PendulumClient.ButtonAPIV2.APIV2_MenuPage/<>c__DisplayClass23_0
_LEBcA296kA8lWPqju2DvlSHJr3q	ColorOfTypeIfExists
_qe0AfS7RFlKACPVfIwvkLAtn5Ls	Provider
_yiZhaZ59sVrqSAB9z6WR2Y0JwWc	UserTags
_hEM6vs0DucSYFFvfmwwnLqVjqdB	FileType
_TRMDM4LIpzyzSIzhrTxogHVNvvA	ChangeHudReticle
_0z7wncy9zlw3yua2OMO6qFHUCMB	set_Description
_1FwSjQu7HMNfVss9AXWiqUYaGjL	ReadAllLines
_gzKlw0bBVLxWdIYamBDDZDBfSrBA	Evolve.Yoink.YoinkUtils/<method_2>d__29
_5uzcR7aUtS9zt5k8ZYhnDnKlFhf	existingFileSignaturePath
_6CXKslndwP9wC8YVHKvdmUjVWIR	outputSignatureFilename
_pHVVa4K6StyNqcLd45WsmcSBrLQ	PendulumClient.AssetUploading.ApiFileHelper/<>c__DisplayClass41_1
_YtjMeowd0i8VIDJU9fQXsrt4hdc	_value
_jytuvhGZy37qdesj4PIf0Ynra3e	<Footer>k__BackingField
_BdWj9yFiCzXG0PTJP7rkGL6MJoV	bruhhandler
_oMiacDprfMlP7zJeNykUKhevvoB	LogoBytes
_98dkffQIg6NmDiE3rth48938gJh	cached_headerprefab
_S7uChGwBQCpr4vtSWusvHk5fS4y	Initialize
_AzE3dYKYs0rmm6vPGkgMikxlaT	GetSoundVolume
_sTrir1o27AJcNU4FYglQ5ZIMgXk	CreateButton
_RZkPIsSE3enoLX8ailYPfcWN6SL	PendulumClient.AssetUploading.ApiFileHelper/<>c__DisplayClass26_1
_se2gVrnXrryLbmgUMRTICIDLyEN	<extension>5__2
_PXtOKFyVyP2UvBg8fJH9DDeBgcP	get_MenuColorBackground
_zBDgQYIBVQ2bdsY8PI4OebbsMNK	PendulumClient.AssetUploading.ApiFileHelper/OnFileOpSuccess
_7ZGtjdDHuarFbdpKe1E56MoDFJz	FriendReqTimer
_35IydX6KBzkJZRCIdDlfNDsPFCq	_FXJZ008LC22bgC6zE6mNi3Tq8UP/GDelegate1
_ra3tGAoxnZSbI15BYwfHZ4O0fO6	SetAvatarId
_iKKWYW2vlXt1xA64oKMXy9aA9Om	GrayscaleSprites
_Bs9d6r5YOgspb6le6a31OGOePSo	<Upload>b__13
_CpTZ6G6hSmDehzMXUItQiKQ4xjG	myLeaveClip
_hbNAEDmSsxZnHBeMSaYVDNCh6fR	PendulumClient.ButtonAPIV2.APIV2_MenuButtonContainer
_MzbbWQFeMPmtgTgafXOJvYi4QCd	DesktopCameraEnabled
_fdLny2669UGdEqpYiwwfHs3q8Vg	StoredCrashObject
_RicHqSaBCXcRZLworDUkDjehSzc	_FXJZ008LC22bgC6zE6mNi3Tq8UP/GEnum0
_zc5Axv2097yXD6CzJTVTCL02yBg	AddField
_LBq8eqKQVlo1qeE3cFRK7QGmbcI	type_0
_A0Z2tVtxRoodKbbewWawFNaFy1g	cached_containerprefab
_F0o4koanj1FkE27xrnWaCQoQrlH	<method_9>b__0
_OgacCWppnnECWZp1tktjm3rJRN2	MooniColor
_D6QGkC2ojjMMgG6Aq7gOT5zsNwj	SeenFire
_lYmmBZ3Q76klcDvJgu4mQo1kBjn	EnableButton
_D2dwFneDSXvO5o7caetcKivy0hAA	make_slider_int
_hpZapsFSSZHfrdtBNOcyZdj31kvA	PendulumClient.ColorModuleV2.CMV2_OverridesStyles
_YzYuRTuQR7FXxYoJC8BS5gkwQmc	OnApplicationStart
_c0YAuB6XY8OZ487CkK6OWgdUb7D	PendulumClient.AssetUploading.ApiFileHelper/<>c__DisplayClass40_1
_faX8W4B1V7LaBXHONvQsy0XZfrd	smethod_5
_6AleN1yrw8NAw2T72JWPgWlQOqi	G
_vqmumepod6dKtHaW41BubKwyqEA	<SetupDevToolsMenu>b__3_10
_6vo6NQQGkGU9PYSTTeVQyEAvd1i	dev_tools_menu_toggle_handler
_p6y9RtEbaLefRfJlXw4PmOtP6gj	_DKWBpJCqSme3ZTS8b49KJZNlMV3/<CameraCrash>d__217
_mLfHXoMfujSuo7KzxzjB3LdOUAP	get_IsDisposedInternally
_FdXrpwmbfdae0Pu5ccDnkjhmndL	PendulumClient.Main.VRCMod
_UGxpvtEGo8aCLR0dmN3jjX5bkXK	<>9__9
_NjDlwDUxYwmLpMWvMDPWbya9tVD	OnDisableEvent
_yVyTF89tLGSfNER1wCNrluGTExc	Height
_Cz1qIWRYvsDQAPouj6j2CoOooQd	Type
_JDaZWen3VVNaxKt49CnO5VcX5pp	LovesPhotonBots
_aIduSpTscVXFYo9i6HymYUnqnzF	set_Footer
_vehE0JOU0MUvtW8sLNcuYBcqJjg	get_SiblingIndex
_0twD0WP36pZR9rpGmuvOYXweXnL	_KJ14tEH98cZBWA7IVQ3khEcA0YT/FileOpResult
_IP9eyhjTRtr8cmnQcYvimmv1S3B	<SetupOptionsMenu>b__4_26
_UQtGuUuGuGVlu6R63d7mFsdxw4g	ParseComponent
_rB5ksjjnqc4BmVmjWhu1pmmTRWg	SettingNotifyPrivate
_fd9LgEcmLguOmtPODZuPkEu6TOF	JoinNotifier.JoinNotifierMod/<ShowName>d__55
_ZEvyWAZ5B05clnjG9XRY6XtfZrh	LogoDataDownloaded
_rRUhN68iwXSA80q21SxIveyy1eo	ParseColor
_9rv07UVUylSBEhxdNUqAdyiQY4L	object_path
_4beqJdslwd4Nkq8pD0ZSeEU57Qg	CalculateMD5
_Y2TOuuLQN1rmjW99SrwwfWJJvsE	Content
_IupZYKqKBhydWLZXRUGXx0RTBe	GetRegion
_2SWbWeqW9TltdRGSVD6QcTaAnQs	CreateOptimizedFileInternal
_sRfnwskB2dQWQwKR9w5ae7SvjHo	imageToBlink
_7afbLKvaEI2ibcaEQ6kuJy21CPiA	ForceRestart
_5CU39wFFgUf8ddpuqggPsj70KQA	_DKWBpJCqSme3ZTS8b49KJZNlMV3/<>c
_ToZKLaNQh4Xhm6rahIQDC5Odiy	<>9__23
_JBKM5QYGY82LFzYHAtzhiVrFjbo	etags
_YNKNmvQH61wgaSDQdfwpK4WMCod	_random
_vAGm9QB0X7Zd2dkWQMNF5MB9yac	UncompressedSize
_NAjBNtpknNaKEWvjKDEmDn1bTBkA	<Inline>k__BackingField
_1A4yYa7kM0fUjFJeMJkDYYV9Llq	set_C_MenuColorBase
_7IEkfikbSZjc7c7US6FanobNRIP	_iUL9MQpYihTE3G7gxjhzQD7KPgG/<>c__DisplayClass0_0
_pmoDVGVIgpDMbXgLzXiWLmwGCGU	<CompressedBlockSize>k__BackingField
_V4hHHBjENQs4Qg3J8nEQThsWdkg	<C_MenuColorTextHigh>k__BackingField
_xC58aWbxIhcsfFSMFk5V70oEPUG	<SetupDevToolsMenu>b__3_3
_rmIvkATfBiqnVEmebJlh1gRLhin	GetDumpedVRCA
_YYOci1v7OuKKC1wB3UXAubfF3xe	get_ContainerPrefab
_EgqW4EQnUO4Hx6UxUSg40CMOVId	EmojiID
_KwJd8z9fd1kNVlOAQyG2JW8fdj0A	waittime
_M1s9yJzw2h3MgJ3CZfq4LqXArmy	SetPosition
_5yQcDGtPYeVSfCtIdspDrBlvZ2n	<SetupDevToolsMenu>b__3_16
_s3VianySw5EbkhbpAAT1lljVRkg	get_Height
_hhL05LpJUAAU5z6kBN4fUUifyep	set_Interactable
_xobBzbuCcBNvtxsSTlMX1VT0xEg	GotoInstance
_rPCbJxiTKujGUeUUgIcxjKlEQ3I	<buffer>5__3
_Ub11WojOMBLVspvbfghKQb05sEh	SettingNotifyPublic
_RaBtW90XibMxycBtdNaHJYpRNhA	PendulumClient.Main.Login
_I3FmpFB8vs0kUfYbwmEvResfhaM	ConvertAvtrID
_eKL76EICFLpcaMTsYOB3doo0bINA	PendulumClient.UnityExtensions.EnableDisableListener
_rscZS1waZ4LNDqcsQMqZFxZiyAP	CreateNotifierImage
_CZxifp7aMr35x0bLSlW31oDsSln	<fileSuccess>5__4
_EnsgGEPuKXynSK7EG0gBDRkCUA	_DKWBpJCqSme3ZTS8b49KJZNlMV3/<>c__DisplayClass154_0
_q4PmiGCKYanbm87oMEPJjkhAd8e	PatchHarmony
_Ep7Glij9YTiaaJwhlESKDx7S6mQ	AddCategory
_zySCP8MAeHPPKh6stEBBGznqEAH	UploadFile
_Njp3gaziZLJcCEojTf0LInlG77b	DSharpPlus.Entities.DiscordEmbed
_5ROCiMnD9RemInWCeEfSLqhIQjC	ProtMenu
_fBwYRoPepCmDn7dVRvv9gBMcT6T	myJoinClip
_4rC3knGsmNqkAxumVFzSgD6bpei	<Timestamp>k__BackingField
_sS7rMhr77C0GuGQda82itCVGskX	assembly_0
_ZgVAnbcAXQUiPQCstLGKG0omYJtA	get_FileName
_9nTFhk5KDZPJ16Fr1sCuPhKPeJN	DisableButton
_7Mnm2MnbtsndIDXq3SAC5NNPx3FB	AddPlayerToJoiningList
_W0lbt4IqI2KGon5VREonnSHcWJi	plrid
_hGTJdkVCsB6YbcrGRRMfbWkCDSj	OnApiAvatarPostSuccess
_0cDF7e0bYGbPyvRPFBgosLVo1no	<Upload>b__5
_r6cdzJMkVe1gdOOA4DeASE8rPqZ	<method_8>b__0
_NBWPoqLTBOwWIIWngcNOyLYCKCc	_assetNodes
_uHYG5Iu4i38Mq4f5FnZGR7hLfqg	set_started
_AfLGoex69bD1W3qXrvTFo5jcMFi	<num2>5__4
_rDeXD25DM7ZExftOGOZYl2VcosG	<num>5__6
_iI6ts706KyIuBbQZBpMhWZGfKdp	_FXJZ008LC22bgC6zE6mNi3Tq8UP/<method_8>d__41
_bO5dOvaGvMmDzfcIHfmVAAVl2VO	PendulumClient.AssetUploading.ApiFileHelper/<>c__DisplayClass39_2
_PzfCs26Es6hwRH4IlGA3X0Fg4EFB	<Size>k__BackingField
_BYUb7uRJTqM1BY17jTc9KNXpoLg	<UploadFile>b__24
_LucVHLW2Z10jNAlDvIiVUaDg3Po	<>9__8
_5KFPn0abG2sBP1NXXZCdOtFy9ZI	<timeout>5__5
_IFguSUBdQG8TZhyR209jeD1cKjh	OnUploadVrcaAsyncFailure
_WWwzGXjO08W6sqfL8TnNAw1O0Zf	Image
_i9URiIUIce3YPJgUW4MSlzxHZsC	_DKWBpJCqSme3ZTS8b49KJZNlMV3/<>c__DisplayClass191_0
_ztSNZjlbSzuPzV1XRa7ppxG2ttG	<GeneratorVersion>k__BackingField
_edAU4XRKCmSCO8leXg6YUhNFdmz	CreateTextNear
_d4hKcM9RBVpSn0l8HIrmhQ0s8fA	PendulumClient.ColorModule.ColorModule/<>c__DisplayClass10_0
_0a461CaxH3mrLVGlWt1BzkB1BbC	Failed
_prfEmXyCgI0ttm75dnNgOEuquUF	UploadFileComponentVerifyRecord
_fOVWpd5UNOoUylxyCZOJPbqn3zd	<SetupDevToolsMenu>b__25
_1nPlW8oEcysFMw6fqymRoumfPtC	QueueHudMessage
_8hD7VFDBPQCud2ycYLWDeJRzkWz	GenerateAvatarID
_WoRnrn6GYW3qElE1kMMyYOUp0re	Finalize
_ds2K5FpYu2oVBSAQyHg37bf1QQg	CorbinUID
_ADBDtyP7bfgcIoreD6HTcNF4eNW	GetRoomId
_wosrg5t7viz5ejQCHwsyxHA0M3C	<delete_dynamic_prefabs>b__131_0
_JGMDAF6blezTmy5berQIxjat6sPA	PendulumClient.Wrapper.Wrappers/Reflection
_BP3MaBwd0m75sz4LadSo85WoCFP	_FXJZ008LC22bgC6zE6mNi3Tq8UP/<method_2>d__29
_2K9h4KOiLg5YW7HVFLACwpzkylH	ReadAllText
_c5AMEJyiYfiexfHko0sj3wZp3nH	PendulumClient.ButtonAPIV2.APIV2_ToggleButton
_3e3NMnvcAQ3SfsRYyA7t1FVjeZJ	VrcaStorePath
_cPSqb9ww9NZ7AgMowrsczlG8ajg	_valueHolder
_EUnG1B7d18f6hrqM3MAxeP2RZSJ	PostEmbedApi
_NApDZR8OSfJ0MyLGV3XlebBf7zC	ReferencedDelegate
_ykKKvMitdM0jJeGGmzQousXfLtS	method_5
_2LZSKLEdGY22M0Xgryf0nMaoX3K	FirstAntiPortalToggle
_KoY3qXsaqUCF6iJysD4ESwbhtn9A	FromIL2CPPToManaged
_sxIdKsSvEL7W9mJeEEE9SmQa4Y0	UpdateMenuClock
_8i989UfS6NN6zPddUtuj4BbIJQA	SetColorTheme
_ANr4SOsgkxriS6NqWP5bQMcFdLP	SteamIDLogged
_oiJKlNH8xtz0ZZ4HcqffNbVWc1G	PendulumClient.Anti.ret_209
_uROcpCX1cK8lK1VRYZJdXJoqhEG	get_Color
_JtXVJ24cgMOae8pHpEMyNVTgqTo	SetColor
_b775L41J4N8BxlhFU1NW36QmTfg	DSharpPlus.Entities.DiscordEmbedImage
_nDjiYPqam8rnqK8HSbUD9mnnGGo	SettingNotifyFriends
_iA3Hvm9ctRIXMad3gOuHNMkNoNi	<Upload>b__4
_h2q1fgq8WSfaX5Hm9YYCI6D0JcK	JoinNotifier.JoinNotifierSettings
_zHv7mV6P4ZKmUwVAoeMbKK1TROt	SetToolTipBasedOnToggle
_jrQDouFWaeXxx1nd4MDMtAoOZGi	PendulumClient.AssetUploading.ApiFileHelper/OnFileOpError
_v2eecLQ8L9VjjVGUcljThA4jU2L	get_VrcuimInstance
_to1TAtCSSEbet3o66epfWTUqoPN	Build
_IkQ2HOIu2oyBrWbhZWHPZjPavj	Early_UiManagerInit
_vlowxCEho3uxvVnNzNw9qLvpcHH	RGBMultipliedClamped
_1lWg5tcyls1myntAMFbLZAGagoh	SERVER_PROCESSING_WAIT_TIMEOUT_PER_CHUNK_SIZE
_OdmitFsDM6cxOtW8izQKXtQcVCs	<UploadFileComponentDoMultipartUpload>b__9
_Bv0mZvkXHcqfiKJ6F4InHBx3QeE	TryOpenNewMenu
_qYwmPULP2Crs8NaZBKyjXBdEFzW	myStyleEngine
_MmvwM5K8Gt7h5RIcb1bItTlb5gA	<TrustRankButtonPositioning>b__0
_7bycnfyQ76dKjNR5OriqKdEAGcp	PendulumClient.Wrapper.Wrappers/<>c
_Pu8AbrUmtgyF1lV0mm9iBfRciI6	<SetupReflections>b__16_0
_ngo0zdrkNAqBA8JBSfGX9MdHboy	VRChat_OnUiManagerInit
_C6y6LXc3hYztn2OovDv20tnaFXc	SettingsCategory
_ouoRHV8xW7t7p2XO4GjJiQbtCSe	float_2
_zot50L9DOaFFGh5AwzY3OLAG7hQA	_FXJZ008LC22bgC6zE6mNi3Tq8UP/<method_1>d__28
_jqEnvcBjBwvhV1Mw87Lbb67GdYw	DevCircleIcon
_of7XbzLHCCqsVGe136OTvu7iEIb	user_menu_toggle_handler
_0YiqzSNM01M6YOEAP8Z9K5PrUnj	PlayerText
_thvDrGwE0euw7wYIe9VBSn1k97h	DevOutline
_GejdyOkximEhMTSsN8fDeSw4Evf	<uploadFileComponentVerifyRecord>b__2
_Tb4L1L7y95RRt7SDuwwaGR09PLF	get_G
_IOUyZ8NnV6tpC6EQzlAOna8mx3F	SecondListener
_pi7bgQLETn4s6fpXBcZntg7zYRP	GetUserInteractMenu
_tdHI0sbcvBkij2zK0mAze9turoO	<initialStartTime>5__17
_fjyta9wPrb5AZ6rcic2HpKinV5e	ProtectionsMenu
_XyqVSJzQLOeNGodaON3DebqDZ4w	<FileSize>k__BackingField
_Quzsp0SIqIEySj7dXkq0C0PLIrM	ShortcutMenu
_xdEUQSwofAEeQJ7Ch6lxdoHMl3V	DebugPlayerLog
_Edl3KIsq8M17rVAAb3BvfteyvUN	<timeout>5__15
_kUVDXgo7KRUW7O86Z6RtxSRpQFH	VrcBuildNumber
_mATLHrsc8edAjDbVldKksgwYdTo	Selector
_hG7fa0WyEqj6tULXgcR7KD5SgnH	get_MenuPrefab
_IARKwiQcjgDrsSyVEsOGgCGmMGf	outputDeltaFilename
_oUg3NLgWb3tGgMFllSOKeE75Cu2	ColorsSetup
_j98UjULgJXi3ctDE2BIBHQU6YBl	JoinNotifier.JoinNotifierMod
_p2lTBtqR877anE68P2rN7otcApW	<UiPage>k__BackingField
_lilT992SYlp5Rbw9YEpasteAzBY	<folder>5__2
_YhcaNIrD28s2gNryZGrMIZzrqbg	_FXJZ008LC22bgC6zE6mNi3Tq8UP/<>c__DisplayClass40_0
_YHn8fky63G5CK3ruHQfvAR0B8qC	get_Selector
_eLtbqJJNmHKbXrzowsBcXVXTHoK	<Username>k__BackingField
_a296FkJRhdoLP9xJvwZBq6sYMfO	<Upload>b__17
_W1glfrJeXY4myK3ZcSMUXoVxBwB	OnEnable
_DLfNjYt28s1HAXEHC8BNAS1BybP	SERVER_PROCESSING_INITIAL_RETRY_TIME
_zlHKs1C1ZvLcjdph8sDE1m6xtrd	<Thumbnail>k__BackingField
_TYduPcYpyawjjoOroWCtHLJb1hK	<Upload>b__21
_s4Vjl915bEmjuHpuzhXaf6Uj6ue	LeaveLog
_xnm1FUtWPValb43ahhOJCG6gycT	get_FileSize
_43tBC0izsTPepAx6tHic8bAEuzhb	get_MenuColorAccent
_q71377CrbawjDnAFUhljiLO7DmF	FlySpeed
_FW9c6ssaucDCrXDONlKrMSWdXvu	contains
_Q0s7FVhiWGKsZgbYO91bZf5LVOC	GetVRCUiMInstance
_kdVp5v3d2vMJPYmubLql4mJFWEB	<MenuColorText>k__BackingField
_1Qeq7dcCshbwZ1Qy5Gwecg4iWgb	op_Inequality
_NjJyCVEZlpgx4LPCxOG87j1k0Gg	WithAuthor
_uuTBPCEq3JKKLZlMvWqBJvyeAap	SelectedAvatar
_XmKbb5cyD7DyBKBsCtPD7KiOdvW	<tempFolderPath>5__2
_ZbdchcahysAac0ItR1m8PLr3Q6k	PendulumClient.AssetUploading.ApiFileHelper/<CreateFileDeltaInternal>d__29
_8lNZuUgrZ4zLAsXjGX4aMKSQ1Yr	Stream
_jjXBMKXrEYND4sgU72sPZNeCDG6	<Upload>b__11
_RFUD9I1fHWKi0YKaV5c9lempAOLA	<size3>5__13
_A2e4gLudnJ8U0UFcyjWRGzUez0b	<HasValue>k__BackingField
_AafII0ECKcarRTCoD22DzDAcdMY	<action2>5__5
_TYTA2Tbix6WFWU6dqdar4PICRfNA	DropPortalWithInstance
_16KWXiRX7tws03FaJ7gwvHIqMzP	<UploadFileComponentVerifyRecord>b__0
_v0dXq8EETijG36oAPFUjmoya4Sh	get_UiPage
_zd2ak6Qx9R70X4opewvNVIshP4v	set_ProxyIconUrl
_shVTre9TVAybmFF70fZAtGWpYRn	set_Thumbnail
_KxvBR4zQBHuP7nBETs1j2K2RSGr	<CleanupUI>b__0
_77bXLZKjIaBERRMiIT1aTT80V2p	IsSimp
_HeJxC7Mh4P7W19KVRkK0EfQLDpV	<Fields>k__BackingField
_gEbchxhkCyTFyyYqnIPtrfkYh5y	<SetupOptionsMenu>b__4_32
_EaH7r0ZYyo0DRJW06fx9niveTuq	LogError
_DXuWnln6MFHTxrA2R4pc5LvtPIE	CheckCancelled
_0W4swMcM280zMz86rc1tZQpedmB	PendulumClientUserModeration
_bvfiHImbmcR5cn7N4r5Kyh1DCAi	PendulumClient.SetScreenColorsApp/SMALL_RECT
_drSGyXXaqWEVbjidSrJAZvvtOdJ	fileDescriptor_0
_MdlPWCDCQaQ1kppKp6abAX6vH9Y	set_MenuColorDark2
_vCWagHbtFooBRSBzCFpdVo4mexr	PendulumClient.UI.DevToolsMenu
_LdIbs3seK1g9GWVu2whlRT3KCGF	DSharpPlus.Entities.OptionalJsonConverter
_DghJAXFGBfTJdUv2DxWJUkQVAO8	DisableButton2
_PBHobeUlsxkrduYCopmL1wymTVy	<SetupDevToolsMenu>b__3_31
_rHadBNjlLulIagUzkPG4clEvIUbA	MenuColorAccentDarker
_x1z2MtWQnllOXkUCnVJhkVsFB8B	<SetupMenu>b__21_4
_ulPCioQQQrjutxedcKJmydI7YJQ	SettingJoinIconColor
_zzpkHF340AgcgwfvlhwlzlfCTFm	<maxDelay>5__15
_8niNCVFylUbba3j5jzRcXnncwzAA	GetCameraController
_75BseJFk60lUllIND7f9EWvO1n	GetPlayerController
_Tb4q9uuqlNzAmUnPIImgCNpHGDW	cached_quickmenuinstance
_hVaWvV5YjwRpnfRXCqufDLLIOpt	newFilename
_6nPPBFfswRCthNLyh5CbOUGSGeM	<maxDelay>5__14
_jeZioMBsO2ehi5FjYAs0xiaEygd	WithFooter
_qWFzYtIr4UQaerqze3xOXrS430c	WithImageUrl
_zyd517odJ0iERkJvURy9z4KdSlg	StoredPlayerTransform
_DlSa0wHdGDoduzGYubX0jlBzYaEb	waitforworldload2
_vEYPFIcW8bMxmVKR2PjjBdIrLYc	PendulumClient.ButtonAPIInc.ButtonType
_710qtoJtZ8cxw5IDdKgH7iKXPQM	<UploadFile>b__25
_VMxNMokVAscleCWHT77kzW71zVM	darkGreen
_SXr25iIWrZO7i1qfc85jrRBnRHp	FakeBanToggle
_RKRcbaki9B9rqYbgnTOj82lpor5	<flag3>5__16
_DhkCSPVU2wpcKskMxQKDErevfIfA	<SetupOptionsMenu>b__4_19
_gnce99rksZq2F2agYrxMaGnPaoaA	<isUnityPackage>5__2
_oXHtZfDDrDgUjtN7jumUDP857BK	myLeaveImage
_2EHNTpW37oZaUBlbVRVHXS6Y12F	_j98UjULgJXi3ctDE2BIBHQU6YBl/<BlinkIconCoroutine>d__56
_hvMU2me0ZSEFHQCY9vgReg1fLgb	<uploadFileComponentDoSimpleUpload>b__6
_jJeblEIheFAbjdPao7NdDeFgxPs	Destroy
_ZqUb8kmQEa7sTeWz88qn2PR6s8j	SettingLeaveShowName
_vWJSyoZ7AqiMFDMpn9sB2VabXRA	<b>5__18
_yHwQbqrv8zhbw6RzgULcXO54Qtg	CorbinColor
_VKMEULzD9r4FpnVgtQIJXgAFP2Ab	get_HasValue
_qS9Aiiis2PjwCnfFjxs19mBgss8	StoredPCU
_Jh1s92JkUyXiAKpjFpEKSEs8wVd	CachedText
_hFJZbaYe3vxq0uwUfvVp0KwUD4M	Text
_9fdAwBjezqHmd7ELDUY2GWIgMqj	_onValueChanged
_XxlPcx8QYyxdXDH7dARjb1w6hos	<UploadFile>b__11
_AFVHBQfnabffojQkcz5JbrJHAUBA	ObjectLoopTimer
_9rcW8cDo9Nt1Zc7caMN4X0L8AXB	<Offset>k__BackingField
_Q14xvK7i3efDbFmSM4vzXStGFaR	<SetupMenu>b__21_8
_MsZZ5KTSsFXaMxX0WK273vJHhoI	get_Video
_FjVhkuQNyAPHMzzha57ozN1aDwA	<uploadFileComponentDoMultipartUpload>b__4
_rLZMBGi9xQofiSeF5O1VItHIBZI	smethod_4
_SZSLuESfOcniiqk6GSBV1fbGFEf	WithUrl
_S93PG9mGZudOye19RTUbFMLFLzo	get_TogglePrefab
_ETbntLtYqQury295oJ7D77bRdMp	IsGZipCompressed
_1bEX4I9kACGSZLNjj1qB3Q1caYD	ACLink
_IUqeXD5szUmTKY65fKME5fizXvc	myLeaveText
_HJlbFsA0ho5urA8Fzk1V1cNXBMK	CloseMenu
_6P0maQOs6WiBLWMvOuN3BefvM6o	set_VrcuimInstance
_dVZr6BXhj4VVcjTUcdhGdzbNKNi	PendulumClient.AssetUploading.ApiFileHelper/<>c__DisplayClass39_1
_bda10AL7ygSVVNUEDFmciXTSd8o	IsGzip
_d5dN2sAFaXTbNc2N1L7wD4gV4io	GetSpawnPoint
_5tsnG9M0146de7qGgrTjLSPmg9b	<SetupMenu>b__21_2
_ppq1O2X5H8zTRQGjkJB0f5T60fd	PendulumClient.UI.NewUIExtensions
_U0aBcLdGbq4KDwB1tfcOcjmLeMjA	setupusermenu
_saiCr86F1aROTKDkm4TkrLXsu7e	<SetupDevToolsMenu>b__3_24
_F74iDAIhA7AnOpcAElSJ1gEsbL1	SetupOptionsMenu
_AK09KPaacZgQAk0Uecugp6NscEe	get_Thumbnail
_7MIWqM6bYqNfSPkgWg3H2jltKTt	ToUri
_4i12PrhB2BHEqMBJhZJvuVKJv0f	assetFilename
_ujjDAfgNbHV7OdVGa4BhoLsUyakA	SwitchToRootPage
_Lxz6exGE75SmrjULykDgXAmLBnF	NewButton
_IjYmHn35DjxCIdxpPeMM7wFVmdl	<DecoderProperties>k__BackingField
_70eeQNwp6Mfy3GjAnZ5DMJyyPE4	IsRPCBad
_cijQXpILxiUUpoIAOdGSDNR6imk	Value
_Wd7S18sRMkW8nNz6dwBdmr46eZP	<method_7>b__5
_14NdFAgiIb4CnBmXliCitOeIxEn	FakeBanTimer
_mkRFMyqQHbAQGzRaFLZjQOtCCv8	<inStream>5__3
_LTRywJXDVtMSXY5QgYZk6YNTFbL	get_all_player
_n8SIP5cOBnsPtRRA6QfXLXygyTd	BlockNameLoop
_ijKmcaElV0Fj2WPXBZem8fFbWC3	RandomInstance8Char
_iIoYUDLoKJQ3W0uzf8UQv2dbhSR	GetJoinIconColor
_YHgbsSrRTZkCGFXUlVDInrlNr0Y	<gZipStream>5__4
_FLKgdPFCdMd3rjwIGyZ5FU4DR9s	hasbeentoggled
_M2H7chuiP6bQBqR23uK3j69NV5c	<SetupDevToolsMenu>b__3_20
_stTY2WE89WEf5s4Di7ReVDdRbRB	EventHandlerB
_CVC1mcleJ6VGz9N0WUUBCvZN87M	Right
_YVqHrX91iJHl6Jb2dTwGTWxrhAQ	LogPlayerInfoFake
_pDbDhy7UO5kLHgKKIxybSzfLHgE	quickmenuInstance
_PLq3Ymg7CBMk551HGbCW5Bp16xP	IsTakingFakePicture
_77Oez8fJ55vGkHpheggggSTkq7C	get_RectTransform
_FvygXZOVhJpeLaEgqVtaU98HKiA	EnableEvent209
_MBj7W5bolIlGua9RPY84HmZroUH	get_Stream
_Mepbtb4kGErqN6AU56nbJhHKcPy	AFiredFirst
_Pp4MfTssqHxUaQ01RMddOQkYQWm	<MenuColorBackground>k__BackingField
_aNChj9qANREMgCLpEt2IQDZxSC3	green
_CvsRPHx1H0atnHLCp8yMtWHOj2g	blankmenupage
_hIuCOBmL0sEji6vYb7exShFNASi	<UploadFile>b__18
_XXOsMUbvq78rqZib4fwxpKyHKof	<Video>k__BackingField
_eKkWYDW2QSKB1YPmdwNFXvlQYFH	<uploadFileComponentDoMultipartUpload>b__6
_dWNWVJNrgRNBfgP1fOiAdOFl7iQ	<initialStartTime>5__3
_qfzchT62L3pf2hmcGsjaWN34200	C_MenuColorDarklight
_jQvL3uHxnx8Ha7gbj78Eui6BUSc	<realtimeSinceStartup>5__3
_gHiG7GcvHxFgHSTN47GbN3WzEip	ContainerPrefab
_AsgGILYKa9jpYxw8d8qG9C6v5hD	get_MenuColorText
_jtgBhGIyYddi7wvYhNzEVzwHTfI	<uploadFileComponentDoMultipartUpload>b__0
_grjq9HvcCbRH98ygYq10DbY5X6g	CS$<>8__locals5
_WNcKD8bc2NbyB6rL9IGgejbBR9hA	compareTitle
_b09cVhKUTODYVNNtvNdPbCklTdT	<partNumber>5__5
_3hvw7uVZWzWaCDWr8Jtfgl3ir2R	RandomObj
_N2UmmQ8Zw2VGddYXDnt7UwHJGOe	get_Author
_eXwLWxXY7NNsrYfE7wUyJrx5fYF	TPToPlayerSocial
_iaYBy63fqVBf6hXAqtgeXuKqWjvb	get_Offset
_FMoeW9IoPBKofuUJDaY33ZRQBuD	<i>5__7
_3DIzL61waywEd73IftOXhhXakxT	<startTime>5__4
_oU3VGV8aPbXjzBNFCVcqAZr8nf3	<SetupOptionsMenu>b__4_15
_UiRkngMAqsPKKobEe6slDyqMyHm	SendBruhEvent
_4rQLCTNAt9OFYbjf8bi6LjQXBki	Evolve.Yoink.YoinkUtils/<>c__DisplayClass41_4
_yMKndtNlI7rzrLN6SKpzhW4thHE	red
_LDvVNXA2Q4KLQOuIEQ5akikRCfF	<instance>5__2
_ElR7l1iuUMVcfjfHtWSCfZcT8I9	B
_2YVFZUGJzSEfBF7QbRLIwNxxKIB	_toggleComponent
_sFpaFHv3gUOkAoVYwZZbexzQ02f	Bruh
_Lr1aIjgyifV9yFZ8w7bNQMnPbLh	<UploadFile>b__27
_T8tOKI0eEAabE8TC4ineo6fb2FaA	OpRaiseEvent
_5kTd5iSNutON6XzMqSn9wGIttkd	<waitDelay>5__6
_ZmQwhArdZUjsGSrJHh80wGU5JVJ	bool_1
_5hQbwVy8iMEiQpTAjJoywsKrP8V	PendulumSprite
_w7eM7obCs0PFO2pJigUyk00kLVD	Desync
_KGXarpSS2pAWbU30eoj682fmCnL	<SetupMenu>b__21_5
_vwhOFAKl7CMBmb4PsffCDmewIBu	SERVER_PROCESSING_WAIT_TIMEOUT_CHUNK_SIZE
_Qpuj098bYm64vouPCZ9cBqm8s8s	myOriginalResourcesInAllResourcesMap
_FxuWzsYqCPPLlzC5Ju4KemxW2lN	<UploadFile>b__8
_0g6ZikQJXo8c0TFxzgoNUgx5PmK	<SetupDevToolsMenu>b__3_12
_qFAGqVDn681yDM1SIE0SMXlA7eC	set_C_MenuColorBackground
_DCOf7i0tht9IdUJg4uGFHss4XEE	IsCEO
_i6Hjls84p6R7fT7VduJgh9nphyK	DownloadLink
_UGWa12jdFn8lLWN5t8gm69rKwAs	PendulumClient.AssetUploading.ApiFileHelper/<>c__DisplayClass40_2
_6n16vC2vqtVdg2Zn5WiT9ANmwic	<method_8>b__2
_DCqad2NTwSu92RdnDgRNwzDjsUg	EventLog
_fmuDwI9a033r5KLT1NGqMRhUi0m	SetupLogoButton
_KgPrWY61lowpxP6Tg5KviEPFMKb	FromManagedToIL2CPP
_fo3B8PvFQhxr3iJOHS2K1yBsYl1	<Upload>b__26_13
_wuWgSncqXTLVxoH0cjWHAe0EJqh	PendulumClient.AssetUploading.ApiFileHelper/<CreateFileSignatureInternal>d__28
_JyOvHpABWJ9S1lhmfDk0fZk8SFo	UseCompression
_AuNJ6s9lOoeDngeAwA9JRB32utJ	<>8__5
_XvxnbpyTrqjn6w9xMtP7CmohIBN	<string_4>5__3
_YOdzyM4lDFvElXE49M73HA9nvXQ	<ReuploadAvatar>b__28_3
_fCxjm8mBrtUSoEL6G1A6UDJJJtN	uSpeakerMethod
_HL4stadlDOEChuyrZQTGs7mzJFc	<req>5__7
_pRsj6QfUi4p8fgkKqW6bgIn5NYH	C_MenuColorAccent
_I8ZIIHDKxYZqpgICMJo2xPfwQbP	PendulumClient.Wrapper.Wrappers
_WwgdZTLNT2HrmYycGyZRkJGxnQr	<declaringField>5__3
_jBgQWnTdeqseH9Rf56bQwWFyuKDb	C_MenuColorBackground
_E5l3WfWf1DkeB3xNFMyKqvAsoHD	SendDefaultPopup
_1hkAasvgN5scRJKMFafyQhSi6XP	<fileFailure>5__5
_OC1T07FZTfVgMhnQv5OceqvaXjM	SettingJoinShowName
_MiSq0YnORky0ytuwGQkvVzFwfyh	<UploadFile>b__26
_v38oyl9FvErikiTVBLiNAcIPCrJ	<ReuploadAvatar>b__2
_RlGfcq1dHSIKW87TiQYMelhcAfLA	SetupReflections
_xwHFiqIHD5CrDOUnCcSAqJHXhZJ	get_Image
_IFamdSBhQPN60BUVjARGXrZlSrx	<SetupOptionsMenu>b__4_29
_iYtsjvnwd4wDmEOeduSFOnR2gFt	CanConvert
_GfmDmPLAA6My4sLo1sK0Y6UOGwO	_KJ14tEH98cZBWA7IVQ3khEcA0YT/OnFileOpProgress
_P4AhTrWRvJk7WAyi5xYu4fVqEfF	VRC_UIManager
_hXmRTWqypK2BNTtayEeKw0haqfn	WriteInt32BE
_cyOL8eKDm1YnFSSLDOtaiRBEog9	KyranUID1
_TrGYkwdNtLrQFm96eEHfvDBkyZg	<Build>b__60_0
_NX4dtjkJm5BrJF2p3CcE1KNXvyQ	FakeBanMessage
_cWfe9HZczcpEYLzQU7SG1ScqN3aA	Top
_QZD3GvDBPcsARzeaUvaCoxAAB5Rb	<method_7>b__2
_0PIFZuRFFEkuGhuNRhcPOD5EjJD	InstantiateGameobject
_WyBbHkQZXRwCau46KF9TOGXrTur	OnLeave
_jQdilCkALc9Fcd12JX03d7uhAw4	foldername
_aGnW6O5Ma70CX5Xoff6mzjHBmmW	<>9__11
_F2QAnFEijniBnSiGcJA2ANH76wPb	_categories
_TtjlBV25yePmZyXGY45abwUelsf	<PatchHarmony>b__153_0
_ILv2xLC73DKAmyT5O2ldVF6ARIS	get_IconUrl
_XApHYdEBQbYq4kh7Vx13hqBoltc	<delete_dynamic_prefabs>b__131_1
_NCQl7gv6unZ8IwtJCg9aJJ7uPSJ	<list_0>5__5
_5ZKcPfYx5p6NSfRiOP04RgosS7B	JoiningPlayerList
_4avzpV3JDM2pBQeXtABd8o5s6mh	get_UncompressedSize
_QSRaUCwOqndr8kTA5NoOqwcjvsD	Evolve.Yoink.YoinkUtils/<method_3>d__30
_2hK3bacDrKv6J4UpUOwv4FNKrCB	Progress
_DNwEAmAKTLfbk68GO3dbm74jM8Bb	SettingSoundVolume
_NvegTvVeji9MU4FJrpZbOjQQT6o	_qAPGwB1tVWxgzqJWyM4Iu7dByrJ/<>c
_YJDMrcOKsZTcwNvqheJmMHCu3GD	handler2
_fVyI9hYllZZPEoygBYrRxh5fPoC	UncompressedBlock
_mD4GOIAFH9kaZ6mJVR3QgKNhsmB	HookMethod
_XeZ1mvJbcjCLAQsQid9WiKAeisyA	SaveUserIDSocial
_EMn4MfMW5QjSadH63abIH2XmCyD	Evolve.Yoink.YoinkUtils/<method_7>d__40
_cCR42LcNitHPELmxASRwgCGHv5b	SaveUserID
_Zuoa7jzqB0Cph3dUR2Vm7wgsPdC	WaitForBlacklistLoad
_Eu7CQYtJdNsJ1m8Z2JLSgS3jbWu	ProxyIconUrl
_L0BDmZIFZoPUqOY4vpa18tx4Ajh	<UploadFileComponentDoSimpleUpload>b__1
_xmY7beZLapn2Qsspq6VOPMStjhM	FriendReqList
_QVPNbW5iugE2aQLGmSVoEReYEbN	GetPlayerManager
_oy0XD2UFwYhW3T2RJmWfCWeABjj	Evolve.Yoink.YoinkUtils/<>c__DisplayClass41_3
_Z5gEWSPQdnack11mTYiF5hNCBU1	DownloadAvatar
_jENwlu1ja0faX3HUsU3QljQb9dv	WaitingLogIn
_Qn12tPO6mh12sC4BI2gw7gSyx8j	<partNumber>5__7
_BRH2rFLATIspUPUc4jChTPQQTER	AntiPortalMsgTimer
_iWDL2239ZnkqrqZBHyXvL8xXq0d	ConvertToType
_IjjcmA3qz0wZ4aBeGmZKdsJsQVI	OnPlayerJoined
_zzaaSLDgnOZFPxM2dPmejBPBoOk	_KJ14tEH98cZBWA7IVQ3khEcA0YT/<UploadFile>d__22
_JZXBgImbbn3ctM66PwdDnw9onnr	<Upload>b__9
_NoHecxGgxSAEemJNPhV5HjD1kb3	_KJ14tEH98cZBWA7IVQ3khEcA0YT/<>c
_uhB8c9I9YWJNcnYM16BdC1Eke8G	record
_mPjPOcOAKnEC7qMjvM7OAqGhWag	get_C_MenuColorAccentDarker
_zs10cHzlobVuOgiEXvTGuDYAkpy	get_Text
_pRPtfPNgg2SDdKlkHLxEaeYinEG	toggled
_jnQZCFCZVUu23jEGew4oAbHNXHc	<CreateButton>b__1
_urLaRiXt0N3ghpiScJ2LTjbdOyV	Evolve.Yoink.YoinkUtils/<>c__DisplayClass42_0
_EruOxnYf40Oh2WBMfm7JVXPAI9h	find_all_child_objects
_7AleAGcKj4SlO7gOLB8OdKw0uov	get_Active
_pRxbbgZRn7hfROXvwBfstm3TYaJ	_KJ14tEH98cZBWA7IVQ3khEcA0YT/<CreateFileSignatureInternal>d__25
_xdTDJdjzCP125HHv2faHRkhY3GJ	<IconUrl>k__BackingField
_a68PI7jpfquLA33WSSCoUSJ5MoF	ChangeAvatar
_2aCCpjuFBnHck4QssaKj2fysGeS	UploadFileAsync
_yyPAfIhEJQBgHF7UF82pgsUvAZD	<_ret2>k__BackingField
_CmuVa1U5HitCCloSFUI6DW6SW9p	<ReadJson>b__0
_07psCWjiDGZXbcbrDavX8uFX6uM	segmentRectIntersection
_XqA99AvhsZUAvwynYUCCRFVgwM5	<GetLZ4HCFile>b__18_0
_7mGOXVMlzykA3UfRkm7scHIrKSd	add_OnLeave
_mscB3pJ804KvRi7AmAqD5SVs4sY	UnnamedName
_HclCpQI9LqsLUFTO9bXoZHKO81H	<SetupOptionsMenu>b__4_27
_MdBlxn2njqcAQt4UEYtgtQ6G28k	<C_MenuColorText>k__BackingField
_XLyQJ07aUuDjXMP740ZdryY1YlQ	get_UncompressedBlock
_SgyDh3PjzgvW26foSQHlYx9QJsm	smethod_2
_I2uSKUSAiudDY47K4WxeAcu0NuO	OnApiAvatarPostFailure
_sp5uYiifzf5jGzEBuN2T7ls4smh	social_screen_button
_6IHgM3xdhWvTdHPGq8LAraK1sYE	<uploadFileComponentVerifyRecord>b__0
_1CmdFu1AMY2YM18duN9VgqDYd7TA	ChairInvoke
_ceRU191BueCyRaOBnmXMsUyqYMr	remove_OnLeave
_o59pMhMlB9jGbgxQ0HiAQjlzx9B	bFullscreenSupported
_vdeCIzm2WgDH756lBpKI7HCzegu	<bytesRead>5__8
_RODfthduCRhG3poMyOay6M13YUb	get_IsTTS
_Hl9uVeFS06QbuW9G8zw48AEgcTv	_colorLazy
_HKfPDJrDsB0GlYQztf6is3lieCP	<CompressedSize>k__BackingField
_28bdcU6FExVCH6daFte20GwSv0AA	op_Equality
_UaJMovB4eWLzX4z8brdAqH1eNBf	SetNameToTrustRank
_GGZQmyE0nEfCcoeouKyBcblZLAb	get_Footer
_LtyLDYTItv8cqcDvH3nkZGApgPbb	FromNoValue
_oDBwgHyCMBuchfh2VpEWGGQ7aeR	IsInVR
_ZSoZ1NyD43kQGmnvDiRjvQQ922H	DropPortalWithInstanceText
_0r8xZVLrBr91u4DAkogrRlOtqSg	Evolve.Yoink.YoinkUtils/<>c__DisplayClass41_1
_Ap7v2lQ2FDavTPGM5YMcGEojT3D	OnGUI
_LO0UCYxClCJmHzUg5G9osVcZTRd	Y
_sehNHVGA2nTGM2rPqbk13zqwlpc	GrubbieUID
_EmcKJQ7bR4mjKhA9Q0pFPMKgxlc	<text4>5__15
_L3vY708hGRBbZlWtwPHsLOUCi7w	EmptyNumber
_bpMPEFCqCnbJkZnsI9imbZkmPfB	MenuPrefab
_cb4Dn8u4EWJnBsjlyWiem4pAQeF	<LagData>5__2
_10Sa9718qdLqU8ANQPmj0EaypaL	<RectTransform>k__BackingField
_iOCXHjf2UcgE8q19gAJm4Codh9Q	Message
_rit7FFlCf7uxPSewgipo1C7iLKdA	_FXJZ008LC22bgC6zE6mNi3Tq8UP/GDelegate2
_pIVZ3ATEc1mYY2HGVQtydGP2nL	<OnStart>b__9_0
_Fo7SueaIfekd9G4D8LadFnUcxGkA	<ReuploadAvatar>b__28_1
_a9zb46TBkHGQoiqWJOnrRT7LHvaA	CameraCrash
_UOfiTwnVXL8WGKUV4Dk8Q0HxmA	Errormsg
_5LMDKcsarReGJv3klaMOhfdf7anb	EnableBlackCatPickupsQuest
_4n8kNdfjA4vdbmcq5KxIFV0MNBe	delete_dynamic_prefabs
_txfJxA22mKwByxgeOzKRTmr1T2x	<gdelegate1_>5__2
_TpIFfxFEdmAkbVQ3Z7Wc63wEjNL	<tempFileName>5__8
_A5VaZXtnvpfS6dfe9mNRh8NYkjA	<GetXMLFile>b__17_2
_iFajl0B9YEb2pd7G7KycHNHhKvN	ComputeSha256Hash
_8xvnLTUJZZWe9XZk8kjScackpuN	IfPresent
_GlTcwHNjsyGsL1S52r444Ze3qUE	GetHashCode
_5dJ4Y0RfUOKbgxTLh93zQsdKN3K	RemoveFieldRange
_qC2ATAJ0bp5BwMSpQWME3XD2sXw	CreateProperty
_cusrxrs3AOr60axNAtLNZ7xadTf	DropAllObjects
_78V4OeeivWgxtNH76D7gAq8fkSB	<CreateProperty>b__2
_8IoqW6LmLWuE9PxTGYD1BWeiGtN	<isPreviousUploadRetry>5__6
_1I2Dys56w96E6yHKT4axyNiSASV	<UploadFile>b__12
_HGWfKlKJmsgjrpHtePp8cADgC1s	_DKWBpJCqSme3ZTS8b49KJZNlMV3/<>c__DisplayClass203_0
_h0zAcGaZVjuGFBahs0iPqWGRqjk	CachedColor
_ntbypOs6jEFosFFezCdMlRw5pfD	_KJ14tEH98cZBWA7IVQ3khEcA0YT/<>c__DisplayClass38_1
_pIBY8CVDh3m100Xr4GZhlVzJIRO	AssetBlocks
_hybcMCluzsZhIYWF9lytj6ZV1c	<SetupOptionsMenu>b__4_9
_VpUHX0U3wLhivBcbbXwOdKPGFSH	<Upload>b__12
_gBjvA0IuuduBZptpXGvIZ9FOqyG	_FXJZ008LC22bgC6zE6mNi3Tq8UP/<>c__DisplayClass40_2
_gX3CW7qWbBoxfKzuV5DgPdUiOUx	ShouldBlockEvent
_8R2mtIQ7H5LTXWuFRh6iipivHBH	<>9__22
_pSf1P4pFemYT28QPyc6RAxHFBEP	RegenVRCAButton
_4T3j8pmiWXnHlOELREkyPUBxisg	<SetupOptionsMenu>b__4_12
_Yzmws3P1BpE9mn8Ytfbfw9cd0Kc	LogoButtonSetup
_qfwdyb1K0cydQrXpPm0c2uB4T8FA	myObservedLocalPlayerJoin
_eEkamYYESH3ZLuxJ767Qy9pPNsD	SetupPlayerCounter
_CT06TdtdgwzOIAmkvAV91ydOZlI	SetupEventPatches
_gAFBz5zy0d0ihKrBgvxqdyb8vFxA	PendulumClient.ButtonAPIV2.APIV2_ButtonPageInterface
_w75TtX6PIhUs699wALP4wI2xp7F	ApplyNameTextColors
_H0ZdhipJEk19E4UdOURjTY1h1Ao	set_MenuColorBase
_EQ5ubPYA9WJ9awNHwiejukcddDw	GetVRCUiPageManager
_wPPKqeZaZgODwrTDUsFiq08umpf	_color
_nbLzViejTmWXNFzALs95aNVPRtI	HookM
_eIgjFiCbO9xv45eB9zRFpKYG9IAA	DebugMicLog
_yWDr0bNBN2JSBS4dCWDp2LEbjJ3	SocialInvite
_6OIigPW79lwdqhWjpPRPbw7Sowl	myNormalizedToActualSpriteNames
_a7B9Fiy9lOyq3oEA76MPWrpjppl	RpcSecure
_PulbHFtaKhzDD7yyvp1QaIybc9o	_CBmAwWxsRASZdRVlL6uIARoKkBD/<>c__DisplayClass28_0
_gUDBNUrOZQ7NLlJrtcm1Nr8CcTf	GetCurrentPlayer
_sSZ0NIVY9g5amEeiUAwJMJ8UAcB	CheckInRoomList
_UrGuTyq12yjIivNRCVWnXGb1whG	RegisterSettings
_2R2d4pmzBSi8XCqUkgxJQP7FKr1	get_UncompressedBlockNodeHeader
_rT0NirHDrvKrJqhKhDXaBahED5R	<method_8>b__6
_C3ibTDOvtfgORAyUBPYtKIW5jZK	<C_MenuColorDark2>k__BackingField
_fCFuzvDG9TidmCTpVJVJYjKOQpd	blue
_JREnp39ukpc9XBWHZkepOnigD4d	<deltaMD5Base64>5__12
_isYbOWc1wa2FOBB6wJJagXt8y32	<SetupDevToolsMenu>b__3_6
_hLYbj2hEodeVIkVMvoggi2DnMhh	CompressDirectory
_RtF8ShmUfIxXRzf1zGNCXmXyUmm	SettingLeaveSound
_WEvdpAEzJWBFy4iZAPkp1HRKiod	_KJ14tEH98cZBWA7IVQ3khEcA0YT/<CreateOptimizedFileInternal>d__24
_4ylYaXviXtppza8Bdlz0r1JerUU	HasValue
_EhsbfvsOv9gYo06Ag2CdUAUyiLq	DisablePickupCollision
_HdOqx863DV1MO9yuQgYlzESzJLd	Evolve.Yoink.YoinkUtils
_LbbUS9PS8IIxY1GHQ5lCsUUN52A	_Kn84Qw6IbX0hRTQ2X2z8teUgOxO/EmbedAuthor
_IMYj6pPC66nD5gewFuZKiwt9PZC	_KJ14tEH98cZBWA7IVQ3khEcA0YT/<uploadFileComponentDoSimpleUpload>d__36
_5Qw4IO1hNwIwjzm935vlIN1LBCA	_KJ14tEH98cZBWA7IVQ3khEcA0YT/OnFileOpSuccess
_KpUSHyQFFh8Bvd5bXS29RIO58dE	DebugEnabled
_zZOuJBNMqY5C2SJo2qaL1cbAM7K	<initialStartTime>5__16
_KA2kgZOh5NCxcXXn77TC6GSApx	GetTrustRankString
_XMBV3Z1A2tkpSp1MBMVKIyUjpNC	<i>5__5
_JG8UaEpYtxDXSNxZTxUeAo1uwyA	method_7
_WCs7bKXagrxrHAImSPVLaMlaq7X	ButtonPrefab
_s5iL2oO0hoZHNRXJweSC9fE3v0M	RawValue
_c7HFXvQdt33A1SfwSVJdxncz2pT	cached_toggleprefab
_lDLapr9dcGvGWADoaXcV5ju2Kqz	get_Position
_pm5GVD2Co4Nx6mJQqPZLAYYGSrb	pcu_moderation_menu
_8xLAOM31fbm5Fu9FklW2qPFXYiN	_FXJZ008LC22bgC6zE6mNi3Tq8UP/<method_7>d__40
_LFTVZiLMK3HDCEFJDAFfa3gLFtV	make_slider
_FgVYbrp5PnnqHai4AJUCuim3vwn	SendMessage
_n5vW2uBdP8WaQo50kKwiN4kDMMq	WH
_KGs90VQCdW7fyJd2ByYWwCfM61n	get_Content
_iG3rYaf8cwYn2APzBOe2oSXlISA	AvatarUrl
_wf79dlq9cago9b2zG5c0pIiPhqH	<uploadFileComponentDoSimpleUpload>b__5
_fsf8BUNBgwAk7yzGvC35wCl1olaA	get_MenuColorHighlight
_39BPCNusHHZE6vYckQrQW2UE1FH	portal_menu_open
_xEIyeTLLOPFdakdOjprax12KP6c	ColorA
_5H52A37FFlmrRitUAXbXtkZIuhD	<SetupOptionsMenu>b__4_31
_UJoB3SNx2FSZpkpyz7SEDJt1Ieb	set_IsDisposedInternally
_AstH3JD6cb75BuyG0mUhntn9rVA	<SetupMenu>b__21_3
_PN2dhLNAd9ExYmzKP7t79sodccO	Video
_cWnIejWSSnFa7xCOvC7ur4Ils4N	op_Explicit
_92ceMaLUvjkHuXuOq0skXpmxauM	<Upload>b__19
_CI5IFcB2wS1y0UjrYMfIcjr600d	<array>5__2
_godiAKnjs0YR0f4zZ60U27cfcnF	<MenuColorHighlight>k__BackingField
_IWmZ6WE9XZQBPD3y6CZazNQgFDK	get_FormatVersion
_oSNJSYavsqjEYvV2AAgsufSFiV	CachedTransforms
_vebm0s2b3h3FLTI8ELXfwFAgeANA	UpdateToggleIfNeeded
_xtthkSf5tLo444ab4FCCLfahBxG	<MenuColorDarklight>k__BackingField
_rD7w9sPPIutzogDAfvcCt7XWFRu	add_OnDisableEvent
_kzsiz1sNVbpAocicIjc7B1JLGm2	CreateAudioSource
_fWIV1at4do15diPcuVWGFoLiSr	_DKWBpJCqSme3ZTS8b49KJZNlMV3/<DeleteUser>d__150
_sr5sgdKWDdP65kTj8ycrH2X4cZ	UncompressedBlockNodeHeader
_d3XOmKQ0AAdzou5KJmV6BVej4YF	Version
_x7EAYebYCVnM4LTi6PgWPScgczk	<Upload>b__22
_BUp5XgE4q5g76bNYaXybzMr1yqn	IL2CPPFromByteArray
_jzyuFzwiclNEwQSpcXyYDgVPsm	_val
_qcefIOWrg26azerGYJSeuu5qYgG	<method_1>b__1
_ydbC9p8nF92xU5cz6idUXcdgFhA	set_Fields
_3IaCuoJ06P9001owl4jn8R9Kd5l	PendulumClient.SetScreenColorsApp/COORD
_gUvCrjgKYVL7snAB4lPcqibVQnU	<GetCategory>b__0
_FsOs3awHmr6QmT761QnaBLnkcZU	hwndSpotify
_OKTJXg93spYWvubXbicrq0dgrNb	<SetupDevToolsMenu>b__9
_ZqgFprSggUdjM6xvaIQ8RDaZgcd	ChangeAvatarPedestals
_pqePDXNa8S9c5JzvjkncOeANNJp	_menuName
_qvCp3b3B9dM8f2bS75cvE3V8zJm	PatchOldHarmony
_rZfUWBPvIHxAO5Yzu7APHpv9GnE	get_TargetMenu
_celqpzQaVTn7OSwFkbKPrfBo0S4	WithThumbnail
_dbNfF8cvlKWAwJmfLzbGs5m2lfA	<>9__15
_zOiWZ7HiIQKuMUvEgbl6uXWNqYh	SetupSelectedPlayerText
_PJZuRvhbGoFfsAxvrIWXF8DFu3v	<SetupDevToolsMenu>b__23
_laMPy3l29Cm68YaWnpp06IUB3sL	myJoinImage
_bqz7IHcydxACX7UhX02hiWQQevG	PendulumClient.ColorModule.ColorModule
_rNL96Mq9DnQiVNGFI1q5E94usmB	list_0
_yJVmgFFoAXY8MBSgSUZabafIIxt	BlinkIconCoroutine
_NhMZBcofF3IMyynsZs0HwVA0KCuA	darkRed
_rh3bY1lZDRz30wKFRbj44KGI9S4	downloadFile
_X162Jzi1EakH7C9tenZ89oLVC5E	DropPortalOnPlayer
_NUyTwVpsWTJ9KXwsCnPGMRWE6yW	<method_7>b__7
_tM2ok8MEIpacWMIXkhl0wzoELjb	user_menu
_CEFJRDMkKBH338ifSVCyCbojzVf	<SetupDevToolsMenu>b__3_0
_2zK7ZgVkEPPAzEudub1kc1MHoVy	<method_8>b__9
_jq7mnMLBfTk9bFzdeoAWxRVb7G4	ApplyNameTextColorsLoop
_phN4qKxP3r8CrSixucWx6XamGbA	DisableOutline
_tnD0fCiNCTNtGhlOhqX1pIGjSdF	WriteInt16BE
_jm9AlBxBMng0R87LkrAfld4SN6W	UncompressBundle
_or5ziolNHBtYfII44ENN5yyUnoB	<SetupEventPatches>g__OnEventDelegate|1
_ZYkA2ojJ2UDbwaGzAwg11xzJqG	LogPlayerInfo
_573bmNaurykfufwXd3VmC5UB4Px	RandomInstance4Char
_0oAjk1RRzKqj8oqdbHFkKy5m64v	<Description>k__BackingField
_SMSPSUc22ODcaEW4PjNJS4iOOEP	social_btn
_ZbHe7KD3jw1cVfvvZMfdaDkqzet	<SetupDevToolsMenu>b__3_27
_eciHw1FT18mwOjolgqEh8ImcPud	UpdateButtons1Time
_euRLFWDQSIGyXD75QeAqlPaDb0h	<Stream>k__BackingField
_OCWw3p3oIj8i82mSdGpOrSMbvwA	<>9__17
_5GxXNkuMdBELI7SZ0xnJZ1L7Ni	SetupMenuSprite
_HcvpergxX8QhzFfcpvJmSSBl7EJ	PendulumClient.ButtonAPIV2.NewQuickMenu
_UZird8OjWniinuBuGaMkQl96N8m	set_C_MenuColorAccentDarker
_oA7quG9gIjlAO698DfRKzzG3TQW	<realtimeSinceStartup>5__2
_LlQAaEZ4ARmb5BsTvFbAgf9UEEy	uploadFileComponentDoMultipartUpload
_uTUC4JDbBMokIpr6eQphQANQVo2	ReuploadAvatar
_pA3d3XzyTrrqzo3ldcB8seFncUQ	existingFileId
_OhbEBHRU0SJcTEgQlJo2KJDP7Th	<Content>k__BackingField
_5KgxkzCXAkMzIGyMLGUMAVUhroB	float_1
_CQPDdR4f3rLHEURaByN0hwjEkZl	<Upload>b__26_6
_Dwes0otvL8hLnjj66Q1uBzgYXBH	Size
_aGY7bsHGGLRSRe80mvKMv9wqsaq	PortalDistance
_Jocekos288pjzWIlBgag1YVpr7U	_ppq1O2X5H8zTRQGjkJB0f5T60fd/SwitchToRootPageDelegate
_ZznTa9ZgMKwBT6ArkDxqmSTaMN7	GetPlayerByRayCast
_zqiZbGov1C3rC90LTMaZGL5vfei	SocialForceClone
_zZxdA99IKNMcOHkRDXSBKfUpdyx	set_C_MenuColorHighlight
_gFzPzlzmClzgN3cR1LEyUgcjiZC	_HdOqx863DV1MO9yuQgYlzESzJLd/<>c__DisplayClass40_0
_hNaYLFq2Ax6BjK33ytedFU3Yh6Z	ChangeVPLink
_A5Tr80Dan4pVokfB12TowxZC6uN	<RegenVRCAButton>b__5_0
_4E4iBIrlLOAgTwBXEwV0j4BauNy	set_MenuColorText
_rIdLKN6x1uBEL1nzOtmyb3UWkUf	get_GameObject
_0liGl9p9Z2CoF3mcNwlbCy1Rw1n	_closeMenu
_HlhKT4LOWQtosNuBrpvhnfGAPjx	<SetupDevToolsMenu>b__3_15
_szvBZE2SWMYUXTZWoZvanvFgPUu	GetCategoryPage
_LV2jzxQmHas1ObqSghLdI8P9tAC	fs
_aIqBsbyk3lSuwFMdAquBE3AfPqYA	set_Active
_kV8JR5q3iVVj4b2V0JALDOYLXbO	<SetupDevToolsMenu>b__3_14
_269tS8qFoyozsIXat86CYxtJfO1	PortalLoopTimer
_hjZSumJDP6TqCLE4b3TPKT0wRII	<uploadFileComponentDoMultipartUpload>b__3
_vjf5Q0TlCLeL2AXgvZinTmpiLm3	Copy
_wvOql35VvD2bhcLO63cCAomauzAA	set_Timestamp
_bV3l4vGw5w0Sy33T2yByE6RSy1c	_KJ14tEH98cZBWA7IVQ3khEcA0YT/<>c__DisplayClass36_1
_gFkcJ5jn1Uabw5rQwOElbCkMlK5	Player
_j2PR3N6u24xVfkRaQCB8re8amoc	mInstance
_eywNS31aspLfugt7AX3fvyFyxMZ	EndGroup
_2HaqTcAfCOR8Q4YGHosBhiXl14g	ToByte
_4s6axn5LQ7yWIztzByB9yyZmJsC	ProxyUrl
_Q7MYvsk48TxFMuRuvoBRYssFrqF	<SetupOptionsMenu>b__4_28
_69T0f53ZqkWTdTvUYH6Id0snCgI	set_Color
_UIi2EYXe10GyW5oYkuuByaW1yIc	<OnUpdate>b__125_0
_rYDnt0obBxvZxDww8WLDNGe9OMA	<SetupDevToolsMenu>b__13
_g9xCDNV8oMpyLZljXhHAE6YypWE	GameObject
_GEC5on5992jArrVRTDndoGhahSk	OnLateUpdate
_Hq77XB2WM8SgZwJpXr4Lf95ATkD	_FXJZ008LC22bgC6zE6mNi3Tq8UP/<>c__DisplayClass26_0
_g1qmaxmaT0zZCq35rOOeQGIs8SG	helper
_nHjagY3BvRfXwitfuTkk0uZsZOG	_KJ14tEH98cZBWA7IVQ3khEcA0YT/FileOpCancelQuery
_RryHQPhL0XjWizQYNIHQCA4eqaj	C_MenuColorTextHigh
_2WuY6vxgiQp2nl5B2jfenkKvQsM	Gainvol
_OxQPC8nElB99JtccnTMKuRGyORU	StartFreindReqAll
_aI5an9syQsSx7yb6FDfthRBEQab	DecoderProperties
_tvZzx6OhyUanwVOfJiPRETbp1PA	PendulumClient.ButtonAPIV2.APIV2_MenuElement
_trMJXjeov1i3vOMGsk5dN5RDkWB	handler
_u3PbaOg7rjQP8PLlLvuKaRQW9So	<uploadFileComponentVerifyRecord>b__1
_aBCTAGZHzP4amNwbpeEAtYpzv8S	_FXJZ008LC22bgC6zE6mNi3Tq8UP/<>c__DisplayClass41_4
_mLOduQyRynNELWb2g8IM7QidU1c	<>9__21
_yvpwBNVIBm41sR96bXxDTicjbqcA	<C_MenuColorBackground>k__BackingField
_NZrT4MMn21R4xrOcQNzqagWihcq	subFolderName
_9InMave7XeW0WYjalIC3vxeeDLB	SetConsoleScreenBufferInfoEx
_DvJni7NGui5GmZWQRKBF4l9lzfF	DownloadLogo_DownloadDataCompleted
_6Lvj0mAfZFVjKH1devSL6eZl83K	assetbundle
_0mMEvgwntEPuiMDVCR88WUEj8s	GetUserTrustRank
_EdHqc77DmpfmfK2pYxKvv15nzHJ	<method_9>b__2
_gEpYVxjDV39LW1z7fpURp5295VB	SettingUseUiMixer
_2bAfjAbyVPthU2U4ybqmWai0FEO	DSharpPlus.Entities.DiscordEmbedAuthor
_1p2J3hS2KL2Dy22HQ0VHY745PrM	getPing
_oH4uQtq9XWmEca0BKFaoPHmaoJb	Timestamp
_lpndHlW6GfwFunR5VqvmuUQOle	get_ImageUrl
_b0ccbDS0zUE67l5QKKsRht5mBJN	<UncompressedBlockSize>k__BackingField
_3IMrJinySTTAgAGHV6GsY8cY0PH	DevIconOutline
_nFnBz5brF9Ltao9hdBVMoE1pcoK	RemoveFieldAt
_9wgfEVXLudUFMSVpzu9aQwout0M	MenuMusic
_XWwMRZWX65HEXoPIo8db4wt8zao	SetupPlayerList
_0zCogNGc2UXZHFMyYZQLZdKD9bY	listener
_uYIdsOVD69dBgrEajrZn9v7gEB4	<SetupDevToolsMenu>b__3_22
_66BtqFxqTBPq2ifWBH1cSQXLCpE	<SetupDevToolsMenu>b__17
_CjdGLlk0B8CGxTiP74UrCDkT8GA	UIColorsSetup
_fe8mhr3mvE4RD2mEpWs5w5r7EMN	<num>5__4
_VOHbQTGcM5SdGqaTi7SFIIHI6MJb	<Image>k__BackingField
_wlkkrH8mTWYMAdVbThypIotmyuN	PendulumClientBuildVersion
_j2ecGk1lHqtlNu066w4zT32VxY4	bruhhandler2
_qE1d0uccx3RzVXTI1vKrXYbDOoy	method_6
_Z7tQyuMBBlvWM6HVLDcXRWBrO8A	method_10
_qtAIEDt9P0BPhvPyei1PAX1tcWE	OnJoin
_S6ZhQekTCVCaaUPZIfILB5TsfxH	FixShittyQM
_oWf8ceuXtMnBfy3bgdrwvzBovnL	<mimeType>5__3
_gMp1aDZMZ7JryPsV8DZO6wDYcWj	<>9__16
_p5ukRXACWPERnc6fct2IOCMHUDd	get_B
_FFILPdO0Khf1M0857wTeVisbiaI	PushPage
_8HO3HYpVnl0SQyIOH2A4oDyG2lc	_KJ14tEH98cZBWA7IVQ3khEcA0YT/<CleanupTempFilesInternal>d__32
_dW68N0HRsZb88qXOwyAILbt3IFf	darkBlue
_TAaWTuuovLGFu5VEQ123fFL431	<versionAlreadyExists>5__12
_XN3rJQcYmlTYwSH8dKHIBNAllQo	<num2>5__19
_EkJVPCLlJ5gRedrnCLleabLAoVQ	PendulumClient.AssetUploading.ApiFileHelper/<>c__DisplayClass40_5
_RGqs2qmOfbM9b37r4FyhWto4xtd	CrashDelay
_TnACHHqggVWiBlBEQk1zdfdoImRA	uploadFileComponentVerifyRecord
_05rtLFnJ4Ikmjg0THlXpk2gFQfc	set_MenuColorBackground
_lCmgFXRHC57iZsZjBhycGHBScwq	<UploadFileComponentDoSimpleUpload>b__6
_lRP1fpha0XBQR8ZELHykdUhc6v7	INVALID_HANDLE_VALUE
_YRdfdhNqHJSEBNPUjrz4236BVmB	_name
_3VFZbDLRJ1fYto2tFbGBhCSARfo	HeadFlipper
_TqhrH36PgLfWoDQOhkH4qoMdOY	<UploadFile>b__22_6
_k7utJD1Vjlj08v5b4CCNEWcz8hG	_url
_9aFIs8XMcTaZR9cHfZzQVXVso3C	<UploadFile>b__10
_A9kKa2TwoSDPsGv0GdBZronfDLd	_pHpCHnj8rAQWXOJSnRFRKGGV4ue/<>c__DisplayClass21_0
_78tRKOWz4L0w4vncdA861kRpbPF	<OnModSettingsApplied>b__136_0
_5oddKNq7FBxUmipVUsug3Z4xOfb	ParseFrom
_FRATsslJD8Ek2LXBVDaF5HyL9JM	AssetBundlePath
_MRXdl1JyJ2WDaci1kFw0BDV8aaC	<VrcuimInstance>k__BackingField
_Y3waxebC9akslaeHq2IavUcJzLc	FindWindow
_FGTQ3vezhDXDoB5AbgBJHabIjeM	CreateGameObjects
_w79076p4AdBJJfNFZsjjFIOMGj1	<MainMenu>k__BackingField
_u0855521fReDlXm3FIWoNGmYdpj	SpawnDynamicPrefab
_naEoc6PY7uPAsnUCi1RVlwD2k4O	FromValue
_D3LtdtYO0GmujmTDdpOwKatnxLA	PendulumClient.ButtonAPIV2.MenuSetup
_mjWzq2uBs6UElMuo25NcYWAsLMk	<.cctor>b__0_0
_HdFvpkSfnBsjTbFSlmz7AteyoUe	set_Content
_ZgCJ0icNAtlHPfpkdyi5EwqNItS	<UploadFileComponentDoSimpleUpload>b__4
_s5W9p0yyCBNHnr5se0KL6XvrfyV	<SetupOptionsMenu>b__4_34
_gjyIESBS9UMYC0CiU6JEr9MS3JK	GetTrustColor
_3MxWnpC1KZeLPhFai6o3Lppwdmh	FromByteArray
_GsK798L2lMflSU5qeXUnEpwnmQe	_HdOqx863DV1MO9yuQgYlzESzJLd/<>c__DisplayClass41_2
_9YMcUu22n1pA4aqA7BBDxMEBoGRA	<GetCategoryPage>b__0
_Ij1aJnxKON1BwcZaEHfnVk1bNNAA	_usx3hnlwhun3vKh40oj27NSfbzc/EnumWindowsProc
_gpx6txSI43g23oYy66ruU1u3r6e	DropPortalWithText
_LYANVKhLM2uD3LSRgmfs5FpGOjA	IsLoading
_WIa53oiH9TLAvUKlIRQJ1tJmXMk	<num3>5__5
_7qblguFq6PzUFALauOmqaXJbC9O	<CloseMenu>b__12_0
_L3Hy1Ztwo5mRdtzH9GcaKGkUpIm	VRCAButton
_D6IDGWekTF7RRJpAwtiI7BScQCS	_registered
_5bgVUTTgoQW86M1d0yKWcXya0ul	<method_7>b__4
_o0XCJYMGky34IrZkJy3PD3r1gqH	<num2>5__5
_wgQmEX2QAxzAOME66twA3sDyLLW	UncompressedBlockSize
_Bz0fk2UoKAmKvyBqOacf7XqCMtA	CheckDependencies
_CMUkSw1VLG2hN2Usd2rMP0abRin	get_CompressedSize
_bAUALCEWmRypAT8XYAV2vsCctX	<fileDescriptor>5__2
_BVcJAalIWk2y4UfOwAmELI3Jru2	UiManagerInitEarly
_YeLCFeAhaNkaeNMQBz8EkRDoQovA	<GetGrayscaledSprite>b__0
_gzo09BsCs2r7n5rKijHGgL8vQ8A	PlayerlistUpdateTimer
_RxgTUhceI8Pk6Vr4ZevOfCOWaKn	get_Embeds
_akIsDfEe1YOBBTuOgXu36MwJOK0	kPostWriteDelay
_FApaw1k7L479TY85AjEEZhp1ZkP	waitforworldload
_aX23CVGaQaeEf7NxGQxGKq47YSO	Embeds
_35x7hBht0LnRZOBmLPIwc1tPmGd	<GetSpawnPoint>b__123_0
_S1EPIWvOQXMHUgEBLQQ5TQPdH8y	FriendUser
_q7MHJseQAmaB4Tm4JoCvl2FudDn	IPBL
_e4tjrHsIZAlWYz1VBIr6FlRo2yB	DisconnectTimer
_2QAxfUxvlop1XJ6aJ9zYdizCyQK	GetPlayerByPhotonID
_IMh064m7JsHXzQ9lvqJ6d86boEO	SocialMSG
_1sPxCbXgwFrWacBLgxfSOZNvB8x	Bottom
_m6YrS08e804bJAV3tCcjuberihN	myJoinText
_YrlC9utnVheJemRAZsovl4aRmwI	<Width>k__BackingField
_mBaMCnvim7OsgwRpBMXHl9sdQHT	ReturnUserPath
_wxPbIWPXhrZDqnA1w2s3yocnQ3H	<SetupOptionsMenu>b__4_35
_R5y8L4IV0ytAvVmPw2GhvZtQS2D	uploadFileComponentDoSimpleUpload
_7HpaQJBrlbGFYDvswkWL6Qwb33U	_assetBlocks
_hJc7d3sGC0FlIke9eqeaJSFuVG1	myOriginalSpritesByLowercaseShortKey
_YRavzDZE5BNRcYkcUeISxxoPVsP	EnableDeltaCompression
_VpTaHK2ccooq9vIlJYcJVWQvdp3A	<GetDumpedVRCA>b__12_1
_gQLOpRbgT6KaLHq3H5qFkYFQFzY	<num>5__3
_d21c7X8BB9840Id9bSADUT86Re	UploadFileComponentInternal
_FHxAF2lN8P5zdmFeS4eVNW7Dh49	value
_8ow4rHsdHrxzx5FoVoM0GPGaiDY	GetPing
_PDaWeDpYoBPDZr9OXqvZaNj2xVC	<uploadFileComponentDoSimpleUpload>b__2
_ktyuP1MtFKeBKp44TQDshy9gj8x	PendulumClient.AssetUploading.CompressionType
_khFCRd4BobvJXxcwkCgqAcWg2Iz	method_9
_OWkpmwoMVPipbPAoiCC8ntQm40G	_button
_NrRlisikIQJ1F6V6TV5Z4kiGH7D	success
_J6WkNITQHi01lwzKenYmtl87awG	StoredPlayer
_Fpd9HDoU3GdSdUmISb4toLoqZyb	LoadingWorldTimer
_FaMcBZAKobOBRiqKMhc6F69YwzJ	PendulumClient.AssetUploading.AssetNode
_hqhwHm6KTUMXjTgf6uA9A7JkHzM	NameESP
_x61ycDELbAfFAIAtZywAhUzdYjp	<action>5__4
_WOisRibZRuGELIYnwG6n5i6Bixm	TrustRankButtonPositioning
_hWBvkCiAzsKWYrGNOlIjHnCLjmQ	DrawLine
_LE4Jafl1iVpCFz6Gl7zBq6Ic93A	<SetupDevToolsMenu>b__21
_Ww9fZtQv6GJBwCdm4SZbRzrjB4Q	GlobalFont
_lq3b4QUkYoT1BfcyjlUT1hE0VIJ	remove_OnOpen
_kApdE5OGVsonCzOE8sA0RuYhn47	DSharpPlus.Entities.Optional
_PnHDTKL8Lr0jeoBkiWTvNVr7eSd	set__ret2
_ltqlDueICAqOUVEVsOZYkmmZtWv	<uploadFileComponentDoSimpleUpload>b__3
_uCH31nFAL0tWNP0hrzFXF2kASwt	RandomInstance12Char
_lOGg7WNxkVW9YVPRJjvO4mZG1mf	NameESPTimer
_DtvmNyohLbMKFGJnQ7wpkK0dqpg	CleanupUI
_Hc49UTDzsKe2JZ5vWKVBA6Yc9xx	FindWindowInThread
_L1FbHAgqEqlpcRcQ50A1MWVGX5OA	PendulumClient.ColorModuleV2.CMV2_SpriteUtil
_LcLPGGdAlOLUIYAdzHwdtEZ4FqbA	_KJ14tEH98cZBWA7IVQ3khEcA0YT/<CreateFileDeltaInternal>d__26
_0WyC3SbrMWIfSyAWqnSOEyetGXA	<OnUploadVrcaAsyncSuccess>b__22_0
_kzSCVtXrmnr3F7CIcBOxhEUFPaU	_uri
_LpLje7L8cKCjrLp6B0TJRmBl6kK	BCQuestMenu
_d1Smj1O643jE8k8dsdPSnKqCkUS	PendulumClient.ColorModuleV2.CMV2_OverrideObject
_7TZ6DFZyfpiTRH6w42Rbn3Zbzfg	AntiPortalMsg
_iz7Oo3PVwhHBvW0MJTsm3vbRckk	dwCursorPosition
_cmyAAS0q5sYk3SMM6Yjaye6eOJ1	_LdIbs3seK1g9GWVu2whlRT3KCGF/<>c__DisplayClass1_0
_dYGD2iQIr1xmTf82YVQTQkkDEcx	get_Signature
_4LpTl2FtdXtwFnxZLM7lLOwxUbg	GetLeaveIconColor
_Gk4FMxSoAWUebsfZ75azJkS6fdS	DSharpPlus.Entities.IOptional.RawValue
_LpGzIWS4qQQOtMcciGIDaCzOM7dA	<CreateOptimizedFileInternal>b__0
_Vt295x1aBb88hyIidwVhtE99Jh3	GetUseUiMixer
_EPBbuLWcpEUy1roDFYB5tGBL6Tzb	ReadInt64BE
_5yNn76A9YDzB1ocOMwrJIiLyBRB	C_MenuColorText
_vzxvp1MPkMjy0Y7DFYWAZ8Zt6hi	FollowSelected
_hI0mDXRxbT3FaWChzeOhcdCqWxX	PatchSteamID
_RRldsKwOTM1d9IeIYwchivRwoDi	_HdOqx863DV1MO9yuQgYlzESzJLd/<method_9>d__42
_wPXtBbMT3FUh0fZChiHXRc28lPf	<GetLZ4HCFile>b__18_1
_uWuBh6d8LGcX1z0ykSD1vSfN0BA	<UncompressedBlock>k__BackingField
_y5qFA17GJk9rKUS5XufSr9but5J	_KJ14tEH98cZBWA7IVQ3khEcA0YT/<>c__DisplayClass24_1
_32u8en6aZYGfOhX99PogUOt9ZVo	cached_tabbuttonprefab
_kyyr1kPIA9IReWxRbsokLdUnuve	get_ProxyIconUrl
_4kbJbeOKfwo8BozsTYVNrEODrFg	_DKWBpJCqSme3ZTS8b49KJZNlMV3/<>c__DisplayClass120_0
_ZIkAePei5mUevSsNMpfpZGG5f1D	property
_T3jJJ5gie8zoJIlAdcjZuMLLeTA	FlightEnabled
_b3ollW4Hh74GbaTLJBGeVPCUoRl	set_MenuColorAccent
_bb9PuP0nLg6xdwJp5yAMJQ1Gvkf	<SetupOptionsMenu>b__0
_LrItQFPba2kF4ODXDn5jS1AJRJ6	<uploadFileComponentDoSimpleUpload>b__0
_5BRUS7h9g7qpCSqBTLtF0zkWK4H	DSharpPlus.Entities.DiscordMessageFile
_2DjDBhQnfSVbwbsiDHwk4LclLTW	<>9__3
_lytkdnbMw94ccCQHfvaijcwjN5DA	social_btn_big
_Jyk9xgd4AWLER1tTyqNoo9bap4j	_iUL9MQpYihTE3G7gxjhzQD7KPgG/<>c__DisplayClass0_1
_ODK9Ej6niGH3mut5pK5Hg5SPskh	RPC_Crash
_fPcdGAkfAK4zMCbJuL2dEwlxfL8	UpdateLoadingScreenButtons
_4H3Ys8hBeVfvDV9Ax3jR2i8XBns	set_IsTTS
_8UtDVlEMD1a7HMZO1vwqAyjsujB	PendulumClient.ButtonAPIV2.APIV2_MenuHeader
_w3jMJ9xKJdhbzawZzToxZsHYWwb	ClearFields
_Tx6QvEVK1vRykBGX4x0nN5RUk0b	<.ctor>b__13_0
_AMwcrMyfrsQdruAvJX3NuAmkeyYA	get_MenuColorTextHigh
_pmh6ymETnqebJ5mxlYFMyFNmNKI	OurPinnedDelegates
_6X1ckcLx2gymNly04QtsPCXn5Rm	get_UncompressedBlockSize
_9sOYv2pStN9OrhjapiGdHABJApbA	bruhhandler1
_MD0x86cPgjDyTxFUCO4mwkh8i2	PCBName
_RHdzPD7GDRDJjYcurlnGdsbcrSW	<outStream>5__4
_Zow98IiG7QTjUKXYqzQYxYXAqBi	Left
_udBAwVFBpRICxivo10HsXd0O5df	EnableButton2
_B12tbks01TselMRdWE2u4XKvqG	PCBLink
_4dOyLpQYSsRIQL1D6aMMybvoNTO	<text>5__6
_f1uLbEMiSX5N9xc9MofIkVlskrP	<SetupDevToolsMenu>b__3_2
_C9k0eqZ9NCpBcDwLhdBFgWMiYbI	myJoinSprite
_98h1PnNoRODbVqpqqN0Jwzuq6kK	RandomString2
_sAMoeGtYmLf9f0soGZdkRcI3aed	PendulumClient.ButtonAPIV2.APIV2_CategoryPage/<>c__DisplayClass18_0
_CpwhMdbyrknuuUy6K592BZVhpko	<totalBytesUploaded>5__4
_dSXpAZNAnAZkgdhkGRiAFbgE6Xv	DSharpPlus.Entities.DiscordEmbedThumbnail
_S0YXjKraDjVuo0tpxlhDZ2tYHfZ	pcu_menu
_KbqUc3rGgOHlWczXLduIN5Fw4xQ	SetColorSlider
_jz4dx166c9jqGTS66xXzqqaGbvi	IsTTS
_1GdNl2EYJ43R8VkqdDBJcX7pCYI	<SetupOptionsMenu>b__4_3
_EyV39IxzyMJIk596XmKFbZQV6KD	_HdOqx863DV1MO9yuQgYlzESzJLd/<>c__DisplayClass28_0
_u3jtdAvHqKSdhW0JtrDj6FdfUrT	<SetupOptionsMenu>b__4_20
_jMjx7W8FeEZqxqrWWPQXVenAXoh	DisconnectOn
_aSKAUQnQdxP8pkNVe01nOd7hduk	OnPlayerLeft
_JiTaS3JXTEysFZ4fliBQ6pOgnDdA	<UploadFileComponentDoSimpleUpload>b__3
_tHf7zfMpuAydARw1hCJOvljEfAeA	<ForceRestartButton>b__164_1
_ZfGO4GxvrwW6chyl7oafHD1yu7R	_HdOqx863DV1MO9yuQgYlzESzJLd/GEnum0
_kE2j85bkrF4hfbJPYRNgwh8Fy8c	<uploadFileComponentDoSimpleUpload>b__4
_8KakNbVzDRONdY1uz04aePaAtpO	_D3LtdtYO0GmujmTDdpOwKatnxLA/<>c
_GP1c8xXejv8cJwJcwNy2tsNnMFN	<C_MenuColorAccent>k__BackingField
_xAD27CFjRTtbcyVKd47m73LjBse	Equals
_yAvIgdjQdAJdrbPPsVOo9A7ODQJ	<SetupOptionsMenu>b__4_21
_i8FbKo8Xq4vcEiAtoPDJV4H7jVx	set_MainMenu
_EecbDePPaj4VFN8TIJEhYbf0jj7	<GetLZ4HCFile>b__18_2
_K384kwZENOZ9VYpXADh1CtDgTaO	DowloadVRCA
_EINmRRAEFuqq7H4Rwte42cigohB	Modules
_gMDaHRgPCUZ3sK74vPO6iSjQ8Vc	PendulumClient.AssetUploading.ApiFileHelper/<UploadFileComponentDoSimpleUpload>d__39
_LcYU62asf2QMG0qdCrZAbLxhufu	<OnApplicationStart>b__112_0
_RAOdzXEegL2MveDmizCcR4ahoXV	GetCategory
_T8jbgaGUVHxelG7kgka6xBiDsecA	<IsTTS>k__BackingField
_sfGN1fkFHb2twgjAd9dCRTKfE5z	<UploadFileComponentVerifyRecord>b__2
_QR7PH9SZ2BACcCKTBPFs9hVuGdd	Grav
_ej6LqXVrNQPshqp8l12JcKmFaDE	BuildHexColor
_80WuK4HwAO7G9OxwFc18Fqji5FY	get_AvatarUrl
_VrgCSdg1l4jRdogw5eJbBeTc8rq	_KJ14tEH98cZBWA7IVQ3khEcA0YT/<>c__DisplayClass37_4
_LVL9DfNfxb3oODZN8Dzcwb6wOpt	PendulumClient.UI.AvatarUtils
_V4TQs4VbQ3j3pYzciJKCnObG4he	cbSize
_lt3wG2YfdDkIj4tcog4ROkSTTKc	IsCrashingUser
_qxFSln9HVQxminrETlDwNe1bvvm	GetGrayscaledSprite
_sgqK4bDc9ZRbyB7lRCrI2oeNpdX	ReadInt32BE
_UgSWFDcDVqJrvfINdbT4nzbsuKg	JoinNotifier.NetworkManagerHooks
_zC0XDMLBBwWS3hvYh68y8bhuZbo	Values
_L4NaReHhvzoek2KRl5flhXsWyNH	<method_8>b__5
_OdCBeKgKsD3CP9vs1PAeVdfe3ZpB	PendulumClient.UI.GUIHelper
_VrffC3SCL1DiXcZeOZMzsbi4gWV	<long_4>5__4
_drmfVNoIstG1Ar5mwd4vlJLSayf	HexColorString
_R8BbH3UZYCsJb3c7d2REiUmDEZz	<UploadFile>b__9
_FBxYws9eNde7wityxJ28W2ywchI	<num3>5__6
_ZBsV0HdHJ3m75zUI2A6ZUhwfqID	fileDesc
_tc8lt8WHlRSA75wMcfIWMklIQR	Color
_b3JYmKjbNihGZyocq6m7Gh2mpnP	fileStream_0
_qNsNOHz5DI0gEYH1TDPn0KCeKwK	get_CompressedBlockSize
_RP8POpKL7ZmAH27FBALolRbuw2y	PendulumClient.ButtonAPIV2.APIV2_CategoryPage
_8q2M7B3CFiJH58P5I9ffhdfS0o5	<uploadFileComponentDoMultipartUpload>b__5
_pATrLmfED2OCDSlgbStIOp0oLYA	set_Embeds
_F4PnBP6MjjP6dkIxp7TLGz1zcRh	<Upload>b__26_11
_JjWgJwdyJTRPuoWK6JPr2npQ6nE	<ColorOfTypeIfExists>b__1
_JCgpP8WfyzYSanZIAFI9r9dEb3V	STD_OUTPUT_HANDLE
_Bs3pdVuGZrXHiDo9lwPAoTNOdOu	okaction
_Rh9DlgFXxUpTQJ6FkgtpR6xsGpz	GetSocialPlayer
_B1tiEoCCZYFj9UT3qDDvRxPscho	GetPlayer
_1DodlHHiz5CZPYvB9aDjW3psL8t	<Upload>b__23
_IMG68qEMioXFGZuoLZfdSkNr0Ef	<method_8>b__7
_1VJe7RP0VbeHT6mTfW2lG0gITEe	PendulumClient.ColorModuleV2.CMV2_Utils
_atTsWvPMv7z1MGAFSG7aLC06NkL	LogErrorSevere
_qhcDtcLObQ8yVDdBaMzagh68HI0	LoopOn
_WPwyhqO3jtAyWZm2BAmvVKaNOlG	OnFixedUpdate
_27xBHnagGvcjEbi4mU814lKz4to	get_C_MenuColorAccent
_8yKMTchFaz7aA9CWmymdfxf9FwM	Username
_djsYSiSHzk05F4rjKsUWFSJYsrC	<OnUpdate>b__125_2
_E56L1ULHsHFtLc5STtempCPId4G	_Kn84Qw6IbX0hRTQ2X2z8teUgOxO/EmbedThumbnail
_8xceQCYVnDwwhXGjNf3G8jETPq4	SettingShouldPlaySound
_1chVKKZOh1LgsRflfTRQLOIYM4f	bytesRead
_bBidSn43oiWei2tFiW1VgDqf5Aq	PendulumClient.SetScreenColorsApp/COLORREF
_VSBbsETfSzU3lLENI7HIIjvIY7u	get_C_MenuColorDark2
_xPcdSLKKeujuwND709SjeheOuXi	KyranICI2
_moid2sO1nJgAzVFCOxVaQhxAm1O	DSharpPlus.Net.DiscordUriType
_nre7s1EBezGN2z7xLLLnIFvqn08	ourTextureToReadableMap
_EVfOf4vAvScbvpkIUKgDBDDzFJab	dwSize
_gERhlqE6sc7Derrisf3Dqjbmc4vA	UiManagerInit1
_eW7hvhkuFqf6vLpqUPFQkdC5Asi	_bqz7IHcydxACX7UhX02hiWQQevG/<>c
_moVDByxRom23dj05eAMHDoTdH8S	_vCWagHbtFooBRSBzCFpdVo4mexr/<>c__DisplayClass3_1
_pNwcmM27Q72DyvmYEikRMXYqDLp	WriteCString
_tJQNDoe3hmsJCHCbcnHYM15DlnZ	PendulumClient.SetScreenColorsApp
_2Ml4cmaxncXelV8lXLiF7bLMRoB	_FXJZ008LC22bgC6zE6mNi3Tq8UP/<>c__DisplayClass41_3
_GQf5xwPFbIhQR1HwmJyzEsytClD	PendulumClientBranchVersion
_zQbmcwKnXkid8G43GEpbAf2hPJi	<deltaFileSize>5__10
_6fL6F4MJZINYR8CrLenZQSTwM8b	<>9__13
_HUsiPNdeF4ganCeXHKDzcbzqEAD	_qAPGwB1tVWxgzqJWyM4Iu7dByrJ/TrustRank
_87HYYOI82dtHAPoIy6MYYG2rSjo	ParseOverride
_S5hWyDXmBcjJaew2vizBLAL50lp	_KJ14tEH98cZBWA7IVQ3khEcA0YT/<>c__DisplayClass24_0
_cQb36B4Wd06ctF7ccJWfcwXzGQ3	_mCCcfZcsibij60DfQKhlBQRjAP9/DiscordUriJsonConverter
_04IxCGiFPiw3taDzBx9gQsFtQZB	get_MenuColorDarklight
_kjrsg4ibDxcpLzLnepQRff2EFgX	<UploadFileComponentDoMultipartUpload>b__8
_9mUBiLE3Av8gFKxoYjcC8AXGqM2	UpdateText
_DAs3egaO2GWIPgAah0JowoOHD9v	PartToHex
_aRyrIXrW0oAAQc0BFVRdXHcPrqK	delete_portals
_yzoc2BcwDjAQTJR76wdnwhdTphl	EmoteRPC
_XqQFAIBanyyuIEEOpdkDodQPFwS	set_MenuColorDarklight
_rxe35YcwRlSP2akSSQy0c3UP1Zd	PendulumClient.AssetUploading.ApiFileHelper
_H2usBhcZXQE1weXzZYFfq8JJYtA	_XqjPKYijBKqjGw5gYSxksdScQeJ/<Desync>d__8
_SyV4xdpU9qRmDBxkStWhfllch8N	_ppq1O2X5H8zTRQGjkJB0f5T60fd/OnValueChangedDelegate
_CHxWFQcD6H1W0pEB3X0xRlj0ldB	PendulumClientMenu
_PmnB0FSxHsRDx99TjSynSc6uhsg	<numParts>5__4
_eXf1p7fmlnPKCT6K5nqyT7t43Rf	DropPortalInvalidSideways
_UEoxLPDyR0yReogcbMTgSUqMFbX	UiManagerInit2
_pC56qjzoXazImnk97v9gralZtLe	_HdOqx863DV1MO9yuQgYlzESzJLd/<>c__DisplayClass41_0
_tp6oLultL4e0hETCbDnlI1cLHnF	PendulumClient.ColorModuleV2.CMV2_StyleMetadata
_huNMDQ2aOJqRi21zm5NBd3bbtJt	CompressedSize
_WnzIqzOsDIqlpj5lc2affMyTGCK	GetVRCUiManager
_HUeUJtxwpgdC6OxmpnFlAnCOkRk	<method_8>b__4
_PGVTK5evGfKZbd4qpwBQ2CByJIH	PortalCreator
_tjJ4BI1glVWXwrVykauptajCaZS	_rxe35YcwRlSP2akSSQy0c3UP1Zd/<>c__DisplayClass40_4
_NVjvmCxe7JNJVall8AP30iEi4ud	_rxe35YcwRlSP2akSSQy0c3UP1Zd/<UploadFileComponentDoMultipartUpload>d__40
_FNHitTfRoXFADGGmWVQIHCV9RSE	black
_x1rtflBUKgG1bm1ciSSDLv6QkcY	gray
_SnCuBvUbYHs67aAd0zbNWaFvqxj	FileName
_s2tU4Ymx0imtniQ4bhRLOvOAbjO	<UploadFile>b__22
_vyYW63U8Z8XVQ5qzqR2a1dzl3mJ	<SetupOptionsMenu>b__2
_zpNhuiLt9xdJCdS4ACQGkncFAzZ	ColorB
_H11Q2JJof0gLwZJqgkspakCx2ld	<SetupMenu>b__21_10
_aypyHjf1RjWulYHz9NjK38UAuQi	_DKWBpJCqSme3ZTS8b49KJZNlMV3/<>c__DisplayClass154_1
_VJLorym6k3Mt8icc7Jrv2o9pLEM	DebugLogList
_xG9SthFc4PgTFVi7RlCAaMPuuhh	<Upload>b__6
_QTukVVyxXD6O9uIK6E3AodAj37o	AddDelegate
_OvU4dDPuxVZLIrLC4xeUS1121DE	BlacklistLoad
_Ivzm7RBUMWyWQ4dDSXEKbtPFV0F	_rxe35YcwRlSP2akSSQy0c3UP1Zd/<UploadFileComponentVerifyRecord>d__41
_aC99OK5ygHf00nlCZfjlM2nFVay	MenuColorText
_BDfMEGbazoRfe2f78pgkaZQbAID	StoredVideoLink
_isXpY3ahdkvCYIqhvJhtKczIi3j	<method_8>b__8
_VML9HteSP8x2Fpo0B951N5uSSuc	GetWindowText
_a4XUBHcKRRqNndrvDVajDWbLLq0	PostApi
_flZEGKRbw8LuyIRDertID9RUGp5	GetUnpackerMethod
_tzyLubaB08YOue7OvQkxd7aGkwI	<SetupDevToolsMenu>b__19
_DCq5sN1BVGWeA5ibMa1rJCGYlpI	get_Size
_28KaS5PS4gsUArNeEnUtNVSHtiE	_FXJZ008LC22bgC6zE6mNi3Tq8UP/GDelegate0
_iYAA7eifeVo1OTECUQ7g3iFophF	LogBootMD5
_dSnJ5RS9OiXGCQMxKlzS4kVY8QG	get_Provider
_AwhqngTwzG2UpJrsMHjR4047vBD	DebugLogStoredPlayerLeave
_1N4YYKlCpkl1773f4fCF4tgZfb9	PortalDropDistance
_RhoCNQoFEUPaz4idD4W2zSyar8D	<OnValueChanged>b__3_0
_OOiXcIfct0ie1Bh6ZNQDRtXPdmg	<FormatVersion>k__BackingField
_1xqUsNMDuy85lsAn1XrgOFHiboR	<fullFileSize>5__9
_7citjvoy2Ayn1eBeP6nZzbS0Myj	KyranUID2
_Rlh16DkFYxntsA5fjMk2JTHMBrH	GetQuickMenu
_bwBe8aRF3kF6f1TqUuRmHHeUs8R	Disconnect
_DBHpKRQiCuWjtn7296zRlbVlRkM	<UncompressedSize>k__BackingField
_U5Bde1UKAzMOMpb7mSFKTSw1539b	set_TargetMenu
_odoXdodzUnLK9cwnHVXb2wdTpII	_HdOqx863DV1MO9yuQgYlzESzJLd/OnFileCheck
_ziXxe9dBvqxRmqburiTJQuspY4K	MakeTex
_ceWcgPbAL25b8jfIMnsIX8WuhJ6	_ppq1O2X5H8zTRQGjkJB0f5T60fd/CloseMenuDelegate
_bfFUbP7kdSTLiVGqIR8YQMmXbu6	BlacklistWH
_zcSWWzFHJzSvCF5j5zePzCCy2CF	CheckMethod
_ylJcodqYdZKfmEvAb5MtRl1hLG8	<UploadFileComponentDoSimpleUpload>b__7
_xT6hwIT2uZe59VzjVygFkYgbKgf	BlacklistLoadOnce
_r4Cd9YXm0kDDgNjZJabW1Tq2NpI	ourPedestalRefreshDelegate
_qfFDyeC1Lt1pOGc7rSCpIAbV67J	_HdOqx863DV1MO9yuQgYlzESzJLd/<>c__DisplayClass42_1
_z1r7vyYjxKlwbMveR8VWqDu9QYI	<SetupOptionsMenu>b__6
_LA2ff8cgdKubcv33UcSohYd1ZSz	<Refresh>b__2_1
_3FeHMW1gIU5s5tcqgHONC9KRBSd	TargetMenu
_f0emLeY4t4FcqbqRyfckM1gPxDA	myLastLevelLoad
_x5sktJqvUJFkw9YN3qIFwf6DkSO	GetQuickMenuInstance
_aiTlLAsXnwgQMuXGexOa62Je1fc	VrcuimInstance
_Sf8aET0pPOEKjorDfCdPrjCvUTB	R
_XybpA9qpCe7ovFCJ3eM4qV1U8v	_pushPage
_WLwXwX77QqKVTIHWPRYNH6jm33f	<ReuploadAvatar>b__28_4
_pBdzpQetHbqsGHKd4rTAzL9VdxC	<GetXMLFile>b__17_1
_JRKc1O1Zwx9VRA78QtIqf74kTSq	GetHighlightsFX
_gqmBv8GmtQkrwjiBGoC307QDaTCA	_HdOqx863DV1MO9yuQgYlzESzJLd/OnSuccess
_GpgZgMQsEtpgsiSoFqvhYPKB9uc	_KJ14tEH98cZBWA7IVQ3khEcA0YT/OnFileOpError
_Nz4LcprM1vnMV2LrXkshFowRogE	<OnUploadVrcaAsyncSuccess>b__22_2
_EEgItLAQI3cHuPLJ7DSTVaGXigC	_ret
_s9hLLAu7Dc1DjxToOs7cGJGdPzK	_rxe35YcwRlSP2akSSQy0c3UP1Zd/<>c__DisplayClass40_0
_t4D27HEADiZMnYdRzSIjxDGYkuN	ForceRestartButton
_ObSdiKJLYMzFuFcnPRutM7Jz2HT	sendtestlogin
_Q3UJKU2GlrHnSOimRbIKmJai22E	<SetupOptionsMenu>b__4_7
_FacfIGdGKTNHulI0gekCaO1QhsI	IsLoadedIntoWorld
_f2oaSTHrQaxiptvkAn4nDe7a2mK	_KJ14tEH98cZBWA7IVQ3khEcA0YT/<>c__DisplayClass37_0
_oFZDxaiPFqY5OkeivQXRFDwJR3S	_DKWBpJCqSme3ZTS8b49KJZNlMV3/EnterFix
_eCwWlPHKXQ6D1FgLHwIaEIlnqaJ	DSharpPlus.Entities.DiscordEmbedProvider
_Xhbd83511TzDieW9PKckxWIqU9W	PendulumClient.ButtonAPIInc.ButtonAPI
_CggJdEUO9bg4h8OWBiiCUkUkMGd	ShouldNotifyInCurrentInstance
_GIZczlgJgX8YZJcN1ukR9ifVa9H	regex_0
_2JZNTdxCHqbT3SWhstFTe911wyD	<C_MenuColorHighlight>k__BackingField
_xvoAMFQpkoAu1V0VUvUHyDlumMl	CheckUsing
_SvMaNqcFvkDXVvmTTP5VqCoIFLr	<PatchHarmony>b__153_1
_tr6BZLmbvFPIxSmnFzBIOTHnosDb	ColorSettingsSetup
_nrPLtJYNjXcLXuKkKpIHJwIcXdD	<FindWindowInThread>b__0
_LNIQINtnniOFvttP2lzrcpogixB	_HdOqx863DV1MO9yuQgYlzESzJLd/<method_8>d__41
_AHiNjDyhz7kEArQkPQNIZizrDzO	set_AvatarUrl
_DEi5HxdIFMIrp5lbRJoF0gRx5sG	apiAvatar_1
_ZmBpzGlDYRV5es9CV5vgqQRwulV	<.ctor>b__2_0
_EeWHbIzFbDffUTEFB9UbwhzqwBj	get_AssetNodes
_CLRvvWFEgJhgDeoH2ax5IsdNefR	remove_OnJoin
_TPSQo9RJJWXW4INCFujUE7kmmU	set_C_MenuColorAccent
_iYYigdCux3HcEOMzDDUbDtg5hVQ	ApplyTextColors
_kL4AhcmisOB3DXqTaixjQnHIwbO	clippingBounds
_HWwqq5FmZ5CbsmdYkdNRBiXavyj	StartCameraCrash
_PgANetaUfHhUzbVd9rQlKzX0Tmq	<SetupMenu>b__21_7
_Yd2rLqJmxPPgXcFfV6kbwe7ITcD	<CreateProperty>b__1
_GqTpP7A9kLakixwlQ0f7dBAeAkc	<UploadFile>b__13
_mMNYSzrcCjbEIlqKbY7Ve5gjxct	GetPlayerPing
_hmUfIHve2t0hdCUNEsitO3qyukC	SettingLeaveBlink
_li8TgHXoIZNqu9VjmWaQv8NYx2g	<GameObject>k__BackingField
_agEey9qRxIi0mGzePjIhhurc0PB	ToStringSmart
_9pIrnstBtCq41NwLqnBfI0q7bhN	GetUSpeaker
_MLatanvICGG7H8HjqjOoWaKD9Om	<UploadFileComponentDoMultipartUpload>b__0
_o2BdnBh5ZQ142T4FEmIfGXAZELUA	GetAllPlayers
_cyaWjLfe6iRD6dVQVzlD0uvjEXR	OnLevelWasLoaded
_HeJdclTzMI05FwVIhBea9HWZDRY	done
_Uu3GatsLAuRXStBvmoXBLUM5Oqc	<UploadFileComponentDoMultipartUpload>b__4
_f8Vmzt1x5vjK8muCFZCaBjMtMAe	PendulumClient.Main.BuildInfo
_PExvrctoSyhhb9EOdcdK20BIBDG	ModerationMenu
_nfb3KhjnbET6lb59zzlaAdvmuwP	WriteInt64BE
_v2zDuTIqEsVieTU1EzYFlho1Y0Y	MainMenu
_21wc8FHXEwBxNCk1iNXYtCtFMvb	smethod_1
_PZhFwArZWdw8KO2F2oXrvXdr1Qb	DSharpPlus.Entities.DiscordEmbedVideo
_8xgwM58BdbYs8UCHFhefSRrIA1d	<Color>k__BackingField
_c8bB6VcCpbQ6sZd3K2ukNLgQzDF	_Kn84Qw6IbX0hRTQ2X2z8teUgOxO/EmbedFooter
_GkXwWilwc6xDwnMDLDqUhU5ChuZ	SelfLogoPositioningLoop
_zHhVOCExAXi2G1XARGQbsRCLiLR	<GetXMLFile>b__17_0
_6gpgc445fvbTxLvBpCqegXnDfzp	InviteAll
_krTAen5IVLsSO1PVUBOCEJipOte	SendFriendReqSocial
_T9WNhuLHq3aKNHMD0NYgxp97kcB	PendulumClient.Anti.Serialization
_O1hbWd6FdIGmk17aAZQbkQtL6xd	<SetupMenu>b__21_1
_GICqNKQkxTMtt8x4eLe29PhTbPE	_KJ14tEH98cZBWA7IVQ3khEcA0YT/<>c__DisplayClass36_3
_xlKykCflPSXRhLyVgE5yrVZBAUK	<>9__2
_mKS3jp8I763jCqyvCfgktSZUpHM	<uploadFileComponentDoMultipartUpload>b__8
_PYmBXdQfnENfZQnXDlobqZmpISz	apifilehelper
_tn6SPV7mS3OgZIDWyOYDkOHBTto	level
_cifO0KjnX1qxdl7gxvt4F87Wlal	DevToolsMenuOpen
_JcpRlh8fJet097Xc1izXaQpkULi	set_Image
_poivU2pbHlwjuWzfzs8mPNBzzxXA	ForceReadTexture
_tElPJ8nxUmkamkgxbvqCEwCr9ZE	inthedepthsofpendulumclientcorbinwillnotfindthismethod
_wqHatot5EYPctMRalKUM6iPPJWE	_KJ14tEH98cZBWA7IVQ3khEcA0YT/<uploadFileComponentDoMultipartUpload>d__37
_vhAFBR1LbZeWz56fOuUx34tG4rbA	magenta
_3H99w9vOTPXBCZIILBia44LgmA7	<SetColorTheme>b__12_1
_tpqcz7ZJYv9t8NOuSDbRZaKLZFe	MenuColorTextHigh
_ohLvRd9eH7XAfLggwFGf7yUab6o	JoinLog
_eU6l8es0TL5DrEnpy7qFE8UArCe	_HdOqx863DV1MO9yuQgYlzESzJLd/<>c
_6obEDjbrVFizFSTBcSTnsDyPqq	OnUploadImageAsyncFailure
_vT2fYU5AmhX1atyd4RSnHsijZTS	<req>5__10
_wmC574Aw4f7PBPJhUfjVAgLx0Fg	get_R
_ya8zrQs5XSWii521Ub6FmGL6NCC	<MenuColorDark2>k__BackingField
_WtivohRQ8otQlzka3FxdpW2feyE	BeginGroup
_2O0FpY7oAtc9PqUUT6Ej79cMdJD	ReadInt16BE
_y7p9IezBDyV2eYrsVfhBfOYlTVs	<uploadFileComponentDoMultipartUpload>b__1
_8GCCWXimLjRfiHKgIdVlcuY3X0I	EmojiRPC
_1pE3A5cCEIyRA15Hg2qHoz4BfvFA	WhenLoading
_fXHsIhEGvmHklxrBvEoHW25SOuA	<SetColorTheme>b__12_0
_cpek7ZAECIh8wVr8PzUf241frsc	StoredUserID
_S8KCEtEvKOB0qfxieBVcK1WviGP	SelectedUserMenu
_jvczE3n0AXboyIWujxbAMQNd6sj	get_Body
_fQzBcKVFAZ7GzUbasfSdImBSpLtb	DropPortalBehindPlayer
_e2UCIBIuZY1xtANW8WaOtpcGykJ	myJoinSource
_8vrCx3IvoHkAZdygSegaxpdNSMV	_title
_YmkGK37eW73HTeNOhrQQkewcFqQ	GetUnpackerType
_SlEZCgt7BLqKryWxQ4EVVTuEjXx	TpObjectsToPlayer
_2sNYiNJpTAc5DKFyVsR7DTogP0d	Header
_d0bFCYm3L29ySBfD1WcUZyzoFuM	UnityVersion
_Kw8FGNhfeiN5H9H8TkiJKRMRoLF	remove_OnDisableEvent
_Mj3HcaQ30zqABlCh7Y3mdWRzYRP	CachedTextColor
_qDpSFYVv4GFZmgWnh86h2CMzRrd	get_MenuColorBase
_YCu0U2fS8l6oKsySpUcVc1lCMtO	_KJ14tEH98cZBWA7IVQ3khEcA0YT/<>c__DisplayClass36_0
_JUQsScTi9je61YAvDhTgggJ2UBi	GLMat
_nLw8cWUGRREkUbqZtmokbzSNwgC	myStyleOverrides
_LqJoLm3ip0zEKyFT7v00QVFJ4NG	<AvatarUrl>k__BackingField
_hnPrf24wDmPA5a78SmVZ1qLB79v	CompressedBlockSize
_cdcAspz3FwBxc4vXDQi666GgxSq	DSharpPlus.Entities.DiscordEmbedField
_fYbsZABQwQUClrz1coXn54gfCmD	_KJ14tEH98cZBWA7IVQ3khEcA0YT/<>c__DisplayClass37_3
_6sgiLeqCmCQAbbhdnOUUFJdNatu	CheckValidCollider
_JisND9sGiWWj7RXbn5TTjvvoQdO	<method_7>b__3
_pgDF0dHvsVE4B6281JBBCYGoc7g	SetScreenColors
_aA8dNRMU4GnzAoWBmljmGWPvkcW	_KJ14tEH98cZBWA7IVQ3khEcA0YT/<>c__DisplayClass38_0
_TSyegmDUzcIRpEcidUycGiMhuKs	darkGray
_HiOoEgU1subBe7zdvPn5gDt6Hub	<UploadFileComponentDoMultipartUpload>b__2
_K0oUreLIEgDPJ0lKxjJzMrDte6B	_rxe35YcwRlSP2akSSQy0c3UP1Zd/<UploadFile>d__26
_kB8FdzdzWXIl1a2WZB6apbQC8lk	<SetupOptionsMenu>b__4_1
_S06zMr3dgQYx4wTQZIq9BmSBNgC	<photonViews>5__2
_qiZSu5gwCAqGPBv1XibkWTCx7FB	TogglePrefab
_dOmBrYEgE2mOJnqQscOoOtZUt20	_HdOqx863DV1MO9yuQgYlzESzJLd/<method_1>d__28
_SyzUZWN49d26UsHTXPoQvuqtPCc	long_4
_SyHPhmv14g7fW6J8PGXvsFublJM	Active
_S5bun3GYccAGatC9nyp929uysMk	Toggle
_pBDdyXLKGUG910f808HE93OG2TY	_HdOqx863DV1MO9yuQgYlzESzJLd/<method_4>d__36
_sRsqoFNUjmAZtzWswzI3BrPiHHB	SettingLeaveIconColor
_85odRsZ52ln0RLvaeByt5DTBcQU	<OnUploadVrcaAsyncSuccess>b__22_1
_dBcarA9ehfHGLvMBKrIsjB2SmJcb	MenuColorBackground
_3ofsLRO8BQ7RhyYUNqzJZ5TMBfh	GetConsoleScreenBufferInfoEx
_KVTb95TULH0VjJMoRgRAGZbXvBM	<SetupDevToolsMenu>b__3_1
_s7Dyl906r5Ek4TzAKaPvMGDCzNl	CleanName
_LclyM0gezWBVdGba9l1FJU4cmw	get_RawValue
_M9RFfN7At2eYJUm0TiE8vWgT3sb	PortalDropName
_IwxYVZUgak1jHD2cIq9wmlQgDyd	<SetupOptionsMenu>b__4_25
_w3iP5kCetSpJrVKFCxw0KRc3Tgn	set_Video
_vXyGe6H7NDQBdm0HBEsr0j1A4Yc	<UploadFileComponentDoMultipartUpload>b__1
_NozhUIpRT4AMmC0ZuQPNdGfr4yF	SettingTextSize
_4SUanAUfK9WHG6vDB7n7ATrtfAR	<SetupDevToolsMenu>b__26
_1LmtwbVtratVRUBQ2mDj8nJs0R	UploadFileComponentDoMultipartUpload
_HO83t2O93csPtPfwsOmwABNhD4p	<SetupDevToolsMenu>b__3_7
_u8k7TVZJ9kOh8FJvjoI2OVCjtYE	GetPlayerCamera
_ZneYEho1Cy07QlLauMdZIrA6AQF	_usx3hnlwhun3vKh40oj27NSfbzc/<>c__DisplayClass9_0
_jj67RpZKe6JUgO6vaDyiVaJtk4M	EnableEvent9
_1DPSYZ0zdFXCgHUVgcOCIDn5GyM	DSharpPlus.Entities.IOptional
_VmJBBd6iP5CnntzREXz1biadl6D	DownloadButton
_XtIGMoKldIDddjXndhfPjFaeN5PA	get_C_MenuColorDarklight
_XYNGA6SH1KxeVgPYV1FlDUu0Y2T	_oiJKlNH8xtz0ZZ4HcqffNbVWc1G/<Desync>d__8
_u2imVUZ3riBhzEKiqb1eJniokgD	<Selector>k__BackingField
_ZHrzJuSbOWVKB9YoYwEy2IotTln	CameraTickRPC
_5hSlBb16mZopBBMFTQRZ1siTKNj	RandomString
_PneBBPwGRX9SkoAjsxOjchyh2oq	PendulumClient.ButtonAPIV2.APIV2_MenuPage
_naJjwPGAnJqamfALh1UCmtZknAv	ReadAllBytes
_cbQ7kk6SGyj5RNFhAbHKJrzFNJf	_I8ZIIHDKxYZqpgICMJo2xPfwQbP/_JGMDAF6blezTmy5berQIxjat6sPA/<>c
_APtpQXl4yR2iyl3dvL2u1x9BrAP	_Kn84Qw6IbX0hRTQ2X2z8teUgOxO/<>c
_W8uay5CT2JPuojRa0XioG7mcWbbA	set_FileName
_bj9pvfidWLOs3JZcrcBeAZr4XD1	get_OnIconSprite
_PuAwBncdrTRY2dsvzyk2TuD5ERe	<UploadFileComponentVerifyRecord>b__1
_hPtmhFrEBm35JIhKnZVpyjNjapj	DSharpPlus.Entities.DiscordEmbedFooter
_yzzVtRHytNZVeAMclOPoR6gcRwK	WithColor
_2fRxGp7IF17bmBieuU7PRxm0d4b	_KJ14tEH98cZBWA7IVQ3khEcA0YT/<>c__DisplayClass36_2
_E2rJpwWGXPzoa5tv7ZoMtlvnHQh	_vCWagHbtFooBRSBzCFpdVo4mexr/<>c__DisplayClass4_0
_OK2akaa2C6oDHJQs4kkolFecBfG	myOriginalStylesBackup
_6Kt7n5ScKY8ZrVAU27bnea90kxg	<SetupLogoButton>b__126_1
_25V7AWJJM5hPZXSUKLXEaV48y3J	<checkDelay>5__13
_UdPPETzaLVDM6Ha9Ft2HqP8HSn1	MooniUID
_H1NCByO1XZqKG2F8nID57UgDazj	wPopupAttributes
_7af9UJCk0keJbTiBgce7yHDHGFn	add_OnJoin
_6N8XkmTd5ZrwDHdLbYRN8o15VyL	BlacklistFinalLoad
_eA57dqbZLE1H6gWdR8RXkMU4pZK	<SetupMenu>b__21_6
_kI3jl4u4TsrrqjxDxcLPOjklPzA	set_Inline
_Rqem8Ji5cKIE2DvE3xFbWCvdOex	SendApiRequest
_TgPOHiQCPDshSSdCZpXfD5c2lwoA	_pHpCHnj8rAQWXOJSnRFRKGGV4ue/<>c__DisplayClass20_0
_eaabZSVnmeVXaRz0RmrWiztlLvM	_DKWBpJCqSme3ZTS8b49KJZNlMV3/<>c__DisplayClass202_0
_znVx8EbOTaEO1ADASwjS4243OiK	set_Provider
_qM11sRuqbpqzQHOgN6ObqpAPcfP	CheckKickTimer
_NKWH4uSBVCD5xoXWBjVMgDw9ZYO	PendulumClient.AssetUploading.AssetBundle
_0Ie86GekEuLNwwYQvfIOrSCy0Gb	<ReuploadAvatar>b__0
_61286ANy0TMjzaDcPmXFK1FcEQL	ImageUrl
_zbuV41SorrzB7QSXEFybwos4Cpn	CheckBlacklist
_LyZRpSZK9dUHJ01aSwpEJYTS7WQ	_FXJZ008LC22bgC6zE6mNi3Tq8UP/<>c__DisplayClass41_1
_dNexDnFsAc4WyMsOLtFQZz73Hkb	SetupDevToolsMenu
_cefyUPJL7C7Eo4XIJTlbOEPGQWL	GetAllQuestUsers
_ABtiSjGb4dHeDKB6ZvvEqEAIf7lA	_FXJZ008LC22bgC6zE6mNi3Tq8UP/<>c__DisplayClass40_1
_ZoZWA8BUpXC097hCjQ3N5ORaGzH	TryGetBySelector
_62Lh4WEZMarpwm3HQdc2H6aVqwG	<SetupOptionsMenu>b__4_23
_Y7BbgMbSnDUU80Q7cWTQgzv5KuD	EnableBlackCatPickups
_blxeAqag93sMnSxEtow7ClE0XHt	IsInitialized
_8K5wGPtDiO1azoypBp0PyMxcW68	WriteUInt32BE
_heKmj1yABwPQyM9BLrPP2ofzJfK	set_C_MenuColorDarklight
_tfk5ZZPA728tm3VcEc1CXBBVvk5	<GetDumpedVRCA>b__12_0
_abjoVATGl6HNggLMmSZiBcGLa4f	LogoPositioning
_MXjkyxNSvNfhN6hX5dhyQUkAQYB	_Xhbd83511TzDieW9PKckxWIqU9W/<>c__DisplayClass2_0
_cifGjYP97BCCyjmIYLLkFwSf0AN	FindWindowInProcess
_0DLTbWAWC7aA7YvdAFzloVw29Sq	uploadFileComponentValidateFileDesc
_IBz163y89FpDHEPyjgfPdsHciIe	cached_oniconsprite
_3aLhTonZOmgBv9bNRywwDbOzGpN	EnumChildWindows
_C879xcpGCAVmFBKdqBqEU1tLbuj	_rxe35YcwRlSP2akSSQy0c3UP1Zd/<>c__DisplayClass40_3
_Mp4Csr2eIgov1oplKWLLRLocetY	<UploadFileComponentDoSimpleUpload>b__2
_ivdynzdHqW0SmxPnBMZDgcXl1hw	_KJ14tEH98cZBWA7IVQ3khEcA0YT/<>c__DisplayClass37_1
_pWHiszBAWrP6Rqe7VJ3iPI5WSeL	ds2obj
_mTf7uIDa4B1xEKbwjtKQdOvx7VI	SendVoteKickSocial
_nrcgFcNLbKlhPepzcgD946EYR3l	darkCyan
_cCmDhjVdHtkfkmZuHcTU3igVuar	clipTest
_RJYcv6sBdO8Dkeha1DUgpEJPFJcA	C_MenuColorHighlight
_5R1tF6FQIfKwZxxbK5sDdhZLefm	<SetupDevToolsMenu>b__3_18
_ae75sq33S3raHkhFeAsn7fWetk0	get_AssetBlocks
_i8GD7V0n2Zm5AujTTgxQEjE2UFq	PendulumClient.ButtonAPIV2.APIV2_MenuButton
_2sqNnT8BzYSjhUNPRUzzD1EbeIk	DSharpPlus.Entities.DiscordColor
_Z5cX5m3ng7cjuwfONMhDd8tuHDq	_FXJZ008LC22bgC6zE6mNi3Tq8UP/<>c__DisplayClass28_0
_H7tQUuiy2LM54grjcsbrofncaTc	NewAvatarID
_EI4zU4ShveEzW5PFdxYK7THlIic	PendulumClient.PendulumLogger
_E818M9NsGZlE3oHQwpGMve2dNo	<numParts>5__6
_rTjaHH7LJrsw5dNvYLBXie81axl	GetTextSize
_65vqP7keZSeU97g2UGVuZIDFVOh	_HdOqx863DV1MO9yuQgYlzESzJLd/<>c__DisplayClass40_1
_aTQDBq9MAA8m8HLUAxDhtOb13hhb	PendulumClient.ColorModuleV2.CMV2_ColorModule
_apcZ5eMYdt6BSKmR3e03bLxVQtH	C_MenuColorDark2
_X3jEXx8iqdBJODgPn4VNbOCusqH	WM_APPCOMMAND
_fX5WWxxNQMogo2TAOwZvTi6bq6G	_HdOqx863DV1MO9yuQgYlzESzJLd/<>c__DisplayClass28_1
_dSdRJJmAzxS9DdKBvlAkdlrKnyP	yellow
_PFm6cwxasVuG4TgaVGAhtXAt0LMA	EnsureReadable
_Ts69F8fTvl8A2sBR1dqQoejk2uL	ApplyOverrides
_8gQhNrPiWeyaeDWRrt51W0YmDRp	<OnStart>b__5_0
_8drLKMWGRQT4vH9XYNGdDY2Goct	ReplaceID
vZddcV8MvZbA4HBCDl48H	<initialStartTime>5__16
_M6e6tKULMUNVV8ugTSOzQAcLcYj	VrcuimInstance
_YKVVbqQmvrj3YASufBmADEvtZGR	clippingBounds
_bu3B6iHvkks5Jsdf342x4cxW9ST	_uB2Dp2H4Xary9RDwWQCXr0gk1si/OnFailure
_HfASwG4oN94K7FKBfGYVkv6bEzB	ChangeToAvatar
_gImaHu81VaoZvZFgF5OkhxvfHrM	handler2
_R6kn9jTgedlvKt7kbGHejv2OdxD	CleanName
_ZPeFdmh7LD6a2eI4JgD9AaT3MYB	<ForceRestartButton>b__164_0
_GMmpgHlbSo3LzUzTcb3sGcE4kFc	ColorB
_98jDqX4m2iVWyu9fK3cSXNPNVMm	_fields
_zXCxa56vOkrepkQsTTAIuEm7yFc	StartCameraCrash
_PuNt4NCPpNy1wvjGCXbB66jSpGO	HexColorString
_cHysRoSM7ndrQIUSfEpdyQ6f7EL	_nDneP5sZyNFU75x5rU3Jqgplwbe/<>c__DisplayClass202_0
_On7zxWDPFGYcUKgyiKIGP40Lv0C	GetPing
_zHzQW4WfKlfSUmwbDSDdwoiJWmD	_uB2Dp2H4Xary9RDwWQCXr0gk1si/<Upload>d__26
_Q0sqwtaD2lUAk7iaPgPYujGq8Yc	LogErrorSevere
