_TiEsoooh58iX3awv2InOCsTXD1c	<uploadFileComponentDoMultipartUpload>b__6
_UXuCCqyi540xw8pYg3NCMiwD5aH	PendulumClient.AssetUploading.unused.ApiFileHelperOld/<>c
_Uw7g7mz69LG2mBuTGwguz8yURbE	SettingShouldPlaySound
_WABajTNQ25v0eoNKTAVlfso0uvp	<SetupOptionsMenu>b__4_1
_vMb8aYHzephdqmzG78TWVpskaub	myLeaveClip
_xsszOUz0IqAoVP4ALiEFyYzyiwm	PendulumClient.AssetUploading.unused.ApiFileHelperOld/<>c__DisplayClass37_1
_GVSO4YeH9CeephQTJORBOG9mi7O	<Url>k__BackingField
_paW05gJQ2CMnEsvDZ0KSoklOnLf	ForceRestart
_zpH2Y5fz3pNKaCCGjNmSi9iBkGI	fileSize
_vAKUwE71mqkZC5SAqjtdKU3RzZK	CS$<>8__locals1
_WjeRGIkbQaoFpxuFF50k95PUmhX	<>8__1
_5WFq2SChK1M28COFotk7kD5NoDB	<gdelegate1_>5__2
_2aoUTeo9z1kYRU2u1ai55ewxegD	<SetupOptionsMenu>b__4_5
_PtPrjXYXAOq7o0ytnavpCuHKAwj	<GetCategory>b__0
_pNgDAzLLQP0eyiOs1A7xKl3aYqDA	IconUrl
_snJ8tvmu1c9006dB7g5WGAhfywX	<text4>5__15
_x9ltjfBAlTy2E4YDAA1mSuYlKRu	<SetupMenu>b__27_11
_FjmdKwmccZilaYb4g9syg4tQIyFb	BlinkIconCoroutine
_ncyfzN1MsscdtjOzearFZo8bh3m	MenuColorHighlight
_YEA7Z36gGzOZtJ1sQJCzB9AKRVc	<num>5__4
_aQt7zcRxFiFeLVkOomD4fumRwWo	remove_OnEnableEvent
_r0BZLS09a6rnTqDX16jHE46WAbi	<fileSuccess>5__4
_BMvaeB3XAggUH9Gwn9yItfi9Zte	AddCategoryPage
_WP6GWHjH44KAKumjpnkAt0mXhfV	PendulumClient.Wrapper.PlayerWrappers/<>c
_1Y5cB3Pn35HfVah9ufALuxrQvq6	<mimeType>5__3
_FXkn6VpLNy1kh61EZXgx7vp9GoE	System.Collections.IEnumerator.Current
_4gv4imcMjSgbXY23jLupJsHVaGG	<size3>5__13
_lRgyuR2l8tDWRaDtN1aO0Jrz0fC	<>8__5
_4iPZ8yHHFOrl1frWg7FmRfHWo6A	<UploadFile>b__17
_7Wt6fZkeSiQBgTp0wMek5QwD4fh	_uri
_MX8fANiSiF8HRH2h13H40GBHymi	<partNumber>5__5
_WZzNcdYpwy44RpEZzfMAC1mrJJJ	SetupMenu
_B6IJcaRR1BpylXBBcE6jWLZf7RG	<>2__current
_dglyp5MAYuBQBh7zuqJUHdHAPnP	<UploadFileComponentDoSimpleUpload>b__4
_mn1Nb3MKpO8ccaSo5v7HtJbbF3b	<flag>5__7
_jSJo56h03w5WoKJDr07ICGg4l7P	DebugThreadsToBypass
_R6TJlcDa1ZREmjV0TtfNrnX7YaP	set_MenuColorBackground
_yQqc8GgwGQ6TVKwGfHHgUYvit8A	AudioSourcePTR
_osvDgVTNsPgBtUTyUY7SCaUWB6i	set_IconUrl
_XXvfAhWAtG2HCIfpm18TrSZsamN	Signature
_NJ95LAneCJnbBBzn44jbK4o2XND	assetbundle
_OwGYjE7bZFHxrmJfReciYIRxxD6	DropAllObjects
_SWoiAtJEAIaiLscwqr1AGqdTNMSA	GetCurrentPlayer
_B66cArxtUsUkztdb3pIMtBadVdr	FlySpeed
_0l3cu3eIpRNlb0d6goRMo84NQTf	uploadUrl
_0fqj7Dhd7g9grVjnGmoL7dYlS7	SetColor
_Ouqebch5xo8RbwKDL2q5zNqzSQg	uploadStatus_0
_ZfjBpXk8SwtANtKBYWI5ccdXqN7	TabButtonPrefab
_7DycIZpmqcN1QGptmDvC806aQr4	WaitingLogIn
_Ns9uaIMHHKoRFAyAHcYh2c5xt1r	string_0
_kQvjiXEzzgNAlNfOmMxcGMaznnm	string_1
_8OIF6GV1Qc89Di7Ua14ZBMAQabF	SendApiRequest
_D03DdE11Oj8fLlFpfIdkpd5bhlpA	LegendaryTag
_oOprB0SqV9fmDuViVTKfT2Fv8qn	DownloadButton
_BpaKWukKKf6HfsQzJziBJgx2NSO	remove_OnOpen
_JhPWXYnAtZuyWQ1DVeZfrpC37h4	<CleanupUI>b__1
_0rN4iR9FZUD65hUnnaKRpgDM6h	PendulumClient.AssetUploading.unused.ApiFileHelperOld/<CreateOptimizedFileInternal>d__24
_LwjdmBIZCOidM3wmNpe2cRItInI	<>4__this
_6UyqzG2UxeEARrzAVnITcrid35m	<>9__7
_WHiW4zLFdHaEWpNyKNBAONTsirF	set_Interactable
_WDPripLGb34ISKHCK0osI6SLZ5S	SettingUseUiMixer
_3IGt7XguSZxvX9lqpSmAVfbRvUP	GetMimeTypeFromExtension
_WgriSkkBVvCUsZUcWkmaIk2rgqZ	bool_0
_d206tnUNjA9yRl7DYKOKcQjH9ED	darkYellow
_O6LIyGIDbFsbJ6b7gRUgkVFLSpC	Musics
_PSQLhnWOnHJHJUCE2Oil9FEtGqF	wait
_FmvaR9bscVQ8hKe50UOv8CYyeZN	red
_Z8iuNKk44G21x3MX2Vlq4jYvjmc	cached_toggleprefab
_aJIHjynzIPiudgNLd7H4r5ecoyH	onSuccess
_ZbwRAxFsRiGvQPZbxq1Tj072sUN	PendulumClient.ButtonAPIV2.APIV2_ButtonPageInterface
_BW9Ha7vjyK3SDkygT86LtSNf9CbA	string_3
_I1J0Q1yod1BwBTzZFtINbGNJAio	set_Video
_XFtzOXfZ6GGdFm9qTRiJfOBE5BQ	OnApiAvatarPostSuccess
_YYUzQ2tngROFjEWSTBjNbhwB0yH	OnDisable
_76X1JRFfIfSTCER3N6dPYrWqAUf	OnUpdate
_UNAqslLEocvVpIdQPncurf36JcE	<>9__5
_EWha68Uob9neLKulzlpOnytUkQI	Success
_ZWWFghK5YgQoKxFGkoMOyWl7JbF	CreateAudioSource
_xcZlLAA0WfBedBsidpW2SGTh2KX	set_Image
_ndXaBj50jGLdsqUgywhbkHumrAo	System.Collections.Generic.IEnumerator<System.Object>.Current
_ekYmKsSutzhBnB3EJaLHw1guQK3	property
_SAZNdvQCqbSgcjtUGTwqqTFb7rU	action_1
_dzrSA2gcqthhi1BZSeIHze4q1bh	<SetupMenu>b__27_4
_BKx7ljVAl5sU3R1s1ib0eyTrq3O	_iconUri
_DaEBIBQZsWCPaHZiYnKEUhjIbKb	action_2
_HyP4diHpacWARuj0dJTCAcj2wnh	StoredPlayerTransform
_0qICcWupizF93wQGiIc6fznBbW0	<inStream>5__2
_qvFfWFzfbGJMJdrVR5BqjHRckom	IL2CPPFromByteArray
_biLawXaZ1mtTBLwsQfEmfObOIlD	cancelQuery
_114U1QFV2wkjrw7qoMjMJqGYOmh	get_Height
_OKryzx4c0i6a1PP4ZJlbUydsH0A	get_Name
_ZEP9HJwil0Z7doq52tHroeKB3pn	myObservedLocalPlayerJoin
_QPMoAwJ0JKlsKON9ACWaPIDRYAc	Serialization
_fY6oK5uujLr3YGPA3uFanMGeAKm	Instance
_lKg957iS2ojODS7LLM5rKEy584m	<waitDelay>5__6
_TkZyqR8T0aXV5w78e11tUjKPbu	DSharpPlus.Entities.OptionalJsonContractResolver
_6EmWr4sw11wauEpBa57xqKGjURp	PendulumClient.UI.DevToolsMenu/<>c__DisplayClass3_0
_h8aHOzV9DEamFrlrZEtwVdZFFlp	EnableBlackCatPickups
_WQjo7dGjsKf31E1dUVH4puvF7qB	<>1__state
_UD53kmrCd9aeDwJnAr8LBR5LOc3	SetupPlayerCounter
_khjA62I8A9m3gjpjmGCdXwrKpaG	PendulumSprite
_STLTACHg3Diwr5c7iHWyboiiJFT	<>9__4
_xjFF39GxKaZyMJaroxTidT19ptg	<declaringProp>5__2
_wwTB9f0KefofSvdwuAmiKjoPFiK	AddButton
_YOrtCzONQJe64stfbYJBdInPIU	bool_2
_fI4xJ2QVCeFy9gamxNtHgjrUjkg	get_HasValue
_Xie6Jz0OZrocdgS2fndPrtb7SkE	<OnUpdate>b__128_1
_OHAGFExibaDgdI6XBwlml8TURrq	<GetSpawnPoint>b__126_0
_Xz1BIMB6OikmaFoEZEt2tnvaekaA	PendulumClient.AssetUploading.unused.ApiFileHelper/<method_8>d__41
_PgoLmQC5OstAzGBkaQhElzzpqxi	<size>5__10
_Ok3KmNGVZbEA78kpcSrK5oMszNG	ColorDWORD
_S5QXmeeJW49a4xaejBkIDKM4ynJ	_url
_OHd14mf5WO4MHEyaVHRAPS80Q5e	<>9__13
_krkMhpwffYqd0FPw0Qw4Oz8mCUD	CheckShaderBlacklist
_PrbTYhcDt3JMPMTmw4aNHP11uEf	get_Inline
_cSJAxX9DUdiclETAcw5Z2bm7Qgz	<SetupOptionsMenu>b__4_10
_Pw3jWkk8VW2whRy5GnjsxebZdgJ	Height
_Y1eDgLIxkY1uCG0e9HdWnavungv	LogBootMD5
_s7hrnyfKG9c8avNVK8kYHCwbdSA	PendulumClient.Main.PendulumClientMain/<DeleteUser>d__153
_P9ephSLMsscAAKPwf0X9kouvNb	get_Size
_aWhHJ1nCZd58gY6Z5OBmtB7wQ7B	<UploadFile>b__5
_fmLMUDQw9hN9cHem0mYFqS5mwlJ	myOriginalStylesBackup
_nUCoUfmD2f1Ph9FhbfXVLU32JVX	PendulumClient.ColorModuleV2.CMV2_ColorManager
_EWeMG72sFN12Sb4d6g9TfZOUTSd	myLeaveImage
_c1uYWtJSxjvVCb2FCxQXTzbg7BN	get_Author
_Zqp04LQGjPllrd9B7THKD0EqvIB	set_Url
_UEGDWWry1PBZ8rpuBHUn59uh5at	ComputeSha256Hash
_C4cuAjWRWYlknDIGb94kjmq6zpA	GetGrayscaledSprite
_fAJOILTd4ADEQMoldfFvcusDczT	<SetupOptionsMenu>b__4_16
_WzMNbp6HpyYzRMZv25XB2RfAjqB	EnableButton
_VtLM2jhsCo5cFKSlMB4vW2SEjxN	<OnUploadVrcaAsyncSuccess>b__22_3
_SUS6NRLOjNydr6yrW0QteKolau1	ToString
_KzyhqkjMpi0p2DvEukxbH6Yqy9P	_toggleComponent
_04M99Xv6dXrCFRh0yttczYfuqc	PendulumClient.Main.VRCMod
_3ejICXyrf6p7zhmC74KSaoncaMc	PendulumClient.AssetUploading.unused.ApiFileHelperOld/OnFileOpProgress
_rOGU4a0rqHmfh0z5x5wMOXra58I	<i>5__7
_aUSILgDJlmKaOpETXTbTbq7KFBi	started
_wekdEzDYoE1n5RqXOGcelmBMmPq	get_AssetNodes
_nbPELe6yet5hWUaCNEBWPW2xOrg	Url
_uw5mAeLFPu5OnN6zHkYBHYy19wT	blankmenupage
_U4XslAw26g9QSB5jykPAhj2OA9B	PendulumClient.AssetUploading.unused.ApiFileHelperOld/<uploadFileComponentVerifyRecord>d__38
_eZ5DdTCpddRCmxBht0pbcNwBsnjA	<OnModSettingsApplied>b__139_0
_wOrBly4Mf8Xe3IS9B0pxpHriuZW	add_OnLeave
_qewydsBbh1iO3Pgoi9vYgrbNECX	PendulumClient.AssetUploading.unused.ApiFileHelper/<>c__DisplayClass41_3
_J9OTNtERWPqdUH9YRrTKmT2kOMH	<MenuColorDark2>k__BackingField
_zg9Cb37goW3m8eY4DN3iKeGBGKU	<Upload>b__26_8
_C0ux5haQriXfEcpgaB1gPAO23ri	<maxDelay>5__7
_qYjF5g822hF8eT9oKYTKsKac1aC	_categories
_p7C5O5mBBveZxgfj5pWD8FbG85BA	cached_headerprefab
_q1GGl4rqaTgePg3rpQR8nHcrROD	Width
_Rj1ShhpsFF7cWIAe5IxdAbDlLYQA	<_FlightSpeedButton>k__BackingField
_pjeWlrcUdKHgcOCLJ7RlR00yCw2	<SetupOptionsMenu>b__4_31
_Cul1REh1vpfxPnM9QAMXX7aaPWC	PatchOldHarmony
_sCoDo5Hj9fWnKrjswwCczBe3MLo	Create
_2oIhbh61a0bkZBPFI1GmI19IDAl	VRCADataDownloaded
_56k1HzSSPTk1IwYO8IUd8UDiq4O	Timestamp
_pzGZSzAz8pKM9QMbdphaYfkvxeI	get_Description
_pBnbRER3gsnGC9yS8guETkP5lSL	IsCEO
_LYmFuSWTfyMABbClz3lbzpboI3hA	set_Description
_lrBrtA8Y1FXVQevOzr54XWsa9b	string_6
_Mofl55dSRu6D3FaArCtp6brRxQm	ApiFile
_1HiqkWbD2yolqOGY1NEtqafJ5n	<UploadFile>b__18
_GoETtVZrFAnxw93uv2lZf5LBz1C	Offset
_ZHdgOTSoX4BTRmZrVPRGfegDaZR	method_9
_d5lQhiIsDwSKAnGAfUGByQKduVC	VRCAButton
_7qdSD0QHK3I5aAdf3k5tMMupQde	assembly_0
_SGXbqlAWuwepm5glXLemWBj0Pcm	ContainerPrefab
_AJGyKOP1qSK3sRTwB67C5kx2Re	<extension>5__2
_9LLbNHwFAFVkM3zk0ijHrWKrdYM	CreateFileSignatureInternal
_TpxfbPPccinU3MFAnMAxC56DMsf	<num>5__3
_Aoq3VJHBUoBsYj23V0Ggwxbd40BA	CompressDirectory
_5VC5JYOSV5Ac4CU2UsYrrURiD8H	UncompressedBlockNodeHeader
_YJi6AjoK2BjzltBDW2UXsHQ3A9j	<Upload>b__11
_OcAjbSvkS567LUIlcjcjremhNQu	gdelegate3_0
_DxSbKAU9ggh3Ug6LHKFbuJ14yfq	<SetupDevToolsMenu>b__19
_m5Nsy4RJwycswoWcFLXBasSNwZ8	friendlyName
_1hugXJc3kZKjsPPaLSiOCwhD2Dw	user_menu_toggle_handler
_hYTHCg1ZIwQpFYhQpTYQEY6tZhD	<asyncRead>5__5
_HZ5xTXBolo7EbXLh4IjEMQQGOyJ	wAttributes
_YRuyz4SEBeFc2vBw4lPxsQpZMAc	PendulumClient.ButtonAPIV2.MenuSetup/<>c
_FhpuUIT5vUHkc30ecC3PmrKxWlr	set_IsTTS
_yvAhp47MfXc4aFWkHyquLb8D3kG	PendulumClient.AssetUploading.ApiFileHelper/FileOpResult
_v7hmk66GBJ64pexXWAF0n7BCvog	PendulumClient.Wrapper.Wrappers
_yI4QPKP0kjXapRIHGAai68QAq6V	PCBName
_dpVbTVtPNi1TlZPEyrnQu7NgfW1	PendulumClient.UI.AvatarUtils/PedestalRefreshDelegate
_3Ol0v089fos50WY9NTcajaqnhpM	<OnStart>b__9_0
_Tm69BIBxdDf5QvqUsn6p5yGqv0A	DownloadLink
_jhei1IwOoCaoAAULQS5c5dknQsS	get_TabButtonPrefab
_JN3CjAvxFbLHfXiHUinF7sEVShd	set_VrcuimInstance
_yR6SCKFWdOCg4wWWUcUKfpGj7Zm	<SetupOptionsMenu>b__4_26
_zY4CH6zAlAZJqVyU185uFuKFVV1	<method_1>b__0
_Abv5romuG6RscZ6E4vT6rF81AwQ	shortcut_menu_toggle_handler
_Z6w52CQQZcyqNzE72zqHzswBCup	onProgress
_jERbUZ3XcDkUjkuCJcU6Y788Eqg	ToByteArray
_1jF7ULBzgm9GrsPAy7fCqfxU8rr	<buf>5__4
_ooRC5YQ6btZJqH7krFuIeZbXmj7	<totalBytesUploaded>5__4
_yhMxW7lEd5BuAo6FDuGyTaj9l5o	ShouldNotifyInCurrentInstance
_ujQnHRhFlLjR3Wdb5OuFnlsxGj	<ReuploadAvatar>b__28_1
_eTUeryjZd3e8J9OvcDQUAJKd2Rj	LogPlayerInfoFake
_Epy9kB9O2mvVSVflECfGcleLezD	FuncMenu
_LVQ8Le26Ijs4x0IEEX2u3melYBe	EndGroup
_HGMaV1n1WYsCmITbByA9Km7VPrk	get__ret
_gXwDTMcfnO4uAR3CUapyBSAwAji	shortcut_menu_open
_Ee42fJKu4QNfRoO3T1oIEZNhGIh	CleanupTempFiles
_8s89uewXYXDJLgUQ2vgkJm5AQFA	<UploadFile>b__9
_htzJzGNL31zbrxyudwAjpPEQhwl	Evolve.Yoink.YoinkUtils/<Upload>d__26
_ZAUNUbD1RrRodkGf4GgdD6oJG8DA	FileSize
_zq6KwhpbwBoa6NP4q0a49rnJvqN	BCQuestMenu
_QscC2ewrFtGgnZ0tZ5mULcNMEFCA	apiFile
_x5InkZLZUr4kFKnKLmcDte8qqHC	MethodInfo
_9CDP5FNmBcBK9ELL9dZybilPlPf	errorStr
_aPN1halZEIsLqONX0bayMw9a7eI	EnableDeltaCompression
_kbGl4LabIq2f5iaqoozEHNSbceb	<method_7>b__4
_u0lasGbylg7FQDWAmqAQ8ZdboFH	AddToggle
_DIfmUxslN8MIfCIBcVg4ehM5Szo	CachedTransforms
_Mm9oubsmLF3aBO1PkJ2Aq2btLhQ	get_Width
_vA6g9H6OTN3VVCp2f62ZkpwG65H	_assetNodes
_fNRsrykjjtNZmxvIwyRmOcycWGC	<UploadFile>b__3
_S6NUoEPGttodfeNfI6xhfy0OXoG	PendulumClient.AssetUploading.unused.ApiFileHelper/<Upload>d__26
_c37vpaFDSXJCoqo7LdqhDfDCMfT	<C_MenuColorTextHigh>k__BackingField
_rFICLVZ3V7YBrx7ndK85Qka2Fpb	DisablePickupCollision
_Q0mdMjc6RbuD3GnkPgBBH0zvzqcb	<Upload>b__15
_SydmzZmAXUV1Cv2gLrlsFWBMg6E	<>8__3
_uxNuv2LDlc89A5c8dFIKlRLzCde	<UploadFileComponentDoSimpleUpload>b__1
_RAAf1HDrMdUFxPF2hX6BBzpuxiB	remoteConfig_0
_CBYsHp8Zu0SDt8hvO0b7ymlxZje	DSharpPlus.Entities.Optional
_hsRgoI2OInO2mcwqclzlP7xBSqq	GetUseUiMixer
_2X3BtnOvE2XQtdi83dizsahrIMi	setupusermenu
_6S7POD6iK1vZXnfcaAZGDbOoOzA	Evolve.Yoink.YoinkUtils/<>c__DisplayClass28_0
_5FeIFEqAMyiAcTEVdkQ9EuQ357p	DSharpPlus.Entities.DiscordEmbedBuilder/<>c
_3M1fbdUcZd0J2Zj3es6cyhQGVIo	WorldLogged
_rG7jBQUgrpYak43P5htzCxq8DCCA	apiFile_0
_4fY2sylRxd5fexf2yBcDy53AHaO	Early_UiManagerInit
_kq2QdXhMBDCWQBvzPvbFfTvOkFc	AntiPortalMsgTimer
_QZ74w87OAgiuJDGQ1OSECnPShgF	UnityVersion
_1wDvx2DjYqmUTckQ98K4xOU24PG	Path
_gRinex6Q5W0dNgEiCE7n7gKg2	MenuColorText
_Nmoac6Dvo7y8arPeCq0Dg3n0y2o	<SendInputPopupReturnInt>b__0
_1ZYIg4Ac5r5G972pMzzB92DaXsy	Inline
_JmDzz7cibGyhd72UzAfAqByEhbf	level
_uraTCkp2LjSpU8YQGb8dq8iICZb	NetworkedQuestMenu
_G721W80Bkq4WWWc8XHzCrl5XLBQ	ChangePortals
_dpbIwFVQ4mdQ7j6wDvF4NZaaUqc	SettingLeaveShowName
_lMhvd9BQ8OTv1KDb49cUU6njFvf	AddCategory
_YcjoyAWxNXjrvGUB5jLp3YTG4mp	filename
_8Sea3R2jO8jODiPkQfFiae4XOeU	get_Value
_ocRbTfCa6FEFyjmSCSXeELaI5Sw	<Refresh>b__2_2
_hgGtNLiCHqfsSXZNkThhBFtslDo	<SetupOptionsMenu>b__4_3
_xhjDoj4rs0pkRgoJ65DlKBMUA1	GetHashCode
_EFBVkAMDHEEMNjok9TK0KYA60yd	bool_4
_bo9AkWUTLHoCSrkkmzumujdIUQn	<UploadFileComponentDoMultipartUpload>b__0
_q050mKhAgaL0sPECJDTjmtzzP2DA	<method_7>b__0
_za97BgIlEFn9AFaLPENSWd10iYy	<Upload>b__0
_trKH61E27avAs2iplT98slmON4k	CS$<>8__locals2
_UhvBlhODC8XHOmtgWgwCq4Ff8gTA	VrcuimInstance
_4Tug1ibOk0s900bGjBdChdpAjoY	Grav
_M4PnPItC5p2KkXXW11kJAj9mGrC	GetSpawnPoint
_kM6RAcZBIVLFVOuRjHng7faHDO0	onError
_KzaBbqEETRfrno1tonFdIdqXuO3	PendulumClient.AssetUploading.ApiFileHelper/<>c__DisplayClass40_0
_oEoDVI4ep3e2BJQfZxHgqW7y3Os	normalizeWhite
_vgFbJ5zSyT4a31zjN8kB1weYX0P	PendulumClient.AssetUploading.ApiFileHelper/<UploadFile>d__26
_uIimCwpPuMY9aD1jDnxGmzbgsES	<UploadFileComponentDoSimpleUpload>b__3
_dfNDi2Js5EpMkf1xPDsfbG8LBax	ReadAllLines
_McaLfo7CulACaAy0YljsCwKCKE9	<SetupDevToolsMenu>b__3_3
_u2FZVU0QbPdSzZkymXfHhmvuVqC	GetPlayer
_h8NVBC4lYXUuzkNbpptdASCxbkC	SendAlertPopup
_RjTJM9cNVR043HuPwJCdAFGktaV	<asyncResult2>5__6
_XzGbRHgyTRoq2kDuaHhskSQ0jSP	<Footer>k__BackingField
_WuvBW9Wa0enxCgBUXKx9aq2ce4BA	PendulumClient.AssetUploading.unused.ApiFileHelperOld/<>c__DisplayClass37_5
_0eFBEFjJB6dEv1k3YoQEuiNbYDA	set_Name
_EQ8VZDLxUA3JvgN6u2DSya8hl0c	StoredPCU
_m7tqfz9G4PTxG2MLINqgsupGkle	CS$<>8__locals3
_eAJOeBNgjv1N0H4aGDZjLCBocDT	ExtraStuff
_5uHlLJJbLfuTiZ7qqINNMDO22lI	GetAPIUser
_oSlCDIYDpEKLOwqojxsDYeueuwk	<startTime>5__17
_0O414E9EjBUfcgNqTOcEr66UYNb	PendulumClient.AssetUploading.unused.ApiFileHelper/<>c__DisplayClass41_2
_YNfP7tCOxszRrNCaaoiENSZotZR	<>9__21
_foquECjYtsayZv4RLOki31Ntb1c	<tempFileName>5__8
_gAj2heEX9pIJGcmGAJrRQLnD3lh	get_TogglePrefab
_lNRcTbdhkrv7BvikCSHXPQcAuyS	set_Title
_V0ks3ZtJIrIANncvBp8ytiSatou	<method_7>b__1
_jEfeVebm7zfrDXVQv8EIEfvRcTM	<SetupMenu>b__27_20
_FlE1eTe7DxEM3WMzHEqqYCt3BIH	OurPinnedDelegates
_q81fvHfSxJUOHDwNdPWcPVdnkRO	method_10
_MEKg346HtXsxjNECzRBkwSCJ0pj	get_SiblingIndex
_qMVg7kVbSgIPPGPD5iWdVhvtyGf	get_Thumbnail
_zlFamJdrCDBjKKkdeeo7zDl83WN	WriteJson
_chrRbBu0Zy4P1xLfyuHPej3ujUC	SendBruhEvent
_zSLVJ5IPZc3pHTCNxlRU9y7Giyh	string_5
_ko2uhn4DWcY4QGedIGdNQgxfbIq	<i>5__5
_286mErPw9MS7yJict4fMwUEPgCb	<SetupOptionsMenu>b__4_28
_OZuZeW0kDIej3wJoauLwx4YQflP	LogWarning
_iCeF9w32TfaqXGSudvy46AMzteB	Evolve.Yoink.YoinkUtils/OnFileCheck
_NWjCK7oazsxBU4beLbbWIlrGNTnb	PendulumClient.AssetUploading.ApiFileHelper/<>c__DisplayClass39_1
_tOef6yxWSpeI6ix2cQeEchsV9Cg	set_ProxyUrl
_mNRCkzbODL0h2ZTzF4LzyItVUsD	PendulumClient.AssetUploading.unused.ApiFileHelper/<>c__DisplayClass40_1
_pzOKTlVN6cyaSsZYSFJcMcgTOEK	Image
_XzSGhMnKPdAmNifsrKpVnTfWE8c	ToWriter
_Vkie44eKIHSseFkX6AqiKbEbdQQ	PendulumClient.UnityExtensions.EnableDisableListener
_47b25LnQsvK9mSZb1Hx0otUCwFf	PortalDropName
_UzLcrXSdtWT4oKBgvj701dielRd	HasValue
_WR5zvKNlcUky8tXdqbPVKJ59EsG	<SetupOptionsMenu>b__4_22
_UkFYneBBMZbjrsZG5CzIdlNHbSb	DisconnectOn
_eEzUjLDIN27dcISFTo2McSPKTnR	<SetupDevToolsMenu>b__3_8
_nE6iGD4qHIuZ54gdi0sSEV2Dz0A	<SetupMenu>b__27_5
_WRJmuQYbGcuIZ81zDeEmejDSLiQA	PendulumClient.AssetUploading.ApiFileHelper/<UploadFileComponentDoMultipartUpload>d__40
_ZgwYD4YIT4JB2Dtas4P1NJukalK	smethod_8
_u8pZW5hcYvlqfQ48vL8JhDsZmGA	<UploadFile>b__19
_x9Jh995P8F6a1qbn4h8T64yeUQo	PartToHex
_oJV4zRQVrOm2ZSwVVNtU1a8147C	<num3>5__5
_5YuaU9q6dS2qetAhcLVcB6ng6o4	WithImageUrl
_dhk4kkeel0LTXqOhQ4heyCmhCVs	PendulumClient.ButtonAPIV2.APIV2_TabButton
_RsoO9exM0Cfip6DGNp8LpJCMAgk	<>8__2
_od1VvP6D8ye3CGYopTOkkzCdyvM	<SetupMenu>b__27_25
_rMfncOThcKhnr62XaeSBkmDdb1xA	KyranColor
_bbWGvLVfc7WcFCBeSJWxUIRaVBV	cached_quickmenuinstance
_pOD5esNc6o8msKhZXRLsJSG7lTC	<SetupDevToolsMenu>b__3_11
_ijnJsLgrLsSQwbOGVXsMR1xIXMg	GetPlayerController
_0QXcxtQfqnQJvQSrsQumCob8SnXA	<FormatVersion>k__BackingField
_CfEbk8xpeuookeMa1UJ70GsfOpu	CS$<>8__locals4
_q2ixGrCamqswmhPMrbn5EM0aXxh	<Refresh>b__2_0
_puNLtcUCQSKdcRlZU40ZPZ1rOsb	IsGZipCompressed
_7au4MPi4Fr6LiIABQMUUJEUZKZB	<Upload>b__4
_T84Y6GunEHVKRoGR2OuvZo0fqGh	PendulumClient.Main.BuildInfo
_arWi4JYVFoVidl2LXfRl7icGghO	<stream>5__3
_HJlid2gPgWVF1ixjekXu3WM7nND	FirstAntiPortalToggle
_IydPELKc1aLUhInNdswqgQqJgYN	action_0
_GBcKGZjUh25Mr693hbXsHwP6Rt	imageToBlink
_oDlF4JpL128zJ4MaVNW5jrgeg	TryFindOriginalSprite
_LZOjRsXQeTlXv9c7FDotxJWxAab	get_UiPage
_3g6zKhp7ejgPUEST7FZPaDadl3O	mee
_2rOPpc8I66R4k9vKdNWLyRiOSPo	UiPage
_zt6NSH2TQoweBSR9gBs8Olh50og	Evolve.Yoink.YoinkUtils/<method_9>d__42
_Agwdb9eEnWGG1TXi1loJVLvHjnk	<Upload>b__6
_UJrDp95m36sd0x3X20BFj9Ak4Mbb	<uploadFileComponentDoMultipartUpload>b__8
_8j5bgYWMUJe58KySgvsRjHKy54c	IsTakingFakePicture
_V7ntHL0JCxdmidxchuWcctkWUyl	_imageUri
_kWvkC5WuKYSzKjIUYJ6fnPc2QRg	<GetCategoryPage>b__0
_kCjmuphMix7NKjrXBhf5vVfy1U	<ReuploadAvatar>b__28_4
_uvXhcthwdddSaWwTBYjkK7H0Lhf	<num>5__17
_VtCAy8Ng5pORQYnJRZMoZoQYPDP	CorbinUID
_4nTtGwvJXW8WjlcvRsudpNbCPnO	ReadUInt32BE
_f0gp4I8mCMCx9oNn5EnbZmDKNSm	WithUrl
_RIqAHzsYDI0GYnZ45VUvGHFOCzB	kPostWriteDelay
_eAyLMm5ajvgqzXaC6yFFeOGQGd0	get_Title
_Jub9CjxGGMDAlK6B1SbAbGiUvUPA	get_Color
_NgqjeSGmcq5fACqgtmylZfpFqKv	set_Text
_nIModibz7gkYZI3nL0ygFBAKvBH	_assetBlocks
_BaNuQ7VOUJ0zbl6h9V0QhXyFBDt	<SetupOptionsMenu>b__4_21
_b0qKRxizYCP1AIqdc9QkUlEFFB9	uploadFilename
_T1hfiBxcgZDknaynZbyOu7QhpE3	Version
_A03hhe8fu1PVoHcaV9xb18A9Iao	get_TargetMenu
_2LIWjJKCMQROAFcL3p3nM4aJOfF	DSharpPlus.Entities.DiscordEmbedBuilder
_RvefYUZlfI8NAWcG7JGYNzgD8SX	<uploadFileComponentDoSimpleUpload>b__6
_CXgaddcQ352EszB2NUhAT03hbOO	UploadFile
_VNCnkpMrg3N16b9M4a3qJEIClhL	<isUnityPackage>5__2
_utYfHqAegyIrZfX0gwgCqSgwDDd	<method_8>b__4
_2S8s33veHElfNxRCJ34fYL6IQmG	PendulumClient.Anti.ret_9/<Desync>d__8
_DgnD2LHTv5Nsb9nQGVxhJ134IBB	<ProxyUrl>k__BackingField
_JRRIGl6MC6iHJzM4BReZLdDQX5h	<req>5__10
_X3PwaeYPAcP4bqXAdbBg2YFx2bf	<>8__6
_mAH7CJtXmM1oYr05m9sbzTDA5ku	string_2
_9OzKctXHsPrRkUbom9itQ317cEJ	PendulumClient.AssetUploading.ApiFileHelper/<UploadFileComponentDoSimpleUpload>d__39
_VkJw6feAeBcyORN7eRlEMvuG9Ic	<>9__16
_BGHXy7iWIWaMcURFohNz0hRBf0j	ourGrayscaledSpritesMap
_cmX18Tx74Bnn5D1M3rZJYHpxHAB	add_OnOpen
_DTDwgMWbocKkHaZtgyP8gNsc24T	PendulumClient.Main.Win32
_irAdb5EjiiRWlnocoGQHROVJiI7	DumpXRefs
_82mAWKuzEd8Qf7DEdQq7BaWoYmZ	SendLoginProper
_bifbvFUGjG86hoKdLt9TxN77JNI	darkRed
_dlgTkzD7K9DB5WVSbyOsA4uWXMb	bool_1
_7sEmUpXdDKW52deYWplG8PIha9K	UploadFileComponentVerifyRecord
_2kjVxIhqvHKIIfabwSofL8DxXYv	OnDisableEvent
_TwF9XfTdYOWdI7fdUbMcE3qnv4o	get_Body
_3JlGYEwBHrdaZXjWEZE07jhDF1H	RandomInstance8Char
_TElyQVmL0GKQ52Rj3LNPwuyck0c	get_AssetBlocks
_KeCcTVsoErOdd9Gsz7yLv2281TK	PendulumClient.UI.DevToolsMenu/<>c__DisplayClass3_1
_9uSasxKqMeyjJeYgkLeE6I7oTPr	<UploadFile>b__14
_uszEIzw1D6q73SmhqCf4pLpUPoc	get_all_player
_aeoLJ14ue9xYMGUQhOQrJwjjYt	op_Implicit
_fM5yBcpGMgYc0QEpo301XM48djj	<num3>5__20
_0NqH42Uy6y9y91Nwbsl3yNzhLZf	get_Url
_k4IpGMVpajHGo7sGpPTxwes2zzO	<Title>k__BackingField
_NDAtcwtSNykE3e9pebXpCzZOxoE	Values
_WofwdxEjHTQByG1APhykHJzpQMv	<OnApplicationStart>b__115_1
_cdEjodlOQq4t54N2OlCDSPB3YTd	set_MenuColorDark2
_sHAfpgpnrlXDIhQlf7tjI8JFk5o	<SetupOptionsMenu>b__4_19
_i0Z8ucKbH5Bs5PWVuZ4GRSWeriS	get_MenuColorBackground
_AJRaVQ8PjndA3JE82ESzMfvRy0L	EnableEvent9
_ch2E47ZDwwZrb8749rQuzZn8rUA	<UploadFile>b__26
_1mk1pHe4VyxHW3k3nEJMhDjP29b	NameESPTimer
_jiqOTPMNBuImp3qJxt5k6hGeWeG	UploadFileComponentDoMultipartUpload
_yUYvfNeqo7bmXwwKq6RmCyRvKuc	<UploadFile>b__8
_eIXE84ZBn7TKDZ2fjGwtQbNsstf	<gZipStream>5__4
_AsTHtaDYazmf3CKGGXfk6l8cv8BA	DSharpPlus.Entities.DiscordEmbedFooter
_7fkxwijq5GbiMO6QmzaqwH0D2Ze	_toggleIcon
_aS2CxRAAf7a9PilLuL2K36B8TMl	success
_u9UAXMWBhIfBNTrctBIoXLI4PIDb	PendulumClient.Main.PendulumClientMain/<>c__DisplayClass123_0
_iMb4LmqqYhRUyY08PfnPQ5FiqJh	long_0
_YlnFGKOIlbMujCiDE8rNPBUo9Pb	<SetupMenu>b__27_17
_VLDPV8shTGucvrdViNlwR4xWaNr	Destroy
_PrwToeHkqll1waHV8b4r5H4tGeC	get_Text
_dHENe6mGtZnwAWEbbnAmTfVDvXj	<outStream>5__4
_3irnBEl0DuxIfm5fjXb55ClsoQP	SetScreenColors
_2Ag9qbOdW9BKniNhiUjgA6wAtyN	PendulumClient.AssetUploading.unused.ApiFileHelper/<>c__DisplayClass40_2
_BH6PrEcizNuAMNTYnE6omgjssxl	JoinLog
_ZXW06z3BvEbhF0kHNnlPjFZ8LO1	Evolve.Yoink.YoinkUtils/<>c
_h4qjsc9aD7HIEbDR0Y9G8hDOtWP	get_C_MenuColorBase
_s2hSSD2JvWlq2HKHf4lB4FUAmfL	OnOpen
_1ADZi3g99Ki6oclgljV836nE6kF	SendInviteReqSocial
_XXNjcRhw5O3CM7pKecuZN8DnbGe	bool_3
_JVcLg8KicMukAe6Rwxe2DzL1Fwk	PendulumClient.AssetUploading.ApiFileHelper/<CreateFileSignatureInternal>d__28
_dafbdoPZiYuHzUUSFcdAGf3Tj8M	PendulumClient.ConfigV2.WingConfig
_1pLhx08xrgXuYgiWyKgDDP0NVyG	Evolve.Yoink.YoinkUtils/OnFailure
_flYpnTsWztsxnIDG8PyAaeam2tr	UploadFileComponentDoSimpleUpload
_RDvkQ3PaGAcPVqeNE5IpAYOQ9Rg	outputSignatureFilename
_QguFjO4nVbL4NId2ozpFCpiHrDi	<OnStart>b__5_0
_Jzlc8rib07aPPWCyMFasVST6pJk	WithTitle
_0OA5WzmEC15vRrbn2jUnu5YA03N	set_C_MenuColorDark2
_tiNarq5e93hRuIlYtOpFy05kD4l	<method_7>b__3
_PWV2wUQkxhuBKhpEXltd6OitODAA	_subCategoryPages
_eyLooCGQv99sUPkNWAcFMJ3wmAC	<UploadFile>b__26_6
_p0c9wuofSXYRaMuxjYDwB9YEgZo	JoiningPlayerList
_lHjBPK0EuDE3sPyjJ9vHHtSrY3q	RandomString
_EkE8UpS4Rqlndg23L5NPpuHdauf	StoredVRCAPath
_FE76oquKTqxPqkSc9x9nYnYW0cL	GrubbieUID
_7HfVNKvd2eE6jXczL8y0B1r2Dar	get_MenuPrefab
_zRw3IBHARlrcxhMwFrBZxI7Bwer	PendulumClient.ButtonAPIV2.MenuSetup
_t2CeuxQQTlGWZYEdR6iiZilwQtt	<Upload>b__18
_KLeVCooG3GQ3zDPAZyoSO7Rg4WD	DevPlayer
_sE0GHGdW6QHIYyscpEKSZFbR1Kf	done
_ko3xd1jIJVN8ZjlpcfNwHfDLkhU	FromByteArray
_iRUvcOrbrnGb8AW6wvuX8XSLEr1	ChangeAvatarPedestals
_evHCAElqKzkCNHKboPOlYaAytKtA	darkGray
_kOnQwgR7ofqXTWyB2dQAwXnZ9by	IsDownloadingFile
_xkkSJD4A0zsGEFGfYKDliubuaCe	<method_8>b__7
_qptuCjih22oNQZtX4njztYEFx3E	GetHighlightsFX
_1dwAIQsFzMLcfxxxzhRcInlAFrB	add_OnDisableEvent
_nBeiULmxW5mVPNqspo15DSmfm9G	ACLink
_UY0AxXqaQfXGulb5FqjrdrAl1gz	ConvertToType
_hQa33YOWvRad46hAdOyibZ4RnaL	Finalize
_F5Gb1s2oHsPMgTYMCWtMCAnAc9t	Name
_JxSGG3OJIF6oF7XsGRwaftGGfkT	PendulumClient.UI.InputPopup
_br1aMJF1zHQipa8Pk2Tjx8D07cC	ApplyOverrides
_pVJQl8EZdkyGkhHztQJwhdmK2cS	existingFileSignaturePath
_nsVJOeqVxS1P72GPOWWfH3CaeYi	ParseFrom
_8PKMPo0EdPvEa2vPUErv84X2lXg	<long_4>5__4
_g5aJV6AuhpRahoC4fH8PTBj8oMF	RandomInstance4Char
_iQe2DxnYQ63u5cVfc5RkCZwE9Fr	<Upload>b__12
_icUa9XxkCbakwSNdD4QTqJPedmB	<delete_dynamic_prefabs>b__134_0
_OByg5O9spDSEcivJfNfUK9Cs4Hj	AddField
_GtADoKa496TqCBSJAHKK4h3UdEV	<deltaFileSize>5__10
_VQrOjMzqIECxh3Jb5ilaz85MC4W	get_apifilehelper
_z3oCdjKQeevJ0VYgFfJRynvqzlq	<Upload>b__9
_pM7cz6bciCxzI8dYW6ah7vYLSsR	GetUnpackerType
_aJjd7NQwNcXMiOzLEYdgc5Bt0CL	worthRetry
_1B1xoIccSJ6upbdXteqccpE7Fn0	<flag>5__8
_tnwRUfzfs7o5UwF9cZnjGPlz7UH	ReadInt64BE
_zFPu593U02WLjENJhyS1Wmof6Vg	<SetupDevToolsMenu>b__21
_UdVji0vQeXeulBbYnTlBTPBb4iw	ReplaceID
_36VoDIAbXuFSsaYbF2rG4yEW03u	PendulumClient.AssetUploading.AssetBlock
_IkKgWwK6rkkG3J9c4rZ1tPmxYHO	get_GameObject
_YJqFN7CCiAsWgOu2Iv0WKDYN1XE	get_OnIconSprite
_d59mAQDnVVgZs3ccMXxAGBqfKAc	EmptyNumber
_iuenYe2VY4Rcv1NgCe1AqxdTKnq	ChangeHudReticle
_nhFVn2cQpE5qjboYX9ScXFxO2AH	PendulumClient.ButtonAPIInc.ButtonAPI
_i8jG5CXI3CZ717Q87iUrwXasOIi	get_RectTransform
_iyxsDL9MA0r8oe8sEImpJ3TrC9h	Active
_wd48H9cZO0l77DnMEz6tWoLTjSb	make_slider
_OwR9C6eGiM5Kdb5kZ28sSzUx4pm	SERVER_PROCESSING_MAX_RETRY_TIME
_JYRGNhbyGSpsHguSZkjCKV0QwCE	ImageUrl
_BCHioVndGdTLELk1MoobZVJmxQE	C_MenuColorBackground
_8Sj1VET9CXLSrLVDODsKdyjBFzC	SettingLeaveSound
_4Oqt9e3EydNfBATpcn8goEzhDxB	PendulumClient.AssetUploading.ApiFileHelper/<>c__DisplayClass26_1
_WK9SBT3kCn4A9mG5tnZbWHkZXFQ	PendulumClient.AssetUploading.unused.ApiFileHelper/GDelegate3
_eHduDSA3EvQABA4Vj4IygRGLb7Q	PendulumClient.AssetUploading.ApiFileHelper/<>c__DisplayClass40_2
_Zyqy0CTeCD7QABNsBMS6ZIZF3EE	<Name>k__BackingField
_uQ1Jg3KUXu4E07mb0jKFbPeSQQJ	get_Fields
_NGlAGyBUXdJdGKjtiw9YQzuzAJV	UncompressedBlockSize
_t4mlCjLWzOcjaoJB7w8xVP10JTG	ShowName
_u1XUaV5RFUHTelykIxA1kcMlKxH	make_slider_int
_5PZ4UhU2x9ue11QW6ikIAKBhZyE	ColorSettingsSetup
_GqrlCUNKcT8DvG8xJXMs5GT02wl	list_0
_waFeeDpp9gM6xOjPqxZPqS0H4S3	<action2>5__5
_NmtxHnMbb1XmHJEhOMKJ7LLR8kV	<worthRetry>5__9
_rPfChsnWRpiXwY58OxlptxShcVB	<SetupLogoButton>b__129_1
_XQrALnfh6nqyo5wyGi5qPoKnZ4h	<SetupDevToolsMenu>b__3_5
_ICcRHKi5hG45RO50SDHIAndfuQI	TpPlayerRPC
_monFWB8jIyvi7YXeNslgCnqbKIc	<CreateProperty>b__0
_9DKVpTB5GrcEVQtUSKtwuEDkkLc	UpdateToggleIfNeeded
_X3slv99uvyIIFvx4j7fIybqmEWH	set_MainMenu
_82jtWBBnFFKJ6ssfOvuZRbydYPL	<SetupDevToolsMenu>b__3_20
_HKMgAeILp1y4MNMiw0Rvd52pdwi	GetVRC_Player
_kJSbOoZdSLzAi6ELdh6ykFA2gwAA	<OnValueChanged>b__3_0
_jIWaF3zU6KBnDO5d3UKQ6M9OjtZ	<ForceRestartButton>b__167_0
_yzsav2PHFmDlQVCBphuHSSpXCMF	PendulumClient.ColorModuleV2.CMV2_SpriteUtil
_oeejjwZ1DFwcUbEFXioUX1mEhhh	DSharpPlus.RestWebhookExecutePayload
_HWFUaAXGgYrjuywhgkBf3sFpUgzb	DebugLogPlayerJoinLeave
_7X9os8i3z2H1CbOgugKNwyHwmqB	OnEnableEvent
_iK7csA3gPb4sA7O0FXwYzfIel3y	name
_XjPdlbnTrJyzrYB4GZXGIaffL4w	lineMaterial
_yynxMWOVx7PbMSO1dlHhYNqrAIB	PendulumClient.AssetUploading.unused.ApiFileHelper
_a9LDgZNijJL3cAjVHuHwk62lUmj	_yynxMWOVx7PbMSO1dlHhYNqrAIB/<method_3>d__30
_IVSEoWoZEe01h23cPJNhxgen3BD	PendulumClient.AssetUploading.ApiFileHelper/<>c
_kabCphXUrK2nRenCgFG5HndOKXQ	portal_menu_open
_YsUdW4FClyq6YjLEwuhSvqnaNyT	CS$<>8__locals5
_kmqBX51h3mmsF86aC4NlBJfY4HY	set_Height
_7FLcclOtC7JEzeKiep7TO6wItEk	inthedepthsofpendulumclientcorbinwillnotfindthismethod
_XrRoVyKgMo2ZjMwwuxFco3lQ9xH	PendulumClient.ColorModule.ColorModule
_tALAFOhKUpAiMwhhA54cP5eXsj4	type_0
_X3GcAQvJniYk0s25LFIhaSjWf4U	<onCancelFunc>5__2
_Bq3VghOmFgnCpppn4Avv849bR6F	PendulumClient.AssetUploading.unused.ApiFileHelperOld/FileOpCancelQuery
_VNyLchLwD3EqT3wj4jC4CCnlNXJ	portal_menu
_GhGm1fo0BSQGuB8WHHyqcAdT8FO	<GetXMLFile>b__17_0
_qjk2iNNJY4xKof9h7NaBgCsRe5C	userInfo
_OaHQzkm17Sz0zfqzwutrIhHDaXf	<PatchHarmony>b__156_1
_UGHoafL1byLWbF5W7Z9uwS5sYvA	<folder>5__2
_FNxmVXJPhvDZErqvYBJe2JBU9VF	<buffer>5__3
_Sq4hnwvjzyERKYQ5vm6VX9C72Wh	Interactable
_dI83xw3FFmMbjpHWFsb4jcr91SL	FromManagedToIL2CPP
_nCdAO9UOpUneNB8C3L7XILM2HDDA	SendInputPopupReturnInt
_IuVdeka2CAKJqnICIv7O4aNjFZm	_title
_kDVdhFyJeOIWQPWBwNqBm4gfjO2	ChairInvoke
_TbwgayAiclHtuuiKx6klQZgS7ym	<SetupOptionsMenu>b__0
_SlOByuBDWu6bR0b9jvNp6QPwtPab	<uploadFileComponentDoMultipartUpload>b__2
_LT9AGwoL4y6KQlyi7sDOlu2zsYj	Evolve.Yoink.YoinkUtils/<>c__DisplayClass41_1
_5pZ1jx5s2idCKlPTebHJ5HSrzap	<MenuColorHighlight>k__BackingField
_q39zQgjc0AUxcKLaRUIqDxgixCr	SendDefaultPopup
_cDIea4fku6J5DJbNVNxsfUTnQ1g	ButtonPrefab
_5TP20bkuBHxiHsFoIoKaRuYGPWO	SERVER_PROCESSING_WAIT_TIMEOUT_CHUNK_SIZE
_0i3bZfWJaRu9s4nr7OdXFztIwLl	<Flags>k__BackingField
_3e8jHecNLMJzHxjMgrQ8LeNKPm	set_Thumbnail
_nFQaFk3kPvnFKMGD1KA7SrFQbIeb	<UploadFile>b__0
_pphRmUrx7sJIWuwgzTZuAjaKA1i	<C_MenuColorAccent>k__BackingField
_M0R7Ex4SdT0EU7VvTR0pV0btU7h	IP
_sbRmMR6gae391cBgkR9sm0IauvP	<num3>5__6
_NTHa3m9qJ7qproGk6M9UcCOcLtn	_isRoot
_Jy7zRj7fq2FmIMEngebD6DRKkRG	GetMenuPage
_rwl7quWq0b8CwyQvAZhC3p6QDjF	PlayerManagerSetup
_vMaLTJxrSZ2QbyEETnWHlvVzgJj	Refresh
_mr8eJIJO5Qi5lyRhEwiB4P8Ovtc	bruhhandler1
_v8htMyA527V1UTlTruXvCE3BJWm	IsLoading
_1uNaIxVkBeg7k2cf0fmstmPiq9L	set_Width
_LyBaDoq7liXgRT0OdMYKm0IBO3d	Embeds
_p8vcBzL0I0pn22Lng9baQIV93ab	get_C_MenuColorDarklight
_F37asNnowUErG77KUea6BJNXqSF	<SetupOptionsMenu>b__6
_LGDaIbtIhNgNuSkFkouSYtteejB	Value
_4A6kuCFaU5DWx3atpqGm0t7qANA	OpRaiseEvent
_pscBDlZNeznl7XA6hoRzArEiPU1A	EnableDesktopCamera
_QfD79IcXu7LjvYNrVHN0RpRFXHh	<>9__10
_5SqBS6vJgGcuD4IkjMDAZELW3NV	CheckInRoomList
_0OX39J0NpUyb0X1pBfvk0KqXe0T	string_4
_XN5o9ezOseackdnI9PXRM4s2wIK	MenuColorBase
_caCh4uL3Zy6sPlq3w1abKm0Dcuq	ReferencedDelegate
_8lBIh7fjVJuPBzCXM9HEMjRipld	Video
_b74P0nZDi7booLyBJgccHLnphd7	FixShittyQM
_x0NsvnroDl1HnVFI4ZkTdYif4TH	<C_MenuColorDark2>k__BackingField
_dZUM8mrm4ozwScoK3BU94jqVnmF	<photonViews>5__2
_cWHaxcr3ydb9CW4UUFOUBePeQZI	is373
_5wOmbs7EtbbTLJvTKJ6hTCVeZwd	<SetupLogoButton>b__129_0
_qk2HQFR2kutxd8K7OxFFCYmghUA	SERVER_PROCESSING_WAIT_TIMEOUT_PER_CHUNK_SIZE
_s11yHljLbRxlpShGgjBOt0KBBqw	<CreateOptimizedFileInternal>b__1
_3oMes8vA5vti8SKGpjAH7GteeUi	int_1
_GQ64IMWK3NIAaZgey0FBEmQudPM	<b>5__18
_oey6NJp8ePI8R1dADkSQuJ1CLwy	<GetGrayscaledSprite>b__0
_hzBCvK779STeA7bhqL01edoFwvu	_button
_8HR2FqIZWb1O58MbqhQEXqxiiSf	<UploadFile>b__22_10
_5YAZAnqCdVtu89m8XzNBy9Nj96M	get_VrcuimInstance
_5CizpT3ydHRdDrGevosvxFRuMxd	<initialStartTime>5__17
_oEXLHe0qa3iKaKSLFev6AMGv3uo	<Upload>b__23
_OMa3WhLLFrWUhvvAX9YOlkhVo2C	<Upload>b__26_13
_P2f1cs4Frn580HhJeTGzppLG24B	<SetupOptionsMenu>b__4_23
_ZRxJHENnUSzENqJOwHkiZwTIv9e	filecheck
_RGZ6STb56b38hg8QWc2acK5GC1x	<IsDisposedInternally>k__BackingField
_xNXgn9GzPzmTTKlNDanJK3dOksi	SERVER_PROCESSING_INITIAL_RETRY_TIME
_u6QWWpIdOQCFhshVvCRBk29LnL4	SettingsCategory
_yjUs8Buvybis9JZlzmnXlsdYH7d	CloseMenu
_F1OU1izWqwchVkzcicaJkjQxpqI	<Selector>k__BackingField
_N3C55XHmpoBva6eVhIn4ydJAT0N	PendulumClient.UI.NewUIExtensions/SwitchToRootPageDelegate
_OqZzB7abgEVgUL0HYDw6b715F3M	ReadInt16BE
_LOyzVXuFHbdMhciaLEDX1HJ9Y3g	PendulumClient.AssetUploading.unused.ApiFileHelperOld/<CreateFileSignatureInternal>d__25
_ssLkIuAAt89rW2xy4Krm2WeRUcb	<FileName>k__BackingField
_D9GWk4SB59AwsaNwZH2fupvRuNU	Flags
_20Y9LVYAaDnMkphIbbeeiNGMVhGA	<method_9>b__0
_lvXLkWGznW8AAsMcAZWccSQ4CAm	CheckDependencies
_2KprQ4iys0YGUjRZ4ZVPDu2TCvJ	SettingShouldBlink
_JgyhSRaKuGtWEnKdmdgz2ZWwanG	PortalDistance
_plazWmghmaRvBgkSpNWdKfHlBpe	Log
_P0Na7AU7Uau911LaOEShUmdG9zAA	PendulumClient.AssetUploading.unused.ApiFileHelperOld/<uploadFileComponentDoMultipartUpload>d__37
_EzZENYTCuPiAjZCeNuM0sduHoLj	Author
_2mH0oz1MJdNMGEeC3fofiOJtFJy	<MenuColorTextHigh>k__BackingField
_XFgVMyIfuL2JW5UkNESbWjaxgUA	OnModSettingsApplied
_GYE9J7AkUuMRZtWMpyweIrLxVuF	<SetupDevToolsMenu>b__3_10
_IOmRoX2qZeiRrjWNgQa3aBMo8S	PendulumClientBuildVersion
_iVOKelY02ijsAO5LAfutjmZnhvL	WaitForBlacklistLoad
_jYOPGAcbZVabqrCFqIMbbAifnEeb	<SetupMenu>b__27_23
_z6hGKwgs8E7XCq6i6SSbhb3v1Je	method_4
_xjRYdxy51Azolz8FT0TRoJTOJNf	get_IconUrl
_2Zo2I495Repn8mNaf2HK02L9kzD	pcu_menu
_4Lp5yTaXAO0AHikbZRdbtwXXcbI	SetupReflections
_JluwkBfzogEXf2LeDnrADNr0zfL	FriendReqList
_t2q3RJByoY2fbt6QAalI9XrxgWN	OnStart
_FJeArTe9QL6A1xlNr8lB0AfRhvs	record
_4xRdYG80jJd32GAPQcVnCEPhPTJ	apifilehelper
_0cc9G5Eh22uwz2WGfNqVGJoBYOb	<list_0>5__5
_cfO0xVRYhip9iB4CWX9jQUPJ8Mo	<uploadFileComponentDoSimpleUpload>b__2
_nQEhtt99Tl35oC7ddS0uTJsJtGB	DropPortalWithInstanceText
_YpYGPpYozXl6UnKnPjuvydbyWv	DevCircleIcon
_CdJMru9SN9Gtcs7MpB3zUzt7Rrh	get_ImageUrl
_W9cWkwgMDCEqsl4bAUgGxkomzNL	ReadAllBytes
_PjN4vmdIjNbgrsQrO5Em1lJExif	ParentObjects
_7HmSP1T8sm8yVbEqJZuLEBrAkCf	<.cctor>b__0_0
_qXxtEcSA7EnNI2LBJUORL58DH0kA	outputFilename
_jpnzNhYcnQt63y3Bh1dE5DeefRp	<GetLZ4HCFile>b__18_0
_BbuJFxQAwzi8FHptUwcC4Csi6mK	get_C_MenuColorTextHigh
_rvCN94aOtljZ80jNbckwlhDa6Kq	<UploadFileComponentDoSimpleUpload>b__5
_pPhBqiqqzcP8VAcIjboeoxxclPA	<Upload>b__1
_Bm3VL2PP4gPSGXPmEiuUl5uPkGA	fileMD5Base64
_OKUkj0lssOb9ZEjU5TwOPENk3id	SetupLogoButton
_4muvU6kItGbYGfcr7Hi9iDvdNGE	<Image>k__BackingField
_ol1bLYn5KFMqGgROnUMrwHMDwfd	SettingSoundVolume
_DiDsGLDBUoMa66fT88LW4P0N1on	PendulumClient.Main.PendulumClientMain/<>c__DisplayClass157_0
_pghJruA0dktBOOttRiVE8NufLIV	SetupMenuSprite
_GS8c89NVaBfd8BCt271HvcVR4TL	<Upload>b__14
_tCViZn4Aayh77FIcUDbdjldACkzA	<instance>5__2
_qCQQBB9b1LiaferL0NPstwvQzQx	get_ProxyUrl
_y92kUXiA8kk7zUWgNuo7S3tclNY	outputDeltaFilename
_wKt4zu4xghicamHJ613bZj5MfzS	<array>5__2
_0SBwR8obflSFytkSTZ4HSjcyXA4	<>8__4
_DzUXr1fYNBNaACuUaXmEr6olDbf	FollowSelected
_aLjXjasZD24TYUtL9cqecpeR3xc	<Upload>b__2
_uzf6Njn8yxgZZ0IxTCFbcQxrG4K	dsobj
_Bs3mOoqcOfn1Z84tq52ePgjprwr	get_C_MenuColorAccentDarker
_3vXPGRREHxoBUX6bWeD3CXQVD9Y	Color
_NkIC7J38GC2CV6y77p0YIghalcY	<ReuploadAvatar>b__0
_PrsD7uiDockQth7GiuDECxoFS6gB	<uploadFileComponentDoMultipartUpload>b__9
_t9uERW2G2uqDmT5SfRwMMhmQtLg	<MenuColorAccent>k__BackingField
_hIqwMeLMeYu1bXjQvI9y4yrhdYJ	<SetColorTheme>b__12_1
_wO0S4MtBKJJQpsiO8h9FKiCZCko	get_CompressedSize
_RezDAa19Lz6KBGpNVazBmcBBCqbA	set_C_MenuColorDarklight
_mcFt18DAXLEkEbcJHRKcRv5I4Tz	fileDesc
_1OUc9CRUlqxU9aGBnXJ3LnHB3Xg	<Author>k__BackingField
_hb3RTqKsb4pkduiKvIOTLPIO0pd	PendulumClient.AssetUploading.ApiFileHelper/<CreateFileDeltaInternal>d__29
_VC3VQviozdIK3SvPxJDjvqFOGFH	<SetupOptionsMenu>b__4_9
_IFWVW43OhWaPnx4R9igi14irKCC	set_MenuColorText
_FCX09grbylKM7QbKmBY1TY9xWTf	SetupMenuClock
_VbrEKMDixsO953DDg0ebKAaI3Rl	<Upload>b__16
_J8Yc3nMMNNtrbRQjrsn2mSQfLiaA	<SetupOptionsMenu>b__4_20
_YEp0YohnReufcWyhSDF6QJRkW0N	set_C_MenuColorBackground
_tLG7swPfphYSiLzVKTzTu3d8CEh	AddPlayerToJoiningList
_Y9yecgR6p59iGG9NS8VzvHdLheE	myJoinImage
_2aquQuQfgEEGDTeJXwxW7vuXK2O	_container
_cP84day1a7ZBAeSaOuFOAIARbFI	GetPlayerFrames
_E5kLq6kPWH1NRGmbseSKyTLEK8J	<action>5__4
_mfCAwkywMmxyioshOGKh9S6Xy0h	<MenuColorBase>k__BackingField
_FxXsUaDmq1wwVVhPwo4LxATduVo	<OnUploadVrcaAsyncSuccess>b__22_0
_mxdzcmnYGskNeMGR3bTL2vtQu1H	<Upload>b__7
_jKunblWLcwiNAd1OfbpfrlXYdYF	ToUri
_cQarVjJaptf184nMk3tDIdao8Uh	<versionAlreadyExists>5__12
_z9ZOL70KraOLwm7QOhvbwOjEOVQ	GetXMLFile
_UHAABgggQ07SRGWQL80YLHTKlMB	<isPreviousUploadRetry>5__6
_lbpNfloLngisi4CnCBYqB9YqVfD	<SetupDevToolsMenu>b__3_27
_VqXNQ047jazgcwfBfET8tyA1LBL	SetColorTheme
_Y03zCBxQLVO03usoFiNHSSp8MLd	<flag>5__2
_rqytRYNcvLmjKXmn5fuAXBAdjil	method_1
_y3dIHkumeV3xlyxIVJNydQ5CEDC	<method_8>b__5
_Y0teRCNMrWeJ2rf3ui73lAPRzAf	PendulumClient.AssetUploading.ApiFileHelper/<>c__DisplayClass40_1
_pdJAkynOibV6WlnEldpsM6jc43dA	<asyncWrite>5__6
_x4lNew5aBr8Kkvovb7gjDexbaVkA	<Upload>b__26_11
_kwnHxahh2wTGpB9Dp8zlcTu4lxp	AntiPortalMsg
_EDs7cpjjzEi6gUvI8Sc0WTiagGj	ReadJson
_pJE1KJnazEd6K5Pbv4Vav9nLuTW	PendulumClient.SetScreenColorsApp/COORD
_ccOa2dh7SGnassSNkACKsvQwW28	PendulumClient.AssetUploading.unused.ApiFileHelperOld/<>c__DisplayClass36_1
_WUFYv5M9MLeeExWyt5iCRC9Clzx	CheckValidCollider
_V7PFTcFPADpHaalXmL0t0LIgQeI	<SetupMenu>b__27_22
_FD2iMe4eJGPg33rww6cMu4AZtJb	<httpRequest>5__3
_OO2xpXn818oUyf9d6sgUeFGZe2A	fileDescriptor_0
_amoF5nnjQOQmjX2rrlHGcCxmpiB	FileName
_8RWm6HrmLGEyLZXqAxAMdpqEBjb	<>9__8
_iiMXJALFTu8aJOgpxX9EslLfrwU	CrashDelay
_0SXvMKk9s3AJnJ4CoVWUk6Ton6M	PendulumClientBranchVersion
_Gf99YATXC4Oc1wG9HjBrXnaDoaA	assetFilename
_QNc9Z1kCl3wkXaYGZZO9Hzv9fjD	PendulumClient.ColorModuleV2.CMV2_OverridesStyles
_JWwefCYDvQHltYqbyrkpAxhXh0e	<httpRequest>5__7
_nF0XtmnrqySuFgujW3DOB1syIYB	KyranPFP
_CuWYF7mQEFbqBCYLfaQsIFaa6Fc	_DTDwgMWbocKkHaZtgyP8gNsc24T/<>c__DisplayClass9_0
_UbUzZG3dxCyd4fUGa5JqsdYdE2cA	<LagData>5__2
_vUpqRsi6CMQARJMambqrA4ZdyI0	<Upload>b__3
_qoj4MhLBFJ5QkE0bxgEL6vD1kkp	WhenLoading
_izdazsnywfb7fmmKfP7oXUFmJre	<RectTransform>k__BackingField
_FfDepkw5gu70OUq3greFfQaqJwC	<GetDumpedVRCA>b__12_0
_GBhH9pHCHAyS6UQtaT7i0dKwMJV	set_Type
_F5EsyX953uKVZoRrSIB8Aca4Qfh	get_C_MenuColorAccent
_h4CK4F1VmW5qjgDaGdhrt3GjVGP	FindWindow
_Xk6miMUvLz9BSbQcYKqbmBA0RdD	GetPlayerPing
_9OYBThbNcSMdf2mvpgFRKgLZadM	Description
_mlcz4XgQ2yUKCHFYAzCow7awdBF	UpdateText
_HYuElIEaBcEpgP3qYYrZPQK7uGf	<SetupOptionsMenu>b__4_17
_mhtuXg4b1TsletdtrsNDkaTUOIC	fileDescriptorType
_1586qZeAl6acIwWjpxQX3RSaQAV	avatarID
_XXBih8Nvb0klVepGHuBpinOWWYc	OnLevelWasLoaded
_fS6d5hMUpBInzp8B5rZL2UwMepI	<timeout>5__16
_STIR1XJoStH4DBYvHSRukvxYIU	PendulumClient.AssetUploading.unused.ApiFileHelperOld/<>c__DisplayClass36_3
_Zv0lM6T3YHsWA63ojtbadFc4N1c	VrcBuildNumber
_KDWlIE2MF9N0gbvxZOJaOcqafuY	<SetupOptionsMenu>b__4
_IanVX4yo8ILtkhnASa0kjJ6RcbL	Equals
_KP8BYnG3xysNhk8feSX2WZa9zwj	<method_8>b__2
_3fl5HTF8i1yGBZveFkskSQ1IBu2	method_6
_4UyUq8bAmOOzzS8FErpZuVbJlJC	<ColorOfTypeIfExists>b__0
_zpEEaTUlAk9ZnJd0TTBD4Yk3UB	Evolve.Yoink.YoinkUtils/<>c__DisplayClass42_1
_RAXDabQTuU0OiNtQDuF6PxwtpRH	WithTimestamp
_YAsagpCeqw8HJKQRYhpUwTqguke	PendulumClient.ButtonAPIV2.APIV2_MenuButtonContainer
_PnPqmHdcoP5iz2NiTSmov3Dtmtp	GetLeaveIconColor
_zvu9XwI2uJTVTAdwzUJaIg3JqLG	UIManagerInit
_IB2gQazxiNElH0lPISADmWNv4lG	PendulumClient.Wrapper.PlayerWrappers
_dh3rYuJafksyYXsvrqOLykksGMJ	srWindow
_bbZlmCrnSMfRTBtGI2PkgSXDIFC	get_G
_HzepPXTljeyhXeG5tn1CS6AKtLC	Grayscale
_799a8rl62iB8NFBzC7DaSPSAnQ7	<Height>k__BackingField
_N6mZuGM3KjJzo7urIq7QW2WwgDf	PortalLoopTimer
_W1bsjFepZ7OHnelESVzEQA4EbSD	JoinNotifier.JoinNotifierMod
_7iFdtun9n5b5yRwifKMWBqmvNkN	<GameObject>k__BackingField
_65fLPYGHO3w6AeT4lUArhD9i5KA	float_0
_AbZIFIGdwUTjeK87jfckLSjgLkm	<GetXMLFile>b__17_1
_AjOjKPydnmoodfEdP4yWhu3EA0K	RunUBPU
_xE3u6Xr0ftCUyOEIKGnFVuAzXvD	<GetLZ4HCFile>b__18_2
_aipyCNogo6u6kE2QBPjsEKrZCfA	<started>k__BackingField
_JgK03rjKNGBJRSvlDrRuJv08Gjf	<>9__11
_t9epkGyDV1YtHN1r9JIc174Xx1s	<UploadFile>b__10
_uPxOnuURRxicEQT4zgpknN4psLC	okaction
_EUiOgErJUutEtEJWTMrkd9tzyZD	SocialInvite
_EgwANLbos8vPvXqOe2vZ5YijWul	get_Type
_ZCWtPLghZCunQn0q2ryIdAjKgIP	UploadFileComponentInternal
_Lb7hiHdgyJ5EBpx7BVM430HYX4D	CheckBlacklist
_TB1Onj4FuOsdjftxjgDT3OsSrml	<UploadFileComponentDoSimpleUpload>b__6
_jmZIivVdfoKloit6rJzDATEpqBK	SteamIDLogged
_AaGgKlR3kZb37ZwnnEroWmopWTB	<SetupDevToolsMenu>b__3_24
_NW7mHS32VILig5r5tLCa8Gc5AaD	Gainvol
_HiZ6EvoaYRAiE3r4SwHYl0EOD4D	Copy
_hHRF66Mr5CoI9mINSh5C9ourHAG	R
_t6aR3JdmDgMW1aWCUj4w1koctcE	<RegenVRCAButton>b__5_0
_E9xNJL14gP6Xa76KyI0TMpvEdTe	PendulumClient.AssetUploading.unused.ApiFileHelperOld/<>c__DisplayClass37_2
_JtABVea41SrTCZN5QzEjsbKCeXS	<>9__22
_E7OdZ9Zp3REOZHVISu3jbxRv0nF	PendulumClient.Main.PendulumClientMain/<>c__DisplayClass196_0
_8A2Bz1S1gQogI0rXygdgzjDM1kl	PendulumClient.AssetUploading.unused.ApiFileHelperOld/<CleanupTempFilesInternal>d__32
_cdk5nU9iexKH7bNMfOAA4JLfhfN	<C_MenuColorText>k__BackingField
_VSJqschgzvEFmEZBbRAlTqN9VRR	<realtimeSinceStartup>5__3
_HoyHDAUo6YHGBgNI8PfBSHn6BTp	<method_7>b__6
_lKsRSaFvNDxBQn4dZJZQ6q7U1QI	<OnUpdate>b__128_2
_ukELtzAApcelxEx96yFBS5cgJqc	Open
_K9MZ18NBtJhCuqhtmEESGLoqPIj	_IB2gQazxiNElH0lPISADmWNv4lG/TrustRank
_V32NMBLB44sN5aUoFSIIKtZ1k8	<SetupMenu>b__27_9
_0q9qAZckemyo7BowtIXiyX3jBdA	<ReuploadAvatar>b__28_5
_RPzzm4cAX8ukGH2MnVQPkU3Jhy9	signatureFilename
_ZhUeiSJtp3wieJrVLXWoXaxuBkF	PendulumClient.Main.AvatarYoinking/<>c
_TzRQIQYqKfBmoGbqaysXftpBr9P	CanConvert
_GljgKhME6vWaK5h1slun9SfLLdj	<C_MenuColorHighlight>k__BackingField
_0WhBetCwYuX5HWsi6vm2BttzzIu	<uploadFileComponentDoSimpleUpload>b__1
_VTOl0wL6zNqDRJ8WpHosw9rCUWs	md5Base64
_dhdldsORmSLG8oF7Vmr5XianQWf	_2LIWjJKCMQROAFcL3p3nM4aJOfF/EmbedFooter
_wtOqek5xVQc1TJFpkhbMo70qWrd	<method_7>b__7
_taFDm8HFNSoMMzmk04NaqFam2bq	IsLoadedIntoWorld
_aNSbDYVB69YgAqxJTRiQk3QQNdb	<Body>k__BackingField
_HHgVBCcStVoZrcsGjbjudhdImLp	_2LIWjJKCMQROAFcL3p3nM4aJOfF/EmbedThumbnail
_BXLi59qIRqrseJ0mCYDHUHVZsNo	GetColor
_a5pkVdHxsL3oXy5Y4uuuVEr6UJe	steamid
_tUI6kLI7TGo4EbaBib2ZqJmtJbk	set_MenuColorHighlight
_doewYmHxt6GD9wqK7T4NdWUlOce	<GetDumpedVRCA>b__12_1
_DLmrEg4diqZOkbYWNP3VqOmAJrX	<UploadFile>b__7
_kq3Lp5sLwiylAMqgZlYLd5jzOcj	<SetupOptionsMenu>b__4_33
_CF3LG0by1dliKq3ZHVz4NoHIzub	<PushPage>b__6_0
_fVtbmglGsKvypEsjVAWHCCVZFHT	<UploadFileComponentDoMultipartUpload>b__7
_9R9Z5rWnJNfxB66fCiHw39uucfC	<>9__19
_iL1P9wDpua32TubEDcPROnd3BDJ	<uploadDeltaFile>5__11
_0gNAGDMchznDwUmBpSdEKTfPd2kb	<uploadFileComponentVerifyRecord>b__2
_XMMlbJPFx7iquD34q1YuPbYnnji	ToStringNormalized
_EgFqZCnWt3axHZaHfDVnWwHf2ag	ReadInt32BE
_vRhohLcFKIOBFhZhUScrQFPhZ91	<Upload>b__10
_fimw7XNYDvEbOvjTnpN1KDPhbLF	CheckFile
_OeGFrqomHnBTUyCmarsasfS81zH	<_ret>k__BackingField
_WHgjL0T7Acpv9JoCSsa5qvsrLjq	EmojiRPC
_ALsDf9bxuYZt1il3ifQuwS9RnIj	<PrivateImplementationDetails>/__StaticArrayInitTypeSize=32
_Ko8nnivrUxppf7mCnOpPfKLXQBF	AddMenuPage
_Cl3mTeppYqetZ5jnrSKWNQh95Ng	SteamBL
_c9GzuARTDORpd0CZSkDDiwr7YvE	Initialize
_44eTFRxRjNzLl4ihKunNFgtBC5O	GetServerProcessingWaitTimeoutForDataSize
_IA6lGRC8CzNsaCBPmiOOXvtwCud	set_Value
_o7uPTpZqFtYeQ4mFsuyAl1NXaoR	<CreateProperty>b__2
_z7OuHwDAOFLFUzVGuXH03jIgo1G	LoadingWorldTimer
_RTuyXq0H0EndQhOEht9Jf4koV4r	Evolve.Yoink.YoinkUtils/<>c__DisplayClass41_4
_sJMDIFecpBFbwww7F0Cd6XYsHAM	<UploadFile>b__12
_L9UdJUQbXK7J8U4cBRA1vEHTgY5	myAssetBundle
_HTBDP5r3wEOOW9LjA6zgOqtavvu	ProxyUrl
_qPePXQWKvx55MSmyGiMGSSQcBJA	hwndSpotify
_Lqis5GZMWDLN8JY6dpodHlpAlfK	<b>5__6
_oz7oPTnnruwRcLQEbrwFnPw5Lgi	<>9__6
_my4PQtODLnJOD19rhHbunBQc6Yc	LoggedIn
_OTjzgLf47BFMSUzvkeaVwU5snbG	Header
_vPoY7qBPCPljMIxRrNpvQZmyNBm	black
_t7t19IPd3gc0q3eVdGbIdN2hmXK	<OnStart>b__9_1
_dzuKOiLbOaxC7GQ0RB6FZl53Tl8	get_ContainerPrefab
_lKRkDGsZlqrYqE7e493eXJPHaOH	_yynxMWOVx7PbMSO1dlHhYNqrAIB/<method_10>d__43
_UqfxJQJfJRpScxuENE7j8EMmlce	INVALID_HANDLE_VALUE
_Vbwq2Gc197XYnMrD88N01L419aq	DefaultMenuColorInverted
_nJrfw7TqKbczkkNu2WqgMJCsGQC	B
_eGQdwSPfhm6znojqrdcyiqyPsif	IsMixin
_urVBtiFgUs9gpErEFTKshhIGfpx	OpenFileOnDownload
_yiYRizGUdivURwQGRgxUedd6jIA	DownloadLogo_DownloadDataCompleted
_MqL053Z29AFGDSA3xaLj05LnOvH	originalDelegate
_feZcH4wHbzQp5qMA0X4OG7OuW0u	UiManagerInit2
_bDMRn1JBzckdWPioJMYN6d1tKUN	ToggleColliders
_UutUXrZiEC2cE3JnuLhBlMjbThv	_yynxMWOVx7PbMSO1dlHhYNqrAIB/<>c__DisplayClass40_0
_eOMang8No2xsKZxcVSJkezCvfrV	<numParts>5__4
_qoQeGI0fN4PcxkL98XgCZ135wbb	getPing
_FGRLRzZdBNDUtp7KW6vonnD3Jyf	method_8
_rF5qe91I1ONDY1pDoBIebD14w02	<Upload>b__8
_NxIJZxKatpttNmu9VrljPwt4ZKn	PendulumClient.SetScreenColorsApp/SMALL_RECT
_cW3jeEcUSq8fjQZ34sjbKyRD8sn	wasError
_5nLSkoFNfOBith1d7dT0V9kQQFm	WriteCString
_AuzQvwjB8r6qLFCzzREKEvurjSN	toggled
_53h2VOkEP7wsXZS7grBaPKEqFon	ColorToHex
_yep2fHKawBgkhMEOEMVdLZCDe5I	Cancelled
_AVrfZKnQGEnwe5diuyvp4V8koTG	get_Image
_wXUhu7RRlYfRX0WU428MEuz7e0D	PendulumClient.AssetUploading.ApiFileHelper/FileOpCancelQuery
_MDUwgycHfneLSvz77LPl9VqkAid	IsGzip
_2K3u6wLgY8lF56N2lY2WSecOXpb	Upload
_ScPtAkiGLoUViiXct4g7fSDbai6	UpdateButtons1Time
_IhlNQocOV4VXh1c9oUt5kDqEf	<uploadFileComponentDoSimpleUpload>b__7
_rHZRq4ggDhBCEg273m2danycDIs	OnPlayerJoined
_ke2cFPdgagIeGQuYds0Lhrcrvqcb	<startTime>5__4
_dcwyTRTgakHKatwGkIhwJ0C5yQn	smethod_3
_PRzi1SuEqOSxrZEy8LOQDypq59G	<C_MenuColorDarklight>k__BackingField
_1bm2G2J30aTlqayk6fxbVsesU7f	existingFileId
_305aX4D781UzzCevipf8pe1EFqV	IsTTS
_fywgajQOvmpjFGFahcmWSWFkXAH	_buttonContainer
_k8eAlaNligQVUOvn1JLEWXRgJQJ	darkMagenta
_AbFvNGb4hUzynJgWup8r0jBPbEd	Evolve.Yoink.YoinkUtils/<>c__DisplayClass26_0
_q8AmeUjm614IbcO4pR506uFavqN	RandomString2
_7uaScFGwV5kgUXFKbm4x9j2oM5b	CleanName
_D5GlsMoH9VnQdb6BIqtYn7u4HnJ	<UncompressedBlockNodeHeader>k__BackingField
_9xWq6dlTSeoBnoEBB1JOz1ijJSX	<SetupMenu>b__27_7
_48MARQdwMTT0lezWfSJi1tpX3dE	_height
_fkbdfA56g8Ia5RhqG7qaO6alFOuA	<timeout>5__5
_foh7OCdeDIZhXGeMay7hEQd5nbi	AntiGcList
_39GbV6JiSPciCDQ6IL0DGsZ0bIS	<SetupOptionsMenu>b__4_11
_MnQWIaQ9oc70lWpJeypGdIfgpIl	GetPing
_7AwHCVfeqF0jJfmAc8KZ6nYhEFJ	CreateFileDeltaInternal
_m6dcn54SWoQbCFcGODQ223mYe8c	<UploadFileComponentVerifyRecord>b__0
_YomF9BIjYpggyDjXEFik3tdbPOI	_yynxMWOVx7PbMSO1dlHhYNqrAIB/<>c__DisplayClass26_1
_cbbDsx0MCBRbbz2Dfp1rlFvfjYO	UpdateStylesForSpriteOverrides
_bBSnBUKwhABQiIRD35pLHpuS3Bj	<Inline>k__BackingField
_f8lQyvhGEvBPdoxStMPVUcPuffF	onProgess
_ZQ4tt4QcnsCHV7rkeMfmADS2RQF	<SetupDevToolsMenu>b__3_6
_O9iiqrsru635fUGfGbuFCUZ9E0G	ParseOverride
_msNYPWYdapKYGaubBATuGdMftqU	SaveTo
_9Ka2de1GSgLFJqo62tauChDBz8h	UncompressBundle
_adBQR6KJewLCEfiyJjmNwcgDCAr	<UploadFileComponentDoMultipartUpload>b__9
_Pqas9bxtxINYLd5gpGYc0jGnqEM	MenuPrefab
_o0ipmZSBDKzOF97CQBAbqBVTsC	DSharpPlus.Entities.DiscordMessageFile
_Myx7c4vE4JJNmfGRnaXnYqLQ8lm	_fields
_44KaJPylKdDkyIuxnc45VOjHcsC	<>9__14
_akvJHmyCSVkxsQNK41iOlVMgWVK	set_MenuColorAccentDarker
_DfxBh5roqpQ1ESZaK7BwFASOvq0A	DeleteUser
_RtCTIOIr3y5jWFgFKbN4bnPlMOH	DeveloperTags
_0bo6fAlAdgPYap27NdVzgOLelsG	etags
_PdAECYx9SGiYlwLel0XB9SBfXkm	set_ProxyIconUrl
_DdlNbQSDY98qHA8Z6clZoiEO6Tn	downloadFileVRCA
_wc9UCEi0aspBDdwMQ7ytoHQBgJM	STD_OUTPUT_HANDLE
_bez766pu65HdIrRGcnTOJvogWyG	<>9__17
_IROiaGXCdKbW0NRvSQMLM5yplkl	SocialForceClone
_mLZ338kIh2ShAXoirAKCHgB5z4A	_subMenuPages
_VNGDgiFijwLg8Xho8eMsRBzoq0i	ChangeVPLink
_S4Hcm4a0LkiIGyqfMm4Q3u4VSSu	RemoteConfig
_Qy5QJq3IgGHxI88xEBRQ0giUyTd	DebugLog
_N8SOyvY3S2iHChQBemPonEDncpk	op_Equality
_Ea03ScSPtM2RSWWqWsTAAB3eTKh	set_Embeds
_LsmeamuAtYUhsAGdZDLIMIycNMv	InstantiateGameobject
_FosOl4KFD6d3Wijn0rVHm5ZL10A	<initialStartTime>5__16
_M9PXJUFBgLaprbflnROq9TP92Fg	get_Compression
_YrjxsPvdfoQwHjaDFVrCmijix5AA	CheckSelectedPlayer
_RIGcOyD49HL264wvalGTIreBxgo	DevToolsMenuOpen
_AvDrPGHEhmHcXpFMug2zhtxrNub	IPBL
_fYSFi1k5tshQsxASotWnTOZCl5l	LogoButtonSetup
_1y70jfHaNP95Ks3mMcRIkRIbdsD	WriteInt32BE
_u4Q8V2m0a1l5UiEHJMtpjyj4xkg	CheckMLVersion
_TcMqMOs3buHxbarHJjaRxmJo1fD	clipTest
_kSfhwM7aTHMc3ptJ6Xcxa1hZaUT	<Build>b__60_0
_Q1Ki3wZkYXKMdKvE0Vo7fkz5Vtd	JoinNotifier.JoinNotifierSettings
_c2YCyd3YlTYTUYxrjpvcytjhJPo	DropPortalOnPlayer
_Y6fCVCsmGoWINVRuU8wfitXF92Z	<Upload>b__17
_4HDN3mXzGJcCXJ0TlRc7rdAIHOF	_yynxMWOVx7PbMSO1dlHhYNqrAIB/<>c__DisplayClass28_0
_9ZLzjIBScPegseXy6Rjpqh50KCF	<UploadFile>b__1
_VE3EDKz1IAENzE9dX0vg2yldF9c	WithThumbnail
_RmwEiUPZH72rMAhH8UFLTwoOGBc	green
_81gbjM1BeDklQslJUcZyiMEOKeE	InviteRequestAll
_uxGaUwFulzkWYJqDxmWFTBeGSRI	remove_OnDisableEvent
_OHa7G1PBzGGoz7ROmN9Qj6TCJ2Y	<ProxyIconUrl>k__BackingField
_3erUYz2mbn3hhLgexYHM82YRGuk	WithFooter
_8LnvwnSkcCIlUkEIYLuR8WC9peM	<SetupMenu>b__27_18
_IBH9g0KvEM5QP7UbwnLFyaGzlSb	<SetupMenu>b__27_2
_uxhNdAXln8UY2PWcuI4c8pdcFVLA	<SetupMenu>b__27_15
_suPqNGAYSbFgNZ9a7BQDi3jd0jF	UiManagerInitEarly
_m9NmHTYFYdzDpqxAhRxlgUriPTX	C_MenuColorBase
_KrhzAje1HBehL3bcq8XQyTMw8Fg	SelectedMenu
_uXVcnVEQwvSA0HVkYsjYvaxVaUp	<SetupMenu>b__27_12
_rFJv8b9kj0rfVnSbGwRrnsi621M	StoredVideoLink
_LdvbLL6G5STNPyl514PtA9LeQMQ	_yynxMWOVx7PbMSO1dlHhYNqrAIB/<method_9>d__42
_zQ9Z8EQ5aWVDyaltlPf0hA0dwjh	_JxSGG3OJIF6oF7XsGRwaftGGfkT/<>c__DisplayClass1_0
_Y1CZFexAyhvmvImjK99Nc39G36q	<method_8>b__0
_PieszNVl5PD7MnQk39mAePLA03C	GrayscaleSprites
_haFsiLt4h9OJTGSqevHtVcmNJqA	add_OnJoin
_d57AIRe8UHChoynUGtc5Zny679o	<req>5__3
_6tHZusbdqjdIqoYyZChqYLqhx5e	PendClientSprite
_6wig4WJBgpI3cDiKBicYGA7RFiAA	downloadFileVRCW
_G1mHVf54LiuasBg90bOhpZyFnAf	<uploadFileComponentVerifyRecord>b__1
_ZXCAIMR2NoobwapjLXnbJaf9z8l	<SetupMenu>b__27_3
_rEhvzEwswgPbE494Tc8gnxHt0oP	PushPage
_B7pToFAgLBLbfrC6BfxvRR7vmWL	set_Inline
_SZuZqLXbEngbbFy4mYL8NQJuTIS	<outStream>5__3
_uNwlTq0SBWvLHzrV3h76FyCaqD	FindWindowInThread
_pBLaA7rcXM1vBY7CrvnQAoCerBNA	EventLog
_6DKcBu5WqJQGLsB3Rg6gdPMM6Mj	SpritesToGrayscale
_sX862ztdVrdAzbKNhvvI9YFFxW6	cached_menuprefab
_gvSAPbMaES47S6bhFxiIZovUt5z	ApplySpriteOverrides
_BdXazzrE5HQeFYKAC3txNd6Hj0n	HookMethod
_lRhrJlWBK7ZH7c7bSP6e91o4HTC	ProxyIconUrl
_lpugNSr77pMuy2u39hF85mu5dyi	_random
_0iVs8WBsES5kD2tk6lQ8LqUmPib	<CompressedSize>k__BackingField
_YoFIgjwFbYqmO8hVyxY1UtdvuWD	outputint
_exwovIcVrGL8lnSFqQ2YvOlQm6F	OnLeave
_Mcqn49EUqBPgP0aTH7HmlZp5O0E	<Upload>b__5
_i8vxUVt3IaKPqXvUQgybIixVR0h	PendulumClient.Anti.Serialization
_XDuuz9c9yhbRBiMVa4QL1lbnYfF	CreateTextNear
_lyCwoftEtE1UddkuhSDaiQbWZCi	GetPlayerByRayCast
_ZWhNv0bSAc2AqoWz9rOyEFqhVKr	<SetColorTheme>b__12_0
_on063FtoMI1ONl9aTGlAfrwgmVo	DupedAvatar
_9OdXzxlr1t9sYkMxdhdtoLoGRWe	ApplyNameTextColorsLoop
_4NsQkurkAKsEXGYaEw2aHDGZi7c	<CreateOptimizedFileInternal>b__0
_PYe5DuSXRT1GBxwdYPoVG2sNyvA	Evolve.Yoink.YoinkUtils/<method_2>d__29
_qmjgI8tQYjmWmtwC8PaQkMkfGac	DisableButton
_kim2JlAGTR6URM1A6OJeC5OaaUJ	<worthRetry>5__6
_S2mWlHvwqUcRIAFWcfpOusR9o7E	get_AvatarUrl
_6yDNM9bOOjm7WoHbbzebfEeT6UF	FakeBanToggle
_zg0TWF5TGFXOK9BPj8GUD4ZRDUC	regex_0
_5QZA8XzGhEwKbSvk8P9Kz36pAQz	set_ImageUrl
_Jo2CzaTAF7ca9ptMudHcLPX2J2X	myOverrideSprites
_ldpYAzVh5QHxAiuFtog8EWHdhIc	AntiPortalToggle
_VxRcBXtYd6lOjz8kmDeDbisXb0M	op_Explicit
_nVEYzvHqQENMjK4K3BjzORXQj7e	get_GeneratorVersion
_dFb2A7clhOS985AbQjoe6JkCcRl	ColorOfTypeIfExists
_pMwDEgtrIzdkNWsMcNqZULXgw7f	<num4>5__21
_Aegu9vTOqn9mooND9UMRKL0EEoA	<UploadFileComponentVerifyRecord>b__2
_wlLBgeygAaF8SoDEDEytVMFqFV1	<ReadJson>b__0
_vtMuFZo6ySt7zEPLp5h7CB7GkYG	PendulumClient.AssetUploading.ApiFileHelper/<>c__DisplayClass41_0
_8kwPl3L3HBir2NT2lEskUlNk4cf	<flag3>5__16
_1kawVyrcYqCAyUUqVkSVaq4f17y	PendulumClient.Anti.ret_209
_SDCbNs9rwLUbpecBWOvA6uH1VtNA	<uploadFileComponentDoSimpleUpload>b__4
_nyvWkxEDkzGbe5sGsZPf02ID27X	op_Inequality
_0BqS1f1bp42xpVvo75ZWcUocIrn	useImg
_8bw04T5MbCuGNvHF0dBFByUsR1s	SettingNotifyPublic
_CqrbPeUnINytPsFTGwBdhIcqOxDA	Title
_aRURIkNsU7RXgowDDSnfv6aDcLf	AddDelegate
_fYiHkkNH95z1ooRJBtzhTe16hhP	OnApplicationStart
_5skipvAFm9vEG4pbf0eRMNkrlNq	OnJoin
_glmOBGEk1OJxK43UeidXhM6w7Ok	PendulumClient.UI.NewUIExtensions/OnValueChangedDelegate
_AWE9Tysw8v5vnZG8uS8H5dLfDFA	get_Timestamp
_dR0CwdUVn5j9C6v2wy9etOrdeSS	string_7
_UUGQg2jN0ugH5gOl5gCDOaHWIpn	GoHome
_UdHysMQtN12jywfkMOez356hxdc	RemoveFieldAt
_UFogV2tslK065S6QPIZRA7BifjH	BlacklistWH
_FFgGGNM8aPyaG5WNAwHbKMGsaWK	<uploadFileComponentDoMultipartUpload>b__7
_1eFAeit7Oi2TGY6NOf7zYOBLKFp	Provider
_3qPi1HfjgbnBrks1l8pCw27JtAo	AppData
_EpSH1G8A5IGnGYz9diKBmdRo3Zo	user_menu
_yMACtowyrl7yXDLjCCfOcEnr8hL	OldEnter
_lgkFeZ5327e99MThcHhX2tO7wUH	get_FileName
_HOzzCGY0mHgyPXPDwQReTCrlO1g	<UploadFile>b__2
_4r0G1fzYalPddv1LuKAkTttMbgbA	<UploadFile>b__13
_tty0WvYFpODnwtiJ7GRTXzTQmtH	ProtMenu
_2Vbay7NmBQzWAvRgqrZG2R71e6	SERVER_PROCESSING_MAX_WAIT_TIMEOUT
_rWvD3wVupDGUU0HcnHb2SkmYj0e	<OnApplicationStart>b__115_0
_cKsfipUuuYyv3JcERvqP3h5UeNe	social_btn
_iLWblmVZYtDnpG2gh9IghEgQFy2	GetQuickMenu
_rhC12RdFymb74Eo0fFW0Jtsum4c	RandomObj
_EuoCx78NH1Tqkyjz17VV0MSqace	set_Timestamp
_7r3cps2erX6I2DOGfwSIEddXV9J	_menuName
_Amu1nFrH9aMwDzIpCRoJargfSXX	SettingJoinIconColor
_bjgmTBgCSXnuh3Gqqwadg1gIoYM	handler2
_N8SdB8sEYY3ZDwnEqN3dYS2G1VbA	sigMD5Base64
_atuIujH6iHX1WEJHucA2r7scpgg	<RandomObj>b__125_0
_RN7JirN578SIP6vDtrq57manC4	dev_tools_menu_toggle_handler
_62veQKjAnTXVLT90cXkXDKI2Mvl	cbSize
_uVQOWyNnyrHWxuCe1ssyrWNTG6B	Size
_RYhgEih1z2eJsM39UDOjAmDDDeh	dwCursorPosition
_4ehEr8ohPirg7Wh2LK9sAeCmt9N	kMultipartUploadChunkSize
_wT74o39A420477URsbbb8KgtiLi	<CreateButton>b__0
_HV09XcL7UDswd3DdW8wewG64mJd	<fileDesc>5__2
_kYHlQkrVKNKaARFMOIqot09EPb8	PendulumClient.AssetUploading.BinaryReaderExtentions
_779sFrA97dzdjR0Ipb1FesRslN0	CheckNotifacations
_THFaSqvDdBgt9Fv6ejjByi6gJ61	PatchSteamID
_rtZwecdSprEnLwMJxQsdOGNRJIE	PostEmbedApi
_6fZVxrxIpEed3K20zN4M2puMaoF	<SetupOptionsMenu>b__4_29
_aI6jzFhMHppcuhogttHxaX8kdJ	ParseComponent
_a56Xd26derBrmd26UswHI8Cytrf	ConvertAvtrID
_ujimZdvbxMKb5zGFeUYI48n0bYdA	PendulumClient.AssetUploading.ApiFileHelper/<>c__DisplayClass40_5
_tZwW5ujDCd7JniNuqOeeDWIMcGH	FriendReqTimer
_IncslaW1ooWmqMi2MfqbeUJObe	EnableButton2
_mE2rglctTEm5tfADqTc5fgONtIO	<SetupDevToolsMenu>b__3_0
_Jh0x1xTarT7vYl1hDxhxWP1ZV0l	set_started
_7XohDia3ACfoNCNvJBhqvXSQFI	LoopOn
_TjEGpRrhDMGpD0xj3creQhMkJtcA	Evolve.Yoink.YoinkUtils/OnCancelled
_tg1oMq2TkNzpEGZNom06MQXetEc	get_Content
_p1Q5TT4gScNkQGsXgGJFTm8Kh7d	<UploadFile>b__25
_p78hApCJuwvfIElpvkAMiy0cscZA	Error
_kqH8LdExgmOZf26MgeSdphU224A	<Width>k__BackingField
_YHFrBief8MfWPbNBgosQFvF3qQQ	GetJoinIconColor
_lZpdV7yWFxaHFPcILD7eA5jUeRj	<UploadFile>b__24
_VWuBFBt2BerjtK54B9MLDDEQe1k	OnApplicationQuit
_U46sJ4TJP8UBkkBnx8QOnzMdtsc	fileStream_0
_vMifWYr2UVzgxXw07jULELPj5kc	delete_portal
_Xda7nwVlhnUoeeqR3N3aHUfZLMn	DSharpPlus.Net.DiscordUri
_TRFgjrujAAPaiEQg6NNBCeK8jjR	PendulumClient.ButtonAPIV2.APIV2_MenuPage/<>c__DisplayClass23_0
_k65dyypJwJvaYKbDq912TpgtrBl	<SetupMenu>b__27_14
_oa37rjMOEl6YKOM3kjxSjv199te	waitforworldload
_BV2DFSfJA6cTSg5P4V8IwMtLJrc	ds2obj
_K3FnARMkjIh04bqSNXFhRJ9Xnph	PendulumClient.AssetUploading.unused.ApiFileHelperOld/<>c__DisplayClass37_3
_rTwI6Z6zESG1AlaGk6EBvGCxpeG	waittime
_o3zLI58gH3KPsKwKDZIIrXizFpJ	add_OnEnableEvent
_HXQBliaVc8oAk0tdYMA0sE7iNSaA	<Color>k__BackingField
_qInOMvrAGQb8gry92R8Hsz4p2OA	PendulumClient.AssetUploading.ApiFileHelper/<>c__DisplayClass39_3
_1swuPI6tmN8nAILHUqpXyPVYPui	EventHandlerB
_KGxSlkiTuYujFCzi8bEA5MOlyfm	CheckInstance
_p3n7oZUNPHMYz5QaJDbqBe27Ocq	_v7hmk66GBJ64pexXWAF0n7BCvog/Reflection/<>c
_G9gbTrYVkY0GAI2TKx1uDdnakAw	SetAvatarId
_x1fbqIKylNpwzvPw8XaEjOPzEJg	FunctionsMenu
_dEIZc1WegLeCB3NACnYLuDBSRJUA	RejoinWorld
_bq4YhZjwj4L8KTaGhuiTcUxMnVd	<uploadFileComponentDoSimpleUpload>b__0
_nMdzDTpIkHFBo3SAUoM5StiZbYM	_DTDwgMWbocKkHaZtgyP8gNsc24T/Constants
_bXNIzsGECbE6WaSrS55nsrouCRc	Evolve.Yoink.YoinkUtils/OnSuccess
_TYqKLYRAhiaPY1I6gjWkIXv844g	FileType
_ESvOZcnbu7uBfwpPI4s5XbHulno	_XrRoVyKgMo2ZjMwwuxFco3lQ9xH/<>c
_wqcDMHc54IQOpZvlDGzUeLRgyKl	OnGUI
_pZpc7h9RNrq3ZQDuGmKfdMQbNgS	<SetupDevToolsMenu>b__3_16
_J5KA8uBpfeEohhfx0vhkHslHsdL	<UploadFile>b__22
_thfttVh0FthFCcJsDrQysgFL9pi	SiblingIndex
_G0fZQaCOpSeM33ZaTUIOs0nY1yd	<C_MenuColorBase>k__BackingField
_x3JbL2b5M53IXH2E2SNwMHiweqL	RestartButtonSetup
_jkFf1A3IlNma8TFm8tcTkz1sJ9g	SetConsoleScreenBufferInfoEx
_xICoRzpjUYdfdaUWMA1FkutpUif	DSharpPlus.Entities.IOptional.RawValue
_2p7BOoDcRw6iUU9MF5r9HILdxe3	SettingTextSize
_DB6ttqrQq2bwsBLodrCJOTDe6pY	PendulumClient.AssetUploading.unused.ApiFileHelperOld/<>c__DisplayClass38_1
_i8UBwZNZuitP3VHb5yhGU9m2ntz	WM_APPCOMMAND
_rfdlatTnPc18y8icjt26pnkOvYC	ObjectLoopTimer
_a1HrqiLENaaN2Zua7oW7jpsPLKf	<SetupMenu>b__27_10
_Lh4RSAFkeG0BQIFN8jiRAevnSaT	<UncompressedBlock>k__BackingField
_saxXYnqxhPt7y1HDJD9gQXl6rSc	_DTDwgMWbocKkHaZtgyP8gNsc24T/EnumWindowsProc
_UrVCwoe4uR9WfxXGhcXh9DUSw7U	OnIconSprite
_Z03BLXSiTzoDhhE7wSVl8EwMlRh	set_Stream
_M8kDwiAEM1IfJvV4eXM2TVFfQ6Q	PostApi
_dMSWp4MV8emEmXEk1w7R5Ntd9Wc	myOriginalSpritesByLowercaseFullKey
_O4UbfK1RvFAlEpoM5QdEn4cnqBwA	CopyInstanceID
_Tev5hPyt7fc65kMmAwvkm0Gegei	UiManagerInit1
_J5vk3M97TQ9tJYakGTGLILZpDld	<Upload>b__22
_CpxAiwxoWOvXQ1fsyvWeLr90UuT	<method_8>b__3
_VBnALSoDZjPOlNwGmQ4urVGMsWE	NoClip
_mZrjgwiPbpkiDEyv6RBBPClyU5V	Evolve.Yoink.YoinkUtils/<>c__DisplayClass40_2
_hntW8tVSoWgFBI4YUxpV2MHzxsf	<tempFolderPath>5__2
_HssweuTb6bKC675cHrN6AXNTIuDA	_description
_T7yfkIrCvWXT7wIvtTk2Nfnzcts	FlightKeybind
_svuDoPEp2f4ydVfPJxl9yBxKL0G	contains
_bxPtCCFUllTifBeIK9vf8F365tE	<UploadFile>b__11
_PFD3TJmAM4CRHzIwhbQOo8qz9HS	<SetupDevToolsMenu>b__3_32
_YHZAJBcfvYW46SQfF2tZ05gfBRu	DebugMicLog
_sjpdK96dEq1ZAbUeNe4COwd88k9	<DecoderProperties>k__BackingField
_KNPAyzIiD9NQ0wonrii1UBDBdmY	get_FileSize
_A4AW0tfEO50QemFArr3y9LlF97q	get_B
_cUjfjfbcAyhgHZik9IgYIVUNdkc	GetPlayerManager
_XvONSa0xruSH0QV7aAuEII3cOUL	Top
_CMWFHLaDD3ziR60eQlOKu8ATJIqA	_XrRoVyKgMo2ZjMwwuxFco3lQ9xH/<>c__DisplayClass8_0
_25DjAjN2YswADlRis2Gga4WGdTdA	NewAvatarID
_0p9Cuhd2lNxACGUhOjC63lZ8u3v	<numParts>5__6
_nH3YmdgSrflfCacJoOrDGpGufCv	get_toggled
_j6Rfw3jEkBOmcG8OTbNg2X1fq4H	PendulumClient.AssetUploading.unused.ApiFileHelperOld/<>c__DisplayClass24_1
_qfY5FiMnR8gw4TbUDU0iZTrcHdS	_onValueChanged
_XH7fzK4J940EukkI4GwqXOiFd1d	GetTrustColor
_1KLdxRI4sGqsEVFeZhC1Aupu4wj	clippingBounds
_CxR2fdYYh5dPrVz339OwFckaXGn	GetCategoryPage
_avqBsOxcq1gBrAE8iGgVQoLC6kH	GlobalFont
_osHBlFtWomcKqBibW4mJAZreROaA	find_all_child_objects
_QRyMHPUmOG5GLs0YUkSbQRfo0lA	<SetupOptionsMenu>b__4_12
_qzzF62aPoexBAXApsyFhp24zoWg	Type
_g84bn0wAaqPM8BMYK7KOC7sPYzt	<GetDumpedVRCA>b__12_2
_7p6l7BoOrx6nzj6uNU552AvgYci	<flag2>5__14
_oR4BwsEABjAROG9fJcK9nTcrm9k	<text3>5__11
_j9rcPEnqZVM2bx93yX8v2BHVwie	<array>5__3
_6W814F8bAdIKx3jBeq83aggT0AX	GLMat
_zaBQk1C1CkR3BVVCASu6GZPmeih	PendulumClient.AssetUploading.unused.ApiFileHelperOld/<>c__DisplayClass36_2
_LR4AJMWA0404fnbICSQXYrTWvt1	social_screen_button
_ooxd9EItGl5SqsjQ631RLpKRsFA	IsCrashingUser2
_rBDtdedy4CrONE8rYBgHHG9CGjg	IsSimp
_PbEF0APZKo4nX0Wc58grzuDilUt	Desync
_Q3TD9BSCewLNOmkCY7cxxGvdjEBb	helper
_K6lEkHjmsELqC99FlV31r22zXPN	DecoderProperties
_9xACipsaTUjB5RQcIjFuoxr7lf4	get_ProxyIconUrl
_loexLeDhjMqYzayCSikepxBHTb2	uploadFileComponentVerifyRecord
_1XCR4mSVRaL7sK5a9eDcfFhrodh	CachedColor
_XGRfmvkVJyn8bGEY1AeFIhnoGJc	FindWindowInProcess
_5Eoj8UJah3elbqyUCeXZkwfiAI	DevOutline
_fon6pfLyWl19zbSigOHof8jaZHn	PendulumClientVideoPlayerModeration
_kLSxMWTrIGXIpOBOVnvxnuEAZWB	compareTitle
_E9d0d7SdbCrVBpDf8lAP043wovP	<RandomObj>b__125_1
_jBx7HwxbBIVgBoshozgpDtEPyBK	GetCategory
_l46oQnBkv31l8V864xZv8HhHFw	UpdateColors
_I72rEtieuj4RDx1yMB8PjOkIFiE	ChangeToAvatar
_GNtozhLSscneQtfU30eRcIpJ7Qo	pcu_moderation_menu
_EhLQvFqx8VkuPh2AXo9lTtkOpdJ	ToByte
_J1FPbg2PL3ePbJ13WNt9xtdxxzH	set_C_MenuColorHighlight
_XjrdGIFMeTFKvxxUARDF7I7OZt7	BlacklistName
_C0zdPYKR3ijIDbOc0qepa5xipUm	OnUploadVrcaAsynSuccess
_IQfB1kwBbLcZDpXKaLHGQQNJoRk	<SetupDevToolsMenu>b__26
_xLDOqJ6XVkh5NKpbxNMUXUj2ofC	<inthedepthsofpendulumclientcorbinwillnotfindthismethod>b__239_0
_SWSNfa5OYLCM2O4MJcrNQRscTob	set_MenuColorAccent
_H76htt6LFRVGA5k7ZLzyhI5pyRE	<checkDelay>5__13
_fGoEvopTRXIdPR0M6q9tfO4zr5h	PendulumClient.Main.SpotifyAction
_ZFhntOrMTg0btSWyOo2Uo0VyFng	mySpriteOverrideDict
_PKAp64o1zBsXi6ol7wmzp2hzaRh	CheckUsedBy
_VbbTuqRlV6x7vsVhUKUJiiKkJpg	<>9__15
_0PrtwDYknp8C7pKCqekdPqL6W1w	get_Footer
_iv3n8zeKBsgv67VEJu08VPv0wZF	<declaringField>5__3
_IVQgh6AW5SRU59tSWi3FBIIEwOA	FromReader
_5Bg2o9vE9H4Xcbg17Jr2JdMQrjB	<ForceRestartButton>b__167_1
_17Pspsh0AVMe6QBE2zvfUtnHtZw	GameObject
_w0UbVzrHoBUX0CAd2XbfEPQ2z7BA	DesktopCameraEnabled
_pA9oV66y9AlIGdCkSQj9M6gD1IH	set__ret
_lGLJaNxVFTwIsMu1cohlxBLChbi	CameraTickRPC
_KWFPhpy9SF8nDX8DC6nSrJzZ0de	PlayerText
_Yp1c6MagLLNa3E2WaazP8JcboQd	DeleteNewPortals
_vMOAMiplm7rhscs8jikbFtRtbQw	_XrRoVyKgMo2ZjMwwuxFco3lQ9xH/<>c__DisplayClass10_0
_FIEtMpK5tyFrwkiqqUb0o0uAl5e	MenuColorAccentDarker
_5zJcxRhI5VRj97NOPqdSwG7tWlk	Evolve.Yoink.YoinkUtils/<>c__DisplayClass41_3
_gNxpTFtTYLwZjwuZGILXc1ok0zl	set_C_MenuColorAccent
_LxygRii2UcxGuDX4EHITmxPW8gG	<SetupOptionsMenu>b__2
_GDxLKv2hLmMqdRrh0x8EUCV25Tv	boocorbin
_LuCJ2TvJMe0ZfyiBhpuALKoOyEt	SettingLeaveIconColor
_sTGuIJz4PAhGvJwjeNT0IeM6ADB	CheckCancelled
_KcoMQyHyKvJQpYpyw3EBMvVqpjk	PendulumClient.UI.DevToolsMenu
_WhwHhAVY0sSbs8FbbVeZkvCi8wK	ToStringSmart
_GigSylUCzCMCUZdtLskQ9xuRVTs	<uploadFileComponentVerifyRecord>b__0
_ERZkZsD0gXQaZjGSZqUrYock9DA	text_popup
_6KOPBk0adbxJPsePpSYfecAdLsI	DSharpPlus.Entities.DiscordColor/<>c
_JLZjTkabYJcJCr7tgce82YKHUii	X
_IGKaI1S7CyIlXJJwjBKvzSAEotm	InviteAll
_hjJEHGPitFkYwFRC4KYogDOsVdm	get_Selector
_AchCjajJQ1SOpIxNWMmSO0PA6rh	get_started
_FhJvVQWjewiSQci9aNjghPbDcnZ	GetUserTrustRank
_LJ81Bx0uyiWH2AQJq4PNbiQlEDl	<SetupOptionsMenu>b__4_8
_lp2Ukms7hRDQDCTl7NdEi7jifjaA	<SetupMenu>b__27_1
_nuV29BQgM6HuaDIMGJAXJAE1hXf	dwSize
_cYNQpL4EH2XwdviPT0nR1noQrmd	set_C_MenuColorAccentDarker
_0k08xNvMcQktvajDJvywjJP7oGF	PendulumClient.AssetUploading.AssetBundle
_vop2oTN622sFnPGjdY2BgyEnWmM	<checkDelay>5__14
_TKD1M4uDcSVcyEhwGaTAWmQM0N	_yynxMWOVx7PbMSO1dlHhYNqrAIB/<>c__DisplayClass41_0
_nDJlwxZAxSgEtlpBFITZp9Y6I6x	dwMaximumWindowSize
_R0U2RtHRX9hWGJGnZRK1YQzhnqE	windowHandle
_2FRTJmohKi3dNpPKfUzaJ4mqZun	smethod_2
_BhFB0AMO4nJEiuhPc50BxMsqbwX	CorbinColor
_Ho0t6sVkMwLaqFkj2hlDcy0vr0k	CheckKickTimer
_3i3LrEIaMcIhgCmIRk5BsoNZl1Q	AssetNodes
_u5vn0jQ2JfsbOivbCgePvgJNA2n	PendulumClient.ButtonAPIV2.APIV2_MenuCategory/<>c__DisplayClass20_0
_nyZhdmHNINOTpRLaHDjzjFJPuvB	<FileSize>k__BackingField
_a6yDiT0FOUIGAczckFmi1MS7IyY	wPopupAttributes
_LafCx93sg7NkulUWxP4gOFXvudb	<Type>k__BackingField
_ety9rowdpxy70jWQaRdqX28kwVo	ReadCString
_vdfBdKPmYRrnSVQfij8HyY6Km11	Evolve.Yoink.YoinkUtils
_jbYF9BdrTm1VAHiGaATfRMneAc3	set_C_MenuColorBase
_1AaXt91revfZSDWGpuryiZlKknF	HookM
_5fkbVKg1F2FxGcSjDtheTF3IdwJ	Text
_Cgj7abxBqlQ92X2r9QckYadfFMp	IsDisposedInternally
_Ho2IF0If0WyWvu5p1te2kLCLhQ	ColorB
_iCs1EYQhS6ALz1ZK3L7b7W5r7KJ	<PatchHarmony>b__156_0
_nw0Ybtr6YTpSPkGbMnqIQCQ5ERI	<SetupMenu>b__27_24
_1N9G8qxPtLToK5DJffzDIEhyPYC	AvatarAssetBundle
_jEd7SYuH6dwo0R7AheZJ5L6br8	<deltaFilename>5__8
_TSVYoWpfGYDU2pTCV3peg3ohpBb	PendulumClient.AssetUploading.CompressionType
_vaQfu34kAZPI4GzAorp6yCbkvLk	<Offset>k__BackingField
_gtHZ5b2SE5lju0k5S4S71fbRp8d	ShortcutMenu
_Dq1TUbsKTSQOy5Cna2o428qP3oB	darkCyan
_JuPv3j0oybfLA1HUbjpbjETQwSo	CheckUsing
_agmXh0MmuYm8FaK2SvMf5OR5kYA	<TargetMenu>k__BackingField
_VU96H6VMdBShTu9wEEj0YnylICg	_vdfBdKPmYRrnSVQfij8HyY6Km11/<>c__DisplayClass42_0
_RxT11XXX2zXf05Ea9siyJC9680E	PendulumClientUserModeration
_8I2apvaE3ajv9x6lk8kgQI8rExY	Company
_O2qWIfxorISVCa7686ssD59b4KN	PendulumClient.ColorModuleV2.CMV2_OverrideObject
_Ihu9b6MaV02wXuErFt7UdCqZ17K	text
_Njy39Jh9C49E9cnZ9JdBQzakhWX	get_Flags
_Vsv0aIbHnJVcNIvIl0IbhOjuU6q	PendulumClient.ColorModuleV2.CMV2_ColorModule
_CSiihsGnWvWYQbkAD0b9dTwRC6n	handler
_SZuFzA4buX0cs7uC6FhYXjGxuI0	ApplyTextColors
_r9BWI3KnwvrYdKlKguifk6AnLkbA	EnumThreadWindows
_5mB0anxZzTCbVFlQ5zwdnNLNynY	_yynxMWOVx7PbMSO1dlHhYNqrAIB/GDelegate1
_OYQxdjXkfn8K7OGYHiV4mCUAmB6	DropPortalInvalidSideways
_n7Gnre2O4wHs1Ju71p9CvFiP1AB	DownloadAvatar
_zEx71opAPZ6aplNbrJLWPLCWz5xA	<UploadFile>b__20
_K7qmGFEyoHo0f0eeju2x23Yyhrc	<SetupOptionsMenu>b__4_34
_FRSw0er5mzKEnmhCvNroNuWd5fc	GetTextSize
_FAXXZcV4fH1jXWfsN54XS0zNSlH	Failed
_b1iq4hhdz8bhKxT7i4zCH1ccQYF	PendulumClient.Anti.Hooks
_6FB2IvUxmbjL47HbaK43DYYwOWo	_vdfBdKPmYRrnSVQfij8HyY6Km11/<method_4>d__36
_mfoRVLMwOl2BDbC4YD9VhGWBelu	LogPlayerInfo
_NOECyQklOoaAGi6msXzpZO8c0MR	<SetupEventPatches>g__OnEventDelegate|0
_FFnuwznNv2WoW1jChNObslgqX0k	Failure
_tPFb2QOTfaFpnfFJdd88av2EYgk	PortalDropLoop
_5P5qB4RCCNL3aHafZQjHsId65nw	get_CompressedBlockSize
_Szyae6a5dYGnKzCsKFfqDJ30SiU	FormatVersion
_HshIMGcaDUnGyuquKnooPyCAnPgA	<GetLZ4HCFile>b__18_1
_tdhojkPxoD0dzgcxbMFFw5JBI2BA	<TrustRankButtonPositioning>b__1
_btJACNRxre5UEtPmII7T1HoRW5	<UploadFile>b__27
_crsBwtwy2v0WGg2cxHV3be0MDIu	DevButtonsSetup
_Ihh8IicyqhhJHbpbGp9TrNiepey	ColorR
_ekujM8KKOLLaxFnTgjaSD0NiAQD	TpObjectsToPlayer
_kLWms0P0ikCE6Ww6tun4tdHcdnE	PortalDropDistance
_94dO3Xl51UFzgbumJGn1ztU97fH	PatchHarmony
_enkDJxZIHh6UO5zE0WmFCDuN21t	<num2>5__19
_2gpNJXV40XD7wKv6bO3x6r05KPb	devmode
_DJ2pZf2aTMMkH8wd5BpVxbAt0bQ	get_C_MenuColorHighlight
_Pp9dQCRIGXqgW7Ska8pD5Xx1Amw	NameESP
_wHPmrrnbnF9A2tjeXy44G9AIuju	<SetupOptionsMenu>b__4_13
_iQsdh8kgwr1n5GbXCfCTtjt39pi	FlightEnabled
_51LwDpLIRZnkLdW9yAEWLqCHEmf	<UiPage>k__BackingField
_zbHegkYwQCLDGcq1aAZzNtopUSG	get_Stream
_KQuVopzDOocFhTTauebXeDBg8Dib	MenuColorDarklight
_7MQdozHwWYVnX9nIvnrATgyvAPS	PendulumClient.Main.PendulumClientMain/<>c__DisplayClass157_1
_Xao3ycbcoo3H40z7l0q22LmJSZb	<realtimeSinceStartup>5__2
_F7FeVo4Dp6juCDwgtowG098lwLo	GetPlayerCamera
_hQnWUlycUQRS6CgLnSAL9kBkgfc	_vdfBdKPmYRrnSVQfij8HyY6Km11/GEnum0
_rOtVBcd5cZH0jBkic6rbZ8xiJyI	FlightSpeed
_nMFgy3DiMdndoAbpyYBC5S5CYCW	MenuColorDark2
_mHRFNSeWCiAGAX5gZFykt5ii8RH	<>9__9
_a7wDZxuALeVoC43VUxiYdbS01fo	StoredPlayer
_5jTfXkKARdrWl0DcKdIIQE2LY1E	myOriginalSpritesByLowercaseShortKey
_5ReQfqjzc3qSXuZ50OrIHktSsTb	SetupColors
_BD4V5fvbEgwLw5Kn6g9axmmALAW	<MenuColorText>k__BackingField
_hbOCcy4ANB45OcJbXXWow1eLTUM	_text
_nfYA9rQfegaYywefQdb1aKE8W2RA	<i>5__2
_5LNKofV9uI7rMa7vcOU4kkrPwUB	UiManagerInit3
_RzQBIWKMeU9yk8vIepachVhdd8O	<SwitchToRootPage>b__9_0
_MotApEHg4nHavZf8L6aCMHkYNJJA	get__FlightSpeedButton
_HBOQXoWjraGPksNqzghDLBqfV1l	CalculateMD5
_zUCyXNCOLCAHOgnAPo2frG9HgLD	<CleanupUI>b__0
_9tDwZa7NtSoJhidQCsAPrebYGJc	RegenVRCAButton
_Ysx17KRVHODIbdxBjroeIPQ13nl	<SetupEventPatches>g__OnEventDelegate|1
_QhLCWcI231xkbO87XdkDwxmvEgl	OnUploadImageAsyncFailure
_KNg81goA6la674MxmebBNa3FouU	<Thumbnail>k__BackingField
_yuitOAthkpbOPMws3IA6EpGcYfo	PendulumClient.UI.AvatarUtils
_01ntZS3YanNBlpxHHYV4yB6uAvs	PendulumClient.AssetUploading.unused.ApiFileHelperOld/FileOpResult
_LTz4kAc2QD9ItylyM0NyBCv7OXD	_1kawVyrcYqCAyUUqVkSVaq4f17y/<Desync>d__8
_3sgv7ypaACQPOiv8ka8DPt6duhGA	<FindWindowInThread>b__0
_4OzVD9aoozJQBkr3DwDdOI0FELF	<AvatarUrl>k__BackingField
_u07z6Sq0feGuRVUsJiOFR2UaLgF	<Upload>b__19
_9ZueOJl2FKBy9SmaAmT1vPIHYaA	_vdfBdKPmYRrnSVQfij8HyY6Km11/<>c__DisplayClass41_2
_KdPbKyoDDSu1C1zVJlgvJUKmj0F	PendulumClient.AssetUploading.unused.ApiFileHelperOld/<CreateFileDeltaInternal>d__26
_SvvqYm6aOKh4wJoR3bj2o1BQVbK	<Stream>k__BackingField
_yjpQrOFThwwspR5gS5yKR8hkXYD	<SetupDevToolsMenu>b__23
_HfgEbQaBBXCCui6QDACR7t09Mjz	RectTransform
_H9dcGh9EjkLFdGRb6F1f225W45S	CorbinPFP
_qFtw2zv1Xv0wRSMTnq8eY9tMHph	<GetMenuPage>b__0
_QmQuz4s0FbK2I7IjAjtKY8WtSce	GetCameraController
_1MXgkj6y4a6y5BBfYCLLO0UYyLh	<CompressedBlockSize>k__BackingField
_TbneqIp370oS7JIKTHQaME4Ajot	float_3
_Agto3gCTo00nazzdZpGKdJzmu3T	PendulumClient.ButtonAPIInc.ButtonType
_axCTlzfWGpglkjwA4oCzAXN1OZm	PendulumClient.Main.Login
_Bae0d5HzaEFQkXgv2ZtkMhwlPQe	PendulumClient.AssetUploading.unused.ApiFileHelperOld/<>c__DisplayClass36_0
_fmQxdL5JA7x1e4g4zVaxl6D2stA	PendulumClient.ButtonAPIV2.APIV2_MenuPage
_SzGuIyiEkfEe7VCkMekRRpIIChA	PendulumClient.AssetUploading.ApiFileHelper/OnFileOpError
_wjIMAi4JV2ftVw2bpVFrefWbWsE	CleanupTempFilesInternal
_KQYHGxIaMLHCwauTOVRinG7H3tI	PendulumClient.ColorModuleV2.CMV2_StyleMetadata
_sSu34A4UujZYebYfwy6yfvXw0ng	MooniPFP
_0EkLymkoO7dClQkHebbYJtlAU4m	<Fields>k__BackingField
_9zlkniqCWoqO620Xv2gkDZBKOpx	<num2>5__5
_wU8SFWrmAQ4Nciexi2A0OudX7jC	ShuffleMenuMusic
_wyCfQyco4Fvwfpnb0LNsS4z2elE	subFolderName
_KV9AkORa4ZKavxqhXXa74Pg97UhA	NameTextUpdate
_EdInROsADSDbNyaQAg9Feo3wEv4	quickmenuInstance
_hDTEXTtpyUibjm222n1Ckcf17bt	<CreateProperty>b__1
_mqJjVgGCMnFnNgMuTx294KsbunK	<>9__23
_jlvmXexb1JuAfcHRbaLOgfeP7ShA	_yynxMWOVx7PbMSO1dlHhYNqrAIB/<method_7>d__40
_wokxdoFuoWNOcF2Abos6JtYv6YD	upload
_1DqhC9vhCxzT75mYRpZi21Dbk0E	<UploadFile>b__23
_XWtt2niM4gNEhPaaTWyLg9VgYRp	SetupDebugLog
_eMIOeyErv7KaR54PQQaPFGmqoFH	<ReuploadAvatar>b__28_3
_ll48NRV4q10ydJ6ZGrp7rViOzSg	GetPlayerByID
_1ZmFtzi5Rf0e0SBduMjpVTwwC6c	ForceRestartButton
_wGQbwogBTtklfJYDdexMpzmRhWc	DisableButton2
_VlKmoN20BUt5fo1besuOE5m1RIl	Position
_WzeeRPSBwjj9IBhptePjbcURVeD	Username
_TLGcIsCnyfTmBvqfi5rOJ3uHW1	get_IsDisposedInternally
_yb2Thu2emtveXd0XuhUfMv0LZ2f	<UncompressedSize>k__BackingField
_6gQleIm5Km19TTPdW07h10XwUpi	set_Position
_QYpzL08lYHcCpDwxTAbZVJBuspm	VRCADownloaded
_P7WKPxMzdZ0atF2UsedXZ6S6WAF	GetQuickMenuInstance
_eQu5f6nzMksoceEfHIHbqTTEmBq	get_UnityVersion
_qeQbQ9uWM2OrjIAHWQpZLMA3QMb	PendulumClient.AssetUploading.unused.ApiFileHelperOld/OnFileOpError
_co0XwkIA9a0yIfvM6YWL67scWiS	<SetupMenu>b__27_19
_XmsARRTNvjsTTcyjI0zHLrv6JMm	CompressedBlockSize
_8U2Jh90zHJ7GpaGLAoXlbBhz6wN	<VrcuimInstance>k__BackingField
_COrHbYGC5Q6xVb331mvN8Hk0BjI	WriteInt16BE
_boLhNR5hAPPIDTzqY21FKWaPP33	<>9__20
_Z5w3uFNgOn1CVNdmT5TbVtUwCue	myJoinText
_ehZ0yLx6DGMHdEJybWyWaLlTiZk	PendulumClient.AssetUploading.unused.ApiFileHelperOld/<UploadFileComponentInternal>d__39
_gk3HMluQJuKCekjh7ub3qmUgK3	_TkZyqR8T0aXV5w78e11tUjKPbu/<>c__DisplayClass0_0
_2qqtHUADVO5zhDyYGYtbahW0Uvk	bool_
_2FvqXeKdwsxfK69tkjvOVG2qjP2	PortalCreator
_Ez0EmQasc5zYASgJkJmT0ruaIcj	listener
_edwkSoDBzVi0E1Cf6ccl8zEjA9c	<method_7>b__5
_tuAJICVBv6wEj1F6aascsyqGxWO	<uploadFileComponentDoMultipartUpload>b__4
_0wZM8ogkPxf9DdQUiz9CxVibS3k	LoadingScreenStuff
_mZbC5CBckOuUIpTRNDOzUGjlifI	<startTime>5__18
_pcjKfDMoDGLm151vhc9aApJYdQA	<Video>k__BackingField
_F9XTPo0SK3QecDYKHN0ifwxGyacA	get_UncompressedSize
_dhhPIKxm51CF2OFrwbWZpzHVgiF	GetSocialPlayer
_XaG1g7jqyVywN4STrLHQcTp9KgH	CameraCrash
_UrDi4nbEjo8JA80ikvBEuazPV4B	get_Provider
_Bdu5jBnSZ0qIg7eAWwON0L8ideC	CheckUWRPatch
_P0Nu0uH3Uy4Jjk4RBSVecKhWNll	<EnableBlackCatPickupsQuest>b__261_0
_ckFAMAZYl1FSyelKUC6sBdGQwbB	RegisterSettings
_pedp9EvSkLUgWSrbNiPvDkSyBFm	CameraPictureRPC
_cRAcWkWxxDAC8bf4ySGpdyuLHdz	PendulumClient.Anti.ret_9
_3jHBXyGdAnaLZvUAqkgEUSWVdBHA	ProtectionsMenu
_oZzCM84PHKU0dZ0VemD29TLQGTD	textColor
_psM21RGNp4aT2LxA4b8EDHomTaq	NormalBL
_3cJCxZTd3JtD94BbRpfpFE1KPrnA	kUnityPackageAssetNameFilters
_4qwTUmlXgj0yBUoPVLyUQj5LL9E	get_C_MenuColorDark2
_UUtVmoPyupD8aadcpQ5ey8lfiXj	AvatarUrl
_flADA9jMVUkcsGvQRit41wMKKR	C_MenuColorHighlight
_Pptyg7AyVqtadVr8yaKfzz2jbZF	<toggled>k__BackingField
_l1sRqjA0d73azTZrN97zUi9CLPA	cached_containerprefab
_GdXaxT8kR3e5HtC8WYh6GhqAenu	<num>5__6
_KuETM2jBSdUveD0maPY1BeXjkbJ	<C_MenuColorBackground>k__BackingField
_hApwfU4x9aabmH9A8xRiBN6oiU9	SetNameToTrustRank
_kvD7Msn73R837UQkv47Dz8osjLc	<UploadFile>b__4
_AbFBdcneQWvGVnQ8yaaqymwj9EBb	<fileStream_0>5__2
_jsF52dZVSp3DikGLlg5Ir9KObtJ	<PrivateImplementationDetails>
_IM2cJxrBw6DR2DIYkQEIJx8Ka0w	GetDumpedVRCA
_sgD05beBjAU3Iyj78QV0f3nH3HS	EmojiID
_73mYjfIqjMrCcSHAc45GAjDEeDE	_vdfBdKPmYRrnSVQfij8HyY6Km11/<>c__DisplayClass40_0
_MZIjyYEstGwffBPzOIEikmopHxe	get_MenuColorAccent
_LSq6YD2xBl9cxwYvpXAjCIXQfsp	<Timestamp>k__BackingField
_hcYWLtPoBF1hS6hAQdVohl85Bsg	KyranUID2
_V5kO1TDAUmLDTfMKZA4LF5nVCEd	ReplacePlaceholders
_D3iK9bJEs5MWue4AoUolnTmDvEQ	get_MenuColorDarklight
_qK3EAyfpmnh6ACfJN4djL94MsdP	PendulumClient.PendulumLogger
_nd2RX1jfbweONvEpKJeAje5fFvq	RegisterSafe
_L8eJEuRE0Z5Cj46ewaGAPsGAO7l	DSharpPlus.Entities.DiscordEmbedAuthor
_BX7ajGZEIpBlvkoHEF9gj1NEWSh	<b>5__7
_6QtFAHD1ywbRbECD2AewhKfOkNn	UserUiPrefab
_Yx18T4cQiift0B2YDL4sBAALitG	SocialMenuSetup
_fio1og09UFcvVxGAflcMtHOL3Rp	int_0
_Ezj3vV9rJDYM9iIrBwcZMQD3RGH	<SetupDevToolsMenu>b__13
_HCRVPdEIM9jTMsBbZKhzCRV60WP	uploadStatus
_83Bv9OkN2s19m3vE10wVzI1yjuc	DevUserIDs
_EUu3s9lpflDjBreCdGwmZHOD4X6	PendulumClient.ButtonAPIV2.APIV2_MenuElement
_qjkLbzbjJJCyB85Zcg2Rf1FZ9Ad	hasbeentoggled
_Z3fVxpAKRFIemkwryws2DnqidVe	<MenuColorAccentDarker>k__BackingField
_Vvucs6PHiOV1FgamzBabzVD3mEBA	CompressedSize
_nuZRCMBK2keK7Ewi8FEvpXXchkT	CleanupUI
_IDm60Xj9qtV1F5VjgtgKTiUIyai	RandomInstance12Char
_RQr8XScBxwfjHErzSl9nU3VWaxp	OnUploadVrcaAsyncSuccess
_QiFAQvi9z2LCip3Eq2ctlHPo4jA	<SetupDevToolsMenu>b__3_4
_G36eXyNxrpZXPk1vPapamdUz8GK	DSharpPlus.Entities.OptionalJsonConverter/<>c__DisplayClass1_0
_jfi70dcBLTeYRbVS3grWQxQchJq	set_C_MenuColorText
_cuoM6B4bgoYKlCaA65EdpJ9rQdG	<deltaMD5Base64>5__12
_Kshd5AcfKEHA7y3ge3UwfLQfivA	_yynxMWOVx7PbMSO1dlHhYNqrAIB/GDelegate2
_lFxgIBNbbcb74N3I5ymQoASn59E	<num2>5__4
_14DI9S9Mj1H3mLtMd3AqnAnjx8G	DisconnectTimer
_rx5wIiRbkSy4SBBrVHOovErQbxm	Thumbnail
_ZpJ8ZAvBKMwDZELjuWAmIVjHE8ab	_yynxMWOVx7PbMSO1dlHhYNqrAIB/<>c__DisplayClass41_4
_xn3xl2osFJdY5laEQPpnbDsJB1G	get_Instance
_nefhgV1PJ1b03a8voYoY53swBPE	VrcaStorePath
_ThxbuejVbKNNJpw6X6Ia3OxzaTr	<asyncResult>5__5
_b3IuQg8iCUxss4jchFESZeFBlkF	<OnUpdate>b__128_3
_juBFSfHXDvSgDqmf9hkAHjKZvSg	<string_4>5__3
_lRwyXOCUckz2b4DuqMLJxfFUesd	_KcoMQyHyKvJQpYpyw3EBMvVqpjk/<>c
_qkhLbk6DalSbMNfkwwaOR7c4P9q	PendulumClient.Main.PendulumClientMain
_oI3O3Wi9AIkHx92W7XitK6K7nRj	_Xda7nwVlhnUoeeqR3N3aHUfZLMn/DiscordUriJsonConverter
_I6Sq7XaEo71dXORhfMqbgNM7csf	Fields
_NQ6IuUPGYHJiBqmEnVkpR7zE8TS	PendulumClient.ConfigV2.ToggleConfig
_zVWTyN4jZKAGtB11pdyiUilIPGF	fs
_9u7zPxWJD9ffW2x2uRRu8q7er3D	_W1bsjFepZ7OHnelESVzEQA4EbSD/<ShowName>d__55
_6wOE3F1qoQxHqANeMcTAZYkmusC	SetColorThemeV2
_SLJ5i3gaBk5fUDwyAszfgi1ykTV	OnLevelWasInitialized
_Q6QCPHpTNn25JgppoBiR16GLnhl	gray
_1O9B96BcH3GNR8Gkm0oTMNbdsNNb	FirstTimeinit
_Wq7dmPwA3hUGG7XJGedK9Up1NjEb	C_MenuColorDark2
_Qzl2fNbr4RXSLDh88ojhoQ0rm7H	PendulumClient.AssetUploading.unused.ApiFileHelperOld/<>c__DisplayClass37_0
_I5PwEpCBesjComGZ8OI80zdYR6q	_vdfBdKPmYRrnSVQfij8HyY6Km11/<method_7>d__40
_zyo0GGM7cIUdk5ZcSev0iuTwhNy	DSharpPlus.Entities.DiscordEmbedVideo
_F8ZoxV0EW0teNp9lIFyaw0hQxbo	_yynxMWOVx7PbMSO1dlHhYNqrAIB/<method_2>d__29
_ZMJWsRoDcZVKqPh9Abdg6oNdwQJ	DSharpPlus.Net.DiscordUriType
_Lm6FQdEBOjaSYGuBqs5bdiVAFsP	set_Provider
_PjF0rxLpYPda6C6eraMJ8HEhfJi	set_Fields
_6DQD9FSZLG9BdpnOZl9VQjhfEIE	AFiredFirst
_Z5GKabcyDoCMsBIIADbmmqI83Nb	set_C_MenuColorTextHigh
_znnbNmteE2gRx0o819QEJRxvZiz	_v7hmk66GBJ64pexXWAF0n7BCvog/Reflection
_1QDpklAHmpbRHz7MgOQ7Uiwz1Fc	CreateNotifierImage
_Rs0sVML8xZVyl5xb7UXV595SjTj	PendulumClient.Anti.PhotonExtensions
_EY7YbYzRlT3Iu22Pe33lsq1L0fC	<SocialMSG>b__0
_ZZk0sk4fIRU1jyCIBvabOLPBkg0	_FlightSpeedButton
_xPJBoWN55kDUwaZZyEhKYVQziqh	<UploadFileComponentDoSimpleUpload>b__2
_01lfZ0dICHujfGACh2degShW3XX	<UploadFile>b__15
_o7qqcRKocZnSt1MdFbTQJPtJiLh	_registered
_0nKwXDLuSioeI0tGvUaCxqg72ff	PortalDropperName
_WuAVNXRW0bU7JMKdwiooGKUEtBG	<Embeds>k__BackingField
_hlCiaedek6wDFxCR6f46QBXaZXZ	set_IsDisposedInternally
_ud35plzgdPE82JqDSBqaTpZuBTn	GetRegion
_xyvOwxGtA0sdTq5aROylJ7DbjwT	<>9__12
_LijYnJfBoMVAv6UCuuSbTJJbDjP	<fileStream>5__4
_fnK8TBLg6oWjQQRzPOpBUd7mEVC	smethod_9
_b6R1VWBA2GZ6BNheSSC8NzN8GwQ	_qkhLbk6DalSbMNfkwwaOR7c4P9q/<CameraCrash>d__225
_SvclQaNdhbJNEou1SkcyzPPY2gY	get_HeaderPrefab
_SEqRO7epTmadXM67vFZyWyacKBf	method_2
_ujFulhCCoLAmlZdXsBYXDXWEYyB	deltaMD5Base64
_ByJQCSZTzEDiiI2jnzQcPg1AOJj	social_btn_big
_fuRT0AezCGbeRYmt5kBq0eGuACP	_name
_xDqCYijh86LewAVDGplqGLxrJ5e	<method_9>b__2
_CWLlzaTX9Lr2beWGGvzY1ddNekd	<SetupDevToolsMenu>b__3_14
_ZYjjDM90UXTGedTbk47fv0pmUtM	PendulumClient.AssetUploading.unused.ApiFileHelperOld/<>c__DisplayClass38_0
_tmGKZCaCmL0BjSId5AaKLDzsngV	float_1
_EQYa6U7aR9kZtoY8P24LZRtorDV	GotoInstance
_ZQrctTwXsk6xHY0gnU1YbSpwF0v	get_Username
_0lJdVB5DHmNC8HuQiSaCzQBS2OsA	MenuColorAccent
_8Fn1bmYvYUcwUw3Ay7TAl9nV4HY	InviteUser
_cg9AdPWdxWQGdV4yIsWeTkxkBNL	ModerationMenu
_fpk4yEhecrESNJa4ai9tehdASqP	set_MenuColorDarklight
_i2cZu6xO1mkbgZGdLh92jVIL6i4	_v7hmk66GBJ64pexXWAF0n7BCvog/<>c
_wdkj8tb51RzbEWet0pf2ku5UqDC	SerializePlayer
_FVdECOxm9hMYAjFkYOVWA5wfGTn	get_UncompressedBlockSize
_M7adgoO1ekNWht2agbH7ywwwtiv	PendulumClient.ButtonAPIV2.APIV2_ToggleButton
_0wVzJgBGwEUFcLncXm9mQsMuDoh	<versionAlreadyExists>5__13
_eNZIughLhGi8YCswZuTHasTUC8J	<Upload>b__20
_wrQ4wV0OuiEmLrCORFQSreB6hji	GetSoundVolume
_d2BbxPOq4rQr3CRfigcOcrNcA8n	_yzsav2PHFmDlQVCBphuHSSpXCMF/<>c__DisplayClass2_0
_pn3vhLNCOS0sGloQcXxFHA0S1Gb	Left
_QuJkLmaRgpkeThtMqsYGq3ePRyH	newFilename
_FXhs9A9UPNcsV343yFGAunucl5v	<_ret2>k__BackingField
_sXo5WiyNL0vNBbVk1XM83A1EVOC	UseCompression
_oQmDf1meLV8ol7dSQULaT3nysanb	TryGetBySelector
_dUQxImgIsHeNhuqDV6LjFjSsznE	SetupPlayerList
_HQdaVMNT57Vw016So3QzXXFekRC	CreateOptimizedFileInternal
_8CHDVZIfn2wvRpV0axkXa9xB1Vc	PendulumClient.ButtonAPIV2.NewQuickMenu
_CyPTCp13doce1S6gxw99laQRerq	EmoteRPC
_GIzPuSDkZQozjfCI0WHae7AETgC	WriteUInt32BE
_jaaBrVLGB4GkdUEBHwIdPxrs5jK	EnumChildWindows
_hc6PUYKwsPlcjWqBV5spktRXMaP	Errormsg
_G7LxVcb7hmotPFf4UPa5ODva5DI	<method_9>b__1
_wdJpoDFEKU8c7L9Zw9BETGLDS4F	LovesPhotonBots
_beLk0OyCoRCuEsae6B7hHbpJK4g	_vdfBdKPmYRrnSVQfij8HyY6Km11/<method_1>d__28
_jdiQLVWrgzuzk1G5A9Iae64jpcu	ForceClone
_0W9QeATqueQ1cIUe2My1biZIaYM	<Size>k__BackingField
_Awv26569DGxSUjuSsLoT4exqHRG	UpdateMenuClock
_g6jXnacEtVzemW12VHzH6Ng4WuH	UploadFileComponentValidateFileDesc
_SJ8dcXo0epbq7op0hzICMHlDsrB	GetUnpackerMethod
_lFQW7P4bVFzfkjso1GNRp1XrMPC	<SetupMenu>b__27_21
_jI6v4uPFhArxCklIWphbxpUV6Qj	JoinNotifier.NetworkManagerHooks
_SxJSH4gxMdCeruueN2hNJdYwKIx	_qkhLbk6DalSbMNfkwwaOR7c4P9q/<>c
_6OW1DBfYLcq9IEOMQtIEpWmMlfA	DowloadVRCA
_D3yzkDDyfcXwbq8LlbJI6t1XxdH	<text_popup>b__0
_B8ucbtRKMlnDlKqFb9Cv8KZOjTCb	ApplyNameTextColors
_FhH1E6UIW4ysTqkZM1tBrlFFAwS	Bruh
_hWjuhZgKGIcG13qlZ1YcxxCR4ef	<size2>5__12
_NXHiYnjHf4Gj7arT5E3mq7XlT4D	myStylesCache
_k7G1KgsSNbahtblpCkAynNF0DGh	Toggle
_WIO5wQsiLWuBGy6dbCEAtYWc2j7	set_Footer
_uKbNAkmGCHHmkWIxWbTqqxYxg0k	Modules
_IFCOnJtCHXZLFLFQK1rVU5Pn4bo	PendulumClient.AssetUploading.ApiFileHelper/<>c__DisplayClass40_4
_X8gkD4ZXKqY7jTwFVCRAYHTduCK	BlockNameLoop
_Dh4Wxm9znoUf0v3uqfyXm6VAcBc	MakeTex
_TOy16bc1X4cx1wwXDJlml1QklQN	Compression
_7iGK4qv4XHoFGbH2JObdBUT65sb	PendulumClient.Main.AvatarYoinking/<>c__DisplayClass28_0
_hj2SpuWFwW34Luy3uw2eHoe3D0e	EventHandlerA
_e12hBOdElUWWr3OErUdkCb6OsCC	<method_7>b__2
_6NYEfh37edXe825XeNbS2mPo1ef	myOriginalResourcesInAllResourcesMap
_9I6340pODgYyIwKB1ntwbndFOTQ	GetUserInteractMenu
_hVFyxKDLXIUGfd05KEi7RvO2vFb	C_MenuColorTextHigh
_VAIDNGmtxLX65qxD4OKxc5NfAhp	PendulumClient.Main.PortalDrops
_79cMp84yd9bolcNSWQ2UK3vIMpH	UncompressedSize
_OBblDNzKXr6IuTr5crDZ3T8nxQM	CheckMethod
_NPGboelcw0IdzHo0bCpDmiCgoGP	KyranICI2
_OUTVUpTQ5YNabpINhXgI9wJUccm	<MenuColorDarklight>k__BackingField
_Iy3iXNwLDOwUDpMhT5Zoobd2DPN	<UploadFileComponentDoMultipartUpload>b__1
_xdCvGGebR2sFxy1hO7lzaQR74eW	<delete_dynamic_prefabs>b__134_1
_MsDDjcq94K4EvFgOdhZGjEFnSvb	<SetupOptionsMenu>b__4_35
_7Ec4E1WxlLyBdxJAAm7dxTvd3c5	<SetupOptionsMenu>b__4_14
_e6QVWIu16oMDJAR7SdfrmDQeCwr	uploadFileComponentDoSimpleUpload
_poWMprmbX86H3v8F4dkuh6LzxJX	PendulumClient.ButtonAPIV2.APIV2_MenuCategory/<>c__DisplayClass21_0
_67vDJUS6UYPShDEcGf1ho22AQH0	get_IsTTS
_hRjogbMpf0kjPK3GqelwIdRNesD	_W1bsjFepZ7OHnelESVzEQA4EbSD/<InitThings>d__43
_ln7hgfqDXSEV2COIAwvjWa6Gx8R	MixinPriority
_Kf81D1Y46WLYWQHTEky01rmrGp	OnValueChanged
_sAMkaQWagTcwGlxHeA7lMG963Mz	PendulumClient.Main.AvatarYoinking
_C7MpZixnotjD980KAueJ8vzjZiD	RawValue
_mM6qiSOe8GSU9hgvramfFwKaS6J	EnableBlackCatPickupsQuest
_ztfCZq9yQBfnAU4AcyfEaHBOLj0	get_C_MenuColorBackground
_Kv10Rpn5EGs5pB3HLdvEyggzo7B	DSharpPlus.Entities.DiscordEmbedImage
_fX4QiSce68eqDVEmlQ26rqniEAA	PendulumClient.AssetUploading.unused.ApiFileHelperOld/<>c__DisplayClass24_0
_GdsKgUkS4pvNm5vsswppGp9EK5d	<text>5__6
_9eqPDY48CWJ9y5tuNGVcLr5VNrJ	get_Position
_xyJXdDH3r2wdIou0YUQ3VnnhslC	_nhFVn2cQpE5qjboYX9ScXFxO2AH/<>c__DisplayClass2_0
_SRvW2SOa65UMnjcgq0vnFacT8XF	get_DebugEnabled
_31AeNaxmO3vXiiy0wajPcfIxTNA	_yynxMWOVx7PbMSO1dlHhYNqrAIB/<>c__DisplayClass42_0
_c1VPg7Ij3hImRSAUNgm4YPacglr	PendulumClient.UI.NewUIExtensions/CloseMenuDelegate
_vb6NQV6NqjorrRNJxOybhIP4tam	get_DecoderProperties
_0i8ae1Xjm0B3sCCl3KbDO8eCIt3	_yynxMWOVx7PbMSO1dlHhYNqrAIB/<method_1>d__28
_EgDzJYkBa4Nf7BfsouSYs4KL0gH	<SetupDevToolsMenu>b__3_12
_y8MS7W9ceX9xV64RZ2lmQACV9HD	<Refresh>b__2_1
_SbU4rVniBJI4CXPaHvHLoAu5EtO	myJoinClip
_Oq2x66ZiZglCvYO7E2bsPpPnXJ	GenerateAvatarID
_4HtgqE9hLM7frfIAKVxauB4cwq8	cyan
_Ux2PBDbc9RBRpoGXqPtIi4UaTlL	get_Signature
_jjTm0ikyTiHt1mjknfixU40fYkA	<SetupMenu>b__27_6
_OOLKnV5D2U6bdd0RJn5EVdQYqTn	<method_8>b__1
_u3y3pjC0w6BUq6MrhZrTkwj5iki	<GetXMLFile>b__17_2
_2HrjUPGsKaSlyzxoB7ymrQk8S7d	<SetupMenu>b__27_13
_0XodFi6k9GVjDLky6bjI7SOV69l	<SetupDevToolsMenu>b__3_1
_FFfvp1VBAv3Frx9Ie9CJg5BOG4OA	<uploadFileComponentDoSimpleUpload>b__5
_3oiqE8zOWMSpDTadOgHdchm0BOV	<CreateButton>b__1
_NdurINVCWKlTGQpv8xUK0d97RAG	<IconUrl>k__BackingField
_NcTTBuEFCXF0FLPs03XJL20cbVQ	_yynxMWOVx7PbMSO1dlHhYNqrAIB/GDelegate0
_MBRcibjQCOFNQXJiThmxQXQjh8Y	DSharpPlus.Entities.DiscordEmbedProvider
_DKuC85DgJdxx7qhZ9Wds7TBbRt6	<inStream>5__3
_UdPGecHjgEYSLziaeS55bUyGIHs	_yynxMWOVx7PbMSO1dlHhYNqrAIB/GEnum0
_ET12gP24DfCGM2AkFeTNneYqbcz	set_Username
_ILFLdh0epTIMrAPU7XExZYDHnVO	RGBMultipliedClamped
_6jcT984VjkRP1sNgDpKEbxIHgYK	<UploadFileComponentDoMultipartUpload>b__2
_wtUuDjx13EWCcdDn0sRnISOsvsz	get_MenuColorText
_3t98pdQEGMUecNzbhDct2Xa7PjF	ColorsSetup
_MRHa5zjbJnq4mMfweSPDG0aeIOZA	MenuColorTextHigh
_2b0818FtH1ZjdaEcHGYDdMULvOe	<sigFileSize>5__7
_2YLXpfH20slq6jUAnd75wfPWC8C	genericType
_zzCeV3ZEvoV2CHqpTuCHZlaIa7H	<UploadFileComponentDoMultipartUpload>b__5
_LQxRDKhA1DVLy30XVUrCYIKBsxc	LogErrorSevere
_Ds2yOdZmhuCLJHmGpup021qmbnD	<GeneratorVersion>k__BackingField
_Bn2lC8eKRPSiDLLncaDZKA2tlYc	Build
_iQfpqdn8IMjHkIeKUK4u5BzUjJH	Tpspam
_h9YaCyNlVbqUNDFARBB2t1KKdao	get_Active
_nQNgXBHRMSd2r0ONE8a9bgV8sFb	Dunnowtfisdis
_9cEeHq0gynS9zl3HB9bZffDzsaFb	<method_1>b__1
_5ZBBoZj9CFuGsIV2OyfbaqdKSUEA	TPToPlayerSocial
_8Yp0bW5KDUv8YKzSR1cV7JPVtwE	ShowInputPopupWithCancel
_UaGMVTFdiDhdcm9BDVyXpOkCIwy	<SetupDevToolsMenu>b__17
_VsGlI0jwSPgUjE5tFpnyz13CmPF	SendVoteKickSocial
_kjiOQOhCzfEjPA4ZDjzJHNdLIXW	PendulumClient.ColorModule.ColorSettings
_49FmdCEYeTcdL3uvJ2lgiAukaRb	_qkhLbk6DalSbMNfkwwaOR7c4P9q/<>c__DisplayClass208_0
_PuWjuCIbHJu8Y0tFoPNfJzXVSRQ	white
_d4u2yrQWDqucxFCglefoMHEdqtBA	<SetupOptionsMenu>b__4_7
_MbXNcusoMfrAPcsHxjBzD5bEaEN	MenuColorBackground
_qzkTImxq033R0Ln8w5efsLcdoAM	PendulumClient.AssetUploading.unused.ApiFileHelperOld/<>c__DisplayClass22_0
_g340kVE1dK0Mia8IOUq9DDp9M2G	FriendUser
_e3lJvUc109NbPW7fdti4tf69hix	VRC_UIManager
_EnXLpF0UGAFT5smAnvXfhjcox31	DisableOutline
_tDAD0QEdLCfpjXP0qVCDGxqV0fq	apiAvatar_1
_jUCY2Ru9K7YLfsDt2ZfgDEKsl5	ObjectLoopOn
_3Jh5DXoiCQEansAMnWiDPGXAATLA	_yynxMWOVx7PbMSO1dlHhYNqrAIB/<>c
_OzShujzlTT4BBTggDSeXe751eDb	WithColor
_yLMZ2OMJiA2PvI9ftcC08Y58AbI	<SetupDevToolsMenu>b__3_28
_EKmTOzKalfVWoAfbqTL9UDESAj1	Footer
_8E6CJRgESxS5frrWkIOI5AbaR9h	OnVRCWComplete
_ZneVEbYfbiYEu6wiVsWaxRRgnjs	SettingLeaveBlink
_bs5cMndyIcHuN8yBj31RmJ1kHZe	FromNoValue
_gzDBCQI2l1mgoD6hAaRutziRNJB	CompressAssetBundle
_9IWzzwmWWeLsNeCQHm3geYearvk	GetInstance
_oSMU0Nr0RS7DzKqByQIJfBijRYL	<CloseMenu>b__12_0
_UaUXQNQ0kKRJXjdE7taJYu887fh	DowloadVRCW
_KpnNobHEeaDkYyDSgELlDEi5mwf	set_toggled
_xAJoYkJ2rOhZd8NSVcY7x5wt0bF	SetColorSlider
_e2ONCD0jjlKRhfsZwKbUf9onM6V	<Upload>b__21
_5yCDF8aw5Dk8tjOFYsQ05DTeOMw	<Value>k__BackingField
_YvYkWqHoVBXAVgiXWIVOu7O07Yh	float_2
_zoDDBxCcpNT80CYNqd1NhqobX43	set_Author
_XYibpbuTiBazHqvwD53otNifNwX	<initialStartTime>5__3
_hSxMQrL6y1N7yU2VdImfcjCkHUg	_vdfBdKPmYRrnSVQfij8HyY6Km11/<method_3>d__30
_9PIFbrIXUIk0JaeZ1QSIDr766gf	<Text>k__BackingField
_AKV0N5OVufvPVS0CBPol6LTnexN	_yynxMWOVx7PbMSO1dlHhYNqrAIB/<method_4>d__36
_XA7owtoJrMPn2Uy5hS55ihCLZyF	WithDescription
_ZQa2dGiLD3KRBcMrfP4iGlDc6n6	<SetupDevToolsMenu>b__25
_KdzMgvXqfhShOpTTeXxrYMfsUyh	<>9__18
_nufaUrTLfCncNIKpDGYTCNskrGu	_TkZyqR8T0aXV5w78e11tUjKPbu/<>c__DisplayClass0_1
_GI0zZRnFZ7zaXPbdMq0XNrEi308	<UploadFile>b__16
_o7Y6ggFyd1bBYpSFB1n30PNm3lm	UIColorsSetup
_gmmRLwoqdafbaMIRWjR7C0xcljO	<partNumber>5__7
_NBXXIhP0xjofzykjWPj0tBCZqkf	G
_smf4MUHWfeYl7zbIJaHQAH1R9jb	AssetBundlePath
_Ra2xpS5M8q9w7DKZDm3gHDxZPSi	apiFile_2
_KyXU9JAQ9IH9uaBYxGE71l6yVRB	PendulumClient.AssetUploading.ApiFileHelper/<>c__DisplayClass39_2
_8iaf5yT2cYiHz0Z1VrGLitAnhRF	UnloadUserID
_LUj0bmmufk6IicWJotYXHh6IAb	CreateProperty
_QYH2KQUAn2YxqIjnqIKvL64Xy6F	Progress
_7CGRcTtmj1GgbyqjOhUv73Ol0kE	get__ret2
_S3Wbg2f4LjPjZJxe9dKPGpFfP9BA	_switchToRootPage
_wLhUcF2MzD7n0wxtu4qrf051YkH	waitforworldload2
_U8JPgcDCovcMfi4rhgn2jpBeDxO	PendulumClient.SetScreenColorsApp/CONSOLE_SCREEN_BUFFER_INFO_EX
_cJcRmqftcYaGzFGZnjbPUJRFhAI	CachedText
_V6oAchQ9msZbBvk9tNoysaAUgrT	mInstance
_prvDegHCaZAElMRRzyg7PonCOh	GetRoomId
_hWeH5s3jlxlYURWoEfL8sOqDoue	DropPortalWithInstance
_Ki0nJmJ2pxaKmpwA0wzhh7mhhcA	_color
_AUKd8E3SpGOOyQIAGTCHbpWYabA	<UploadFile>b__26_13
_K6K2nfRDgxXh11w5EOrBhSrQ1nv	ChangeAvatar
_eJuaW4gZG4Wj67qCWYf1wskVsQl	WithAuthor
_nx5mKQe8opkP9Bg8QmgXaa6cZNB	Right
_hfUm0sTc1N5YtSaSIfe7k5WGs8B	set_AvatarUrl
_H3jJdFvYSBDj2ZUksjeDsn4SllP	LeaveLog
_bWlcDqf1w9e8Lig9KjAGIKslf7R	BlacklistLoad
_smIrLGxHQ8YWRVWbZAYpERsYIkg	<SetupDevToolsMenu>b__3_7
_wn5HxcwcRWi2KAruUdH5NxXB8NN	<TrustRankButtonPositioning>b__0
_1OIY253ovgHT4OyoAINCIZXi0vl	LogoBytes
_t8WBcPqJABU3qMRoTtukMN4AB8h	myJoinSprite
_tAarGHoTvyBZvGcojvHnIwW9SzC	LogError
_GliBof7kYIECjJKGEFpzHpr7DQu	smethod_4
_qhLzwRXRTFF3T9sGYf3P2zvfeBE	<fileFailure>5__5
_hCq3vBkgqsSwz6nwf2NY10RT2KC	<SetupDevToolsMenu>b__3_31
_bKFwYzIWqdGmkEfZLYfsjHmpILH	darkGreen
_BIwy1dywkS5uTurjNS4pQKS7U1d	AssetBlocks
_CRNDixV4K0kYDWX9DbS9cOupPRh	CreateButton
_cdjdpW9EBQf8kMJGZpLekBF5Hcf	MooniUID
_3zQAhp43R57rG1P3EYMA9R3E7wf	myStyleEngine
_hVhvs1R34pv3JrcqAcwGCGb85hN	<UploadFileComponentDoMultipartUpload>b__4
_WbF1T8iR2dlVzwaS44femjnSq8g	LogoPositioning
_W3n7TvwgPUJKz8KGRcKWsRMbpwl	bFullscreenSupported
_xVq5YskLSAUBM4scEFbJ0ZUvY0h	ShouldLogIn
_cUSdxvLf1I0FQ8XQ5KO6IlQGgNQ	HeaderPrefab
_ResBx22LZD9f3P9ynYWHoABZYWtA	uploadFileComponentValidateFileDesc
_fHxNKy7kbIliC6R5QRCkGhzQrVf	DebugLogList
_Jzi2Hla8Ga2TD7T6T26i9Fj2UKC	<method_8>b__9
_Gj1mIV7ckDwMMm0uQrIagKt0waj	SwitchToRootPage
_8QVIomHZ1xxSki5d5jZSEI5Ezxs	<UploadFileComponentDoMultipartUpload>b__3
_H5VNcWIftoNYNHjTa89cG44DMt5	_ret2
_R9fCxVshER8sApwciyXVlnZKKoF	get_Offset
_RBqU3OhKrQ9sQAuCsNcIU8w2AkQ	blue
_FKjEohpa9R1m8WuFR6wfWJNRVK4	UserTags
_NiRIBJWLok8paWvUOhXLXHGLxph	set_Active
_bFQVHcBaLWTpcFTRK7kg5LX2XDH	EnsureReadable
_CLwcld3BObYKUkdEjf0Opy1hFVA	<fullFizeSize>5__9
_g3bAEfdI7tu76lbzM7wZB1yL5Qh	set_TargetMenu
_wRQFuDChOULD6OUnZpYriF8PeoB	PendulumClient.AssetUploading.unused.ApiFileHelperOld/<UploadFile>d__22
_XPOY3ruezVRNU0PJa7jRtZyHPFh	SetupDevToolsMenu
_EBn83zRdm5IyAMMyVpln0uWqfBf	Selector
_99aSwDULQfKdUsNwtMPBtXvIVpY	PendulumClient.ButtonAPIV2.APIV2_CategoryPage/<>c__DisplayClass18_0
_RTLzYDlg8AqIL4rf2W2bJ0tCpHN	bool_5
_StHISBwrcIJ6QjS46vYROMoHl4D	assetGuid
_4WLBWmfzo1BaFINgJVcyK2cGzpbb	myLeaveText
_sJ1p7v3DbnmbSjj7VA1rjSXvciO	PendulumClientMenu
_SzYklfhD9SpTe4HRZiY8xAZ4g0e	<SetupDevToolsMenu>b__3_2
_PPIK77ADt9JHpL3xVqJR1PaQUcd	get_UncompressedBlockNodeHeader
_vIRx3BQRoxxRPCTG1Mbi2Oad8vG	method_7
_UA3asF12wVdr6bz9c5lV0ZGE1JU	ReturnUserPath
_9PBsw1eq8Vags8fDJYkEG1W2rMB	ourTextureToReadableMap
_mL7GOrhUGytN8tmAUyCWh4VHuTl	<UploadFile>b__22_6
_PhpswoC8cgGQdUGgkHlHy48QU4c	method_3
_lJKcaL8GJtjZYJwgVi2g4swOFuf	get_UncompressedBlock
_U7OhZQASlopJxJLiyB9MlX7askb	_W1bsjFepZ7OHnelESVzEQA4EbSD/<BlinkIconCoroutine>d__56
_VKPDtiOzb0AyLgMdHwJpoW24Mej	myLastLevelLoad
_1cNDKHQsF6ir2RsDxIrNe7hRAbE	uSpeakerMethod
_psMPlERcqtDGgJUxKDzEtpKPJjH	SetupEventPatches
_uQdaFK6PfnYI0yzvRxp9Uf7N2Kn	SecondListener
_9bJAbq1JqYz0QPigXEAnejbwBs1b	OpenFolder
_9CC8OZQONbrBROOI762DRFrf9hE	<bytesRead>5__8
_VTUD9m7VR1lx42lrl9Ab51PUbw	DropPortalWithText
_UwP9CqiEWOfxcNwfGoLCSwOzAgG	IfPresent
_e9zjDZI0gi7pSgDMOF6fjNMB87L	<flag>5__6
_LrKpvIqxPrapyPkaQa9AHLJQPbt	m373
_CjdvlyYxU5V9Bkdfol0vBhpI3jN	method_5
_8w39jZgEYkp6pfNHNEs11SEbkEI	get_ButtonPrefab
_JZHuV9zyl9Ka5pJvxVuRXAxYYYn	InviteReqUser
_o2KTuHQl62TCDowbpshDZF6tyxx	<HasValue>k__BackingField
_htjCPPgeHsia4oPSfHGHBvbz24IA	<SetupDevToolsMenu>b__3_18
_zp6Ka3tWU0zEnUvge8Fdzy1vYSb	GetVRCUiPageManager
_hDWEo3a5pIcxyFRZBLlKPUXdzoB	LogoDataDownloaded
_bA6EcLlnmY8BqiUL4FyCGVigt95A	SelectedUserMenu
_AdUfa7rcG9RfzMddlpOV3tmUdC2	SendBlacklist
_OeYBhCbhqCxIp8E3YUOrhCVl3Yj	<>9__3
_92DejuFFAHKQALLfKCkDbNIDD2qA	SpawnDynamicPrefab
_KNzK60vESdOqTLN85rHbH2GTr3j	<UploadFileComponentDoSimpleUpload>b__0
_l7kdVTSFkocHd02ZgDKdKvLavlab	PendulumClient.AssetUploading.ApiFileHelper/OnFileOpProgress
_xPw0rQoDIil1mayRCzVNcB0nl0B	get_Video
_MLAVV19T5OZlIESiUdYYGphIJMF	IsInitialized
_l6XC09Ni5ehjBFbvjnhvLXwNFxk	RemoveSpecialCharacters
_kAUZT53BGsirt8pDTJOpMAjuDjP	<SetupOptionsMenu>b__4_24
_5JnVtrKve3p3pD1KKyEzeaRn6KA	PendulumClient.AssetUploading.ApiFileHelper/<>c__DisplayClass39_0
_QztZxn9WRNwiHBIlDcQJ7Vtv1Nb	get_MenuColorDark2
_tzAkbg7ueLBRUTFapIqPMLSK3FM	IsRPCBad
_llgQh8D7eAaa7el7nGWxEUrgVec	<.ctor>b__2_0
_FDFKN20dLQJWFYODXz94G1k1cPk	<GetPing>b__16_0
_ATbu219Zw4erXxxJN5KPGzT8sub	<SetupOptionsMenu>b__4_15
_5ZtOSnddv44dVDICMdVERXJV5fD	ourPedestalRefreshDelegate
_hgsMFE6HsOmjAlHitZuMek4siZE	MenuMusicShuffle
_sdcUqHjyZ1vzbzcdaKfcApDsGGq	RemoveFieldRange
_MPVS85bczSvJnGCuYpjfSTVk2jb	get_MenuColorHighlight
_CQDxDPflPkWMNWwqfVbVlM62bxm	PendulumClient.UI.NewUIExtensions
_MTq7IKkYiPT0BVMaUv0dY6HyTOu	smethod_1
_xhiXFxGY7Y8A06CuoKLE25z9Zvi	_2LIWjJKCMQROAFcL3p3nM4aJOfF/EmbedAuthor
_mre1PJvj2LPuk0f2ftWBZCgIGai	Bottom
_CZEDCgz7udkrvAtXZ7y2QR1utsP	_width
_THHXW5GHg9GMrHfpkXwjbjC7z8D	<UploadFileComponentDoMultipartUpload>b__8
_MTfMaUaBI6dtJI4bKdh0NZ5if4Q	Disconnect
_jDDkroRdRxSFNhH6HZO0hmYodGk	<UploadFile>b__21
_Klpkm1rOYx9TBMiD2mpdlzohsNz	_CQDxDPflPkWMNWwqfVbVlM62bxm/<>c
_pDXxh47lxYqATP8jmBluxe5qn7c	<timeout>5__15
_harDxfiCjPyoHm7TKTzly8ypJp1	EnableOutline
_W64oc106gu1p0bix1dPkX1Q61Tf	GetLZ4HCFile
_J465GYu0AM8J2lLRvayszUjg96L	OneTimeLoop
_99uE7aoAu2tKblhaYtpsbd8yekF	FromValue
_OE4I9SNGnqdZoLNrGPrefpbEpoh	SaveUserID
_EhWdv9UPjLegWBpR3Nf95PdN18j	PendulumClient.ButtonAPIV2.APIV2_MenuCategory
_PVKmo8LoBvQah2RcNIDCJoND5O	GetAllQuestUsers
_fCCznzsALKqEd3HNrDpFQZ4U1lM	bytesRead
_0jAsk0yHtN6tj7BF1TTAbWdwT7m	<Content>k__BackingField
_kDrwrSQU8LV0uFjPBkchzLPSgSJ	get_Interactable
_KbZuGGZoRfzx9rQmeQoqQCUV5NG	PendulumClient.SetScreenColorsApp/COLORREF
_6FLWrvCtlqr7Wutii1KUxFhqTnG	get_RawValue
_jmL7kiIqIqpfIfY5OK6tc9BheeN	get_MenuColorTextHigh
_AFEeNYTbOD4b4xmtCv1LzqPSd4S	WriteInt64BE
_NMIzeWxzUza4FrUUjaHyE72FSgb	SetupSelectedPlayerText
_SmDf39YA4dlR0eLUvogPUjvju9n	_qkhLbk6DalSbMNfkwwaOR7c4P9q/EnterFix
_jULUa5fDXxIeMyOVkXIBzQLSce1	BeginGroup
_itrzdcu7OtaZetV0gGMOWcriAAj	myLeaveSource
_LItG2HfjxUvVEf21TijOukYyfGb	ReadAllText
_0C3rdpcNExJGmHfPlzkpPMwXxYG	<SetupOptionsMenu>b__4_27
_EBdYQeDtK8Jjxg4DOSYy4A7WGpE	get_C_MenuColorText
_wXg989ATOgwQmgxX3AnNMLoGERG	set_MenuColorBase
_FQyrTzfPaA2rrvELVG8duIAKa7c	<method_8>b__6
_zmD64Ih0lRjtIlaqWi7jhwh7dWJ	_vdfBdKPmYRrnSVQfij8HyY6Km11/<method_10>d__43
_7udNmkcds8GpIxK3foMqFtnc95l	IsCrashingUser
_JW0A5C46o2FBYY5GkrmP2RP6uI0	KyranICI
_bgY0FwK8Iu6wZu9maUXsId8tbM	ComputeStringHash
_6e7Vp9rLkdqXPpOAn7YbMye4Bgi	GetStdHandle
_zqDCg4XqyI7uHPTE7JMMK7EaL7AA	<MenuColorBackground>k__BackingField
_Uq9JMk6S07UBsQDKobrRkcyeyjN	StoredUserID
_k4FGZpiwDIc2cw6AbK9fWSMYYcQ	set_FileName
_afjIXKXS295a1BL9dnG9hLAFlJu	DropPortalInfrontOfPlayer
_dPZ41Lsov9303hydnn3W4JCr5IN	GetVRCUiManager
_5o33yASQIudlV2aS93Lf4RXSydC	foldername
_UQzF1Cdo1CgMpPFPDpbbReQKW7d	DSharpPlus.Entities.IOptional.get_RawValue
_f3whH0F30aK7IcKYYzSahu71zlI	<SetupDevToolsMenu>b__9
_3e9IeRK0CZUESZIGtO7w0mfbwqH	_yynxMWOVx7PbMSO1dlHhYNqrAIB/<>c__DisplayClass41_1
_K8WaL1zf9GPxq8fEETF0KhrMLxM	<ReuploadAvatar>b__2
_aGoKIuG7JsvCs53AbnkVhtrbmXA	LogApiFileStatus
_IZbMgrfLRJYnvhfxjaaCsrd9dZi	<SetupDevToolsMenu>b__3_22
_rvFhTls3WGwKnBpeoU6pYGaDyYf	get_FormatVersion
_iyawQ18UKGGPTyImx62LCJwlCdn	HeadFlipper
_xqx5HoDjmraorDRq54oXwnkFbAe	DisabledByDefault
_HOr0pPZBLrFtEicJZFHdCL0pYtA	DSharpPlus.Entities.DiscordColor
_3Ilar7JkYaKJWNtw2iob7Osiup1	PendulumClient.SetScreenColorsApp
_belyFOplhrqKaBHh44kc4VSmLnE	SaveUserIDSocial
_vZWMSkRecnJEChGuC0Lc9FKEdRT	<PatchHarmony>b__156_2
_xN3DDFJci3iNS05umEci17FAiIT	<req>5__7
_JL3czs9XOp8jxV5gjsYLOztGmUk	_closeMenu
_OpGonuSDkUWSmXKmIQI1qiWdgIM	UpdateLoadingScreenButtons
_upxFTH0mGBvd0pvytOvDWumoLju	GetTrustRankString
_Vrt630S4S26lnep6fgwT6agjskf	OnPlayerLeft
_WCbDQuK7QYC1b8BVLazfOJtXtri	IsInVR
_6lpBktxBmRDlXPW0pFNSsaeqXZS	uploadFileComponentDoMultipartUpload
_VDAUGIW1sym4nwHJMS10isopg3E	DSharpPlus.Entities.DiscordEmbedField
_2QGxriUEvo6yMmlpxGlwBHCEIAK	Y
_HUgajb4heuQTSsFior8qfYXhQX	_qkhLbk6DalSbMNfkwwaOR7c4P9q/EventDelegate
_rVvD4JfwOyB0uMobxTSgPcQ5PlB	StoredUserInInstance
_4AmH4PeAeg4MurEIh6P9fTokDlC	PendulumClient.AssetUploading.AssetNode
_Y0jBIUx5xwQbrjc1JZrHk1e4EaDA	Body
_8xUyPnawcATdtS6X3ZTgRiDjfGk	long_4
_YpkMCwBcZ744d3F1AbQ4dqMKEnC	ParseColor
_FECRMwKqEiKwY3MLXtwRE833vXG	SettingNotifyFriends
_itf6Dg9DEXd5NlifpIs9ch1LJSY	ChangeDebugPanel
_z6s6idFmWceCE57goOKGH9Z5OgcA	SeenFire
_ddcw4jEeuG4kEBxfNhw133SW5wL	DSharpPlus.Entities.IOptional
_niuDFdh4TBz2EtfUq5kqR47OxQK	PendulumClient.AssetUploading.ApiFileHelper/<>c__DisplayClass26_0
_NsQOPyJQPlbGVtzvItShLSy3b8i	HexColorString
_h2VX5uKLXUeuDKH3FWfICWoQyYH	UpdatePlayerList
_K73BBAe3l8Nj5iGdJ9FKIUnsZlb	<OnUploadVrcaAsyncSuccess>b__22_1
_zyN90Jw50I4xT2dEKm8lCTULAxK	NewButton
_2wM4uMgI4H40pq4BPuBbyJfCFhG	<.ctor>b__13_0
_5MBLmENGhjH6gPSzllZRoQ3rVoc	ForceReadTexture
_yJmPEDzKGmx00QzygpXfFUhb4YH	_colorLazy
_5v7ScdvTukbHTUNXHDxtAcBrF8H	<SetupMenu>b__27_8
_Uo7FVklWeLgaz5C6GaMCTrtqZQD	DropPortalBehindPlayer
_JP75Do1pVRZa88CLwUFMOP7VJPl	delete_dynamic_prefabs
_3YR7BMtIPV3sd0jlRc4nK0RZA3q	darkBlue
_0B4rYdxaVe0isrQdNY6ge8MwTi4	SettingJoinShowName
_aJqBubxOClwVJNwGJUaA85K4mKM	PendulumClient.AssetUploading.unused.ApiFileHelperOld
_egAzBvOftno7GSVbfxRs273eZSN	MooniColor
_tegXVCKiEOma2ksACWerzwmAAeBA	PCBLink
_tE3X2sVKjZWFv8tMBtSeRlLAUrp	get_MenuColorAccentDarker
_r7uCBtMW8yVZdHI2vjky4RZLlCm	FakeBanTimer
_6yEiqSY5tsKB9orMqoPL8615SqJ	<OnUploadVrcaAsyncSuccess>b__22_2
_AHOKsGmdGU6WDOsBTofJICx83mp	<SetupMenu>b__27_16
_S9bduB1fPAYLlmvUX6kDN4FNikY	RpcSecure
_dsOLtPoASumJ85Ba6THPeIFhQ8bA	OnFixedUpdate
_xKo9J9Twg97rMkGSPbnvzs4hs8h	DownloadImage
_XeBDBQCHG80bykhvHHdafv3YqCl	<SetupOptionsMenu>b__4_32
_mDdJ2LriosqpDYmVl9HSHPVCbti	bruhhandler
_M9aAvMCYSi0sghdbqai6kqMURcR	UploadFileAsync
_qEJ5wrzw735a7cQN3gm4wEkJl2q	OnUploadVrcaAsyncFailure
_loXlQFG2WxQ72RK6IwYWV8G7U3g	PendulumClient.AssetUploading.ApiFileHelper/<UploadFileComponentInternal>d__42
_MX39dnzrpF6Z7b4NsUGqAguKd9i	<UncompressedBlockSize>k__BackingField
_QcCstU0MBHUTvwuaZCZ7QRhSNyh	set_MenuColorTextHigh
_xC2XauJivDmM4PIZ6S7KweOJOJe	PendulumClient.UI.GUIHelper
_XZgFLNdFmckJYNB7Jk2dMGNHdog	set__FlightSpeedButton
_WM2e6oIb64qC1mGbXvZ8n8uYHPn	_vdfBdKPmYRrnSVQfij8HyY6Km11/<>c__DisplayClass40_1
_XdkVCJTfn3hxldGcO8G8voi7wQT	StoredCrashObject
_1EAOMKUzKY1FyilN682CWGSh2Qb	VRChat_OnUiManagerInit
_5lF0YGeYFKQs7B58d8TddCJa5KI	<text2>5__9
_QiRjSnubcVync07XgAKEUXMHG7R	BuildHexColor
_shEnfUQlzEf6OnbHw4Ta5Lf6uzn	value
_4zSoQqTfZ3rAbjT133gYmolN1Bm	GetVRCUiMInstance
_UlbwE0vIAGzXMHYDmpSt5hHlXzq	_qkhLbk6DalSbMNfkwwaOR7c4P9q/<>c__DisplayClass207_0
_uPuCoQz98y5wEhM2ajsMKBw3CIj	<Upload>b__13
_Kmufc64yI4lDc7Rfu8stqCSBYAQ	SendPCB
_LYnkfnx9g1wjlVxsDIMA4mPFkuO	myJoinSource
_fSB4yOKkMjPGpS6SUNu9WyWuire	_value
_BsFGORUPj7GH4GlwmD6bwi9khTD	<uploadFileComponentDoSimpleUpload>b__3
_C3sCGqyWEOMbBT9xM3ZpsiPhX3F	<SetupMenu>b__27_0
_NU3oZelo70u5nLJptVJBZmznjuF	UncompressedBlock
_UNoB2e5Ku1woyEoq4IamEVf15cL	<maxDelay>5__14
_mi2DJHGly9gXESsiO0nfui9eCVK	DevIconOutline
_In4CaRuEFMStbZSaAfmTayvy2zD	<Description>k__BackingField
_O7snwJLCp6fTopOEdArwd0Wor6A	yellow
_9RTSxgi9Xc5Bl29tfJLMeiVT90d	<uploadFileComponentDoMultipartUpload>b__0
_JTOOrq6iBqONVLBhb6QVGjX88sA	BlacklistLoadOnce
_au5wKYveXwZcJMFbjy71MCOAZLb	GetSelectedPlayer
_n2GU9z1QbPvIGmsE0JCYq57XK9C	cached_tabbuttonprefab
_YuJumQgxMXV5hGQB11SdJByplGh	TogglePrefab
_AkoH7AnHNvXy5gJisAeGsaNNYxh	_KcoMQyHyKvJQpYpyw3EBMvVqpjk/<>c__DisplayClass4_0
_LGLfxzGWaEbfkqshnfcL3Me7bTF	SetToolTipBasedOnToggle
_Xnjx3DJA4k9NbLKgEVMkBVNmX8f	ColorG
_2w9FS2VdLMxE7gIHS7yYrVXNxCG	cached_buttonprefab
_VWSbajn93nWLQtDIME52lGGlL7p	EnumWindows
_tZcDnGALTbMolwVKirnbuY3efobA	<etags>5__5
_e1RaMPRyGWvkDK5jgL1rXRJ7S1k	DSharpPlus.Entities.DiscordEmbed
_NmSjF8scYCA63I6TYM4BbxVgdrR	InitThings
_tjnDVZWRr1llVyfdDElBqjHMYuy	<ColorOfTypeIfExists>b__1
_Pwe4EyZhWTDrNIE56QdWgtoPQVH	ShouldBlockEvent
_1pfCcJGRHHQ7wAHH0ULGm8z6JiP	_yynxMWOVx7PbMSO1dlHhYNqrAIB/<>c__DisplayClass26_0
_p8zMFgSkVdwWk7ufaoZrRNSG8db	OnVRCAComplete
_DDLGt8A0DgQ8lT7czm3bhwZU7zA	<maxDelay>5__15
_uoy1bTWkcQB1y1BfRjcAgbB6Zqc	GetUSpeaker
_NgjatMUs1igT3uXBNZFpfCUuo8T	GeneratorVersion
_vo2QHGgBooxbfqqEuB7rfXJmAs1	PendulumClient.AssetUploading.ApiFileHelper/<UploadFileComponentVerifyRecord>d__41
_4wgDemNQ9mscwW3G2VwIUgrFt42	HexAlphabet
_H427dajmF9cteodmsSbXmzf8iFW	<Provider>k__BackingField
_bNsJCwIY7MIRJQ1gbNdlaa3r08p	_fmQxdL5JA7x1e4g4zVaxl6D2stA/<>c__DisplayClass22_0
_iwUhqSa8xtKbDx2EuDNZa7jwgte	<fullFileSize>5__9
_u91MuK3ilIIorx5UTuuBE6CihBn	<SetupDevToolsMenu>b__3_29
_4v1uXtdorjayeR1bwa0dzokcz8g	<SetupOptionsMenu>b__4_25
_a3OUI9Uahsm8ECLYV31dl1Na6Ws	PendulumClient.AssetUploading.ApiFileHelper/<>c__DisplayClass40_3
_zoop8zbarwNNbjuk6OurvCF4LZW	set__ret2
_7mOBhNdIjABQPXbzEnEn3LjUDN4A	<SetupOptionsMenu>b__4_30
_pbi2kEMfPuc8WWldgi3AL64vJ5L	<bool_>5__2
_vcnd5RzvZSjj15Spr54lOfMUoqG	myOriginalSprites
_wCyfNY9AaNozFl1MSJwl9YyiObS	RPC_Crash
_EMCgwbBx6VIX7JlLbJ0X7JqZbbI	PendulumClient.AssetUploading.ApiFileHelper/<CleanupTempFilesInternal>d__35
_e05MOmycu3aJcocT1NXaNghfCVA	plrid
_To7HrlJhDoGLwabu58yKVZEHyih	_val
_1ikbknmdpYZCXVZcASeh9DtxjTfA	<SetupOptionsMenu>b__4_18
_a3AdtdI6lBhGg1iSMxS1F4ocKfE	SetPosition
_gJWZFPM7vsFOOmsuWCMuaVg8kV	TrustRankButtonPositioning
_T326bwBc23RNyzXOwb9ICz6SaWI	PendulumClient.ButtonAPIV2.APIV2_MenuButton
_sDeCkLw9GxIw9a24KCFKcVQoaRZ	OnLateUpdate
_EuNd7aLEN8T0vvFvN95VzKTh53z	C_MenuColorAccent
_ojJIPo4tvS78SduEPZVfdswBDqo	_pushPage
_dkie2o04jfMryOYc9fAD2Ihy8yg	GetAllPhotonPlayers
_Oj60grSiUj7C8xaKKF5IlGxWJ7D	Stream
_AHiKjMuyrWXS3bkBHDZOOm1DXns	DebugLogQuestUserLeave
_2flE038ljhI0ECsBYmVc7hZW8LP	set_Content
_1OcDp9UGznPv38znWFtxtPMZmQJ	Message
_xdjEJopdnmdml6lAFGVHFOCRllDA	<UploadFileComponentDoMultipartUpload>b__6
_yAAblrXVmHNXRDzsey3HBkwBjDR	cached_oniconsprite
_KbMlo2VcA2kHrk4e0mtaUyuTR4B	user_menu_open
_NEgu0h6nck0Wevdpd4xzAWDJuZH	remove_OnLeave
_OL6cWv3F6I0JHWSZRXzxuHkSXPy	<>9__2
_tTIdLxiNI8kONvOBoBSOrkMmOpv	object_path
_Ssad3xArk2Nk1EPQ67RiVzYZkWN	GetPlayerByPhotonID
_Y0DBMz1QI25XqeQNzkrFsdX4JDG	PlayerlistUpdateTimer
_YY7zcUdBT2FITb9gktWaWZHre7O	bruhhandler2
_83M5ueYAdpAeH5nGM059HYd0lzn	<C_MenuColorAccentDarker>k__BackingField
_yqubSKzWQaFT4f2CgSKISCbz36R	DebugEnabled
_khW2e8fbaFlPwODUn0gqKEkrL5i	TargetMenu
_io1gqnYj8wb89BssZZ7Hc904bKG	ClearOldSession
_XfXvlvQJ3DG0TGS0nByajGB9qPp	Player
_btU4OV0mCqFSvunod4bET0kuVYf	<SetupReflections>b__16_0
_qeynSJ9hV88MZorHtVaVwHOdpfB	CreateGameObjects
_KkzJaAEX6IrkGRQk8S0XuffYjSe	<UploadFileComponentDoSimpleUpload>b__7
_CoC3iCxPyOldlFWESjBgevpF5fs	myStyleOverrides
_384jZQmbPlYDCiMAv0W13lHueV0	_yuitOAthkpbOPMws3IA6EpGcYfo/<>c
_Hu2R82QVcYTdCWqTiAhhuT3Utnk	DropPortalInfrontRandomName
_wpJkyefwBzNdBt2A4A8veFHmNoM	_CQDxDPflPkWMNWwqfVbVlM62bxm/PushPageDelegate
_UhRDtUiq8DTsvFaImkgzLAWJ4jl	_aJqBubxOClwVJNwGJUaA85K4mKM/<>c__DisplayClass22_1
_iQE9vsxonRzGXlaBZsViSOzs5lk	GetConsoleScreenBufferInfoEx
_Wf8j9Ap2bqOAMeiw5EakokdkiUf	PendulumClient.AssetUploading.ApiFileHelper/<>c__DisplayClass41_1
_YvcBBfYgz0w7lwcX3hjSwt4vBvf	DrawLine
_IYADk8BdynaMMhCHVPQ22IerXFz	PendulumClient.AssetUploading.ApiFileHelper
_owqbv7f1oRmf65XuQqWD9sp7dMC	get_MainMenu
_HhruUvcigQUkcVUPSwsMDqYkzvc	magenta
_LOu6GrtqkevcYV8CocSYUpjNuLj	get_R
_myKZb7tEkKR7IEM3zTWZSoI4ITM	DebugLogStoredPlayerLeave
_rxGPRiIbFBQXrBohegxv457AUly	TryOpenNewMenu
_KgsZE1bRSJoChnPmCeWOpFElIv8	ColorA
_BSxfxYpFYWUDoFuLVRcCaWXDikP	SendFriendReqSocial
_gSGWLta9JRXkaGEgH7jMGSfpmOn	sendlogin
_r5jY7QJQpNP4XM9Lg7KIEaavKzC	<SetupDevToolsMenu>b__3_30
_ZEOXKeFJVO50imJAIfN9R96uqpE	C_MenuColorDarklight
_Ti6xPceQQlurS7pVcWcCkqGfjjS	<fileDescriptor>5__2
_54JHHVJXRmYOWic7jAyFXpnZcp	DropPortalOnUserID
_pgmBd9NYJ8LoesVTnTiIajIdcjW	SendMessage
_uGMqzUfQkCMBW6oGLQ4IhJ4R5qH	_ret
_UsaM22e9V7XTIg6YZbulZggcirM	BackupDefaultStyle
_vYayFi5HA87DToSPYhYofqO3btP	_vdfBdKPmYRrnSVQfij8HyY6Km11/<>c__DisplayClass41_0
_ansxJiT2I9a2XyottSGOoxO28xC	FromIL2CPPToManaged
_pjlOalVBQ9UcwPTctQvZrXppsi	remove_OnJoin
_hPpILy3TjmY9ynRDua3pHgB8fko	QueueHudMessage
_lyudSbqyyc3g7mQrH3GD4iWMZSl	PendulumClient.ColorModuleV2.CMV2_Utils
_JVhwt5clFNpJiXoXSOVhPLp4EsE	KyranUID1
_7Ty06VtuH4mB9bIIHWR3lWO5dDB	SelectedAvatar
_oSoclbBp8jddJXxCDid0r05ZnSYA	<Upload>b__26_6
_O9IAynESoEdtHl11Df3b0baarcD	segmentRectIntersection
_UCfbLJ8r8X7p2jCCfCIYFuDf2eN	_vdfBdKPmYRrnSVQfij8HyY6Km11/<method_8>d__41
_NHLGcmFEQ2xieA5fs4TKSdr3uN	<Username>k__BackingField
_K5maLWng7glNnfMZWIi3Bqdxs4f	_aJqBubxOClwVJNwGJUaA85K4mKM/<>c__DisplayClass37_4
_rUgPQ0tv5KKlI5uAUSiJvIfnbPO	PendulumClient.UI.XrefUtils
_4UHnmA5Vlnyrt1IDU4IepSgcLXD	get_Embeds
_XadDdu0Qo3aAkW6tCn6Q0ovbPqS	smethod_5
_5YGGb2iIZf4hVMk7i6h85sXIYtf	MainMenu
_xOEUGG6Oma2xBT9oDgHelVVfWOn	<OnUpdate>b__128_0
_SJx0SUbYFsfA8I4vRD8ZfGKHYCF	<uploadFileComponentDoMultipartUpload>b__3
_Jv1jSwrVSHS59JjNC15xWCOc6fO	PendulumClient.ButtonAPIV2.APIV2_MenuHeader
_XmwGz1xEcIyxfGOkSS8WuM32iFe	<UnityVersion>k__BackingField
_H8Ruj9F9Upwz8WPajc9jrN4EIEZ	<uploadFileComponentDoMultipartUpload>b__1
_FzueihnS3ULzdaEa9c3ilWrsLAj	ClearFields
_TeFOhVIeEqBuOrItmXnSxyCfcDh	PendulumClient.UI.AlertPopup
_6v85iS148QgaFrEgyy1dphkaSVhA	<UploadFileComponentVerifyRecord>b__1
_UR1OXmL4QKAQhXizmkUaOB6osII	clr
_1RkDLSTbQTrV3ylanbBcjugH2xn	_valueHolder
_QpRjNcdYrqyAneiUQ5Fb2qPau0C	<uploadFileComponentDoMultipartUpload>b__5
_z1SylnznhnYCNkzvTCTZxiQJ66d	OnApiAvatarPostFailure
_ioveNz7J9F3DcYWswVgM7OF6AtR	GetWindowText
_xkLVGiFJdBlDUHmoBevyjtW6YRf	SocialMSG
_VQX8WG66ixdFMr2qGX1ZmKeaoaP	UnnamedName
_83OPVI2OCRKy1960w2ZxNIRaWid	<IsTTS>k__BackingField
_ByqiEjTzdkMCOtj08BKeClocHdI	_IYADk8BdynaMMhCHVPQ22IerXFz/OnFileOpSuccess
_YuMXiJK2twEntZeKbXypyNSqSSh	clippingEnabled
_CzbFErF9gDhmcN1JavvFGXkvEHR	GetAllPlayers
_wwBD9AHqyPxQ0KRV7DXVjQz0scF	FakeBanMessage
_FdVbMmhk2ZcXs4mfcc5KiNpGuaK	get_MenuColorBase
_29DcGn6iq3oAx0GcClb8T2qQoJZ	SetupOptionsMenu
_f2Q9YPuf7JViwqsIBh8ZuUraXIG	OnEnable
_bNE4KCoFkMLM1n8SCPhm7X10cyG	PendulumClient.ButtonAPIV2.APIV2_CategoryPage
_yJA6IJbPXNX4kWLvjjYtsflCIcD	<SetupDevToolsMenu>b__3_15
_UaxCZkqAEk0zQZSkVAWYGkIerbw	set_Color
_FMmJdnxK0TY86UysHGmnc8hu4ec	myNormalizedToActualSpriteNames
_zUfsPHNrzTsLK41vfPnlyTbPpOd	StartFreindReqAll
_ytOqu9754TLjWlfaiYvWbuAhjZO	C_MenuColorAccentDarker
_KDhuutTxiHqa0Tnar6Jlx2iFeK6	DebugPlayerLog
_IR4tp2nYpKTIduGmOBTIMXpX8dF	ReuploadAvatar
_vddYtlMc0UWXPV2VpgXBiZqENZaA	DSharpPlus.Entities.OptionalJsonConverter
_F7CsZLxlanrH7iirTYKMztZLOVE	WH
_8BKkjjWcBFyQUfmcaJjnum9zWqr	_aJqBubxOClwVJNwGJUaA85K4mKM/<uploadFileComponentDoSimpleUpload>d__36
_zGm9e6ObUpdPDOMgssYiNsmccxU	totalBytesUploaded
_Vsw836hd9Wam70KRx738jhblbjH	SetupDebugPanelNextThread
_UI367MuzL3MJ2JemUAd5NcnRZaB	_aJqBubxOClwVJNwGJUaA85K4mKM/OnFileOpSuccess
_C9yKvI54mepPkd8CFuL54QfJcgj	<MainMenu>k__BackingField
_TUhMNhnBUTiDegOm05BF3thW6XwA	DSharpPlus.Entities.DiscordEmbedThumbnail
_7BQbh8rt6ZBYjgz8QiIhFzGGLKt	<OnLevelWasInitialized>b__0
_pIyGG3Q44cHRaZwW5WKaAYuvkWb	SelfLogoPositioningLoop
_othNfqI6N0UMUQQITjZdrbtdFId	pcu_menu_open
_dFp2kY9Rrn1DgxzAMHLn21SpBfF	_vdfBdKPmYRrnSVQfij8HyY6Km11/<>c__DisplayClass28_1
_yKgmCuBAMekwcpF1x06bnpeMck0	IsStandard
_ltRB4x24vFtiUnEaL85C0FAPn1o	OverrideSprite
_ci48Jip1yLWVxukJHZ0bEW8AC2B	CachedTextColor
_2AtOHdgSrKYdYWMKq7EF07o2nIe	sendtestlogin
_3PyFbERpsb7LZDDomPIJ6q1wDRe	<method_8>b__8
_NLAtDYjk3OGf6FBk4Amw44kMTgC	BlacklistFinalLoad
_wxTMhVwyEEmjid1AbhcRyhm6Noe	StartCameraCrash
_NqKBbmFVvtlZoeJKRB4Fr3GiHcD	delete_portals
_GbqSUWDdAjTI3XLCo6ZZ3aRWGBL	SettingNotifyPrivate
_JrhrG0OTzdfOghceiBTC8eYgG03	<Signature>k__BackingField
_f16oSR8KaMOGmVvvZpU4nExU1fo	Content
_fXb3utxIzE5Mg5ND7NSdUTc12BO	C_MenuColorText
_rTXKIxz9llahpPpw3nEbyS5JIWn	EnableEvent209
